test_compiler_environment_and_arguments (test_fixture_guards.CompilerLocaleTest.test_compiler_environment_and_arguments) ... 
  test_compiler_environment_and_arguments (test_fixture_guards.CompilerLocaleTest.test_compiler_environment_and_arguments) (LC_ALL=None) ... FAIL
  test_compiler_environment_and_arguments (test_fixture_guards.CompilerLocaleTest.test_compiler_environment_and_arguments) (LC_ALL='fr_FR.UTF-8') ... FAIL

======================================================================
FAIL: test_compiler_environment_and_arguments (test_fixture_guards.CompilerLocaleTest.test_compiler_environment_and_arguments) (LC_ALL=None)
----------------------------------------------------------------------
Traceback (most recent call last):
  File "/tmp/r229-r2-en0oej49/10-drop-inherited-inputs/tb/pp_top/test_fixture_guards.py", line 57, in test_compiler_environment_and_arguments
    self.assertEqual(call.kwargs, {
    ~~~~~~~~~~~~~~~~^^^^^^^^^^^^^^^
        "stdout": subprocess.PIPE, "stderr": subprocess.STDOUT, "text": True,
        ^^^^^^^^^^^^^^^^^^^^^^^^^^^^^^^^^^^^^^^^^^^^^^^^^^^^^^^^^^^^^^^^^^^^^
        "env": {**caller_env, "LC_ALL": "C"},
        ^^^^^^^^^^^^^^^^^^^^^^^^^^^^^^^^^^^^^
    })
    ^^
AssertionError: {'std[43 chars]: {'LC_ALL': 'C'}} != {'std[43 chars]: {'LANG': 'fr_FR.UTF-8', 'LANGUAGE': 'de:fr',[114 chars]'C'}}
- {'env': {'LC_ALL': 'C'}, 'stderr': -2, 'stdout': -1, 'text': True}
+ {'env': {'CPATH': '/test/include',
+          'CXXFLAGS': '-test-flag',
+          'LANG': 'fr_FR.UTF-8',
+          'LANGUAGE': 'de:fr',
+          'LC_ALL': 'C',
+          'LC_MESSAGES': 'de_DE.UTF-8',
+          'PATH': '/test/bin'},
+  'stderr': -2,
+  'stdout': -1,
+  'text': True}

======================================================================
FAIL: test_compiler_environment_and_arguments (test_fixture_guards.CompilerLocaleTest.test_compiler_environment_and_arguments) (LC_ALL='fr_FR.UTF-8')
----------------------------------------------------------------------
Traceback (most recent call last):
  File "/tmp/r229-r2-en0oej49/10-drop-inherited-inputs/tb/pp_top/test_fixture_guards.py", line 57, in test_compiler_environment_and_arguments
    self.assertEqual(call.kwargs, {
    ~~~~~~~~~~~~~~~~^^^^^^^^^^^^^^^
        "stdout": subprocess.PIPE, "stderr": subprocess.STDOUT, "text": True,
        ^^^^^^^^^^^^^^^^^^^^^^^^^^^^^^^^^^^^^^^^^^^^^^^^^^^^^^^^^^^^^^^^^^^^^
        "env": {**caller_env, "LC_ALL": "C"},
        ^^^^^^^^^^^^^^^^^^^^^^^^^^^^^^^^^^^^^
    })
    ^^
AssertionError: {'std[43 chars]: {'LC_ALL': 'C'}} != {'std[43 chars]: {'LANG': 'fr_FR.UTF-8', 'LANGUAGE': 'de:fr',[114 chars]'C'}}
- {'env': {'LC_ALL': 'C'}, 'stderr': -2, 'stdout': -1, 'text': True}
+ {'env': {'CPATH': '/test/include',
+          'CXXFLAGS': '-test-flag',
+          'LANG': 'fr_FR.UTF-8',
+          'LANGUAGE': 'de:fr',
+          'LC_ALL': 'C',
+          'LC_MESSAGES': 'de_DE.UTF-8',
+          'PATH': '/test/bin'},
+  'stderr': -2,
+  'stdout': -1,
+  'text': True}

----------------------------------------------------------------------
Ran 1 test in 0.003s

FAILED (failures=2)
make: *** [Makefile:72: fixture-guards-test] Error 1
