suites	Set up job	﻿2026-09-22T09:10:05.0184299Z Current runner version: '2.337.0'
suites	Set up job	2026-09-22T09:10:05.0205951Z ##[group]Runner Image Provisioner
suites	Set up job	2026-09-22T09:10:05.0206710Z Hosted Compute Agent
suites	Set up job	2026-09-22T09:10:05.0207226Z Version: 20260828.587
suites	Set up job	2026-09-22T09:10:05.0207778Z Commit: abac92662cab4cc7352de4f9f9d2e2419aad9c29
suites	Set up job	2026-09-22T09:10:05.0208379Z Build Date: 2026-08-28T16:44:25Z
suites	Set up job	2026-09-22T09:10:05.0208958Z Worker ID: {257bfe08-b511-40b7-ad4c-ea0b1cfba735}
suites	Set up job	2026-09-22T09:10:05.0209565Z Azure Region: centralus
suites	Set up job	2026-09-22T09:10:05.0210105Z ##[endgroup]
suites	Set up job	2026-09-22T09:10:05.0211215Z ##[group]Operating System
suites	Set up job	2026-09-22T09:10:05.0211707Z Ubuntu
suites	Set up job	2026-09-22T09:10:05.0212159Z 24.04.5
suites	Set up job	2026-09-22T09:10:05.0212581Z LTS
suites	Set up job	2026-09-22T09:10:05.0212986Z ##[endgroup]
suites	Set up job	2026-09-22T09:10:05.0213478Z ##[group]Runner Image
suites	Set up job	2026-09-22T09:10:05.0213963Z Image: ubuntu-24.04
suites	Set up job	2026-09-22T09:10:05.0214623Z Version: 20260907.300.1
suites	Set up job	2026-09-22T09:10:05.0215487Z Included Software: https://github.com/actions/runner-images/blob/ubuntu24/20260907.300/images/ubuntu/Ubuntu2404-Readme.md
suites	Set up job	2026-09-22T09:10:05.0216886Z Image Release: https://github.com/actions/runner-images/releases/tag/ubuntu24%2F20260907.300
suites	Set up job	2026-09-22T09:10:05.0217655Z ##[endgroup]
suites	Set up job	2026-09-22T09:10:05.0218634Z ##[group]GITHUB_TOKEN Permissions
suites	Set up job	2026-09-22T09:10:05.0220310Z Contents: read
suites	Set up job	2026-09-22T09:10:05.0220826Z Metadata: read
suites	Set up job	2026-09-22T09:10:05.0221287Z Packages: read
suites	Set up job	2026-09-22T09:10:05.0221723Z ##[endgroup]
suites	Set up job	2026-09-22T09:10:05.0223526Z Secret source: Actions
suites	Set up job	2026-09-22T09:10:05.0224746Z Cache mode: write
suites	Set up job	2026-09-22T09:10:05.0225380Z Prepare workflow directory
suites	Set up job	2026-09-22T09:10:05.1221029Z Prepare all required actions
suites	Set up job	2026-09-22T09:10:05.1283639Z Getting action download info
suites	Set up job	2026-09-22T09:10:05.3684581Z Download action repository 'actions/checkout@v4' (SHA:11d5960a326750d5838078e36cf38b85af677262)
suites	Set up job	2026-09-22T09:10:05.4915748Z Download action repository 'actions/cache@v4' (SHA:0057852bfaa89a56745cba8c7296529d2fc39830)
suites	Set up job	2026-09-22T09:10:05.8032364Z Complete job name: suites
suites	Run actions/checkout@v4	﻿2026-09-22T09:10:05.8594802Z Node 20 is being deprecated. This workflow is running with Node 24 by default. If you need to temporarily use Node 20, you can set the ACTIONS_ALLOW_USE_UNSECURE_NODE_VERSION=true environment variable. For more information see: https://github.blog/changelog/2025-09-19-deprecation-of-node-20-on-github-actions-runners/
suites	Run actions/checkout@v4	2026-09-22T09:10:05.8601829Z ##[group]Run actions/checkout@v4
suites	Run actions/checkout@v4	2026-09-22T09:10:05.8602462Z with:
suites	Run actions/checkout@v4	2026-09-22T09:10:05.8602914Z   fetch-depth: 0
suites	Run actions/checkout@v4	2026-09-22T09:10:05.8603528Z   repository: Mister-M-alt/protocol-processor-control-plane-avb-milan
suites	Run actions/checkout@v4	2026-09-22T09:10:05.8607351Z   token: ***
suites	Run actions/checkout@v4	2026-09-22T09:10:05.8607788Z   ssh-strict: true
suites	Run actions/checkout@v4	2026-09-22T09:10:05.8608210Z   ssh-user: git
suites	Run actions/checkout@v4	2026-09-22T09:10:05.8608672Z   persist-credentials: true
suites	Run actions/checkout@v4	2026-09-22T09:10:05.8609134Z   clean: true
suites	Run actions/checkout@v4	2026-09-22T09:10:05.8609560Z   sparse-checkout-cone-mode: true
suites	Run actions/checkout@v4	2026-09-22T09:10:05.8610072Z   fetch-tags: false
suites	Run actions/checkout@v4	2026-09-22T09:10:05.8610493Z   show-progress: true
suites	Run actions/checkout@v4	2026-09-22T09:10:05.8610980Z   lfs: false
suites	Run actions/checkout@v4	2026-09-22T09:10:05.8611448Z   submodules: false
suites	Run actions/checkout@v4	2026-09-22T09:10:05.8611932Z   set-safe-directory: true
suites	Run actions/checkout@v4	2026-09-22T09:10:05.8612409Z   allow-unsafe-pr-checkout: false
suites	Run actions/checkout@v4	2026-09-22T09:10:05.8613006Z env:
suites	Run actions/checkout@v4	2026-09-22T09:10:05.8613467Z   VERILATOR_VERSION: v5.050
suites	Run actions/checkout@v4	2026-09-22T09:10:05.8613917Z ##[endgroup]
suites	Run actions/checkout@v4	2026-09-22T09:10:05.9607114Z Syncing repository: Mister-M-alt/protocol-processor-control-plane-avb-milan
suites	Run actions/checkout@v4	2026-09-22T09:10:05.9610103Z ##[group]Getting Git version info
suites	Run actions/checkout@v4	2026-09-22T09:10:05.9611793Z Working directory is '/home/runner/work/protocol-processor-control-plane-avb-milan/protocol-processor-control-plane-avb-milan'
suites	Run actions/checkout@v4	2026-09-22T09:10:05.9614264Z [command]/usr/bin/git version
suites	Run actions/checkout@v4	2026-09-22T09:10:05.9633931Z git version 2.55.0
suites	Run actions/checkout@v4	2026-09-22T09:10:05.9651083Z ##[endgroup]
suites	Run actions/checkout@v4	2026-09-22T09:10:05.9662466Z Temporarily overriding HOME='/home/runner/work/_temp/39a5837a-712a-4d92-a84e-8c7db542b120' before making global git config changes
suites	Run actions/checkout@v4	2026-09-22T09:10:05.9664654Z Adding repository directory to the temporary git global config as a safe directory
suites	Run actions/checkout@v4	2026-09-22T09:10:05.9667574Z [command]/usr/bin/git config --global --add safe.directory /home/runner/work/protocol-processor-control-plane-avb-milan/protocol-processor-control-plane-avb-milan
suites	Run actions/checkout@v4	2026-09-22T09:10:05.9710535Z Deleting the contents of '/home/runner/work/protocol-processor-control-plane-avb-milan/protocol-processor-control-plane-avb-milan'
suites	Run actions/checkout@v4	2026-09-22T09:10:05.9713585Z ##[group]Initializing the repository
suites	Run actions/checkout@v4	2026-09-22T09:10:05.9718230Z [command]/usr/bin/git init /home/runner/work/protocol-processor-control-plane-avb-milan/protocol-processor-control-plane-avb-milan
suites	Run actions/checkout@v4	2026-09-22T09:10:05.9810751Z hint: Using 'master' as the name for the initial branch. This default branch name
suites	Run actions/checkout@v4	2026-09-22T09:10:05.9811761Z hint: will change to "main" in Git 3.0. To configure the initial branch name
suites	Run actions/checkout@v4	2026-09-22T09:10:05.9812682Z hint: to use in all of your new repositories, which will suppress this warning,
suites	Run actions/checkout@v4	2026-09-22T09:10:05.9813351Z hint: call:
suites	Run actions/checkout@v4	2026-09-22T09:10:05.9813769Z hint:
suites	Run actions/checkout@v4	2026-09-22T09:10:05.9814456Z hint: 	git config --global init.defaultBranch <name>
suites	Run actions/checkout@v4	2026-09-22T09:10:05.9815122Z hint:
suites	Run actions/checkout@v4	2026-09-22T09:10:05.9815691Z hint: Names commonly chosen instead of 'master' are 'main', 'trunk' and
suites	Run actions/checkout@v4	2026-09-22T09:10:05.9816499Z hint: 'development'. The just-created branch can be renamed via this command:
suites	Run actions/checkout@v4	2026-09-22T09:10:05.9817157Z hint:
suites	Run actions/checkout@v4	2026-09-22T09:10:05.9817595Z hint: 	git branch -m <name>
suites	Run actions/checkout@v4	2026-09-22T09:10:05.9818043Z hint:
suites	Run actions/checkout@v4	2026-09-22T09:10:05.9818629Z hint: Disable this message with "git config set advice.defaultBranchName false"
suites	Run actions/checkout@v4	2026-09-22T09:10:05.9823451Z Initialized empty Git repository in /home/runner/work/protocol-processor-control-plane-avb-milan/protocol-processor-control-plane-avb-milan/.git/
suites	Run actions/checkout@v4	2026-09-22T09:10:05.9836118Z [command]/usr/bin/git remote add origin https://github.com/Mister-M-alt/protocol-processor-control-plane-avb-milan
suites	Run actions/checkout@v4	2026-09-22T09:10:05.9874781Z ##[endgroup]
suites	Run actions/checkout@v4	2026-09-22T09:10:05.9875869Z ##[group]Disabling automatic garbage collection
suites	Run actions/checkout@v4	2026-09-22T09:10:05.9878091Z [command]/usr/bin/git config --local gc.auto 0
suites	Run actions/checkout@v4	2026-09-22T09:10:05.9910273Z ##[endgroup]
suites	Run actions/checkout@v4	2026-09-22T09:10:05.9911437Z ##[group]Setting up auth
suites	Run actions/checkout@v4	2026-09-22T09:10:05.9916849Z [command]/usr/bin/git config --local --name-only --get-regexp core\.sshCommand
suites	Run actions/checkout@v4	2026-09-22T09:10:05.9948779Z [command]/usr/bin/git submodule foreach --recursive sh -c "git config --local --name-only --get-regexp 'core\.sshCommand' && git config --local --unset-all 'core.sshCommand' || :"
suites	Run actions/checkout@v4	2026-09-22T09:10:06.0287659Z [command]/usr/bin/git config --local --name-only --get-regexp http\.https\:\/\/github\.com\/\.extraheader
suites	Run actions/checkout@v4	2026-09-22T09:10:06.0317314Z [command]/usr/bin/git submodule foreach --recursive sh -c "git config --local --name-only --get-regexp 'http\.https\:\/\/github\.com\/\.extraheader' && git config --local --unset-all 'http.https://github.com/.extraheader' || :"
suites	Run actions/checkout@v4	2026-09-22T09:10:06.0494607Z [command]/usr/bin/git config --local --name-only --get-regexp ^includeIf\.gitdir:
suites	Run actions/checkout@v4	2026-09-22T09:10:06.0517330Z [command]/usr/bin/git submodule foreach --recursive git config --local --show-origin --name-only --get-regexp remote.origin.url
suites	Run actions/checkout@v4	2026-09-22T09:10:06.0686404Z [command]/usr/bin/git config --local http.https://github.com/.extraheader AUTHORIZATION: basic ***
suites	Run actions/checkout@v4	2026-09-22T09:10:06.0728131Z ##[endgroup]
suites	Run actions/checkout@v4	2026-09-22T09:10:06.0729451Z ##[group]Fetching the repository
suites	Run actions/checkout@v4	2026-09-22T09:10:06.0737712Z [command]/usr/bin/git -c protocol.version=2 fetch --prune --no-recurse-submodules origin +refs/heads/*:refs/remotes/origin/* +refs/tags/*:refs/tags/* +6439edc9e2a2fa06c4f9ce2e35d4ccaa273e321d:refs/remotes/pull/100/merge
suites	Run actions/checkout@v4	2026-09-22T09:10:07.0951488Z From https://github.com/Mister-M-alt/protocol-processor-control-plane-avb-milan
suites	Run actions/checkout@v4	2026-09-22T09:10:07.0953475Z  * [new branch]        121-notification-review-fixes            -> origin/121-notification-review-fixes
suites	Run actions/checkout@v4	2026-09-22T09:10:07.0955423Z  * [new branch]        14-asp-gm-identity                       -> origin/14-asp-gm-identity
suites	Run actions/checkout@v4	2026-09-22T09:10:07.0957471Z  * [new branch]        14-done_seen_r-latches-dev_done_i-in-states-with-no-outstanding-command -> origin/14-done_seen_r-latches-dev_done_i-in-states-with-no-outstanding-command
suites	Run actions/checkout@v4	2026-09-22T09:10:07.0960198Z  * [new branch]        25-cover-every-module-and-stop-reparsing -> origin/25-cover-every-module-and-stop-reparsing
suites	Run actions/checkout@v4	2026-09-22T09:10:07.0961962Z  * [new branch]        389-refusal-arms                         -> origin/389-refusal-arms
suites	Run actions/checkout@v4	2026-09-22T09:10:07.0963553Z  * [new branch]        389-set-clock-source-range-check         -> origin/389-set-clock-source-range-check
suites	Run actions/checkout@v4	2026-09-22T09:10:07.0965529Z  * [new branch]        46-lstn-reg-state-encoding               -> origin/46-lstn-reg-state-encoding
suites	Run actions/checkout@v4	2026-09-22T09:10:07.0967049Z  * [new branch]        51-sampling-rate-list-check              -> origin/51-sampling-rate-list-check
suites	Run actions/checkout@v4	2026-09-22T09:10:07.0968402Z  * [new branch]        66-aecp-get-set-name                     -> origin/66-aecp-get-set-name
suites	Run actions/checkout@v4	2026-09-22T09:10:07.0969973Z  * [new branch]        67-aecp-streaming-state-commands         -> origin/67-aecp-streaming-state-commands
suites	Run actions/checkout@v4	2026-09-22T09:10:07.0971757Z  * [new branch]        67-stream-format-and-info-setters        -> origin/67-stream-format-and-info-setters
suites	Run actions/checkout@v4	2026-09-22T09:10:07.0973475Z  * [new branch]        68-aecp-audio-mappings                   -> origin/68-aecp-audio-mappings
suites	Run actions/checkout@v4	2026-09-22T09:10:07.0975565Z  * [new branch]        69-aecp-unsolicited-notification-triggers -> origin/69-aecp-unsolicited-notification-triggers
suites	Run actions/checkout@v4	2026-09-22T09:10:07.0977280Z  * [new branch]        71-get-dynamic-info                      -> origin/71-get-dynamic-info
suites	Run actions/checkout@v4	2026-09-22T09:10:07.0978783Z  * [new branch]        72-dyn-state-ab-getters                  -> origin/72-dyn-state-ab-getters
suites	Run actions/checkout@v4	2026-09-22T09:10:07.0980114Z  * [new branch]        75-leaveall-cadence                      -> origin/75-leaveall-cadence
suites	Run actions/checkout@v4	2026-09-22T09:10:07.0981477Z  * [new branch]        78-start-stop-streaming                  -> origin/78-start-stop-streaming
suites	Run actions/checkout@v4	2026-09-22T09:10:07.0982931Z  * [new branch]        78-started-state-in-acmp-record          -> origin/78-started-state-in-acmp-record
suites	Run actions/checkout@v4	2026-09-22T09:10:07.0984912Z  * [new branch]        78-started-state-single-source           -> origin/78-started-state-single-source
suites	Run actions/checkout@v4	2026-09-22T09:10:07.0986461Z  * [new branch]        83-vendor-unique-opcode-collision        -> origin/83-vendor-unique-opcode-collision
suites	Run actions/checkout@v4	2026-09-22T09:10:07.0987805Z  * [new branch]        90-nvm-exports                           -> origin/90-nvm-exports
suites	Run actions/checkout@v4	2026-09-22T09:10:07.0988995Z  * [new branch]        95-expose-default-sr-vid                 -> origin/95-expose-default-sr-vid
suites	Run actions/checkout@v4	2026-09-22T09:10:07.0990223Z  * [new branch]        96-review-evidence                       -> origin/96-review-evidence
suites	Run actions/checkout@v4	2026-09-22T09:10:07.0993066Z  * [new branch]        97-assert-distinct-sr-vid-fixture        -> origin/97-assert-distinct-sr-vid-fixture
suites	Run actions/checkout@v4	2026-09-22T09:10:07.0994754Z  * [new branch]        97-review-evidence                       -> origin/97-review-evidence
suites	Run actions/checkout@v4	2026-09-22T09:10:07.0996114Z  * [new branch]        97-start-stop-commit-handshake           -> origin/97-start-stop-commit-handshake
suites	Run actions/checkout@v4	2026-09-22T09:10:07.0997690Z  * [new branch]        98-clarify-srp-domain-events             -> origin/98-clarify-srp-domain-events
suites	Run actions/checkout@v4	2026-09-22T09:10:07.0999135Z  * [new branch]        98-review-evidence                       -> origin/98-review-evidence
suites	Run actions/checkout@v4	2026-09-22T09:10:07.1000758Z  * [new branch]        aecp-dyn-state-store                     -> origin/aecp-dyn-state-store
suites	Run actions/checkout@v4	2026-09-22T09:10:07.1002521Z  * [new branch]        aecp-identify-control                    -> origin/aecp-identify-control
suites	Run actions/checkout@v4	2026-09-22T09:10:07.1004290Z  * [new branch]        aecp-set-rate-and-clock-source           -> origin/aecp-set-rate-and-clock-source
suites	Run actions/checkout@v4	2026-09-22T09:10:07.1005940Z  * [new branch]        chore/cpp-core-guidelines-idiom          -> origin/chore/cpp-core-guidelines-idiom
suites	Run actions/checkout@v4	2026-09-22T09:10:07.1007353Z  * [new branch]        clksrc-store-tb-tap                      -> origin/clksrc-store-tb-tap
suites	Run actions/checkout@v4	2026-09-22T09:10:07.1008686Z  * [new branch]        issue-73-aecp-doc-authority              -> origin/issue-73-aecp-doc-authority
suites	Run actions/checkout@v4	2026-09-22T09:10:07.1010481Z  * [new branch]        issue-73-stream-output-counters          -> origin/issue-73-stream-output-counters
suites	Run actions/checkout@v4	2026-09-22T09:10:07.1011750Z  * [new branch]        main                                     -> origin/main
suites	Run actions/checkout@v4	2026-09-22T09:10:07.1012824Z  * [new tag]           v2.0                                     -> v2.0
suites	Run actions/checkout@v4	2026-09-22T09:10:07.1013850Z  * [new ref]           6439edc9e2a2fa06c4f9ce2e35d4ccaa273e321d -> pull/100/merge
suites	Run actions/checkout@v4	2026-09-22T09:10:07.1017244Z ##[endgroup]
suites	Run actions/checkout@v4	2026-09-22T09:10:07.1018570Z ##[group]Determining the checkout info
suites	Run actions/checkout@v4	2026-09-22T09:10:07.1020236Z ##[endgroup]
suites	Run actions/checkout@v4	2026-09-22T09:10:07.1021288Z [command]/usr/bin/git sparse-checkout disable
suites	Run actions/checkout@v4	2026-09-22T09:10:07.1027225Z [command]/usr/bin/git config --local --unset-all extensions.worktreeConfig
suites	Run actions/checkout@v4	2026-09-22T09:10:07.1052051Z ##[group]Checking out the ref
suites	Run actions/checkout@v4	2026-09-22T09:10:07.1055137Z [command]/usr/bin/git checkout --progress --force refs/remotes/pull/100/merge
suites	Run actions/checkout@v4	2026-09-22T09:10:07.1529867Z Note: switching to 'refs/remotes/pull/100/merge'.
suites	Run actions/checkout@v4	2026-09-22T09:10:07.1530932Z 
suites	Run actions/checkout@v4	2026-09-22T09:10:07.1531723Z You are in 'detached HEAD' state. You can look around, make experimental
suites	Run actions/checkout@v4	2026-09-22T09:10:07.1533480Z changes and commit them, and you can discard any commits you make in this
suites	Run actions/checkout@v4	2026-09-22T09:10:07.1535366Z state without impacting any branches by switching back to a branch.
suites	Run actions/checkout@v4	2026-09-22T09:10:07.1536405Z 
suites	Run actions/checkout@v4	2026-09-22T09:10:07.1537239Z If you want to create a new branch to retain commits you create, you may
suites	Run actions/checkout@v4	2026-09-22T09:10:07.1538916Z do so (now or later) by using -c with the switch command. Example:
suites	Run actions/checkout@v4	2026-09-22T09:10:07.1539822Z 
suites	Run actions/checkout@v4	2026-09-22T09:10:07.1540251Z   git switch -c <new-branch-name>
suites	Run actions/checkout@v4	2026-09-22T09:10:07.1540962Z 
suites	Run actions/checkout@v4	2026-09-22T09:10:07.1541469Z Or undo this operation with:
suites	Run actions/checkout@v4	2026-09-22T09:10:07.1542211Z 
suites	Run actions/checkout@v4	2026-09-22T09:10:07.1542655Z   git switch -
suites	Run actions/checkout@v4	2026-09-22T09:10:07.1543272Z 
suites	Run actions/checkout@v4	2026-09-22T09:10:07.1544492Z Turn off this advice by setting config variable advice.detachedHead to false
suites	Run actions/checkout@v4	2026-09-22T09:10:07.1545985Z 
suites	Run actions/checkout@v4	2026-09-22T09:10:07.1548011Z HEAD is now at 6439edc Merge 5c45845ad15bd7995f20c81d7fd61501e5ca9d7e into 8452f564294300a82d56eed464276576f65f4d58
suites	Run actions/checkout@v4	2026-09-22T09:10:07.1552357Z ##[endgroup]
suites	Run actions/checkout@v4	2026-09-22T09:10:07.1574551Z [command]/usr/bin/git log -1 --format=%H
suites	Run actions/checkout@v4	2026-09-22T09:10:07.1594323Z 6439edc9e2a2fa06c4f9ce2e35d4ccaa273e321d
suites	Cache the pinned Verilator build	﻿2026-09-22T09:10:07.1902937Z Node 20 is being deprecated. This workflow is running with Node 24 by default. If you need to temporarily use Node 20, you can set the ACTIONS_ALLOW_USE_UNSECURE_NODE_VERSION=true environment variable. For more information see: https://github.blog/changelog/2025-09-19-deprecation-of-node-20-on-github-actions-runners/
suites	Cache the pinned Verilator build	2026-09-22T09:10:07.1908273Z ##[group]Run actions/cache@v4
suites	Cache the pinned Verilator build	2026-09-22T09:10:07.1909363Z with:
suites	Cache the pinned Verilator build	2026-09-22T09:10:07.1910235Z   path: ~/verilator
suites	Cache the pinned Verilator build	2026-09-22T09:10:07.1911227Z   key: verilator-v5.050-Linux
suites	Cache the pinned Verilator build	2026-09-22T09:10:07.1912335Z   enableCrossOsArchive: false
suites	Cache the pinned Verilator build	2026-09-22T09:10:07.1913465Z   fail-on-cache-miss: false
suites	Cache the pinned Verilator build	2026-09-22T09:10:07.1914818Z   lookup-only: false
suites	Cache the pinned Verilator build	2026-09-22T09:10:07.1915777Z   save-always: false
suites	Cache the pinned Verilator build	2026-09-22T09:10:07.1916833Z env:
suites	Cache the pinned Verilator build	2026-09-22T09:10:07.1917982Z   VERILATOR_VERSION: v5.050
suites	Cache the pinned Verilator build	2026-09-22T09:10:07.1918999Z ##[endgroup]
suites	Cache the pinned Verilator build	2026-09-22T09:10:07.2810379Z (node:2035) [DEP0040] DeprecationWarning: The `punycode` module is deprecated. Please use a userland alternative instead.
suites	Cache the pinned Verilator build	2026-09-22T09:10:07.2814200Z (Use `node --trace-deprecation ...` to show where the warning was created)
suites	Cache the pinned Verilator build	2026-09-22T09:10:07.4167659Z Cache hit for: verilator-v5.050-Linux
suites	Cache the pinned Verilator build	2026-09-22T09:10:07.4253800Z (node:2035) [DEP0169] DeprecationWarning: `url.parse()` behavior is not standardized and prone to errors that have security implications. Use the WHATWG URL API instead. CVEs are not issued for `url.parse()` vulnerabilities.
suites	Cache the pinned Verilator build	2026-09-22T09:10:08.4445051Z Received 92171511 of 92171511 (100.0%), 102.1 MBs/sec
suites	Cache the pinned Verilator build	2026-09-22T09:10:08.4446400Z Cache Size: ~88 MB (92171511 B)
suites	Cache the pinned Verilator build	2026-09-22T09:10:08.4484771Z [command]/usr/bin/tar -xf /home/runner/work/_temp/94f3f394-c5d0-4e47-98fe-83a325b4016a/cache.tzst -P -C /home/runner/work/protocol-processor-control-plane-avb-milan/protocol-processor-control-plane-avb-milan --use-compress-program unzstd
suites	Cache the pinned Verilator build	2026-09-22T09:10:08.5643650Z Cache restored successfully
suites	Cache the pinned Verilator build	2026-09-22T09:10:08.5756735Z Cache restored from key: verilator-v5.050-Linux
suites	Lint (zero tolerance) + every suite	﻿2026-09-22T09:10:08.5932960Z ##[group]Run export PATH="$HOME/verilator/bin:$PATH"
suites	Lint (zero tolerance) + every suite	2026-09-22T09:10:08.5933567Z ^[[36;1mexport PATH="$HOME/verilator/bin:$PATH"^[[0m
suites	Lint (zero tolerance) + every suite	2026-09-22T09:10:08.5934417Z ^[[36;1mverilator --version^[[0m
suites	Lint (zero tolerance) + every suite	2026-09-22T09:10:08.5934810Z ^[[36;1m./scripts/lint_hdl.sh^[[0m
suites	Lint (zero tolerance) + every suite	2026-09-22T09:10:08.5935183Z ^[[36;1m./scripts/run_suites.sh^[[0m
suites	Lint (zero tolerance) + every suite	2026-09-22T09:10:08.5965233Z shell: /usr/bin/bash -e {0}
suites	Lint (zero tolerance) + every suite	2026-09-22T09:10:08.5965758Z env:
suites	Lint (zero tolerance) + every suite	2026-09-22T09:10:08.5966065Z   VERILATOR_VERSION: v5.050
suites	Lint (zero tolerance) + every suite	2026-09-22T09:10:08.5966420Z ##[endgroup]
suites	Lint (zero tolerance) + every suite	2026-09-22T09:10:08.7797872Z Verilator 5.050 2026-07-01 rev v5.050
suites	Lint (zero tolerance) + every suite	2026-09-22T09:10:09.0048525Z LINT OK  KL_acmp_nvm_shadow
suites	Lint (zero tolerance) + every suite	2026-09-22T09:10:09.2271426Z LINT OK  KL_acmp_talker
suites	Lint (zero tolerance) + every suite	2026-09-22T09:10:09.4426054Z LINT OK  KL_pp_acmp_listener
suites	Lint (zero tolerance) + every suite	2026-09-22T09:10:09.6645314Z LINT OK  KL_adp_engine
suites	Lint (zero tolerance) + every suite	2026-09-22T09:10:09.8569876Z LINT OK  KL_aecp_ca_originator
suites	Lint (zero tolerance) + every suite	2026-09-22T09:10:10.0670850Z LINT OK  KL_aecp_desc_store
suites	Lint (zero tolerance) + every suite	2026-09-22T09:10:10.2611255Z LINT OK  KL_aecp_dyn_state
suites	Lint (zero tolerance) + every suite	2026-09-22T09:10:10.5776098Z LINT OK  KL_aecp_engine
suites	Lint (zero tolerance) + every suite	2026-09-22T09:10:10.8041516Z LINT OK  KL_aecp_notify
suites	Lint (zero tolerance) + every suite	2026-09-22T09:10:11.0008177Z LINT OK  KL_aecp_resp_buf
suites	Lint (zero tolerance) + every suite	2026-09-22T09:10:11.2076273Z LINT OK  KL_aecp_ucpu
suites	Lint (zero tolerance) + every suite	2026-09-22T09:10:11.3983909Z LINT OK  KL_pp_prng
suites	Lint (zero tolerance) + every suite	2026-09-22T09:10:11.5935324Z LINT OK  KL_pp_timer_service
suites	Lint (zero tolerance) + every suite	2026-09-22T09:10:11.8038711Z LINT OK  KL_pp_maap
suites	Lint (zero tolerance) + every suite	2026-09-22T09:10:12.0089049Z LINT OK  KL_pp_dispatch
suites	Lint (zero tolerance) + every suite	2026-09-22T09:10:12.2098166Z LINT OK  KL_pp_event_router
suites	Lint (zero tolerance) + every suite	2026-09-22T09:10:12.4214227Z LINT OK  KL_pp_normalizer
suites	Lint (zero tolerance) + every suite	2026-09-22T09:10:12.6192014Z LINT OK  KL_pp_nvm_port
suites	Lint (zero tolerance) + every suite	2026-09-22T09:10:12.8244964Z LINT OK  KL_pp_originator
suites	Lint (zero tolerance) + every suite	2026-09-22T09:10:13.0177622Z LINT OK  KL_pp_release_merge
suites	Lint (zero tolerance) + every suite	2026-09-22T09:10:13.2077747Z LINT OK  KL_pp_rx_slots
suites	Lint (zero tolerance) + every suite	2026-09-22T09:10:13.4127103Z LINT OK  KL_pp_rx_validator
suites	Lint (zero tolerance) + every suite	2026-09-22T09:10:13.6124877Z LINT OK  KL_pp_scoreboard
suites	Lint (zero tolerance) + every suite	2026-09-22T09:10:13.8076300Z LINT OK  KL_pp_side_port
suites	Lint (zero tolerance) + every suite	2026-09-22T09:10:14.0032077Z LINT OK  KL_pp_trace_ring
suites	Lint (zero tolerance) + every suite	2026-09-22T09:10:14.1985293Z LINT OK  KL_pp_tx_arbiter
suites	Lint (zero tolerance) + every suite	2026-09-22T09:10:14.3930559Z LINT OK  KL_pp_tx_slots
suites	Lint (zero tolerance) + every suite	2026-09-22T09:10:14.5909832Z LINT OK  KL_srp_admission
suites	Lint (zero tolerance) + every suite	2026-09-22T09:10:14.7892326Z LINT OK  KL_srp_decoder
suites	Lint (zero tolerance) + every suite	2026-09-22T09:10:14.9794983Z LINT OK  KL_srp_domain
suites	Lint (zero tolerance) + every suite	2026-09-22T09:10:15.1807568Z LINT OK  KL_srp_encoder
suites	Lint (zero tolerance) + every suite	2026-09-22T09:10:15.4329356Z LINT OK  KL_srp_listener_fsm
suites	Lint (zero tolerance) + every suite	2026-09-22T09:10:15.6897973Z LINT OK  KL_srp_talker_fsm
suites	Lint (zero tolerance) + every suite	2026-09-22T09:10:16.0757366Z LINT OK  KL_srp_top
suites	Lint (zero tolerance) + every suite	2026-09-22T09:10:16.2681813Z LINT OK  KL_srp_vlan
suites	Lint (zero tolerance) + every suite	2026-09-22T09:10:16.4587936Z LINT OK  KL_mrp_strip
suites	Lint (zero tolerance) + every suite	2026-09-22T09:10:17.4112535Z LINT OK  protocol_processor_top
suites	Lint (zero tolerance) + every suite	2026-09-22T09:10:17.4364933Z UPC MAP GATE: PASS (56 engine constants, 80 entry points, all agree)
suites	Lint (zero tolerance) + every suite	2026-09-22T09:10:22.2460943Z PASS acmp_listener (2540 checks: 2540 PASS, 0 FAIL)
suites	Lint (zero tolerance) + every suite	2026-09-22T09:10:26.9959899Z PASS acmp_nvm (86 checks: 86 PASS, 0 FAIL)
suites	Lint (zero tolerance) + every suite	2026-09-22T09:10:31.6763466Z PASS acmp_talker (839 checks: 839 PASS, 0 FAIL)
suites	Lint (zero tolerance) + every suite	2026-09-22T09:10:36.2125906Z PASS adp_engine (533 checks: 533 PASS, 0 FAIL)
suites	Lint (zero tolerance) + every suite	2026-09-22T09:10:40.7240404Z PASS aecp_notify (10 checks: 10 PASS, 0 FAIL)
suites	Lint (zero tolerance) + every suite	2026-09-22T09:10:45.0433372Z PASS ca_originator (16 checks: 16 PASS, 0 FAIL)
suites	Lint (zero tolerance) + every suite	2026-09-22T09:10:49.6370168Z PASS desc_store (584 checks: 584 PASS, 0 FAIL)
suites	Lint (zero tolerance) + every suite	2026-09-22T09:10:54.0673588Z PASS dispatch (211 checks: 211 PASS, 0 FAIL)
suites	Lint (zero tolerance) + every suite	2026-09-22T09:11:03.2344552Z PASS dyn_state (89 checks: 89 PASS, 0 FAIL)
suites	Lint (zero tolerance) + every suite	2026-09-22T09:11:07.6978730Z PASS event_router (81 checks: 81 PASS, 0 FAIL)
suites	Lint (zero tolerance) + every suite	2026-09-22T09:11:12.3570022Z PASS maap (75 checks: 75 PASS, 0 FAIL)
suites	Lint (zero tolerance) + every suite	2026-09-22T09:11:16.8894508Z PASS nvm_port (122 checks: 122 PASS, 0 FAIL)
suites	Lint (zero tolerance) + every suite	2026-09-22T09:11:21.5474860Z PASS originator (104 checks: 104 PASS, 0 FAIL)
suites	Lint (zero tolerance) + every suite	2026-09-22T09:15:31.9955851Z PASS pp_top (1411 checks: 1411 PASS, 0 FAIL)
suites	Lint (zero tolerance) + every suite	2026-09-22T09:15:36.3332858Z PASS prng (76 checks: 76 PASS, 0 FAIL)
suites	Lint (zero tolerance) + every suite	2026-09-22T09:15:40.6957801Z PASS release_merge (18 checks: 18 PASS, 0 FAIL)
suites	Lint (zero tolerance) + every suite	2026-09-22T09:15:45.1151443Z PASS resp_buf (64 checks: 64 PASS, 0 FAIL)
suites	Lint (zero tolerance) + every suite	2026-09-22T09:15:49.4445862Z PASS rx_slots (130 checks: 130 PASS, 0 FAIL)
suites	Lint (zero tolerance) + every suite	2026-09-22T09:15:54.2653392Z PASS rx_validator (393 checks: 393 PASS, 0 FAIL)
suites	Lint (zero tolerance) + every suite	2026-09-22T09:15:58.7103044Z PASS scoreboard (3705 checks: 3705 PASS, 0 FAIL)
suites	Lint (zero tolerance) + every suite	2026-09-22T09:16:03.1380960Z PASS side_port (368 checks: 368 PASS, 0 FAIL)
suites	Lint (zero tolerance) + every suite	2026-09-22T09:16:07.5899693Z PASS srp_decoder (113 checks: 113 PASS, 0 FAIL)
suites	Lint (zero tolerance) + every suite	2026-09-22T09:16:12.2884506Z PASS srp_encoder (180 checks: 180 PASS, 0 FAIL)
suites	Lint (zero tolerance) + every suite	2026-09-22T09:16:18.1991963Z PASS srp_stream_fsms (1005 checks: 1005 PASS, 0 FAIL)
suites	Lint (zero tolerance) + every suite	2026-09-22T09:16:25.7060944Z PASS srp_top (235 checks: 235 PASS, 0 FAIL)
suites	Lint (zero tolerance) + every suite	2026-09-22T09:16:43.3959362Z PASS timer_map (1360 checks: 1360 PASS, 0 FAIL)
suites	Lint (zero tolerance) + every suite	2026-09-22T09:16:47.8382139Z PASS timer_service (48 checks: 48 PASS, 0 FAIL)
suites	Lint (zero tolerance) + every suite	2026-09-22T09:16:52.3577716Z PASS tx_arbiter (66 checks: 66 PASS, 0 FAIL)
suites	Lint (zero tolerance) + every suite	2026-09-22T09:16:56.7849318Z PASS tx_slots (95 checks: 95 PASS, 0 FAIL)
suites	Lint (zero tolerance) + every suite	2026-09-22T09:17:01.4204332Z PASS ucpu (386 checks: 386 PASS, 0 FAIL)
suites	Lint (zero tolerance) + every suite	2026-09-22T09:17:01.4211355Z suites: 14943 checks total, 0 failing
suites	Traceability matrix no-drift + untested budget 0	﻿2026-09-22T09:17:01.4252060Z ##[group]Run python3 scripts/gen_matrix.py --check
suites	Traceability matrix no-drift + untested budget 0	2026-09-22T09:17:01.4252474Z ^[[36;1mpython3 scripts/gen_matrix.py --check^[[0m
suites	Traceability matrix no-drift + untested budget 0	2026-09-22T09:17:01.4274605Z shell: /usr/bin/bash -e {0}
suites	Traceability matrix no-drift + untested budget 0	2026-09-22T09:17:01.4274925Z env:
suites	Traceability matrix no-drift + untested budget 0	2026-09-22T09:17:01.4275236Z   VERILATOR_VERSION: v5.050
suites	Traceability matrix no-drift + untested budget 0	2026-09-22T09:17:01.4275510Z ##[endgroup]
suites	Traceability matrix no-drift + untested budget 0	2026-09-22T09:17:01.4656775Z matrix: OK (86 rows, 0 untested)
suites	nvm_port README figures agree with the tree	﻿2026-09-22T09:17:01.4724814Z ##[group]Run export PATH="$HOME/verilator/bin:$PATH"
suites	nvm_port README figures agree with the tree	2026-09-22T09:17:01.4725304Z ^[[36;1mexport PATH="$HOME/verilator/bin:$PATH"^[[0m
suites	nvm_port README figures agree with the tree	2026-09-22T09:17:01.4725726Z ^[[36;1m# PR #13 was squash-merged. Its review lineage is therefore absent^[[0m
suites	nvm_port README figures agree with the tree	2026-09-22T09:17:01.4726218Z ^[[36;1m# from main, but remains available through GitHub's durable pull ref.^[[0m
suites	nvm_port README figures agree with the tree	2026-09-22T09:17:01.4726669Z ^[[36;1mgit fetch --no-tags origin refs/pull/13/head^[[0m
suites	nvm_port README figures agree with the tree	2026-09-22T09:17:01.4727036Z ^[[36;1mmake -C tb/nvm_port figures^[[0m
suites	nvm_port README figures agree with the tree	2026-09-22T09:17:01.4747677Z shell: /usr/bin/bash -e {0}
suites	nvm_port README figures agree with the tree	2026-09-22T09:17:01.4747995Z env:
suites	nvm_port README figures agree with the tree	2026-09-22T09:17:01.4748250Z   VERILATOR_VERSION: v5.050
suites	nvm_port README figures agree with the tree	2026-09-22T09:17:01.4748570Z ##[endgroup]
suites	nvm_port README figures agree with the tree	2026-09-22T09:17:02.0735868Z From https://github.com/Mister-M-alt/protocol-processor-control-plane-avb-milan
suites	nvm_port README figures agree with the tree	2026-09-22T09:17:02.0736692Z  * branch            refs/pull/13/head -> FETCH_HEAD
suites	nvm_port README figures agree with the tree	2026-09-22T09:17:02.0751446Z make: Entering directory '/home/runner/work/protocol-processor-control-plane-avb-milan/protocol-processor-control-plane-avb-milan/tb/nvm_port'
suites	nvm_port README figures agree with the tree	2026-09-22T09:20:11.2263985Z 42 Verilator builds: 1 baseline + 12 arms + 18 mutations + 6 models + 5 matrix
suites	nvm_port README figures agree with the tree	2026-09-22T09:20:11.2265154Z baseline: 122 checks, 122 PASS, 0 FAIL
suites	nvm_port README figures agree with the tree	2026-09-22T09:20:11.2265443Z 
suites	nvm_port README figures agree with the tree	2026-09-22T09:20:11.2265642Z arm coverage (measured vs README):
suites	nvm_port README figures agree with the tree	2026-09-22T09:20:11.2266106Z   [ok ]  211 S_WEREQ    measured=0    readme=0
suites	nvm_port README figures agree with the tree	2026-09-22T09:20:11.2266797Z   [ok ]  220 S_WEWAIT   measured=69   readme=69
suites	nvm_port README figures agree with the tree	2026-09-22T09:20:11.2267417Z   [ok ]  230 S_WWREQ    measured=0    readme=0
suites	nvm_port README figures agree with the tree	2026-09-22T09:20:11.2267952Z   [ok ]  240 S_WHPUMP   measured=64   readme=64
suites	nvm_port README figures agree with the tree	2026-09-22T09:20:11.2268314Z   [ok ]  253 S_WDPUMP   measured=52   readme=52
suites	nvm_port README figures agree with the tree	2026-09-22T09:20:11.2268676Z   [ok ]  263 S_WWAIT    measured=39   readme=39
suites	nvm_port README figures agree with the tree	2026-09-22T09:20:11.2269131Z   [ok ]  274 S_RHREQ    measured=0    readme=0
suites	nvm_port README figures agree with the tree	2026-09-22T09:20:11.2269477Z   [ok ]  284 S_RHCOLL   measured=32   readme=32
suites	nvm_port README figures agree with the tree	2026-09-22T09:20:11.2269873Z   [ok ]  302 S_RHWAIT   measured=29   readme=29
suites	nvm_port README figures agree with the tree	2026-09-22T09:20:11.2270223Z   [ok ]  329 S_RPREQ    measured=0    readme=0
suites	nvm_port README figures agree with the tree	2026-09-22T09:20:11.2270652Z   [ok ]  339 S_RPPUMP   measured=63   readme=63
suites	nvm_port README figures agree with the tree	2026-09-22T09:20:11.2271031Z   [ok ]  349 S_RPWAIT   measured=26   readme=26
suites	nvm_port README figures agree with the tree	2026-09-22T09:20:11.2271268Z 
suites	nvm_port README figures agree with the tree	2026-09-22T09:20:11.2271392Z mutations and probes (measured vs README):
suites	nvm_port README figures agree with the tree	2026-09-22T09:20:11.2271877Z   [ok ] M1               measured=24   readme=24
suites	nvm_port README figures agree with the tree	2026-09-22T09:20:11.2272275Z   [ok ] M1-sibling       measured=5    readme=5
suites	nvm_port README figures agree with the tree	2026-09-22T09:20:11.2273057Z   [ok ] M2               measured=5    readme=5
suites	nvm_port README figures agree with the tree	2026-09-22T09:20:11.2273510Z   [ok ] M3               measured=91   readme=91
suites	nvm_port README figures agree with the tree	2026-09-22T09:20:11.2274011Z   [ok ] M4               measured=52   readme=52
suites	nvm_port README figures agree with the tree	2026-09-22T09:20:11.2274666Z   [ok ] M5               measured=39   readme=39
suites	nvm_port README figures agree with the tree	2026-09-22T09:20:11.2275121Z   [ok ] M6               measured=6    readme=6
suites	nvm_port README figures agree with the tree	2026-09-22T09:20:11.2275581Z   [ok ] M6-sibling       measured=5    readme=5
suites	nvm_port README figures agree with the tree	2026-09-22T09:20:11.2276088Z   [ok ] probe-armearly   measured=1    readme=1
suites	nvm_port README figures agree with the tree	2026-09-22T09:20:11.2276590Z   [ok ] probe-nodevice   measured=3    readme=3
suites	nvm_port README figures agree with the tree	2026-09-22T09:20:11.2277019Z   [ok ] probe-t18        measured=3    readme=3
suites	nvm_port README figures agree with the tree	2026-09-22T09:20:11.2277369Z   [ok ] done_seen_r/coincident measured=91   readme=91
suites	nvm_port README figures agree with the tree	2026-09-22T09:20:11.2277790Z   [ok ] done_seen_r/pristine measured=9    readme=9
suites	nvm_port README figures agree with the tree	2026-09-22T09:20:11.2278120Z   [ok ] own-states-dropped measured=6    readme=6
suites	nvm_port README figures agree with the tree	2026-09-22T09:20:11.2278477Z   [ok ] own-minus-rhcoll measured=3    readme=3
suites	nvm_port README figures agree with the tree	2026-09-22T09:20:11.2278800Z   [ok ] own-minus-wwait  measured=0    readme=0
suites	nvm_port README figures agree with the tree	2026-09-22T09:20:11.2279192Z   [ok ] own-plus-rhreq   measured=1    readme=1
suites	nvm_port README figures agree with the tree	2026-09-22T09:20:11.2279522Z   [ok ] retraction       measured=2    readme=2
suites	nvm_port README figures agree with the tree	2026-09-22T09:20:11.2279723Z 
suites	nvm_port README figures agree with the tree	2026-09-22T09:20:11.2279822Z device models (measured vs README):
suites	nvm_port README figures agree with the tree	2026-09-22T09:20:11.2280224Z   [ok ] pristine                   measured=122 PASS, 0 FAIL  readme=(122, 0)
suites	nvm_port README figures agree with the tree	2026-09-22T09:20:11.2280637Z   [ok ] half-page                  measured=122 PASS, 0 FAIL  readme=(122, 0)
suites	nvm_port README figures agree with the tree	2026-09-22T09:20:11.2281052Z   [ok ] half-page                  measured=122 PASS, 0 FAIL  readme=(122, 0)
suites	nvm_port README figures agree with the tree	2026-09-22T09:20:11.2281620Z   [ok ] page-buffered NOR          measured=122 PASS, 0 FAIL  readme=(122, 0)
suites	nvm_port README figures agree with the tree	2026-09-22T09:20:11.2282064Z   [ok ] lazy erase                 measured=121 PASS, 1 FAIL  readme=(121, 1)
suites	nvm_port README figures agree with the tree	2026-09-22T09:20:11.2282493Z   [ok ] lazy erase + page-buffered measured=121 PASS, 1 FAIL  readme=(121, 1)
suites	nvm_port README figures agree with the tree	2026-09-22T09:20:11.2282916Z   [ok ] coincident completion      measured=122 PASS, 0 FAIL  readme=(122, 0)
suites	nvm_port README figures agree with the tree	2026-09-22T09:20:11.2283188Z 
suites	nvm_port README figures agree with the tree	2026-09-22T09:20:11.2283370Z pre-fix matrix (measured vs README), 5 builds:
suites	nvm_port README figures agree with the tree	2026-09-22T09:20:11.2283744Z   [ok ] T16 byte comparison                measured=pass FAIL FAIL FAIL FAIL
suites	nvm_port README figures agree with the tree	2026-09-22T09:20:11.2284349Z   [ok ] T17 restore vs the record          measured=pass FAIL FAIL pass FAIL
suites	nvm_port README figures agree with the tree	2026-09-22T09:20:11.2284794Z   [ok ] T17 restore vs the array           measured=pass pass FAIL pass pass
suites	nvm_port README figures agree with the tree	2026-09-22T09:20:11.2285225Z   [ok ] T15 branch pin                     measured=pass pass FAIL pass FAIL
suites	nvm_port README figures agree with the tree	2026-09-22T09:20:11.2285674Z   [ok ] T15 cut was real                   measured=pass pass pass pass FAIL
suites	nvm_port README figures agree with the tree	2026-09-22T09:20:11.2286090Z   [ok ] T15 #70 property, unconditioned    measured=pass pass pass pass FAIL
suites	nvm_port README figures agree with the tree	2026-09-22T09:20:11.2286341Z 
suites	nvm_port README figures agree with the tree	2026-09-22T09:20:11.2286517Z all measured figures agree with the tree
suites	nvm_port README figures agree with the tree	2026-09-22T09:20:11.2286686Z 
suites	nvm_port README figures agree with the tree	2026-09-22T09:20:11.2286875Z NOT measured (waived, with the reason, so the exclusion set is
suites	nvm_port README figures agree with the tree	2026-09-22T09:20:11.2287254Z derived from the file rather than asserted in a comment):
suites	nvm_port README figures agree with the tree	2026-09-22T09:20:11.2288037Z   - /`fails 22 of the 122 checks` and `fails\s+22 out of 122`/ absorbs 2 (cap 4): two illustrative phrasings quoted inside the paragraph explaining what the inverted default does not close; not claims about this suite
suites	nvm_port README figures agree with the tree	2026-09-22T09:20:11.2289012Z   - /\b122/122\b/ absorbs 2 (cap 4): suite tally shorthand; both halves are the suite size, which the size check already pins against the measured total
suites	nvm_port README figures agree with the tree	2026-09-22T09:20:11.2332589Z make: Leaving directory '/home/runner/work/protocol-processor-control-plane-avb-milan/protocol-processor-control-plane-avb-milan/tb/nvm_port'
suites	Post Cache the pinned Verilator build	﻿2026-09-22T09:20:11.2417922Z Node 20 is being deprecated. This workflow is running with Node 24 by default. If you need to temporarily use Node 20, you can set the ACTIONS_ALLOW_USE_UNSECURE_NODE_VERSION=true environment variable. For more information see: https://github.blog/changelog/2025-09-19-deprecation-of-node-20-on-github-actions-runners/
suites	Post Cache the pinned Verilator build	2026-09-22T09:20:11.2419041Z Post job cleanup.
suites	Post Cache the pinned Verilator build	2026-09-22T09:20:11.3342514Z Cache hit occurred on the primary key verilator-v5.050-Linux, not saving cache.
suites	Post Cache the pinned Verilator build	2026-09-22T09:20:11.3343967Z (node:6325) [DEP0040] DeprecationWarning: The `punycode` module is deprecated. Please use a userland alternative instead.
suites	Post Cache the pinned Verilator build	2026-09-22T09:20:11.3345200Z (Use `node --trace-deprecation ...` to show where the warning was created)
suites	Post Run actions/checkout@v4	﻿2026-09-22T09:20:11.3465932Z Node 20 is being deprecated. This workflow is running with Node 24 by default. If you need to temporarily use Node 20, you can set the ACTIONS_ALLOW_USE_UNSECURE_NODE_VERSION=true environment variable. For more information see: https://github.blog/changelog/2025-09-19-deprecation-of-node-20-on-github-actions-runners/
suites	Post Run actions/checkout@v4	2026-09-22T09:20:11.3466885Z Post job cleanup.
suites	Post Run actions/checkout@v4	2026-09-22T09:20:11.4214373Z [command]/usr/bin/git version
suites	Post Run actions/checkout@v4	2026-09-22T09:20:11.4248094Z git version 2.55.0
suites	Post Run actions/checkout@v4	2026-09-22T09:20:11.4277733Z Temporarily overriding HOME='/home/runner/work/_temp/10caee04-a359-4adc-bf12-07e3d315699c' before making global git config changes
suites	Post Run actions/checkout@v4	2026-09-22T09:20:11.4279134Z Adding repository directory to the temporary git global config as a safe directory
suites	Post Run actions/checkout@v4	2026-09-22T09:20:11.4283039Z [command]/usr/bin/git config --global --add safe.directory /home/runner/work/protocol-processor-control-plane-avb-milan/protocol-processor-control-plane-avb-milan
suites	Post Run actions/checkout@v4	2026-09-22T09:20:11.4311567Z [command]/usr/bin/git config --local --name-only --get-regexp core\.sshCommand
suites	Post Run actions/checkout@v4	2026-09-22T09:20:11.4339039Z [command]/usr/bin/git submodule foreach --recursive sh -c "git config --local --name-only --get-regexp 'core\.sshCommand' && git config --local --unset-all 'core.sshCommand' || :"
suites	Post Run actions/checkout@v4	2026-09-22T09:20:11.4517198Z [command]/usr/bin/git config --local --name-only --get-regexp http\.https\:\/\/github\.com\/\.extraheader
suites	Post Run actions/checkout@v4	2026-09-22T09:20:11.4537291Z http.https://github.com/.extraheader
suites	Post Run actions/checkout@v4	2026-09-22T09:20:11.4544817Z [command]/usr/bin/git config --local --unset-all http.https://github.com/.extraheader
suites	Post Run actions/checkout@v4	2026-09-22T09:20:11.4568742Z [command]/usr/bin/git submodule foreach --recursive sh -c "git config --local --name-only --get-regexp 'http\.https\:\/\/github\.com\/\.extraheader' && git config --local --unset-all 'http.https://github.com/.extraheader' || :"
suites	Post Run actions/checkout@v4	2026-09-22T09:20:11.4749042Z [command]/usr/bin/git config --local --name-only --get-regexp ^includeIf\.gitdir:
suites	Post Run actions/checkout@v4	2026-09-22T09:20:11.4772786Z [command]/usr/bin/git submodule foreach --recursive git config --local --show-origin --name-only --get-regexp remote.origin.url
suites	Complete job	﻿2026-09-22T09:20:11.5092128Z Cleaning up orphan processes
suites	Complete job	2026-09-22T09:20:11.5404827Z ##[warning]Node.js 20 is deprecated. The following actions target Node.js 20 but are being forced to run on Node.js 24: actions/cache@v4, actions/checkout@v4. For more information see: https://github.blog/changelog/2025-09-19-deprecation-of-node-20-on-github-actions-runners/
