test_compiler_environment_and_arguments (test_fixture_guards.CompilerLocaleTest.test_compiler_environment_and_arguments) ... 
  test_compiler_environment_and_arguments (test_fixture_guards.CompilerLocaleTest.test_compiler_environment_and_arguments) (LC_ALL=None) ... FAIL
  test_compiler_environment_and_arguments (test_fixture_guards.CompilerLocaleTest.test_compiler_environment_and_arguments) (LC_ALL='fr_FR.UTF-8') ... FAIL

======================================================================
FAIL: test_compiler_environment_and_arguments (test_fixture_guards.CompilerLocaleTest.test_compiler_environment_and_arguments) (LC_ALL=None)
----------------------------------------------------------------------
Traceback (most recent call last):
  File "/tmp/r230-100-r2-scratch/regression-mutants/N8-global-lc-all-before-verilator/test_fixture_guards.py", line 41, in test_compiler_environment_and_arguments
    self.assertEqual(dict(os.environ), caller_env)
    ~~~~~~~~~~~~~~~~^^^^^^^^^^^^^^^^^^^^^^^^^^^^^^
AssertionError: {'LAN[94 chars]ATH': '/test/include', 'CXXFLAGS': '-test-flag', 'LC_ALL': 'C'} != {'LAN[94 chars]ATH': '/test/include', 'CXXFLAGS': '-test-flag'}
  {'CPATH': '/test/include',
   'CXXFLAGS': '-test-flag',
   'LANG': 'fr_FR.UTF-8',
   'LANGUAGE': 'de:fr',
-  'LC_ALL': 'C',
   'LC_MESSAGES': 'de_DE.UTF-8',
   'PATH': '/test/bin'}

======================================================================
FAIL: test_compiler_environment_and_arguments (test_fixture_guards.CompilerLocaleTest.test_compiler_environment_and_arguments) (LC_ALL='fr_FR.UTF-8')
----------------------------------------------------------------------
Traceback (most recent call last):
  File "/tmp/r230-100-r2-scratch/regression-mutants/N8-global-lc-all-before-verilator/test_fixture_guards.py", line 41, in test_compiler_environment_and_arguments
    self.assertEqual(dict(os.environ), caller_env)
    ~~~~~~~~~~~~~~~~^^^^^^^^^^^^^^^^^^^^^^^^^^^^^^
AssertionError: {'LAN[104 chars]st/include', 'CXXFLAGS': '-test-flag', 'LC_ALL': 'C'} != {'LAN[104 chars]st/include', 'CXXFLAGS': '-test-flag', 'LC_ALL': 'fr_FR.UTF-8'}
  {'CPATH': '/test/include',
   'CXXFLAGS': '-test-flag',
   'LANG': 'fr_FR.UTF-8',
   'LANGUAGE': 'de:fr',
-  'LC_ALL': 'C',
+  'LC_ALL': 'fr_FR.UTF-8',
   'LC_MESSAGES': 'de_DE.UTF-8',
   'PATH': '/test/bin'}

----------------------------------------------------------------------
Ran 1 test in 0.003s

FAILED (failures=2)
