%Warning-PINCONNECTEMPTY: pp_top_wrap.sv:392:8: Instance pin connected by name with empty reference: 'aecp_cur_config_o'
  392 |       .aecp_cur_config_o     (),
      |        ^~~~~~~~~~~~~~~~~
                          ... For warning description see https://verilator.org/warn/PINCONNECTEMPTY?v=5.052
                          ... Use "/* verilator lint_off PINCONNECTEMPTY */" and lint_on around source to disable this message.
%Warning-PINCONNECTEMPTY: pp_top_wrap.sv:393:8: Instance pin connected by name with empty reference: 'aecp_identify_o'
  393 |       .aecp_identify_o       (),
      |        ^~~~~~~~~~~~~~~
%Warning-PINCONNECTEMPTY: pp_top_wrap.sv:394:8: Instance pin connected by name with empty reference: 'aecp_clk_src_index_o'
  394 |       .aecp_clk_src_index_o  (),
      |        ^~~~~~~~~~~~~~~~~~~~
%Warning-PINCONNECTEMPTY: pp_top_wrap.sv:402:8: Instance pin connected by name with empty reference: 'aecp_dyn_dirty_o'
  402 |       .aecp_dyn_dirty_o      (),
      |        ^~~~~~~~~~~~~~~~
%Warning-PINMISSING: pp_top_wrap.sv:346:5: Instance has missing pin: 'srp_tk_decl_state_o'
  346 |   ) u_dut (
      |     ^~~~~
                     ../../hdl/top/protocol_processor_top.sv:496:42: ... Location of port declaration
  496 |     output logic [N_STREAM_OUT_P*2-1:0]  srp_tk_decl_state_o,      
      |                                          ^~~~~~~~~~~~~~~~~~~
                     ... For warning description see https://verilator.org/warn/PINMISSING?v=5.052
                     ... Use "/* verilator lint_off PINMISSING */" and lint_on around source to disable this message.
%Warning-PINMISSING: pp_top_wrap.sv:346:5: Instance has missing pin: 'srp_lstn_reg_state_o'
  346 |   ) u_dut (
      |     ^~~~~
                     ../../hdl/top/protocol_processor_top.sv:497:42: ... Location of port declaration
  497 |     output logic [N_STREAM_OUT_P*2-1:0]  srp_lstn_reg_state_o,     
      |                                          ^~~~~~~~~~~~~~~~~~~~
%Warning-PINMISSING: pp_top_wrap.sv:346:5: Instance has missing pin: 'srp_active_o'
  346 |   ) u_dut (
      |     ^~~~~
                     ../../hdl/top/protocol_processor_top.sv:501:42: ... Location of port declaration
  501 |     output logic [N_STREAM_OUT_P-1:0]    srp_active_o,
      |                                          ^~~~~~~~~~~~
%Warning-PINMISSING: pp_top_wrap.sv:346:5: Instance has missing pin: 'srp_sr_admitted_o'
  346 |   ) u_dut (
      |     ^~~~~
                     ../../hdl/top/protocol_processor_top.sv:506:42: ... Location of port declaration
  506 |     output logic [N_STREAM_OUT_P-1:0]    srp_sr_admitted_o,
      |                                          ^~~~~~~~~~~~~~~~~
%Warning-PINMISSING: pp_top_wrap.sv:346:5: Instance has missing pin: 'srp_granted_slope_bps_o'
  346 |   ) u_dut (
      |     ^~~~~
                     ../../hdl/top/protocol_processor_top.sv:507:42: ... Location of port declaration
  507 |     output logic [N_STREAM_OUT_P*32-1:0] srp_granted_slope_bps_o,  
      |                                          ^~~~~~~~~~~~~~~~~~~~~~~
%Warning-PINMISSING: pp_top_wrap.sv:346:5: Instance has missing pin: 'srp_src_fail_code_o'
  346 |   ) u_dut (
      |     ^~~~~
                     ../../hdl/top/protocol_processor_top.sv:508:42: ... Location of port declaration
  508 |     output logic [N_STREAM_OUT_P*8-1:0]  srp_src_fail_code_o,      
      |                                          ^~~~~~~~~~~~~~~~~~~
%Warning-PINMISSING: pp_top_wrap.sv:346:5: Instance has missing pin: 'srp_src_fail_bridge_o'
  346 |   ) u_dut (
      |     ^~~~~
                     ../../hdl/top/protocol_processor_top.sv:509:42: ... Location of port declaration
  509 |     output logic [N_STREAM_OUT_P*64-1:0] srp_src_fail_bridge_o,    
      |                                          ^~~~~~~~~~~~~~~~~~~~~
%Warning-PINMISSING: pp_top_wrap.sv:346:5: Instance has missing pin: 'srp_sum_slope_bps_o'
  346 |   ) u_dut (
      |     ^~~~~
                     ../../hdl/top/protocol_processor_top.sv:510:42: ... Location of port declaration
  510 |     output logic [31:0]                  srp_sum_slope_bps_o,      
      |                                          ^~~~~~~~~~~~~~~~~~~
%Warning-PINMISSING: pp_top_wrap.sv:346:5: Instance has missing pin: 'srp_over_limit_o'
  346 |   ) u_dut (
      |     ^~~~~
                     ../../hdl/top/protocol_processor_top.sv:511:42: ... Location of port declaration
  511 |     output logic                         srp_over_limit_o,         
      |                                          ^~~~~~~~~~~~~~~~
%Warning-PINMISSING: pp_top_wrap.sv:346:5: Instance has missing pin: 'srp_tk_reg_state_o'
  346 |   ) u_dut (
      |     ^~~~~
                     ../../hdl/top/protocol_processor_top.sv:512:42: ... Location of port declaration
  512 |     output logic [N_STREAM_IN_P*2-1:0]   srp_tk_reg_state_o,       
      |                                          ^~~~~~~~~~~~~~~~~~
%Warning-PINMISSING: pp_top_wrap.sv:346:5: Instance has missing pin: 'srp_lstn_decl_state_o'
  346 |   ) u_dut (
      |     ^~~~~
                     ../../hdl/top/protocol_processor_top.sv:513:42: ... Location of port declaration
  513 |     output logic [N_STREAM_IN_P*2-1:0]   srp_lstn_decl_state_o,    
      |                                          ^~~~~~~~~~~~~~~~~~~~~
%Warning-PINMISSING: pp_top_wrap.sv:346:5: Instance has missing pin: 'srp_acc_latency_o'
  346 |   ) u_dut (
      |     ^~~~~
                     ../../hdl/top/protocol_processor_top.sv:514:42: ... Location of port declaration
  514 |     output logic [N_STREAM_IN_P*32-1:0]  srp_acc_latency_o,        
      |                                          ^~~~~~~~~~~~~~~~~
%Warning-PINMISSING: pp_top_wrap.sv:346:5: Instance has missing pin: 'srp_snk_fail_code_o'
  346 |   ) u_dut (
      |     ^~~~~
                     ../../hdl/top/protocol_processor_top.sv:515:42: ... Location of port declaration
  515 |     output logic [N_STREAM_IN_P*8-1:0]   srp_snk_fail_code_o,      
      |                                          ^~~~~~~~~~~~~~~~~~~
%Warning-PINMISSING: pp_top_wrap.sv:346:5: Instance has missing pin: 'acmp_bound_o'
  346 |   ) u_dut (
      |     ^~~~~
                     ../../hdl/top/protocol_processor_top.sv:527:42: ... Location of port declaration
  527 |     output logic [N_STREAM_IN_P-1:0]     acmp_bound_o,
      |                                          ^~~~~~~~~~~~
%Warning-PINMISSING: pp_top_wrap.sv:346:5: Instance has missing pin: 'acmp_bound_eid_o'
  346 |   ) u_dut (
      |     ^~~~~
                     ../../hdl/top/protocol_processor_top.sv:528:42: ... Location of port declaration
  528 |     output logic [N_STREAM_IN_P*64-1:0]  acmp_bound_eid_o,         
      |                                          ^~~~~~~~~~~~~~~~
%Warning-PINMISSING: pp_top_wrap.sv:346:5: Instance has missing pin: 'acmp_bound_sid_o'
  346 |   ) u_dut (
      |     ^~~~~
                     ../../hdl/top/protocol_processor_top.sv:534:42: ... Location of port declaration
  534 |     output logic [N_STREAM_IN_P*64-1:0]  acmp_bound_sid_o,         
      |                                          ^~~~~~~~~~~~~~~~
%Warning-PINMISSING: pp_top_wrap.sv:346:5: Instance has missing pin: 'acmp_bound_dmac_o'
  346 |   ) u_dut (
      |     ^~~~~
                     ../../hdl/top/protocol_processor_top.sv:535:42: ... Location of port declaration
  535 |     output logic [N_STREAM_IN_P*48-1:0]  acmp_bound_dmac_o,        
      |                                          ^~~~~~~~~~~~~~~~~
%Warning-PINMISSING: pp_top_wrap.sv:346:5: Instance has missing pin: 'acmp_bound_vlan_o'
  346 |   ) u_dut (
      |     ^~~~~
                     ../../hdl/top/protocol_processor_top.sv:536:42: ... Location of port declaration
  536 |     output logic [N_STREAM_IN_P*12-1:0]  acmp_bound_vlan_o,        
      |                                          ^~~~~~~~~~~~~~~~~
%Warning-PINMISSING: pp_top_wrap.sv:346:5: Instance has missing pin: 'adp_next_avail_index_o'
  346 |   ) u_dut (
      |     ^~~~~
                     ../../hdl/top/protocol_processor_top.sv:544:42: ... Location of port declaration
  544 |     output logic [31:0]                  adp_next_avail_index_o,   
      |                                          ^~~~~~~~~~~~~~~~~~~~~~
- V e r i l a t i o n   R e p o r t: Verilator 5.052 2026-09-05 rev v5.052
- Verilator: Built from 13.647 MB sources in 45 modules, into 5.318 MB in 12 C++ files needing 0.001 MB
- Verilator: Walltime 1.371 s (elab=0.173, cvt=1.003, bld=0.000); cpu 1.430 s on 8 threads; allocated 81.000 MB
fixture guard default (no override): compiles
fixture guard 5A3C: compiles
FAIL: fixture 0002: unexpected compiler result 1
In file included from /usr/share/verilator/include/verilated.h:1249,
                 from /tmp/r230-100-r1/tmp/pp-top-vid-guards-1e9pncrn/Vpp_top_wrap.h:11,
                 from sim_main.cpp:30:
/usr/share/verilator/include/verilated_funcs.h: In function »VlQueue<std::__cxx11::basic_string<char> > VL_STREAMR_NRI(int, VlQueue<std::__cxx11::basic_string<char> >, IData)«:
/usr/share/verilator/include/verilated_funcs.h:1839:48: warning: unverwendeter Parameter »lbits« [-Wunused-parameter]
 1839 | inline VlQueue<std::string> VL_STREAMR_NRI(int lbits, const VlQueue<std::string> q,
      |                                            ~~~~^~~~~
/usr/share/verilator/include/verilated_funcs.h:1840:50: warning: unverwendeter Parameter »rd« [-Wunused-parameter]
 1840 |                                            IData rd) VL_MT_SAFE {
      |                                            ~~~~~~^~
/usr/share/verilator/include/verilated_funcs.h: In function »IData VL_PACK_I_RI(int, int, const VlQueue<unsigned char>&)«:
/usr/share/verilator/include/verilated_funcs.h:2159:26: warning: Vergleich von Ganzzahlausdrücken, von denen nur einer ein Vorzeichen hat: »size_t« {aka »long unsigned int«} und »int« [-Wsign-compare]
 2159 |     for (size_t i = 0; i < q.size(); ++i)
      |                        ~~^~~~~~~~~~
/usr/share/verilator/include/verilated_funcs.h: In function »IData VL_PACK_I_RI(int, int, const VlQueue<short unsigned int>&)«:
/usr/share/verilator/include/verilated_funcs.h:2166:26: warning: Vergleich von Ganzzahlausdrücken, von denen nur einer ein Vorzeichen hat: »size_t« {aka »long unsigned int«} und »int« [-Wsign-compare]
 2166 |     for (size_t i = 0; i < q.size(); ++i)
      |                        ~~^~~~~~~~~~
/usr/share/verilator/include/verilated_funcs.h: In function »IData VL_PACK_I_RI(int, int, const VlQueue<unsigned int>&)«:
/usr/share/verilator/include/verilated_funcs.h:2173:26: warning: Vergleich von Ganzzahlausdrücken, von denen nur einer ein Vorzeichen hat: »size_t« {aka »long unsigned int«} und »int« [-Wsign-compare]
 2173 |     for (size_t i = 0; i < q.size(); ++i) ret |= q.at(q.size() - 1 - i) << (i * lbits);
      |                        ~~^~~~~~~~~~
/usr/share/verilator/include/verilated_funcs.h: In function »QData VL_PACK_Q_RI(int, int, const VlQueue<unsigned char>&)«:
/usr/share/verilator/include/verilated_funcs.h:2224:26: warning: Vergleich von Ganzzahlausdrücken, von denen nur einer ein Vorzeichen hat: »size_t« {aka »long unsigned int«} und »int« [-Wsign-compare]
 2224 |     for (size_t i = 0; i < q.size(); ++i)
      |                        ~~^~~~~~~~~~
/usr/share/verilator/include/verilated_funcs.h: In function »QData VL_PACK_Q_RI(int, int, const VlQueue<short unsigned int>&)«:
/usr/share/verilator/include/verilated_funcs.h:2231:26: warning: Vergleich von Ganzzahlausdrücken, von denen nur einer ein Vorzeichen hat: »size_t« {aka »long unsigned int«} und »int« [-Wsign-compare]
 2231 |     for (size_t i = 0; i < q.size(); ++i)
      |                        ~~^~~~~~~~~~
/usr/share/verilator/include/verilated_funcs.h: In function »QData VL_PACK_Q_RI(int, int, const VlQueue<unsigned int>&)«:
/usr/share/verilator/include/verilated_funcs.h:2238:26: warning: Vergleich von Ganzzahlausdrücken, von denen nur einer ein Vorzeichen hat: »size_t« {aka »long unsigned int«} und »int« [-Wsign-compare]
 2238 |     for (size_t i = 0; i < q.size(); ++i)
      |                        ~~^~~~~~~~~~
/usr/share/verilator/include/verilated_funcs.h: In function »QData VL_PACK_Q_RQ(int, int, const VlQueue<long unsigned int>&)«:
/usr/share/verilator/include/verilated_funcs.h:2269:26: warning: Vergleich von Ganzzahlausdrücken, von denen nur einer ein Vorzeichen hat: »size_t« {aka »long unsigned int«} und »int« [-Wsign-compare]
 2269 |     for (size_t i = 0; i < q.size(); ++i) ret |= q.at(q.size() - 1 - i) << (i * lbits);
      |                        ~~^~~~~~~~~~
/usr/share/verilator/include/verilated_funcs.h: In function »IData VL_PACK_I_RQ(int, int, const VlQueue<long unsigned int>&)«:
/usr/share/verilator/include/verilated_funcs.h:2275:26: warning: Vergleich von Ganzzahlausdrücken, von denen nur einer ein Vorzeichen hat: »size_t« {aka »long unsigned int«} und »int« [-Wsign-compare]
 2275 |     for (size_t i = 0; i < q.size(); ++i) ret |= q.at(q.size() - 1 - i) << (i * lbits);
      |                        ~~^~~~~~~~~~
/usr/share/verilator/include/verilated_funcs.h: In function »WDataOutP VL_PACK_W_RI(int, int, WDataOutP, const VlQueue<unsigned char>&)«:
/usr/share/verilator/include/verilated_funcs.h:2297:26: warning: Vergleich von Ganzzahlausdrücken, von denen nur einer ein Vorzeichen hat: »size_t« {aka »long unsigned int«} und »int« [-Wsign-compare]
 2297 |     for (size_t i = 0; i < q.size(); ++i)
      |                        ~~^~~~~~~~~~
/usr/share/verilator/include/verilated_funcs.h: In function »WDataOutP VL_PACK_W_RI(int, int, WDataOutP, const VlQueue<short unsigned int>&)«:
/usr/share/verilator/include/verilated_funcs.h:2307:26: warning: Vergleich von Ganzzahlausdrücken, von denen nur einer ein Vorzeichen hat: »size_t« {aka »long unsigned int«} und »int« [-Wsign-compare]
 2307 |     for (size_t i = 0; i < q.size(); ++i)
      |                        ~~^~~~~~~~~~
/usr/share/verilator/include/verilated_funcs.h: In function »WDataOutP VL_PACK_W_RI(int, int, WDataOutP, const VlQueue<unsigned int>&)«:
/usr/share/verilator/include/verilated_funcs.h:2317:26: warning: Vergleich von Ganzzahlausdrücken, von denen nur einer ein Vorzeichen hat: »size_t« {aka »long unsigned int«} und »int« [-Wsign-compare]
 2317 |     for (size_t i = 0; i < q.size(); ++i)
      |                        ~~^~~~~~~~~~
/usr/share/verilator/include/verilated_funcs.h: In function »WDataOutP VL_PACK_W_RQ(int, int, WDataOutP, const VlQueue<long unsigned int>&)«:
/usr/share/verilator/include/verilated_funcs.h:2354:26: warning: Vergleich von Ganzzahlausdrücken, von denen nur einer ein Vorzeichen hat: »size_t« {aka »long unsigned int«} und »int« [-Wsign-compare]
 2354 |     for (size_t i = 0; i < q.size(); ++i)
      |                        ~~^~~~~~~~~~
/usr/share/verilator/include/verilated_funcs.h: In function »void VL_UNPACK_RI_W(int, int, VlQueue<unsigned char>&, WDataInP)«:
/usr/share/verilator/include/verilated_funcs.h:3115:26: warning: Vergleich von Ganzzahlausdrücken, von denen nur einer ein Vorzeichen hat: »size_t« {aka »long unsigned int«} und »const int« [-Wsign-compare]
 3115 |     for (size_t i = 0; i < size; ++i) {
      |                        ~~^~~~~~
/usr/share/verilator/include/verilated_funcs.h: In function »void VL_UNPACK_RI_W(int, int, VlQueue<short unsigned int>&, WDataInP)«:
/usr/share/verilator/include/verilated_funcs.h:3128:26: warning: Vergleich von Ganzzahlausdrücken, von denen nur einer ein Vorzeichen hat: »size_t« {aka »long unsigned int«} und »const int« [-Wsign-compare]
 3128 |     for (size_t i = 0; i < size; ++i) {
      |                        ~~^~~~~~
/usr/share/verilator/include/verilated_funcs.h: In function »void VL_UNPACK_RI_W(int, int, VlQueue<unsigned int>&, WDataInP)«:
/usr/share/verilator/include/verilated_funcs.h:3141:26: warning: Vergleich von Ganzzahlausdrücken, von denen nur einer ein Vorzeichen hat: »size_t« {aka »long unsigned int«} und »const int« [-Wsign-compare]
 3141 |     for (size_t i = 0; i < size; ++i) {
      |                        ~~^~~~~~
/usr/share/verilator/include/verilated_funcs.h: In function »void VL_UNPACK_RQ_W(int, int, VlQueue<long unsigned int>&, WDataInP)«:
/usr/share/verilator/include/verilated_funcs.h:3154:26: warning: Vergleich von Ganzzahlausdrücken, von denen nur einer ein Vorzeichen hat: »size_t« {aka »long unsigned int«} und »const int« [-Wsign-compare]
 3154 |     for (size_t i = 0; i < size; ++i) {
      |                        ~~^~~~~~
sim_main.cpp: Im globalen Gültigkeitsbereich:
sim_main.cpp:81:27: error: statische Assertion fehlgeschlagen: SRP VID fixture must differ from product default 2 in the 16-bit wire value
   81 | static_assert(SRP_DEF_VID != 2,
      |               ~~~~~~~~~~~~^~~~
  • der Vergleich wird zu »(2 != 2)« reduziert
sim_main.cpp:83:39: error: statische Assertion fehlgeschlagen: SRP VID fixture must differ from product default 2 in the 12-bit class-D value
   83 | static_assert((SRP_DEF_VID & 0x0FFFu) != 2,
      |               ~~~~~~~~~~~~~~~~~~~~~~~~^~~~
  • der Vergleich wird zu »(2 != 2)« reduziert
In file included from /usr/share/verilator/include/verilated.h:43:
/usr/share/verilator/include/verilated_types.h: In instantiation of »const T_Value& VlQueue<T_Value, N_MaxSize>::at(int32_t) const [with T_Value = unsigned char; long unsigned int N_MaxSize = 0; int32_t = int]«:
/usr/share/verilator/include/verilated_funcs.h:2160:39:   required from here
 2160 |         ret |= static_cast<IData>(q.at(q.size() - 1 - i)) << (i * lbits);
      |                                   ~~~~^~~~~~~~~~~~~~~~~~
/usr/share/verilator/include/verilated_types.h:740:44: warning: Vergleich von Ganzzahlausdrücken, von denen nur einer ein Vorzeichen hat: »int32_t« {aka »int«} und »std::deque<unsigned char, std::allocator<unsigned char> >::size_type« {aka »long unsigned int«} [-Wsign-compare]
  740 |         if (VL_UNLIKELY(index < 0 || index >= m_deque.size())) return atDefault();
      |                                      ~~~~~~^~~~~~~~~~~~~~~~~
/usr/share/verilator/include/verilatedos.h:67:45: note: in definition of macro »VL_UNLIKELY«
   67 | # define VL_UNLIKELY(x) __builtin_expect(!!(x), 0)  // Prefer over C++20 [[unlikely]]
      |                                             ^
/usr/share/verilator/include/verilated_types.h: In instantiation of »const T_Value& VlQueue<T_Value, N_MaxSize>::at(int32_t) const [with T_Value = short unsigned int; long unsigned int N_MaxSize = 0; int32_t = int]«:
/usr/share/verilator/include/verilated_funcs.h:2167:39:   required from here
 2167 |         ret |= static_cast<IData>(q.at(q.size() - 1 - i)) << (i * lbits);
      |                                   ~~~~^~~~~~~~~~~~~~~~~~
/usr/share/verilator/include/verilated_types.h:740:44: warning: Vergleich von Ganzzahlausdrücken, von denen nur einer ein Vorzeichen hat: »int32_t« {aka »int«} und »std::deque<short unsigned int, std::allocator<short unsigned int> >::size_type« {aka »long unsigned int«} [-Wsign-compare]
  740 |         if (VL_UNLIKELY(index < 0 || index >= m_deque.size())) return atDefault();
      |                                      ~~~~~~^~~~~~~~~~~~~~~~~
/usr/share/verilator/include/verilatedos.h:67:45: note: in definition of macro »VL_UNLIKELY«
   67 | # define VL_UNLIKELY(x) __builtin_expect(!!(x), 0)  // Prefer over C++20 [[unlikely]]
      |                                             ^
/usr/share/verilator/include/verilated_types.h: In instantiation of »const T_Value& VlQueue<T_Value, N_MaxSize>::at(int32_t) const [with T_Value = unsigned int; long unsigned int N_MaxSize = 0; int32_t = int]«:
/usr/share/verilator/include/verilated_funcs.h:2173:54:   required from here
 2173 |     for (size_t i = 0; i < q.size(); ++i) ret |= q.at(q.size() - 1 - i) << (i * lbits);
      |                                                  ~~~~^~~~~~~~~~~~~~~~~~
/usr/share/verilator/include/verilated_types.h:740:44: warning: Vergleich von Ganzzahlausdrücken, von denen nur einer ein Vorzeichen hat: »int32_t« {aka »int«} und »std::deque<unsigned int, std::allocator<unsigned int> >::size_type« {aka »long unsigned int«} [-Wsign-compare]
  740 |         if (VL_UNLIKELY(index < 0 || index >= m_deque.size())) return atDefault();
      |                                      ~~~~~~^~~~~~~~~~~~~~~~~
/usr/share/verilator/include/verilatedos.h:67:45: note: in definition of macro »VL_UNLIKELY«
   67 | # define VL_UNLIKELY(x) __builtin_expect(!!(x), 0)  // Prefer over C++20 [[unlikely]]
      |                                             ^
/usr/share/verilator/include/verilated_types.h: In instantiation of »const T_Value& VlQueue<T_Value, N_MaxSize>::at(int32_t) const [with T_Value = long unsigned int; long unsigned int N_MaxSize = 0; int32_t = int]«:
/usr/share/verilator/include/verilated_funcs.h:2269:54:   required from here
 2269 |     for (size_t i = 0; i < q.size(); ++i) ret |= q.at(q.size() - 1 - i) << (i * lbits);
      |                                                  ~~~~^~~~~~~~~~~~~~~~~~
/usr/share/verilator/include/verilated_types.h:740:44: warning: Vergleich von Ganzzahlausdrücken, von denen nur einer ein Vorzeichen hat: »int32_t« {aka »int«} und »std::deque<long unsigned int, std::allocator<long unsigned int> >::size_type« {aka »long unsigned int«} [-Wsign-compare]
  740 |         if (VL_UNLIKELY(index < 0 || index >= m_deque.size())) return atDefault();
      |                                      ~~~~~~^~~~~~~~~~~~~~~~~
/usr/share/verilator/include/verilatedos.h:67:45: note: in definition of macro »VL_UNLIKELY«
   67 | # define VL_UNLIKELY(x) __builtin_expect(!!(x), 0)  // Prefer over C++20 [[unlikely]]
      |                                             ^
/usr/share/verilator/include/verilated_types.h: In instantiation of »T_Value& VlQueue<T_Value, N_MaxSize>::atWrite(int32_t) [with T_Value = unsigned char; long unsigned int N_MaxSize = 0; int32_t = int]«:
/usr/share/verilator/include/verilated_funcs.h:3066:48:   required from here
 3066 |     for (size_t i = 0; i < size; ++i) q.atWrite(size - 1 - i) = (from >> (i * lbits)) & mask;
      |                                       ~~~~~~~~~^~~~~~~~~~~~~~
/usr/share/verilator/include/verilated_types.h:720:44: warning: Vergleich von Ganzzahlausdrücken, von denen nur einer ein Vorzeichen hat: »int32_t« {aka »int«} und »std::deque<unsigned char, std::allocator<unsigned char> >::size_type« {aka »long unsigned int«} [-Wsign-compare]
  720 |         if (VL_UNLIKELY(index < 0 || index >= m_deque.size())) {
      |                                      ~~~~~~^~~~~~~~~~~~~~~~~
/usr/share/verilator/include/verilatedos.h:67:45: note: in definition of macro »VL_UNLIKELY«
   67 | # define VL_UNLIKELY(x) __builtin_expect(!!(x), 0)  // Prefer over C++20 [[unlikely]]
      |                                             ^
/usr/share/verilator/include/verilated_types.h: In instantiation of »T_Value& VlQueue<T_Value, N_MaxSize>::atWrite(int32_t) [with T_Value = short unsigned int; long unsigned int N_MaxSize = 0; int32_t = int]«:
/usr/share/verilator/include/verilated_funcs.h:3073:48:   required from here
 3073 |     for (size_t i = 0; i < size; ++i) q.atWrite(size - 1 - i) = (from >> (i * lbits)) & mask;
      |                                       ~~~~~~~~~^~~~~~~~~~~~~~
/usr/share/verilator/include/verilated_types.h:720:44: warning: Vergleich von Ganzzahlausdrücken, von denen nur einer ein Vorzeichen hat: »int32_t« {aka »int«} und »std::deque<short unsigned int, std::allocator<short unsigned int> >::size_type« {aka »long unsigned int«} [-Wsign-compare]
  720 |         if (VL_UNLIKELY(index < 0 || index >= m_deque.size())) {
      |                                      ~~~~~~^~~~~~~~~~~~~~~~~
/usr/share/verilator/include/verilatedos.h:67:45: note: in definition of macro »VL_UNLIKELY«
   67 | # define VL_UNLIKELY(x) __builtin_expect(!!(x), 0)  // Prefer over C++20 [[unlikely]]
      |                                             ^
/usr/share/verilator/include/verilated_types.h: In instantiation of »T_Value& VlQueue<T_Value, N_MaxSize>::atWrite(int32_t) [with T_Value = unsigned int; long unsigned int N_MaxSize = 0; int32_t = int]«:
/usr/share/verilator/include/verilated_funcs.h:3080:48:   required from here
 3080 |     for (size_t i = 0; i < size; ++i) q.atWrite(size - 1 - i) = (from >> (i * lbits)) & mask;
      |                                       ~~~~~~~~~^~~~~~~~~~~~~~
/usr/share/verilator/include/verilated_types.h:720:44: warning: Vergleich von Ganzzahlausdrücken, von denen nur einer ein Vorzeichen hat: »int32_t« {aka »int«} und »std::deque<unsigned int, std::allocator<unsigned int> >::size_type« {aka »long unsigned int«} [-Wsign-compare]
  720 |         if (VL_UNLIKELY(index < 0 || index >= m_deque.size())) {
      |                                      ~~~~~~^~~~~~~~~~~~~~~~~
/usr/share/verilator/include/verilatedos.h:67:45: note: in definition of macro »VL_UNLIKELY«
   67 | # define VL_UNLIKELY(x) __builtin_expect(!!(x), 0)  // Prefer over C++20 [[unlikely]]
      |                                             ^
/usr/share/verilator/include/verilated_types.h: In instantiation of »T_Value& VlQueue<T_Value, N_MaxSize>::atWrite(int32_t) [with T_Value = long unsigned int; long unsigned int N_MaxSize = 0; int32_t = int]«:
/usr/share/verilator/include/verilated_funcs.h:3108:48:   required from here
 3108 |     for (size_t i = 0; i < size; ++i) q.atWrite(size - 1 - i) = (from >> (i * lbits)) & mask;
      |                                       ~~~~~~~~~^~~~~~~~~~~~~~
/usr/share/verilator/include/verilated_types.h:720:44: warning: Vergleich von Ganzzahlausdrücken, von denen nur einer ein Vorzeichen hat: »int32_t« {aka »int«} und »std::deque<long unsigned int, std::allocator<long unsigned int> >::size_type« {aka »long unsigned int«} [-Wsign-compare]
  720 |         if (VL_UNLIKELY(index < 0 || index >= m_deque.size())) {
      |                                      ~~~~~~^~~~~~~~~~~~~~~~~
/usr/share/verilator/include/verilatedos.h:67:45: note: in definition of macro »VL_UNLIKELY«
   67 | # define VL_UNLIKELY(x) __builtin_expect(!!(x), 0)  // Prefer over C++20 [[unlikely]]
      |                                             ^

make: *** [Makefile:68: fixture-guards] Fehler 1
