2026-09-22T05:14:49.8054591Z Current runner version: '2.337.0'
2026-09-22T05:14:49.8071499Z ##[group]Runner Image Provisioner
2026-09-22T05:14:49.8072165Z Hosted Compute Agent
2026-09-22T05:14:49.8072568Z Version: 20260828.587
2026-09-22T05:14:49.8073020Z Commit: abac92662cab4cc7352de4f9f9d2e2419aad9c29
2026-09-22T05:14:49.8073551Z Build Date: 2026-08-28T16:44:25Z
2026-09-22T05:14:49.8074234Z Worker ID: {7414518e-7896-4035-b6c7-509f8c216c53}
2026-09-22T05:14:49.8074740Z Azure Region: centralus
2026-09-22T05:14:49.8075138Z ##[endgroup]
2026-09-22T05:14:49.8076270Z ##[group]Operating System
2026-09-22T05:14:49.8076723Z Ubuntu
2026-09-22T05:14:49.8077123Z 24.04.5
2026-09-22T05:14:49.8077483Z LTS
2026-09-22T05:14:49.8077836Z ##[endgroup]
2026-09-22T05:14:49.8078199Z ##[group]Runner Image
2026-09-22T05:14:49.8078685Z Image: ubuntu-24.04
2026-09-22T05:14:49.8079076Z Version: 20260907.300.1
2026-09-22T05:14:49.8079998Z Included Software: https://github.com/actions/runner-images/blob/ubuntu24/20260907.300/images/ubuntu/Ubuntu2404-Readme.md
2026-09-22T05:14:49.8081025Z Image Release: https://github.com/actions/runner-images/releases/tag/ubuntu24%2F20260907.300
2026-09-22T05:14:49.8081711Z ##[endgroup]
2026-09-22T05:14:49.8082525Z ##[group]GITHUB_TOKEN Permissions
2026-09-22T05:14:49.8084512Z Contents: read
2026-09-22T05:14:49.8084916Z Metadata: read
2026-09-22T05:14:49.8085625Z Packages: read
2026-09-22T05:14:49.8086012Z ##[endgroup]
2026-09-22T05:14:49.8087501Z Secret source: Actions
2026-09-22T05:14:49.8088205Z Cache mode: write
2026-09-22T05:14:49.8088824Z Prepare workflow directory
2026-09-22T05:14:49.8365533Z Prepare all required actions
2026-09-22T05:14:49.8400648Z Getting action download info
2026-09-22T05:14:50.0727069Z Download action repository 'actions/checkout@v4' (SHA:11d5960a326750d5838078e36cf38b85af677262)
2026-09-22T05:14:50.6362294Z Complete job name: docs-gates
2026-09-22T05:14:50.6902405Z Node 20 is being deprecated. This workflow is running with Node 24 by default. If you need to temporarily use Node 20, you can set the ACTIONS_ALLOW_USE_UNSECURE_NODE_VERSION=true environment variable. For more information see: https://github.blog/changelog/2025-09-19-deprecation-of-node-20-on-github-actions-runners/
2026-09-22T05:14:50.6908891Z ##[group]Run actions/checkout@v4
2026-09-22T05:14:50.6909480Z with:
2026-09-22T05:14:50.6909977Z   repository: Mister-M-alt/protocol-processor-control-plane-avb-milan
2026-09-22T05:14:50.6914130Z   token: ***
2026-09-22T05:14:50.6914631Z   ssh-strict: true
2026-09-22T05:14:50.6915102Z   ssh-user: git
2026-09-22T05:14:50.6915642Z   persist-credentials: true
2026-09-22T05:14:50.6916143Z   clean: true
2026-09-22T05:14:50.6916625Z   sparse-checkout-cone-mode: true
2026-09-22T05:14:50.6917052Z   fetch-depth: 1
2026-09-22T05:14:50.6917420Z   fetch-tags: false
2026-09-22T05:14:50.6917840Z   show-progress: true
2026-09-22T05:14:50.6918375Z   lfs: false
2026-09-22T05:14:50.6918727Z   submodules: false
2026-09-22T05:14:50.6919111Z   set-safe-directory: true
2026-09-22T05:14:50.6919544Z   allow-unsafe-pr-checkout: false
2026-09-22T05:14:50.6920664Z env:
2026-09-22T05:14:50.6921052Z   VERILATOR_VERSION: v5.050
2026-09-22T05:14:50.6921464Z ##[endgroup]
2026-09-22T05:14:50.7703146Z Syncing repository: Mister-M-alt/protocol-processor-control-plane-avb-milan
2026-09-22T05:14:50.7705860Z ##[group]Getting Git version info
2026-09-22T05:14:50.7707132Z Working directory is '/home/runner/work/protocol-processor-control-plane-avb-milan/protocol-processor-control-plane-avb-milan'
2026-09-22T05:14:50.7708872Z [command]/usr/bin/git version
2026-09-22T05:14:50.9240232Z git version 2.55.0
2026-09-22T05:14:50.9256974Z ##[endgroup]
2026-09-22T05:14:50.9269585Z Temporarily overriding HOME='/home/runner/work/_temp/974122e7-ed8d-4d55-b920-28906dd001d2' before making global git config changes
2026-09-22T05:14:50.9271001Z Adding repository directory to the temporary git global config as a safe directory
2026-09-22T05:14:50.9274980Z [command]/usr/bin/git config --global --add safe.directory /home/runner/work/protocol-processor-control-plane-avb-milan/protocol-processor-control-plane-avb-milan
2026-09-22T05:14:50.9321354Z Deleting the contents of '/home/runner/work/protocol-processor-control-plane-avb-milan/protocol-processor-control-plane-avb-milan'
2026-09-22T05:14:50.9324603Z ##[group]Initializing the repository
2026-09-22T05:14:50.9328521Z [command]/usr/bin/git init /home/runner/work/protocol-processor-control-plane-avb-milan/protocol-processor-control-plane-avb-milan
2026-09-22T05:14:51.2008152Z hint: Using 'master' as the name for the initial branch. This default branch name
2026-09-22T05:14:51.2009901Z hint: will change to "main" in Git 3.0. To configure the initial branch name
2026-09-22T05:14:51.2011357Z hint: to use in all of your new repositories, which will suppress this warning,
2026-09-22T05:14:51.2012506Z hint: call:
2026-09-22T05:14:51.2012949Z hint:
2026-09-22T05:14:51.2013537Z hint: 	git config --global init.defaultBranch <name>
2026-09-22T05:14:51.2014423Z hint:
2026-09-22T05:14:51.2015062Z hint: Names commonly chosen instead of 'master' are 'main', 'trunk' and
2026-09-22T05:14:51.2015945Z hint: 'development'. The just-created branch can be renamed via this command:
2026-09-22T05:14:51.2016661Z hint:
2026-09-22T05:14:51.2017074Z hint: 	git branch -m <name>
2026-09-22T05:14:51.2017547Z hint:
2026-09-22T05:14:51.2018124Z hint: Disable this message with "git config set advice.defaultBranchName false"
2026-09-22T05:14:51.2019612Z Initialized empty Git repository in /home/runner/work/protocol-processor-control-plane-avb-milan/protocol-processor-control-plane-avb-milan/.git/
2026-09-22T05:14:51.2022426Z [command]/usr/bin/git remote add origin https://github.com/Mister-M-alt/protocol-processor-control-plane-avb-milan
2026-09-22T05:14:51.2058483Z ##[endgroup]
2026-09-22T05:14:51.2059349Z ##[group]Disabling automatic garbage collection
2026-09-22T05:14:51.2060754Z [command]/usr/bin/git config --local gc.auto 0
2026-09-22T05:14:51.2083234Z ##[endgroup]
2026-09-22T05:14:51.2084660Z ##[group]Setting up auth
2026-09-22T05:14:51.2089054Z [command]/usr/bin/git config --local --name-only --get-regexp core\.sshCommand
2026-09-22T05:14:51.2112792Z [command]/usr/bin/git submodule foreach --recursive sh -c "git config --local --name-only --get-regexp 'core\.sshCommand' && git config --local --unset-all 'core.sshCommand' || :"
2026-09-22T05:14:51.7481290Z [command]/usr/bin/git config --local --name-only --get-regexp http\.https\:\/\/github\.com\/\.extraheader
2026-09-22T05:14:51.7506638Z [command]/usr/bin/git submodule foreach --recursive sh -c "git config --local --name-only --get-regexp 'http\.https\:\/\/github\.com\/\.extraheader' && git config --local --unset-all 'http.https://github.com/.extraheader' || :"
2026-09-22T05:14:51.7660207Z [command]/usr/bin/git config --local --name-only --get-regexp ^includeIf\.gitdir:
2026-09-22T05:14:51.7685871Z [command]/usr/bin/git submodule foreach --recursive git config --local --show-origin --name-only --get-regexp remote.origin.url
2026-09-22T05:14:51.7835620Z [command]/usr/bin/git config --local http.https://github.com/.extraheader AUTHORIZATION: basic ***
2026-09-22T05:14:51.7860368Z ##[endgroup]
2026-09-22T05:14:51.7861795Z ##[group]Fetching the repository
2026-09-22T05:14:51.7868588Z [command]/usr/bin/git -c protocol.version=2 fetch --no-tags --prune --no-recurse-submodules --depth=1 origin +ea93023fbdd31cbf718da0d8f1aab4d750bfd21a:refs/remotes/origin/95-expose-default-sr-vid
2026-09-22T05:14:53.4688779Z From https://github.com/Mister-M-alt/protocol-processor-control-plane-avb-milan
2026-09-22T05:14:53.4689866Z  * [new ref]         ea93023fbdd31cbf718da0d8f1aab4d750bfd21a -> origin/95-expose-default-sr-vid
2026-09-22T05:14:53.4692174Z ##[endgroup]
2026-09-22T05:14:53.4693070Z ##[group]Determining the checkout info
2026-09-22T05:14:53.4695914Z ##[endgroup]
2026-09-22T05:14:53.4701510Z [command]/usr/bin/git sparse-checkout disable
2026-09-22T05:14:53.4742039Z [command]/usr/bin/git config --local --unset-all extensions.worktreeConfig
2026-09-22T05:14:53.4765098Z ##[group]Checking out the ref
2026-09-22T05:14:53.4775358Z [command]/usr/bin/git checkout --progress --force -B 95-expose-default-sr-vid refs/remotes/origin/95-expose-default-sr-vid
2026-09-22T05:14:53.5166244Z Switched to a new branch '95-expose-default-sr-vid'
2026-09-22T05:14:53.5172696Z branch '95-expose-default-sr-vid' set up to track 'origin/95-expose-default-sr-vid'.
2026-09-22T05:14:53.5176157Z ##[endgroup]
2026-09-22T05:14:53.5209751Z [command]/usr/bin/git log -1 --format=%H
2026-09-22T05:14:53.5227513Z ea93023fbdd31cbf718da0d8f1aab4d750bfd21a
2026-09-22T05:14:53.5386617Z ##[group]Run python3 -m pip install wavedrom
2026-09-22T05:14:53.5387181Z [36;1mpython3 -m pip install wavedrom[0m
2026-09-22T05:14:53.5387519Z [36;1mpython3 scripts/check-links.py[0m
2026-09-22T05:14:53.5387818Z [36;1mpython3 scripts/check-matrix.py[0m
2026-09-22T05:14:53.5388112Z [36;1mpython3 scripts/render-wavedrom.py --check[0m
2026-09-22T05:14:53.5388454Z [36;1mmake stale[0m
2026-09-22T05:14:53.5413105Z shell: /usr/bin/bash -e {0}
2026-09-22T05:14:53.5413415Z env:
2026-09-22T05:14:53.5413786Z   VERILATOR_VERSION: v5.050
2026-09-22T05:14:53.5414396Z ##[endgroup]
2026-09-22T05:14:55.4567171Z Defaulting to user installation because normal site-packages is not writeable
2026-09-22T05:14:57.0048216Z Collecting wavedrom
2026-09-22T05:14:57.0719407Z   Downloading wavedrom-2.0.3.post3.tar.gz (137 kB)
2026-09-22T05:14:57.1197933Z      ━━━━━━━━━━━━━━━━━━━━━━━━━━━━━━━━━━━━━━━ 137.7/137.7 kB 2.9 MB/s eta 0:00:00
2026-09-22T05:14:57.1364575Z   Preparing metadata (setup.py): started
2026-09-22T05:15:02.3212305Z   Preparing metadata (setup.py): finished with status 'done'
2026-09-22T05:15:02.3428228Z Requirement already satisfied: pyyaml in /usr/lib/python3/dist-packages (from wavedrom) (6.0.1)
2026-09-22T05:15:02.3432470Z Requirement already satisfied: six in /usr/lib/python3/dist-packages (from wavedrom) (1.16.0)
2026-09-22T05:15:02.3731809Z Collecting svgwrite (from wavedrom)
2026-09-22T05:15:02.3889498Z   Downloading svgwrite-1.4.3-py3-none-any.whl.metadata (8.8 kB)
2026-09-22T05:15:02.4367668Z Downloading svgwrite-1.4.3-py3-none-any.whl (67 kB)
2026-09-22T05:15:02.4467753Z    ━━━━━━━━━━━━━━━━━━━━━━━━━━━━━━━━━━━━━━━━ 67.1/67.1 kB 7.0 MB/s eta 0:00:00
2026-09-22T05:15:02.4493549Z Building wheels for collected packages: wavedrom
2026-09-22T05:15:02.4497065Z   Building wheel for wavedrom (setup.py): started
2026-09-22T05:15:03.2640713Z   Building wheel for wavedrom (setup.py): finished with status 'done'
2026-09-22T05:15:03.2644415Z   Created wheel for wavedrom: filename=wavedrom-2.0.3.post3-py2.py3-none-any.whl size=30056 sha256=5feb31e2ebdb2372587c89b860cb0b7179f1d7db4aa10cca6055d009397d5687
2026-09-22T05:15:03.2645787Z   Stored in directory: /home/runner/.cache/pip/wheels/dd/97/87/67fda20d5b17da917e87e94dcdc39acd2195796f42511e42fe
2026-09-22T05:15:03.2664019Z Successfully built wavedrom
2026-09-22T05:15:03.5598157Z Installing collected packages: svgwrite, wavedrom
2026-09-22T05:15:03.8824808Z Successfully installed svgwrite-1.4.3 wavedrom-2.0.3.post3
2026-09-22T05:15:04.0031046Z links: 807 checked, OK
2026-09-22T05:15:04.0232094Z matrix: 115 REQ rows, 17 GAP findings, OK
2026-09-22T05:15:04.3410626Z wavedrom: 18 blocks checked, OK
2026-09-22T05:15:04.4048368Z Node 20 is being deprecated. This workflow is running with Node 24 by default. If you need to temporarily use Node 20, you can set the ACTIONS_ALLOW_USE_UNSECURE_NODE_VERSION=true environment variable. For more information see: https://github.blog/changelog/2025-09-19-deprecation-of-node-20-on-github-actions-runners/
2026-09-22T05:15:04.4049672Z Post job cleanup.
2026-09-22T05:15:04.4660242Z [command]/usr/bin/git version
2026-09-22T05:15:04.4688067Z git version 2.55.0
2026-09-22T05:15:04.4712395Z Temporarily overriding HOME='/home/runner/work/_temp/51af077e-ed93-4fdd-a25a-5509d4843673' before making global git config changes
2026-09-22T05:15:04.4713255Z Adding repository directory to the temporary git global config as a safe directory
2026-09-22T05:15:04.4716966Z [command]/usr/bin/git config --global --add safe.directory /home/runner/work/protocol-processor-control-plane-avb-milan/protocol-processor-control-plane-avb-milan
2026-09-22T05:15:04.4744098Z [command]/usr/bin/git config --local --name-only --get-regexp core\.sshCommand
2026-09-22T05:15:04.4767085Z [command]/usr/bin/git submodule foreach --recursive sh -c "git config --local --name-only --get-regexp 'core\.sshCommand' && git config --local --unset-all 'core.sshCommand' || :"
2026-09-22T05:15:04.4929096Z [command]/usr/bin/git config --local --name-only --get-regexp http\.https\:\/\/github\.com\/\.extraheader
2026-09-22T05:15:04.4947173Z http.https://github.com/.extraheader
2026-09-22T05:15:04.4955417Z [command]/usr/bin/git config --local --unset-all http.https://github.com/.extraheader
2026-09-22T05:15:04.4976525Z [command]/usr/bin/git submodule foreach --recursive sh -c "git config --local --name-only --get-regexp 'http\.https\:\/\/github\.com\/\.extraheader' && git config --local --unset-all 'http.https://github.com/.extraheader' || :"
2026-09-22T05:15:04.5135493Z [command]/usr/bin/git config --local --name-only --get-regexp ^includeIf\.gitdir:
2026-09-22T05:15:04.5170337Z [command]/usr/bin/git submodule foreach --recursive git config --local --show-origin --name-only --get-regexp remote.origin.url
2026-09-22T05:15:04.5423540Z Cleaning up orphan processes
2026-09-22T05:15:04.5638212Z ##[warning]Node.js 20 is deprecated. The following actions target Node.js 20 but are being forced to run on Node.js 24: actions/checkout@v4. For more information see: https://github.blog/changelog/2025-09-19-deprecation-of-node-20-on-github-actions-runners/
