2026-09-22T05:14:49.6722958Z Current runner version: '2.337.0'
2026-09-22T05:14:49.6747793Z ##[group]Runner Image Provisioner
2026-09-22T05:14:49.6748674Z Hosted Compute Agent
2026-09-22T05:14:49.6749245Z Version: 20260828.587
2026-09-22T05:14:49.6749837Z Commit: abac92662cab4cc7352de4f9f9d2e2419aad9c29
2026-09-22T05:14:49.6750962Z Build Date: 2026-08-28T16:44:25Z
2026-09-22T05:14:49.6751689Z Worker ID: {b3b410a8-2b58-45bd-bd75-801c6aeaf48f}
2026-09-22T05:14:49.6752541Z Azure Region: northcentralus
2026-09-22T05:14:49.6753317Z ##[endgroup]
2026-09-22T05:14:49.6754825Z ##[group]Operating System
2026-09-22T05:14:49.6755496Z Ubuntu
2026-09-22T05:14:49.6755990Z 24.04.5
2026-09-22T05:14:49.6756966Z LTS
2026-09-22T05:14:49.6757527Z ##[endgroup]
2026-09-22T05:14:49.6758048Z ##[group]Runner Image
2026-09-22T05:14:49.6758647Z Image: ubuntu-24.04
2026-09-22T05:14:49.6759209Z Version: 20260907.300.1
2026-09-22T05:14:49.6761046Z Included Software: https://github.com/actions/runner-images/blob/ubuntu24/20260907.300/images/ubuntu/Ubuntu2404-Readme.md
2026-09-22T05:14:49.6762529Z Image Release: https://github.com/actions/runner-images/releases/tag/ubuntu24%2F20260907.300
2026-09-22T05:14:49.6763489Z ##[endgroup]
2026-09-22T05:14:49.6764827Z ##[group]GITHUB_TOKEN Permissions
2026-09-22T05:14:49.6767532Z Contents: read
2026-09-22T05:14:49.6768085Z Metadata: read
2026-09-22T05:14:49.6768617Z Packages: read
2026-09-22T05:14:49.6769164Z ##[endgroup]
2026-09-22T05:14:49.6771847Z Secret source: Actions
2026-09-22T05:14:49.6772765Z Cache mode: write
2026-09-22T05:14:49.6773650Z Prepare workflow directory
2026-09-22T05:14:49.7143931Z Prepare all required actions
2026-09-22T05:14:49.7192116Z Getting action download info
2026-09-22T05:14:49.9226230Z Download action repository 'actions/checkout@v4' (SHA:11d5960a326750d5838078e36cf38b85af677262)
2026-09-22T05:14:50.0583203Z Download action repository 'actions/cache@v4' (SHA:0057852bfaa89a56745cba8c7296529d2fc39830)
2026-09-22T05:14:50.3181579Z Complete job name: suites
2026-09-22T05:14:50.3923130Z Node 20 is being deprecated. This workflow is running with Node 24 by default. If you need to temporarily use Node 20, you can set the ACTIONS_ALLOW_USE_UNSECURE_NODE_VERSION=true environment variable. For more information see: https://github.blog/changelog/2025-09-19-deprecation-of-node-20-on-github-actions-runners/
2026-09-22T05:14:50.3935997Z ##[group]Run actions/checkout@v4
2026-09-22T05:14:50.3937108Z with:
2026-09-22T05:14:50.3937781Z   fetch-depth: 0
2026-09-22T05:14:50.3939298Z   repository: Mister-M-alt/protocol-processor-control-plane-avb-milan
2026-09-22T05:14:50.3945920Z   token: ***
2026-09-22T05:14:50.3946586Z   ssh-strict: true
2026-09-22T05:14:50.3947350Z   ssh-user: git
2026-09-22T05:14:50.3948043Z   persist-credentials: true
2026-09-22T05:14:50.3948725Z   clean: true
2026-09-22T05:14:50.3949235Z   sparse-checkout-cone-mode: true
2026-09-22T05:14:50.3949935Z   fetch-tags: false
2026-09-22T05:14:50.3950881Z   show-progress: true
2026-09-22T05:14:50.3951564Z   lfs: false
2026-09-22T05:14:50.3952034Z   submodules: false
2026-09-22T05:14:50.3952557Z   set-safe-directory: true
2026-09-22T05:14:50.3953100Z   allow-unsafe-pr-checkout: false
2026-09-22T05:14:50.3954169Z env:
2026-09-22T05:14:50.3954696Z   VERILATOR_VERSION: v5.050
2026-09-22T05:14:50.3955257Z ##[endgroup]
2026-09-22T05:14:50.4971865Z Syncing repository: Mister-M-alt/protocol-processor-control-plane-avb-milan
2026-09-22T05:14:50.4973976Z ##[group]Getting Git version info
2026-09-22T05:14:50.4975127Z Working directory is '/home/runner/work/protocol-processor-control-plane-avb-milan/protocol-processor-control-plane-avb-milan'
2026-09-22T05:14:50.4976611Z [command]/usr/bin/git version
2026-09-22T05:14:50.5031161Z git version 2.55.0
2026-09-22T05:14:50.5050933Z ##[endgroup]
2026-09-22T05:14:50.5066243Z Temporarily overriding HOME='/home/runner/work/_temp/d2115e26-d130-4d1f-a8d3-b8d3cdcf5f2f' before making global git config changes
2026-09-22T05:14:50.5068457Z Adding repository directory to the temporary git global config as a safe directory
2026-09-22T05:14:50.5071821Z [command]/usr/bin/git config --global --add safe.directory /home/runner/work/protocol-processor-control-plane-avb-milan/protocol-processor-control-plane-avb-milan
2026-09-22T05:14:50.5139555Z Deleting the contents of '/home/runner/work/protocol-processor-control-plane-avb-milan/protocol-processor-control-plane-avb-milan'
2026-09-22T05:14:50.5142277Z ##[group]Initializing the repository
2026-09-22T05:14:50.5147798Z [command]/usr/bin/git init /home/runner/work/protocol-processor-control-plane-avb-milan/protocol-processor-control-plane-avb-milan
2026-09-22T05:14:50.5240599Z hint: Using 'master' as the name for the initial branch. This default branch name
2026-09-22T05:14:50.5242565Z hint: will change to "main" in Git 3.0. To configure the initial branch name
2026-09-22T05:14:50.5244245Z hint: to use in all of your new repositories, which will suppress this warning,
2026-09-22T05:14:50.5245353Z hint: call:
2026-09-22T05:14:50.5246024Z hint:
2026-09-22T05:14:50.5246884Z hint: 	git config --global init.defaultBranch <name>
2026-09-22T05:14:50.5248173Z hint:
2026-09-22T05:14:50.5249276Z hint: Names commonly chosen instead of 'master' are 'main', 'trunk' and
2026-09-22T05:14:50.5250814Z hint: 'development'. The just-created branch can be renamed via this command:
2026-09-22T05:14:50.5251914Z hint:
2026-09-22T05:14:50.5252663Z hint: 	git branch -m <name>
2026-09-22T05:14:50.5253392Z hint:
2026-09-22T05:14:50.5254180Z hint: Disable this message with "git config set advice.defaultBranchName false"
2026-09-22T05:14:50.5255860Z Initialized empty Git repository in /home/runner/work/protocol-processor-control-plane-avb-milan/protocol-processor-control-plane-avb-milan/.git/
2026-09-22T05:14:50.5259512Z [command]/usr/bin/git remote add origin https://github.com/Mister-M-alt/protocol-processor-control-plane-avb-milan
2026-09-22T05:14:50.5301203Z ##[endgroup]
2026-09-22T05:14:50.5302823Z ##[group]Disabling automatic garbage collection
2026-09-22T05:14:50.5304511Z [command]/usr/bin/git config --local gc.auto 0
2026-09-22T05:14:50.5333700Z ##[endgroup]
2026-09-22T05:14:50.5335179Z ##[group]Setting up auth
2026-09-22T05:14:50.5339658Z [command]/usr/bin/git config --local --name-only --get-regexp core\.sshCommand
2026-09-22T05:14:50.5369974Z [command]/usr/bin/git submodule foreach --recursive sh -c "git config --local --name-only --get-regexp 'core\.sshCommand' && git config --local --unset-all 'core.sshCommand' || :"
2026-09-22T05:14:50.5718142Z [command]/usr/bin/git config --local --name-only --get-regexp http\.https\:\/\/github\.com\/\.extraheader
2026-09-22T05:14:50.5755167Z [command]/usr/bin/git submodule foreach --recursive sh -c "git config --local --name-only --get-regexp 'http\.https\:\/\/github\.com\/\.extraheader' && git config --local --unset-all 'http.https://github.com/.extraheader' || :"
2026-09-22T05:14:50.5953025Z [command]/usr/bin/git config --local --name-only --get-regexp ^includeIf\.gitdir:
2026-09-22T05:14:50.5985088Z [command]/usr/bin/git submodule foreach --recursive git config --local --show-origin --name-only --get-regexp remote.origin.url
2026-09-22T05:14:50.6175135Z [command]/usr/bin/git config --local http.https://github.com/.extraheader AUTHORIZATION: basic ***
2026-09-22T05:14:50.6209283Z ##[endgroup]
2026-09-22T05:14:50.6210619Z ##[group]Fetching the repository
2026-09-22T05:14:50.6218457Z [command]/usr/bin/git -c protocol.version=2 fetch --prune --no-recurse-submodules origin +refs/heads/*:refs/remotes/origin/* +refs/tags/*:refs/tags/*
2026-09-22T05:14:51.5616042Z From https://github.com/Mister-M-alt/protocol-processor-control-plane-avb-milan
2026-09-22T05:14:51.5618398Z  * [new branch]        121-notification-review-fixes -> origin/121-notification-review-fixes
2026-09-22T05:14:51.5620329Z  * [new branch]        14-asp-gm-identity      -> origin/14-asp-gm-identity
2026-09-22T05:14:51.5623058Z  * [new branch]        14-done_seen_r-latches-dev_done_i-in-states-with-no-outstanding-command -> origin/14-done_seen_r-latches-dev_done_i-in-states-with-no-outstanding-command
2026-09-22T05:14:51.5625744Z  * [new branch]        25-cover-every-module-and-stop-reparsing -> origin/25-cover-every-module-and-stop-reparsing
2026-09-22T05:14:51.5628264Z  * [new branch]        389-refusal-arms        -> origin/389-refusal-arms
2026-09-22T05:14:51.5629905Z  * [new branch]        389-set-clock-source-range-check -> origin/389-set-clock-source-range-check
2026-09-22T05:14:51.5631902Z  * [new branch]        46-lstn-reg-state-encoding -> origin/46-lstn-reg-state-encoding
2026-09-22T05:14:51.5633830Z  * [new branch]        51-sampling-rate-list-check -> origin/51-sampling-rate-list-check
2026-09-22T05:14:51.5635369Z  * [new branch]        66-aecp-get-set-name    -> origin/66-aecp-get-set-name
2026-09-22T05:14:51.5636969Z  * [new branch]        67-aecp-streaming-state-commands -> origin/67-aecp-streaming-state-commands
2026-09-22T05:14:51.5639552Z  * [new branch]        67-stream-format-and-info-setters -> origin/67-stream-format-and-info-setters
2026-09-22T05:14:51.5641700Z  * [new branch]        68-aecp-audio-mappings  -> origin/68-aecp-audio-mappings
2026-09-22T05:14:51.5643796Z  * [new branch]        69-aecp-unsolicited-notification-triggers -> origin/69-aecp-unsolicited-notification-triggers
2026-09-22T05:14:51.5646777Z  * [new branch]        71-get-dynamic-info     -> origin/71-get-dynamic-info
2026-09-22T05:14:51.5648462Z  * [new branch]        72-dyn-state-ab-getters -> origin/72-dyn-state-ab-getters
2026-09-22T05:14:51.5650004Z  * [new branch]        75-leaveall-cadence     -> origin/75-leaveall-cadence
2026-09-22T05:14:51.5652255Z  * [new branch]        78-start-stop-streaming -> origin/78-start-stop-streaming
2026-09-22T05:14:51.5654279Z  * [new branch]        78-started-state-in-acmp-record -> origin/78-started-state-in-acmp-record
2026-09-22T05:14:51.5657343Z  * [new branch]        78-started-state-single-source -> origin/78-started-state-single-source
2026-09-22T05:14:51.5660473Z  * [new branch]        83-vendor-unique-opcode-collision -> origin/83-vendor-unique-opcode-collision
2026-09-22T05:14:51.5662963Z  * [new branch]        90-nvm-exports          -> origin/90-nvm-exports
2026-09-22T05:14:51.5665024Z  * [new branch]        95-expose-default-sr-vid -> origin/95-expose-default-sr-vid
2026-09-22T05:14:51.5667604Z  * [new branch]        97-start-stop-commit-handshake -> origin/97-start-stop-commit-handshake
2026-09-22T05:14:51.5669668Z  * [new branch]        aecp-dyn-state-store    -> origin/aecp-dyn-state-store
2026-09-22T05:14:51.5672128Z  * [new branch]        aecp-identify-control   -> origin/aecp-identify-control
2026-09-22T05:14:51.5674165Z  * [new branch]        aecp-set-rate-and-clock-source -> origin/aecp-set-rate-and-clock-source
2026-09-22T05:14:51.5676333Z  * [new branch]        chore/cpp-core-guidelines-idiom -> origin/chore/cpp-core-guidelines-idiom
2026-09-22T05:14:51.5678270Z  * [new branch]        clksrc-store-tb-tap     -> origin/clksrc-store-tb-tap
2026-09-22T05:14:51.5680667Z  * [new branch]        issue-73-aecp-doc-authority -> origin/issue-73-aecp-doc-authority
2026-09-22T05:14:51.5682899Z  * [new branch]        issue-73-stream-output-counters -> origin/issue-73-stream-output-counters
2026-09-22T05:14:51.5684624Z  * [new branch]        main                    -> origin/main
2026-09-22T05:14:51.5685887Z  * [new tag]           v2.0                    -> v2.0
2026-09-22T05:14:51.5688876Z [command]/usr/bin/git branch --list --remote origin/95-expose-default-sr-vid
2026-09-22T05:14:51.5690672Z   origin/95-expose-default-sr-vid
2026-09-22T05:14:51.5693934Z [command]/usr/bin/git rev-parse refs/remotes/origin/95-expose-default-sr-vid
2026-09-22T05:14:51.5722047Z ea93023fbdd31cbf718da0d8f1aab4d750bfd21a
2026-09-22T05:14:51.5725915Z ##[endgroup]
2026-09-22T05:14:51.5727500Z ##[group]Determining the checkout info
2026-09-22T05:14:51.5729133Z ##[endgroup]
2026-09-22T05:14:51.5730372Z [command]/usr/bin/git sparse-checkout disable
2026-09-22T05:14:51.5761602Z [command]/usr/bin/git config --local --unset-all extensions.worktreeConfig
2026-09-22T05:14:51.5790858Z ##[group]Checking out the ref
2026-09-22T05:14:51.5794404Z [command]/usr/bin/git checkout --progress --force -B 95-expose-default-sr-vid refs/remotes/origin/95-expose-default-sr-vid
2026-09-22T05:14:51.6350937Z Switched to a new branch '95-expose-default-sr-vid'
2026-09-22T05:14:51.6353619Z branch '95-expose-default-sr-vid' set up to track 'origin/95-expose-default-sr-vid'.
2026-09-22T05:14:51.6362423Z ##[endgroup]
2026-09-22T05:14:51.6401095Z [command]/usr/bin/git log -1 --format=%H
2026-09-22T05:14:51.6424497Z ea93023fbdd31cbf718da0d8f1aab4d750bfd21a
2026-09-22T05:14:51.6761746Z Node 20 is being deprecated. This workflow is running with Node 24 by default. If you need to temporarily use Node 20, you can set the ACTIONS_ALLOW_USE_UNSECURE_NODE_VERSION=true environment variable. For more information see: https://github.blog/changelog/2025-09-19-deprecation-of-node-20-on-github-actions-runners/
2026-09-22T05:14:51.6767920Z ##[group]Run actions/cache@v4
2026-09-22T05:14:51.6769181Z with:
2026-09-22T05:14:51.6770309Z   path: ~/verilator
2026-09-22T05:14:51.6771518Z   key: verilator-v5.050-Linux
2026-09-22T05:14:51.6772869Z   enableCrossOsArchive: false
2026-09-22T05:14:51.6774343Z   fail-on-cache-miss: false
2026-09-22T05:14:51.6775653Z   lookup-only: false
2026-09-22T05:14:51.6776840Z   save-always: false
2026-09-22T05:14:51.6777995Z env:
2026-09-22T05:14:51.6779088Z   VERILATOR_VERSION: v5.050
2026-09-22T05:14:51.6780420Z ##[endgroup]
2026-09-22T05:14:51.7828944Z (node:2191) [DEP0040] DeprecationWarning: The `punycode` module is deprecated. Please use a userland alternative instead.
2026-09-22T05:14:51.7832929Z (Use `node --trace-deprecation ...` to show where the warning was created)
2026-09-22T05:14:51.8978650Z Cache hit for: verilator-v5.050-Linux
2026-09-22T05:14:51.9114767Z (node:2191) [DEP0169] DeprecationWarning: `url.parse()` behavior is not standardized and prone to errors that have security implications. Use the WHATWG URL API instead. CVEs are not issued for `url.parse()` vulnerabilities.
2026-09-22T05:14:52.8859169Z Received 92171511 of 92171511 (100.0%), 104.9 MBs/sec
2026-09-22T05:14:52.8860188Z Cache Size: ~88 MB (92171511 B)
2026-09-22T05:14:52.8887770Z [command]/usr/bin/tar -xf /home/runner/work/_temp/3c149e6c-091b-4ba4-a053-773707994b37/cache.tzst -P -C /home/runner/work/protocol-processor-control-plane-avb-milan/protocol-processor-control-plane-avb-milan --use-compress-program unzstd
2026-09-22T05:14:53.0330937Z Cache restored successfully
2026-09-22T05:14:53.0436628Z Cache restored from key: verilator-v5.050-Linux
2026-09-22T05:14:53.0601145Z ##[group]Run export PATH="$HOME/verilator/bin:$PATH"
2026-09-22T05:14:53.0601728Z [36;1mexport PATH="$HOME/verilator/bin:$PATH"[0m
2026-09-22T05:14:53.0602145Z [36;1mverilator --version[0m
2026-09-22T05:14:53.0602584Z [36;1m./scripts/lint_hdl.sh[0m
2026-09-22T05:14:53.0602971Z [36;1m./scripts/run_suites.sh[0m
2026-09-22T05:14:53.0632307Z shell: /usr/bin/bash -e {0}
2026-09-22T05:14:53.0632796Z env:
2026-09-22T05:14:53.0633152Z   VERILATOR_VERSION: v5.050
2026-09-22T05:14:53.0633572Z ##[endgroup]
2026-09-22T05:14:53.2206847Z Verilator 5.050 2026-07-01 rev v5.050
2026-09-22T05:14:53.4667405Z LINT OK  KL_acmp_nvm_shadow
2026-09-22T05:14:53.7290626Z LINT OK  KL_acmp_talker
2026-09-22T05:14:53.9838941Z LINT OK  KL_pp_acmp_listener
2026-09-22T05:14:54.2445511Z LINT OK  KL_adp_engine
2026-09-22T05:14:54.4746564Z LINT OK  KL_aecp_ca_originator
2026-09-22T05:14:54.7166858Z LINT OK  KL_aecp_desc_store
2026-09-22T05:14:54.9475773Z LINT OK  KL_aecp_dyn_state
2026-09-22T05:14:55.3335539Z LINT OK  KL_aecp_engine
2026-09-22T05:14:55.6170845Z LINT OK  KL_aecp_notify
2026-09-22T05:14:55.8518245Z LINT OK  KL_aecp_resp_buf
2026-09-22T05:14:56.0993218Z LINT OK  KL_aecp_ucpu
2026-09-22T05:14:56.3280001Z LINT OK  KL_pp_prng
2026-09-22T05:14:56.5553560Z LINT OK  KL_pp_timer_service
2026-09-22T05:14:56.7974307Z LINT OK  KL_pp_maap
2026-09-22T05:14:57.0544575Z LINT OK  KL_pp_dispatch
2026-09-22T05:14:57.2838408Z LINT OK  KL_pp_event_router
2026-09-22T05:14:57.5102734Z LINT OK  KL_pp_normalizer
2026-09-22T05:14:57.7357028Z LINT OK  KL_pp_nvm_port
2026-09-22T05:14:57.9731267Z LINT OK  KL_pp_originator
2026-09-22T05:14:58.1995157Z LINT OK  KL_pp_release_merge
2026-09-22T05:14:58.4254477Z LINT OK  KL_pp_rx_slots
2026-09-22T05:14:58.6645227Z LINT OK  KL_pp_rx_validator
2026-09-22T05:14:58.8969514Z LINT OK  KL_pp_scoreboard
2026-09-22T05:14:59.1276755Z LINT OK  KL_pp_side_port
2026-09-22T05:14:59.3496482Z LINT OK  KL_pp_trace_ring
2026-09-22T05:14:59.5806190Z LINT OK  KL_pp_tx_arbiter
2026-09-22T05:14:59.8045850Z LINT OK  KL_pp_tx_slots
2026-09-22T05:15:00.0279975Z LINT OK  KL_srp_admission
2026-09-22T05:15:00.2613682Z LINT OK  KL_srp_decoder
2026-09-22T05:15:00.4878868Z LINT OK  KL_srp_domain
2026-09-22T05:15:00.7278663Z LINT OK  KL_srp_encoder
2026-09-22T05:15:01.0335111Z LINT OK  KL_srp_listener_fsm
2026-09-22T05:15:01.3372178Z LINT OK  KL_srp_talker_fsm
2026-09-22T05:15:01.7989564Z LINT OK  KL_srp_top
2026-09-22T05:15:02.0254289Z LINT OK  KL_srp_vlan
2026-09-22T05:15:02.2487267Z LINT OK  KL_mrp_strip
2026-09-22T05:15:03.5421747Z LINT OK  protocol_processor_top
2026-09-22T05:15:03.5687911Z UPC MAP GATE: PASS (56 engine constants, 80 entry points, all agree)
2026-09-22T05:15:16.4474674Z PASS acmp_listener (2540 checks: 2540 PASS, 0 FAIL)
2026-09-22T05:15:21.8944255Z PASS acmp_nvm (86 checks: 86 PASS, 0 FAIL)
2026-09-22T05:15:27.4309164Z PASS acmp_talker (839 checks: 839 PASS, 0 FAIL)
2026-09-22T05:15:32.8217173Z PASS adp_engine (533 checks: 533 PASS, 0 FAIL)
2026-09-22T05:15:38.0127507Z PASS aecp_notify (10 checks: 10 PASS, 0 FAIL)
2026-09-22T05:15:43.0753338Z PASS ca_originator (16 checks: 16 PASS, 0 FAIL)
2026-09-22T05:15:48.4784462Z PASS desc_store (584 checks: 584 PASS, 0 FAIL)
2026-09-22T05:15:53.7459229Z PASS dispatch (211 checks: 211 PASS, 0 FAIL)
2026-09-22T05:16:04.4629539Z PASS dyn_state (89 checks: 89 PASS, 0 FAIL)
2026-09-22T05:16:09.6181657Z PASS event_router (81 checks: 81 PASS, 0 FAIL)
2026-09-22T05:16:14.9224697Z PASS maap (75 checks: 75 PASS, 0 FAIL)
2026-09-22T05:16:20.0739210Z PASS nvm_port (122 checks: 122 PASS, 0 FAIL)
2026-09-22T05:16:25.4157402Z PASS originator (104 checks: 104 PASS, 0 FAIL)
2026-09-22T05:21:11.0041818Z PASS pp_top (1411 checks: 1411 PASS, 0 FAIL)
2026-09-22T05:21:16.1248278Z PASS prng (76 checks: 76 PASS, 0 FAIL)
2026-09-22T05:21:21.1503842Z PASS release_merge (18 checks: 18 PASS, 0 FAIL)
2026-09-22T05:21:26.3188999Z PASS resp_buf (64 checks: 64 PASS, 0 FAIL)
2026-09-22T05:21:31.4760894Z PASS rx_slots (130 checks: 130 PASS, 0 FAIL)
2026-09-22T05:21:36.7781321Z PASS rx_validator (393 checks: 393 PASS, 0 FAIL)
2026-09-22T05:21:42.0341987Z PASS scoreboard (3705 checks: 3705 PASS, 0 FAIL)
2026-09-22T05:21:47.2280813Z PASS side_port (368 checks: 368 PASS, 0 FAIL)
2026-09-22T05:21:52.4845674Z PASS srp_decoder (113 checks: 113 PASS, 0 FAIL)
2026-09-22T05:21:57.9796740Z PASS srp_encoder (180 checks: 180 PASS, 0 FAIL)
2026-09-22T05:22:04.8336256Z PASS srp_stream_fsms (1005 checks: 1005 PASS, 0 FAIL)
2026-09-22T05:22:13.5958852Z PASS srp_top (235 checks: 235 PASS, 0 FAIL)
2026-09-22T05:22:36.6191007Z PASS timer_map (1360 checks: 1360 PASS, 0 FAIL)
2026-09-22T05:22:41.7319823Z PASS timer_service (48 checks: 48 PASS, 0 FAIL)
2026-09-22T05:22:46.9517517Z PASS tx_arbiter (66 checks: 66 PASS, 0 FAIL)
2026-09-22T05:22:52.1114606Z PASS tx_slots (95 checks: 95 PASS, 0 FAIL)
2026-09-22T05:22:57.5858467Z PASS ucpu (386 checks: 386 PASS, 0 FAIL)
2026-09-22T05:22:57.5866496Z suites: 14943 checks total, 0 failing
2026-09-22T05:22:57.5909832Z ##[group]Run python3 scripts/gen_matrix.py --check
2026-09-22T05:22:57.5910634Z [36;1mpython3 scripts/gen_matrix.py --check[0m
2026-09-22T05:22:57.5937447Z shell: /usr/bin/bash -e {0}
2026-09-22T05:22:57.5937780Z env:
2026-09-22T05:22:57.5938152Z   VERILATOR_VERSION: v5.050
2026-09-22T05:22:57.5938471Z ##[endgroup]
2026-09-22T05:22:57.6389084Z matrix: OK (86 rows, 0 untested)
2026-09-22T05:22:57.6468167Z ##[group]Run export PATH="$HOME/verilator/bin:$PATH"
2026-09-22T05:22:57.6468677Z [36;1mexport PATH="$HOME/verilator/bin:$PATH"[0m
2026-09-22T05:22:57.6469324Z [36;1m# PR #13 was squash-merged. Its review lineage is therefore absent[0m
2026-09-22T05:22:57.6470208Z [36;1m# from main, but remains available through GitHub's durable pull ref.[0m
2026-09-22T05:22:57.6470736Z [36;1mgit fetch --no-tags origin refs/pull/13/head[0m
2026-09-22T05:22:57.6471626Z [36;1mmake -C tb/nvm_port figures[0m
2026-09-22T05:22:57.6497919Z shell: /usr/bin/bash -e {0}
2026-09-22T05:22:57.6498271Z env:
2026-09-22T05:22:57.6498563Z   VERILATOR_VERSION: v5.050
2026-09-22T05:22:57.6498925Z ##[endgroup]
2026-09-22T05:22:58.1866574Z From https://github.com/Mister-M-alt/protocol-processor-control-plane-avb-milan
2026-09-22T05:22:58.1867837Z  * branch            refs/pull/13/head -> FETCH_HEAD
2026-09-22T05:22:58.1883917Z make: Entering directory '/home/runner/work/protocol-processor-control-plane-avb-milan/protocol-processor-control-plane-avb-milan/tb/nvm_port'
2026-09-22T05:26:42.3529561Z 42 Verilator builds: 1 baseline + 12 arms + 18 mutations + 6 models + 5 matrix
2026-09-22T05:26:42.3530528Z baseline: 122 checks, 122 PASS, 0 FAIL
2026-09-22T05:26:42.3531613Z 
2026-09-22T05:26:42.3532351Z arm coverage (measured vs README):
2026-09-22T05:26:42.3533431Z   [ok ]  211 S_WEREQ    measured=0    readme=0
2026-09-22T05:26:42.3534071Z   [ok ]  220 S_WEWAIT   measured=69   readme=69
2026-09-22T05:26:42.3534755Z   [ok ]  230 S_WWREQ    measured=0    readme=0
2026-09-22T05:26:42.3535395Z   [ok ]  240 S_WHPUMP   measured=64   readme=64
2026-09-22T05:26:42.3536053Z   [ok ]  253 S_WDPUMP   measured=52   readme=52
2026-09-22T05:26:42.3536645Z   [ok ]  263 S_WWAIT    measured=39   readme=39
2026-09-22T05:26:42.3537177Z   [ok ]  274 S_RHREQ    measured=0    readme=0
2026-09-22T05:26:42.3537876Z   [ok ]  284 S_RHCOLL   measured=32   readme=32
2026-09-22T05:26:42.3538802Z   [ok ]  302 S_RHWAIT   measured=29   readme=29
2026-09-22T05:26:42.3539418Z   [ok ]  329 S_RPREQ    measured=0    readme=0
2026-09-22T05:26:42.3540161Z   [ok ]  339 S_RPPUMP   measured=63   readme=63
2026-09-22T05:26:42.3541028Z   [ok ]  349 S_RPWAIT   measured=26   readme=26
2026-09-22T05:26:42.3541540Z 
2026-09-22T05:26:42.3541807Z mutations and probes (measured vs README):
2026-09-22T05:26:42.3542682Z   [ok ] M1               measured=24   readme=24
2026-09-22T05:26:42.3543425Z   [ok ] M1-sibling       measured=5    readme=5
2026-09-22T05:26:42.3544053Z   [ok ] M2               measured=5    readme=5
2026-09-22T05:26:42.3544584Z   [ok ] M3               measured=91   readme=91
2026-09-22T05:26:42.3545154Z   [ok ] M4               measured=52   readme=52
2026-09-22T05:26:42.3545652Z   [ok ] M5               measured=39   readme=39
2026-09-22T05:26:42.3546123Z   [ok ] M6               measured=6    readme=6
2026-09-22T05:26:42.3546602Z   [ok ] M6-sibling       measured=5    readme=5
2026-09-22T05:26:42.3547181Z   [ok ] probe-armearly   measured=1    readme=1
2026-09-22T05:26:42.3547687Z   [ok ] probe-nodevice   measured=3    readme=3
2026-09-22T05:26:42.3548184Z   [ok ] probe-t18        measured=3    readme=3
2026-09-22T05:26:42.3548692Z   [ok ] done_seen_r/coincident measured=91   readme=91
2026-09-22T05:26:42.3549286Z   [ok ] done_seen_r/pristine measured=9    readme=9
2026-09-22T05:26:42.3549809Z   [ok ] own-states-dropped measured=6    readme=6
2026-09-22T05:26:42.3550512Z   [ok ] own-minus-rhcoll measured=3    readme=3
2026-09-22T05:26:42.3551025Z   [ok ] own-minus-wwait  measured=0    readme=0
2026-09-22T05:26:42.3551543Z   [ok ] own-plus-rhreq   measured=1    readme=1
2026-09-22T05:26:42.3552044Z   [ok ] retraction       measured=2    readme=2
2026-09-22T05:26:42.3552409Z 
2026-09-22T05:26:42.3552590Z device models (measured vs README):
2026-09-22T05:26:42.3553210Z   [ok ] pristine                   measured=122 PASS, 0 FAIL  readme=(122, 0)
2026-09-22T05:26:42.3553990Z   [ok ] half-page                  measured=122 PASS, 0 FAIL  readme=(122, 0)
2026-09-22T05:26:42.3555031Z   [ok ] half-page                  measured=122 PASS, 0 FAIL  readme=(122, 0)
2026-09-22T05:26:42.3555788Z   [ok ] page-buffered NOR          measured=122 PASS, 0 FAIL  readme=(122, 0)
2026-09-22T05:26:42.3556814Z   [ok ] lazy erase                 measured=121 PASS, 1 FAIL  readme=(121, 1)
2026-09-22T05:26:42.3557725Z   [ok ] lazy erase + page-buffered measured=121 PASS, 1 FAIL  readme=(121, 1)
2026-09-22T05:26:42.3558788Z   [ok ] coincident completion      measured=122 PASS, 0 FAIL  readme=(122, 0)
2026-09-22T05:26:42.3559357Z 
2026-09-22T05:26:42.3559614Z pre-fix matrix (measured vs README), 5 builds:
2026-09-22T05:26:42.3560811Z   [ok ] T16 byte comparison                measured=pass FAIL FAIL FAIL FAIL
2026-09-22T05:26:42.3561593Z   [ok ] T17 restore vs the record          measured=pass FAIL FAIL pass FAIL
2026-09-22T05:26:42.3562543Z   [ok ] T17 restore vs the array           measured=pass pass FAIL pass pass
2026-09-22T05:26:42.3563434Z   [ok ] T15 branch pin                     measured=pass pass FAIL pass FAIL
2026-09-22T05:26:42.3564167Z   [ok ] T15 cut was real                   measured=pass pass pass pass FAIL
2026-09-22T05:26:42.3565025Z   [ok ] T15 #70 property, unconditioned    measured=pass pass pass pass FAIL
2026-09-22T05:26:42.3565541Z 
2026-09-22T05:26:42.3565741Z all measured figures agree with the tree
2026-09-22T05:26:42.3566105Z 
2026-09-22T05:26:42.3566445Z NOT measured (waived, with the reason, so the exclusion set is
2026-09-22T05:26:42.3567180Z derived from the file rather than asserted in a comment):
2026-09-22T05:26:42.3568655Z   - /`fails 22 of the 122 checks` and `fails\s+22 out of 122`/ absorbs 2 (cap 4): two illustrative phrasings quoted inside the paragraph explaining what the inverted default does not close; not claims about this suite
2026-09-22T05:26:42.3571146Z   - /\b122/122\b/ absorbs 2 (cap 4): suite tally shorthand; both halves are the suite size, which the size check already pins against the measured total
2026-09-22T05:26:42.3608378Z make: Leaving directory '/home/runner/work/protocol-processor-control-plane-avb-milan/protocol-processor-control-plane-avb-milan/tb/nvm_port'
2026-09-22T05:26:42.3704533Z Node 20 is being deprecated. This workflow is running with Node 24 by default. If you need to temporarily use Node 20, you can set the ACTIONS_ALLOW_USE_UNSECURE_NODE_VERSION=true environment variable. For more information see: https://github.blog/changelog/2025-09-19-deprecation-of-node-20-on-github-actions-runners/
2026-09-22T05:26:42.3705735Z Post job cleanup.
2026-09-22T05:26:42.4795467Z Cache hit occurred on the primary key verilator-v5.050-Linux, not saving cache.
2026-09-22T05:26:42.4797383Z (node:6437) [DEP0040] DeprecationWarning: The `punycode` module is deprecated. Please use a userland alternative instead.
2026-09-22T05:26:42.4798289Z (Use `node --trace-deprecation ...` to show where the warning was created)
2026-09-22T05:26:42.4943709Z Node 20 is being deprecated. This workflow is running with Node 24 by default. If you need to temporarily use Node 20, you can set the ACTIONS_ALLOW_USE_UNSECURE_NODE_VERSION=true environment variable. For more information see: https://github.blog/changelog/2025-09-19-deprecation-of-node-20-on-github-actions-runners/
2026-09-22T05:26:42.4945003Z Post job cleanup.
2026-09-22T05:26:42.5798345Z [command]/usr/bin/git version
2026-09-22T05:26:42.5843789Z git version 2.55.0
2026-09-22T05:26:42.5885101Z Temporarily overriding HOME='/home/runner/work/_temp/deccd439-021f-4c31-9e26-cf5a1d9159a8' before making global git config changes
2026-09-22T05:26:42.5886390Z Adding repository directory to the temporary git global config as a safe directory
2026-09-22T05:26:42.5893394Z [command]/usr/bin/git config --global --add safe.directory /home/runner/work/protocol-processor-control-plane-avb-milan/protocol-processor-control-plane-avb-milan
2026-09-22T05:26:42.5934380Z [command]/usr/bin/git config --local --name-only --get-regexp core\.sshCommand
2026-09-22T05:26:42.5970008Z [command]/usr/bin/git submodule foreach --recursive sh -c "git config --local --name-only --get-regexp 'core\.sshCommand' && git config --local --unset-all 'core.sshCommand' || :"
2026-09-22T05:26:42.6182630Z [command]/usr/bin/git config --local --name-only --get-regexp http\.https\:\/\/github\.com\/\.extraheader
2026-09-22T05:26:42.6214758Z http.https://github.com/.extraheader
2026-09-22T05:26:42.6225480Z [command]/usr/bin/git config --local --unset-all http.https://github.com/.extraheader
2026-09-22T05:26:42.6267642Z [command]/usr/bin/git submodule foreach --recursive sh -c "git config --local --name-only --get-regexp 'http\.https\:\/\/github\.com\/\.extraheader' && git config --local --unset-all 'http.https://github.com/.extraheader' || :"
2026-09-22T05:26:42.6488780Z [command]/usr/bin/git config --local --name-only --get-regexp ^includeIf\.gitdir:
2026-09-22T05:26:42.6523895Z [command]/usr/bin/git submodule foreach --recursive git config --local --show-origin --name-only --get-regexp remote.origin.url
2026-09-22T05:26:42.6882373Z Cleaning up orphan processes
2026-09-22T05:26:42.7204038Z ##[warning]Node.js 20 is deprecated. The following actions target Node.js 20 but are being forced to run on Node.js 24: actions/cache@v4, actions/checkout@v4. For more information see: https://github.blog/changelog/2025-09-19-deprecation-of-node-20-on-github-actions-runners/
