%Warning-PINCONNECTEMPTY: pp_top_wrap.sv:392:8: Instance pin connected by name with empty reference: 'aecp_cur_config_o'
  392 |       .aecp_cur_config_o     (),
      |        ^~~~~~~~~~~~~~~~~
                          ... For warning description see https://verilator.org/warn/PINCONNECTEMPTY?v=5.052
                          ... Use "/* verilator lint_off PINCONNECTEMPTY */" and lint_on around source to disable this message.
%Warning-PINCONNECTEMPTY: pp_top_wrap.sv:393:8: Instance pin connected by name with empty reference: 'aecp_identify_o'
  393 |       .aecp_identify_o       (),
      |        ^~~~~~~~~~~~~~~
%Warning-PINCONNECTEMPTY: pp_top_wrap.sv:394:8: Instance pin connected by name with empty reference: 'aecp_clk_src_index_o'
  394 |       .aecp_clk_src_index_o  (),
      |        ^~~~~~~~~~~~~~~~~~~~
%Warning-PINCONNECTEMPTY: pp_top_wrap.sv:402:8: Instance pin connected by name with empty reference: 'aecp_dyn_dirty_o'
  402 |       .aecp_dyn_dirty_o      (),
      |        ^~~~~~~~~~~~~~~~
%Warning-PINMISSING: pp_top_wrap.sv:346:5: Instance has missing pin: 'srp_tk_decl_state_o'
  346 |   ) u_dut (
      |     ^~~~~
                     ../../hdl/top/protocol_processor_top.sv:496:42: ... Location of port declaration
  496 |     output logic [N_STREAM_OUT_P*2-1:0]  srp_tk_decl_state_o,      
      |                                          ^~~~~~~~~~~~~~~~~~~
                     ... For warning description see https://verilator.org/warn/PINMISSING?v=5.052
                     ... Use "/* verilator lint_off PINMISSING */" and lint_on around source to disable this message.
%Warning-PINMISSING: pp_top_wrap.sv:346:5: Instance has missing pin: 'srp_lstn_reg_state_o'
  346 |   ) u_dut (
      |     ^~~~~
                     ../../hdl/top/protocol_processor_top.sv:497:42: ... Location of port declaration
  497 |     output logic [N_STREAM_OUT_P*2-1:0]  srp_lstn_reg_state_o,     
      |                                          ^~~~~~~~~~~~~~~~~~~~
%Warning-PINMISSING: pp_top_wrap.sv:346:5: Instance has missing pin: 'srp_active_o'
  346 |   ) u_dut (
      |     ^~~~~
                     ../../hdl/top/protocol_processor_top.sv:501:42: ... Location of port declaration
  501 |     output logic [N_STREAM_OUT_P-1:0]    srp_active_o,
      |                                          ^~~~~~~~~~~~
%Warning-PINMISSING: pp_top_wrap.sv:346:5: Instance has missing pin: 'srp_sr_admitted_o'
  346 |   ) u_dut (
      |     ^~~~~
                     ../../hdl/top/protocol_processor_top.sv:506:42: ... Location of port declaration
  506 |     output logic [N_STREAM_OUT_P-1:0]    srp_sr_admitted_o,
      |                                          ^~~~~~~~~~~~~~~~~
%Warning-PINMISSING: pp_top_wrap.sv:346:5: Instance has missing pin: 'srp_granted_slope_bps_o'
  346 |   ) u_dut (
      |     ^~~~~
                     ../../hdl/top/protocol_processor_top.sv:507:42: ... Location of port declaration
  507 |     output logic [N_STREAM_OUT_P*32-1:0] srp_granted_slope_bps_o,  
      |                                          ^~~~~~~~~~~~~~~~~~~~~~~
%Warning-PINMISSING: pp_top_wrap.sv:346:5: Instance has missing pin: 'srp_src_fail_code_o'
  346 |   ) u_dut (
      |     ^~~~~
                     ../../hdl/top/protocol_processor_top.sv:508:42: ... Location of port declaration
  508 |     output logic [N_STREAM_OUT_P*8-1:0]  srp_src_fail_code_o,      
      |                                          ^~~~~~~~~~~~~~~~~~~
%Warning-PINMISSING: pp_top_wrap.sv:346:5: Instance has missing pin: 'srp_src_fail_bridge_o'
  346 |   ) u_dut (
      |     ^~~~~
                     ../../hdl/top/protocol_processor_top.sv:509:42: ... Location of port declaration
  509 |     output logic [N_STREAM_OUT_P*64-1:0] srp_src_fail_bridge_o,    
      |                                          ^~~~~~~~~~~~~~~~~~~~~
%Warning-PINMISSING: pp_top_wrap.sv:346:5: Instance has missing pin: 'srp_sum_slope_bps_o'
  346 |   ) u_dut (
      |     ^~~~~
                     ../../hdl/top/protocol_processor_top.sv:510:42: ... Location of port declaration
  510 |     output logic [31:0]                  srp_sum_slope_bps_o,      
      |                                          ^~~~~~~~~~~~~~~~~~~
%Warning-PINMISSING: pp_top_wrap.sv:346:5: Instance has missing pin: 'srp_over_limit_o'
  346 |   ) u_dut (
      |     ^~~~~
                     ../../hdl/top/protocol_processor_top.sv:511:42: ... Location of port declaration
  511 |     output logic                         srp_over_limit_o,         
      |                                          ^~~~~~~~~~~~~~~~
%Warning-PINMISSING: pp_top_wrap.sv:346:5: Instance has missing pin: 'srp_tk_reg_state_o'
  346 |   ) u_dut (
      |     ^~~~~
                     ../../hdl/top/protocol_processor_top.sv:512:42: ... Location of port declaration
  512 |     output logic [N_STREAM_IN_P*2-1:0]   srp_tk_reg_state_o,       
      |                                          ^~~~~~~~~~~~~~~~~~
%Warning-PINMISSING: pp_top_wrap.sv:346:5: Instance has missing pin: 'srp_lstn_decl_state_o'
  346 |   ) u_dut (
      |     ^~~~~
                     ../../hdl/top/protocol_processor_top.sv:513:42: ... Location of port declaration
  513 |     output logic [N_STREAM_IN_P*2-1:0]   srp_lstn_decl_state_o,    
      |                                          ^~~~~~~~~~~~~~~~~~~~~
%Warning-PINMISSING: pp_top_wrap.sv:346:5: Instance has missing pin: 'srp_acc_latency_o'
  346 |   ) u_dut (
      |     ^~~~~
                     ../../hdl/top/protocol_processor_top.sv:514:42: ... Location of port declaration
  514 |     output logic [N_STREAM_IN_P*32-1:0]  srp_acc_latency_o,        
      |                                          ^~~~~~~~~~~~~~~~~
%Warning-PINMISSING: pp_top_wrap.sv:346:5: Instance has missing pin: 'srp_snk_fail_code_o'
  346 |   ) u_dut (
      |     ^~~~~
                     ../../hdl/top/protocol_processor_top.sv:515:42: ... Location of port declaration
  515 |     output logic [N_STREAM_IN_P*8-1:0]   srp_snk_fail_code_o,      
      |                                          ^~~~~~~~~~~~~~~~~~~
%Warning-PINMISSING: pp_top_wrap.sv:346:5: Instance has missing pin: 'acmp_bound_o'
  346 |   ) u_dut (
      |     ^~~~~
                     ../../hdl/top/protocol_processor_top.sv:527:42: ... Location of port declaration
  527 |     output logic [N_STREAM_IN_P-1:0]     acmp_bound_o,
      |                                          ^~~~~~~~~~~~
%Warning-PINMISSING: pp_top_wrap.sv:346:5: Instance has missing pin: 'acmp_bound_eid_o'
  346 |   ) u_dut (
      |     ^~~~~
                     ../../hdl/top/protocol_processor_top.sv:528:42: ... Location of port declaration
  528 |     output logic [N_STREAM_IN_P*64-1:0]  acmp_bound_eid_o,         
      |                                          ^~~~~~~~~~~~~~~~
%Warning-PINMISSING: pp_top_wrap.sv:346:5: Instance has missing pin: 'acmp_bound_sid_o'
  346 |   ) u_dut (
      |     ^~~~~
                     ../../hdl/top/protocol_processor_top.sv:534:42: ... Location of port declaration
  534 |     output logic [N_STREAM_IN_P*64-1:0]  acmp_bound_sid_o,         
      |                                          ^~~~~~~~~~~~~~~~
%Warning-PINMISSING: pp_top_wrap.sv:346:5: Instance has missing pin: 'acmp_bound_dmac_o'
  346 |   ) u_dut (
      |     ^~~~~
                     ../../hdl/top/protocol_processor_top.sv:535:42: ... Location of port declaration
  535 |     output logic [N_STREAM_IN_P*48-1:0]  acmp_bound_dmac_o,        
      |                                          ^~~~~~~~~~~~~~~~~
%Warning-PINMISSING: pp_top_wrap.sv:346:5: Instance has missing pin: 'acmp_bound_vlan_o'
  346 |   ) u_dut (
      |     ^~~~~
                     ../../hdl/top/protocol_processor_top.sv:536:42: ... Location of port declaration
  536 |     output logic [N_STREAM_IN_P*12-1:0]  acmp_bound_vlan_o,        
      |                                          ^~~~~~~~~~~~~~~~~
%Warning-PINMISSING: pp_top_wrap.sv:346:5: Instance has missing pin: 'adp_next_avail_index_o'
  346 |   ) u_dut (
      |     ^~~~~
                     ../../hdl/top/protocol_processor_top.sv:544:42: ... Location of port declaration
  544 |     output logic [31:0]                  adp_next_avail_index_o,   
      |                                          ^~~~~~~~~~~~~~~~~~~~~~
make: Entering directory '/tmp/a161-issue97-rwxncqry/05-refuse-0002/tb/pp_top/obj_vid'
g++  -I.  -MMD -I/usr/share/verilator/include -I/usr/share/verilator/include/vltstd -DVERILATOR=1 -DVM_COVERAGE=0 -DVM_SC=0 -DVM_TIMING=0 -DVM_TRACE=0 -DVM_TRACE_FST=0 -DVM_TRACE_VCD=0 -DVM_TRACE_SAIF=0 -DVM_VPI=0 -faligned-new -fcf-protection=none -Wno-bool-operation -Wno-int-in-bool-context -Wno-shadow -Wno-sign-compare -Wno-subobject-linkage -Wno-tautological-compare -Wno-uninitialized -Wno-unused-but-set-parameter -Wno-unused-but-set-variable -Wno-unused-parameter -Wno-unused-variable    -std=c++17 -O2 -I/tmp/a161-issue97-rwxncqry/05-refuse-0002/tb/pp_top -Wall -Wextra -DPP_TOP_SRP_DOM_DEF_VID=0x0002   -Os  -c -o sim_main.o ../sim_main.cpp
g++ -Os  -I.  -MMD -I/usr/share/verilator/include -I/usr/share/verilator/include/vltstd -DVERILATOR=1 -DVM_COVERAGE=0 -DVM_SC=0 -DVM_TIMING=0 -DVM_TRACE=0 -DVM_TRACE_FST=0 -DVM_TRACE_VCD=0 -DVM_TRACE_SAIF=0 -DVM_VPI=0 -faligned-new -fcf-protection=none -Wno-bool-operation -Wno-int-in-bool-context -Wno-shadow -Wno-sign-compare -Wno-subobject-linkage -Wno-tautological-compare -Wno-uninitialized -Wno-unused-but-set-parameter -Wno-unused-but-set-variable -Wno-unused-parameter -Wno-unused-variable    -std=c++17 -O2 -I/tmp/a161-issue97-rwxncqry/05-refuse-0002/tb/pp_top -Wall -Wextra -DPP_TOP_SRP_DOM_DEF_VID=0x0002   -c -o verilated.o /usr/share/verilator/include/verilated.cpp
g++ -Os  -I.  -MMD -I/usr/share/verilator/include -I/usr/share/verilator/include/vltstd -DVERILATOR=1 -DVM_COVERAGE=0 -DVM_SC=0 -DVM_TIMING=0 -DVM_TRACE=0 -DVM_TRACE_FST=0 -DVM_TRACE_VCD=0 -DVM_TRACE_SAIF=0 -DVM_VPI=0 -faligned-new -fcf-protection=none -Wno-bool-operation -Wno-int-in-bool-context -Wno-shadow -Wno-sign-compare -Wno-subobject-linkage -Wno-tautological-compare -Wno-uninitialized -Wno-unused-but-set-parameter -Wno-unused-but-set-variable -Wno-unused-parameter -Wno-unused-variable    -std=c++17 -O2 -I/tmp/a161-issue97-rwxncqry/05-refuse-0002/tb/pp_top -Wall -Wextra -DPP_TOP_SRP_DOM_DEF_VID=0x0002   -c -o verilated_dpi.o /usr/share/verilator/include/verilated_dpi.cpp
g++ -Os  -I.  -MMD -I/usr/share/verilator/include -I/usr/share/verilator/include/vltstd -DVERILATOR=1 -DVM_COVERAGE=0 -DVM_SC=0 -DVM_TIMING=0 -DVM_TRACE=0 -DVM_TRACE_FST=0 -DVM_TRACE_VCD=0 -DVM_TRACE_SAIF=0 -DVM_VPI=0 -faligned-new -fcf-protection=none -Wno-bool-operation -Wno-int-in-bool-context -Wno-shadow -Wno-sign-compare -Wno-subobject-linkage -Wno-tautological-compare -Wno-uninitialized -Wno-unused-but-set-parameter -Wno-unused-but-set-variable -Wno-unused-parameter -Wno-unused-variable    -std=c++17 -O2 -I/tmp/a161-issue97-rwxncqry/05-refuse-0002/tb/pp_top -Wall -Wextra -DPP_TOP_SRP_DOM_DEF_VID=0x0002   -c -o verilated_threads.o /usr/share/verilator/include/verilated_threads.cpp
g++ -Os  -I.  -MMD -I/usr/share/verilator/include -I/usr/share/verilator/include/vltstd -DVERILATOR=1 -DVM_COVERAGE=0 -DVM_SC=0 -DVM_TIMING=0 -DVM_TRACE=0 -DVM_TRACE_FST=0 -DVM_TRACE_VCD=0 -DVM_TRACE_SAIF=0 -DVM_VPI=0 -faligned-new -fcf-protection=none -Wno-bool-operation -Wno-int-in-bool-context -Wno-shadow -Wno-sign-compare -Wno-subobject-linkage -Wno-tautological-compare -Wno-uninitialized -Wno-unused-but-set-parameter -Wno-unused-but-set-variable -Wno-unused-parameter -Wno-unused-variable    -std=c++17 -O2 -I/tmp/a161-issue97-rwxncqry/05-refuse-0002/tb/pp_top -Wall -Wextra -DPP_TOP_SRP_DOM_DEF_VID=0x0002   -c -x c++-header Vpp_top_wrap__pch.h -o Vpp_top_wrap__pch.h.fast.gch
g++   -I.  -MMD -I/usr/share/verilator/include -I/usr/share/verilator/include/vltstd -DVERILATOR=1 -DVM_COVERAGE=0 -DVM_SC=0 -DVM_TIMING=0 -DVM_TRACE=0 -DVM_TRACE_FST=0 -DVM_TRACE_VCD=0 -DVM_TRACE_SAIF=0 -DVM_VPI=0 -faligned-new -fcf-protection=none -Wno-bool-operation -Wno-int-in-bool-context -Wno-shadow -Wno-sign-compare -Wno-subobject-linkage -Wno-tautological-compare -Wno-uninitialized -Wno-unused-but-set-parameter -Wno-unused-but-set-variable -Wno-unused-parameter -Wno-unused-variable    -std=c++17 -O2 -I/tmp/a161-issue97-rwxncqry/05-refuse-0002/tb/pp_top -Wall -Wextra -DPP_TOP_SRP_DOM_DEF_VID=0x0002   -c -x c++-header Vpp_top_wrap__pch.h -o Vpp_top_wrap__pch.h.slow.gch
../sim_main.cpp:81:27: error: static assertion failed: SRP VID fixture must differ from product default 2 in the 16-bit wire value
   81 | static_assert(SRP_DEF_VID != 2,
      |               ~~~~~~~~~~~~^~~~
  • the comparison reduces to ‘(2 != 2)’
../sim_main.cpp:83:39: error: static assertion failed: SRP VID fixture must differ from product default 2 in the 12-bit class-D value
   83 | static_assert((SRP_DEF_VID & 0x0FFFu) != 2,
      |               ~~~~~~~~~~~~~~~~~~~~~~~~^~~~
  • the comparison reduces to ‘(2 != 2)’
make: *** [Vpp_top_wrap.mk:64: sim_main.o] Error 1
make: *** Waiting for unfinished jobs....
rm Vpp_top_wrap__ALL.verilator_deplist.tmp
make: Leaving directory '/tmp/a161-issue97-rwxncqry/05-refuse-0002/tb/pp_top/obj_vid'
%Error: 'make -C obj_vid -f Vpp_top_wrap.mk -j 8' exited with 2
        ... See the manual at https://verilator.org/verilator_doc.html?v=5.052 for more assistance.
%Error: Command Failed ulimit -s unlimited 2>/dev/null; exec /usr/bin/verilator_bin --cc --exe --build --top-module pp_top_wrap -Wall -Wno-fatal -Wno-DECLFILENAME -Wno-UNUSEDSIGNAL -Wno-WIDTHEXPAND -Wno-WIDTHTRUNC -Wno-UNUSEDPARAM -CFLAGS -std=c++17\ -O2\ -I/tmp/a161-issue97-rwxncqry/05-refuse-0002/tb/pp_top\ -Wall\ -Wextra +define+PP_TOP_SRP_DOM_DEF_VID=16\'h0002 -CFLAGS -DPP_TOP_SRP_DOM_DEF_VID=0x0002 --Mdir obj_vid ../../hdl/common/pp_pkg.sv ../../hdl/srp/srp_pkg.sv ../../hdl/acmp/pp_acmp_pkg.sv ../../hdl/adp/pp_adp_pkg.sv ../../hdl/common/KL_pp_prng.sv ../../hdl/common/KL_pp_timer_service.sv ../../hdl/packet_engine/KL_pp_rx_validator.sv ../../hdl/packet_engine/KL_pp_rx_slots.sv ../../hdl/packet_engine/KL_pp_normalizer.sv ../../hdl/packet_engine/KL_pp_dispatch.sv ../../hdl/packet_engine/KL_pp_tx_slots.sv ../../hdl/packet_engine/KL_pp_release_merge.sv ../../hdl/packet_engine/KL_pp_tx_arbiter.sv ../../hdl/packet_engine/KL_pp_scoreboard.sv ../../hdl/packet_engine/KL_pp_event_router.sv ../../hdl/packet_engine/KL_pp_originator.sv ../../hdl/packet_engine/KL_pp_trace_ring.sv ../../hdl/packet_engine/KL_pp_side_port.sv ../../hdl/packet_engine/KL_pp_nvm_port.sv ../../hdl/aecp/ucpu_pkg.sv ../../hdl/aecp/KL_aecp_ucpu.sv ../../hdl/aecp/KL_aecp_desc_store.sv ../../hdl/aecp/KL_aecp_dyn_state.sv ../../hdl/aecp/KL_aecp_engine.sv ../../hdl/aecp/KL_aecp_resp_buf.sv ../../hdl/aecp/KL_aecp_notify.sv ../../hdl/aecp/KL_aecp_ca_originator.sv ../../hdl/adp/KL_adp_engine.sv ../../hdl/acmp/KL_pp_acmp_listener.sv ../../hdl/acmp/KL_acmp_talker.sv ../../hdl/acmp/KL_acmp_nvm_shadow.sv ../../hdl/maap/KL_pp_maap.sv ../../hdl/srp/KL_srp_decoder.sv ../../hdl/srp/KL_srp_domain.sv ../../hdl/srp/KL_srp_vlan.sv ../../hdl/srp/KL_srp_admission.sv ../../hdl/srp/KL_srp_talker_fsm.sv ../../hdl/srp/KL_srp_listener_fsm.sv ../../hdl/srp/KL_srp_encoder.sv ../../hdl/srp/KL_srp_top.sv ../../hdl/top/KL_mrp_strip.sv ../../hdl/top/protocol_processor_top.sv pp_top_wrap.sv sim_main.cpp -o Vpp_top_vid -j 8 --build-jobs 8 --verilate-jobs 8
