START 05-refuse-0002-recipe: cwd=/tmp/a161-issue97-rwxncqry/05-refuse-0002/tb/pp_top rtk proxy make -n run VERILATOR=$WORKSPACE_HOME/milan-fpga-management/2026-09-22/donor97-author/bin/verilator SRP_VID_FIXTURE=0002
END 05-refuse-0002-recipe: rc=0, expected=0, seconds=0.027, log=$WORKSPACE_HOME/milan-fpga-management/2026-09-22/donor97-author/receipts/05-refuse-0002-recipe.log
    --cc -j 0 --top-module pp_top_wrap -Wall -Wno-fatal -Wno-DECLFILENAME -Wno-UNUSEDSIGNAL -Wno-WIDTHEXPAND -Wno-WIDTHTRUNC -Wno-UNUSEDPARAM -CFLAGS "-std=c++17 -O2 -I/tmp/a161-issue97-rwxncqry/05-refuse-0002/tb/pp_top -Wall -Wextra" ../../hdl/common/pp_pkg.sv ../../hdl/srp/srp_pkg.sv ../../hdl/acmp/pp_acmp_pkg.sv ../../hdl/adp/pp_adp_pkg.sv ../../hdl/common/KL_pp_prng.sv ../../hdl/common/KL_pp_timer_service.sv ../../hdl/packet_engine/KL_pp_rx_validator.sv ../../hdl/packet_engine/KL_pp_rx_slots.sv ../../hdl/packet_engine/KL_pp_normalizer.sv ../../hdl/packet_engine/KL_pp_dispatch.sv ../../hdl/packet_engine/KL_pp_tx_slots.sv ../../hdl/packet_engine/KL_pp_release_merge.sv ../../hdl/packet_engine/KL_pp_tx_arbiter.sv ../../hdl/packet_engine/KL_pp_scoreboard.sv ../../hdl/packet_engine/KL_pp_event_router.sv ../../hdl/packet_engine/KL_pp_originator.sv ../../hdl/packet_engine/KL_pp_trace_ring.sv ../../hdl/packet_engine/KL_pp_side_port.sv ../../hdl/packet_engine/KL_pp_nvm_port.sv ../../hdl/aecp/ucpu_pkg.sv ../../hdl/aecp/KL_aecp_ucpu.sv ../../hdl/aecp/KL_aecp_desc_store.sv ../../hdl/aecp/KL_aecp_dyn_state.sv ../../hdl/aecp/KL_aecp_engine.sv ../../hdl/aecp/KL_aecp_resp_buf.sv ../../hdl/aecp/KL_aecp_notify.sv ../../hdl/aecp/KL_aecp_ca_originator.sv ../../hdl/adp/KL_adp_engine.sv ../../hdl/acmp/KL_pp_acmp_listener.sv ../../hdl/acmp/KL_acmp_talker.sv ../../hdl/acmp/KL_acmp_nvm_shadow.sv ../../hdl/maap/KL_pp_maap.sv ../../hdl/srp/KL_srp_decoder.sv ../../hdl/srp/KL_srp_domain.sv ../../hdl/srp/KL_srp_vlan.sv ../../hdl/srp/KL_srp_admission.sv ../../hdl/srp/KL_srp_talker_fsm.sv ../../hdl/srp/KL_srp_listener_fsm.sv ../../hdl/srp/KL_srp_encoder.sv ../../hdl/srp/KL_srp_top.sv ../../hdl/top/KL_mrp_strip.sv ../../hdl/top/protocol_processor_top.sv pp_top_wrap.sv
python3 ../../hdl/acmp/rom/gen_ltn_rom.py -o ltn_rom.hex
python3 ../../hdl/aecp/ucode/gen_ucode.py -o ucode.hex
rm -f obj_dir/build_tally.txt
$WORKSPACE_HOME/milan-fpga-management/2026-09-22/donor97-author/bin/verilator --cc --exe --build -j 0 --top-module pp_top_wrap -Wall -Wno-fatal -Wno-DECLFILENAME -Wno-UNUSEDSIGNAL -Wno-WIDTHEXPAND -Wno-WIDTHTRUNC -Wno-UNUSEDPARAM -CFLAGS "-std=c++17 -O2 -I/tmp/a161-issue97-rwxncqry/05-refuse-0002/tb/pp_top -Wall -Wextra" ../../hdl/common/pp_pkg.sv ../../hdl/srp/srp_pkg.sv ../../hdl/acmp/pp_acmp_pkg.sv ../../hdl/adp/pp_adp_pkg.sv ../../hdl/common/KL_pp_prng.sv ../../hdl/common/KL_pp_timer_service.sv ../../hdl/packet_engine/KL_pp_rx_validator.sv ../../hdl/packet_engine/KL_pp_rx_slots.sv ../../hdl/packet_engine/KL_pp_normalizer.sv ../../hdl/packet_engine/KL_pp_dispatch.sv ../../hdl/packet_engine/KL_pp_tx_slots.sv ../../hdl/packet_engine/KL_pp_release_merge.sv ../../hdl/packet_engine/KL_pp_tx_arbiter.sv ../../hdl/packet_engine/KL_pp_scoreboard.sv ../../hdl/packet_engine/KL_pp_event_router.sv ../../hdl/packet_engine/KL_pp_originator.sv ../../hdl/packet_engine/KL_pp_trace_ring.sv ../../hdl/packet_engine/KL_pp_side_port.sv ../../hdl/packet_engine/KL_pp_nvm_port.sv ../../hdl/aecp/ucpu_pkg.sv ../../hdl/aecp/KL_aecp_ucpu.sv ../../hdl/aecp/KL_aecp_desc_store.sv ../../hdl/aecp/KL_aecp_dyn_state.sv ../../hdl/aecp/KL_aecp_engine.sv ../../hdl/aecp/KL_aecp_resp_buf.sv ../../hdl/aecp/KL_aecp_notify.sv ../../hdl/aecp/KL_aecp_ca_originator.sv ../../hdl/adp/KL_adp_engine.sv ../../hdl/acmp/KL_pp_acmp_listener.sv ../../hdl/acmp/KL_acmp_talker.sv ../../hdl/acmp/KL_acmp_nvm_shadow.sv ../../hdl/maap/KL_pp_maap.sv ../../hdl/srp/KL_srp_decoder.sv ../../hdl/srp/KL_srp_domain.sv ../../hdl/srp/KL_srp_vlan.sv ../../hdl/srp/KL_srp_admission.sv ../../hdl/srp/KL_srp_talker_fsm.sv ../../hdl/srp/KL_srp_listener_fsm.sv ../../hdl/srp/KL_srp_encoder.sv ../../hdl/srp/KL_srp_top.sv ../../hdl/top/KL_mrp_strip.sv ../../hdl/top/protocol_processor_top.sv pp_top_wrap.sv sim_main.cpp -o Vpp_top_sim
./obj_dir/Vpp_top_sim
$WORKSPACE_HOME/milan-fpga-management/2026-09-22/donor97-author/bin/verilator --cc --exe --build -j 0 --top-module pp_top_wrap -Wall -Wno-fatal -Wno-DECLFILENAME -Wno-UNUSEDSIGNAL -Wno-WIDTHEXPAND -Wno-WIDTHTRUNC -Wno-UNUSEDPARAM -CFLAGS "-std=c++17 -O2 -I/tmp/a161-issue97-rwxncqry/05-refuse-0002/tb/pp_top -Wall -Wextra" "+define+PP_TOP_SRP_DOM_DEF_VID=16'h0002" \
    -CFLAGS "-DPP_TOP_SRP_DOM_DEF_VID=0x0002" \
    --Mdir obj_vid ../../hdl/common/pp_pkg.sv ../../hdl/srp/srp_pkg.sv ../../hdl/acmp/pp_acmp_pkg.sv ../../hdl/adp/pp_adp_pkg.sv ../../hdl/common/KL_pp_prng.sv ../../hdl/common/KL_pp_timer_service.sv ../../hdl/packet_engine/KL_pp_rx_validator.sv ../../hdl/packet_engine/KL_pp_rx_slots.sv ../../hdl/packet_engine/KL_pp_normalizer.sv ../../hdl/packet_engine/KL_pp_dispatch.sv ../../hdl/packet_engine/KL_pp_tx_slots.sv ../../hdl/packet_engine/KL_pp_release_merge.sv ../../hdl/packet_engine/KL_pp_tx_arbiter.sv ../../hdl/packet_engine/KL_pp_scoreboard.sv ../../hdl/packet_engine/KL_pp_event_router.sv ../../hdl/packet_engine/KL_pp_originator.sv ../../hdl/packet_engine/KL_pp_trace_ring.sv ../../hdl/packet_engine/KL_pp_side_port.sv ../../hdl/packet_engine/KL_pp_nvm_port.sv ../../hdl/aecp/ucpu_pkg.sv ../../hdl/aecp/KL_aecp_ucpu.sv ../../hdl/aecp/KL_aecp_desc_store.sv ../../hdl/aecp/KL_aecp_dyn_state.sv ../../hdl/aecp/KL_aecp_engine.sv ../../hdl/aecp/KL_aecp_resp_buf.sv ../../hdl/aecp/KL_aecp_notify.sv ../../hdl/aecp/KL_aecp_ca_originator.sv ../../hdl/adp/KL_adp_engine.sv ../../hdl/acmp/KL_pp_acmp_listener.sv ../../hdl/acmp/KL_acmp_talker.sv ../../hdl/acmp/KL_acmp_nvm_shadow.sv ../../hdl/maap/KL_pp_maap.sv ../../hdl/srp/KL_srp_decoder.sv ../../hdl/srp/KL_srp_domain.sv ../../hdl/srp/KL_srp_vlan.sv ../../hdl/srp/KL_srp_admission.sv ../../hdl/srp/KL_srp_talker_fsm.sv ../../hdl/srp/KL_srp_listener_fsm.sv ../../hdl/srp/KL_srp_encoder.sv ../../hdl/srp/KL_srp_top.sv ../../hdl/top/KL_mrp_strip.sv ../../hdl/top/protocol_processor_top.sv pp_top_wrap.sv sim_main.cpp -o Vpp_top_vid
./obj_vid/Vpp_top_vid
awk '{c += $1; f += $2} END {if (NR != 2) {print "FAIL: " NR " build tallies, expected 2"; exit 1} printf "%d checks: %d PASS, %d FAIL\n", c, c - f, f}' \
    obj_dir/build_tally.txt
START 05-refuse-0002: cwd=/tmp/a161-issue97-rwxncqry/05-refuse-0002/tb/pp_top rtk proxy $WORKSPACE_HOME/milan-fpga-management/2026-09-22/donor97-author/bin/verilator --cc --exe --build -j 0 --top-module pp_top_wrap -Wall -Wno-fatal -Wno-DECLFILENAME -Wno-UNUSEDSIGNAL -Wno-WIDTHEXPAND -Wno-WIDTHTRUNC -Wno-UNUSEDPARAM -CFLAGS '-std=c++17 -O2 -I/tmp/a161-issue97-rwxncqry/05-refuse-0002/tb/pp_top -Wall -Wextra' '+define+PP_TOP_SRP_DOM_DEF_VID=16'"'"'h0002' -CFLAGS -DPP_TOP_SRP_DOM_DEF_VID=0x0002 --Mdir obj_vid ../../hdl/common/pp_pkg.sv ../../hdl/srp/srp_pkg.sv ../../hdl/acmp/pp_acmp_pkg.sv ../../hdl/adp/pp_adp_pkg.sv ../../hdl/common/KL_pp_prng.sv ../../hdl/common/KL_pp_timer_service.sv ../../hdl/packet_engine/KL_pp_rx_validator.sv ../../hdl/packet_engine/KL_pp_rx_slots.sv ../../hdl/packet_engine/KL_pp_normalizer.sv ../../hdl/packet_engine/KL_pp_dispatch.sv ../../hdl/packet_engine/KL_pp_tx_slots.sv ../../hdl/packet_engine/KL_pp_release_merge.sv ../../hdl/packet_engine/KL_pp_tx_arbiter.sv ../../hdl/packet_engine/KL_pp_scoreboard.sv ../../hdl/packet_engine/KL_pp_event_router.sv ../../hdl/packet_engine/KL_pp_originator.sv ../../hdl/packet_engine/KL_pp_trace_ring.sv ../../hdl/packet_engine/KL_pp_side_port.sv ../../hdl/packet_engine/KL_pp_nvm_port.sv ../../hdl/aecp/ucpu_pkg.sv ../../hdl/aecp/KL_aecp_ucpu.sv ../../hdl/aecp/KL_aecp_desc_store.sv ../../hdl/aecp/KL_aecp_dyn_state.sv ../../hdl/aecp/KL_aecp_engine.sv ../../hdl/aecp/KL_aecp_resp_buf.sv ../../hdl/aecp/KL_aecp_notify.sv ../../hdl/aecp/KL_aecp_ca_originator.sv ../../hdl/adp/KL_adp_engine.sv ../../hdl/acmp/KL_pp_acmp_listener.sv ../../hdl/acmp/KL_acmp_talker.sv ../../hdl/acmp/KL_acmp_nvm_shadow.sv ../../hdl/maap/KL_pp_maap.sv ../../hdl/srp/KL_srp_decoder.sv ../../hdl/srp/KL_srp_domain.sv ../../hdl/srp/KL_srp_vlan.sv ../../hdl/srp/KL_srp_admission.sv ../../hdl/srp/KL_srp_talker_fsm.sv ../../hdl/srp/KL_srp_listener_fsm.sv ../../hdl/srp/KL_srp_encoder.sv ../../hdl/srp/KL_srp_top.sv ../../hdl/top/KL_mrp_strip.sv ../../hdl/top/protocol_processor_top.sv pp_top_wrap.sv sim_main.cpp -o Vpp_top_vid
END 05-refuse-0002: rc=2, expected=2, seconds=6.791, log=$WORKSPACE_HOME/milan-fpga-management/2026-09-22/donor97-author/receipts/05-refuse-0002.log
  • the comparison reduces to ‘(2 != 2)’
../sim_main.cpp:83:39: error: static assertion failed: SRP VID fixture must differ from product default 2 in the 12-bit class-D value
   83 | static_assert((SRP_DEF_VID & 0x0FFFu) != 2,
      |               ~~~~~~~~~~~~~~~~~~~~~~~~^~~~
  • the comparison reduces to ‘(2 != 2)’
make: *** [Vpp_top_wrap.mk:64: sim_main.o] Error 1
make: *** Waiting for unfinished jobs....
rm Vpp_top_wrap__ALL.verilator_deplist.tmp
make: Leaving directory '/tmp/a161-issue97-rwxncqry/05-refuse-0002/tb/pp_top/obj_vid'
%Error: 'make -C obj_vid -f Vpp_top_wrap.mk -j 8' exited with 2
        ... See the manual at https://verilator.org/verilator_doc.html?v=5.052 for more assistance.
%Error: Command Failed ulimit -s unlimited 2>/dev/null; exec /usr/bin/verilator_bin --cc --exe --build --top-module pp_top_wrap -Wall -Wno-fatal -Wno-DECLFILENAME -Wno-UNUSEDSIGNAL -Wno-WIDTHEXPAND -Wno-WIDTHTRUNC -Wno-UNUSEDPARAM -CFLAGS -std=c++17\ -O2\ -I/tmp/a161-issue97-rwxncqry/05-refuse-0002/tb/pp_top\ -Wall\ -Wextra +define+PP_TOP_SRP_DOM_DEF_VID=16\'h0002 -CFLAGS -DPP_TOP_SRP_DOM_DEF_VID=0x0002 --Mdir obj_vid ../../hdl/common/pp_pkg.sv ../../hdl/srp/srp_pkg.sv ../../hdl/acmp/pp_acmp_pkg.sv ../../hdl/adp/pp_adp_pkg.sv ../../hdl/common/KL_pp_prng.sv ../../hdl/common/KL_pp_timer_service.sv ../../hdl/packet_engine/KL_pp_rx_validator.sv ../../hdl/packet_engine/KL_pp_rx_slots.sv ../../hdl/packet_engine/KL_pp_normalizer.sv ../../hdl/packet_engine/KL_pp_dispatch.sv ../../hdl/packet_engine/KL_pp_tx_slots.sv ../../hdl/packet_engine/KL_pp_release_merge.sv ../../hdl/packet_engine/KL_pp_tx_arbiter.sv ../../hdl/packet_engine/KL_pp_scoreboard.sv ../../hdl/packet_engine/KL_pp_event_router.sv ../../hdl/packet_engine/KL_pp_originator.sv ../../hdl/packet_engine/KL_pp_trace_ring.sv ../../hdl/packet_engine/KL_pp_side_port.sv ../../hdl/packet_engine/KL_pp_nvm_port.sv ../../hdl/aecp/ucpu_pkg.sv ../../hdl/aecp/KL_aecp_ucpu.sv ../../hdl/aecp/KL_aecp_desc_store.sv ../../hdl/aecp/KL_aecp_dyn_state.sv ../../hdl/aecp/KL_aecp_engine.sv ../../hdl/aecp/KL_aecp_resp_buf.sv ../../hdl/aecp/KL_aecp_notify.sv ../../hdl/aecp/KL_aecp_ca_originator.sv ../../hdl/adp/KL_adp_engine.sv ../../hdl/acmp/KL_pp_acmp_listener.sv ../../hdl/acmp/KL_acmp_talker.sv ../../hdl/acmp/KL_acmp_nvm_shadow.sv ../../hdl/maap/KL_pp_maap.sv ../../hdl/srp/KL_srp_decoder.sv ../../hdl/srp/KL_srp_domain.sv ../../hdl/srp/KL_srp_vlan.sv ../../hdl/srp/KL_srp_admission.sv ../../hdl/srp/KL_srp_talker_fsm.sv ../../hdl/srp/KL_srp_listener_fsm.sv ../../hdl/srp/KL_srp_encoder.sv ../../hdl/srp/KL_srp_top.sv ../../hdl/top/KL_mrp_strip.sv ../../hdl/top/protocol_processor_top.sv pp_top_wrap.sv sim_main.cpp -o Vpp_top_vid -j 8 --build-jobs 8 --verilate-jobs 8
VERIFIED 05-refuse-0002: fixture compilation refused with expected diagnostics
START 05-refuse-1002-recipe: cwd=/tmp/a161-issue97-rwxncqry/05-refuse-1002/tb/pp_top rtk proxy make -n run VERILATOR=$WORKSPACE_HOME/milan-fpga-management/2026-09-22/donor97-author/bin/verilator SRP_VID_FIXTURE=1002
END 05-refuse-1002-recipe: rc=0, expected=0, seconds=0.028, log=$WORKSPACE_HOME/milan-fpga-management/2026-09-22/donor97-author/receipts/05-refuse-1002-recipe.log
    --cc -j 0 --top-module pp_top_wrap -Wall -Wno-fatal -Wno-DECLFILENAME -Wno-UNUSEDSIGNAL -Wno-WIDTHEXPAND -Wno-WIDTHTRUNC -Wno-UNUSEDPARAM -CFLAGS "-std=c++17 -O2 -I/tmp/a161-issue97-rwxncqry/05-refuse-1002/tb/pp_top -Wall -Wextra" ../../hdl/common/pp_pkg.sv ../../hdl/srp/srp_pkg.sv ../../hdl/acmp/pp_acmp_pkg.sv ../../hdl/adp/pp_adp_pkg.sv ../../hdl/common/KL_pp_prng.sv ../../hdl/common/KL_pp_timer_service.sv ../../hdl/packet_engine/KL_pp_rx_validator.sv ../../hdl/packet_engine/KL_pp_rx_slots.sv ../../hdl/packet_engine/KL_pp_normalizer.sv ../../hdl/packet_engine/KL_pp_dispatch.sv ../../hdl/packet_engine/KL_pp_tx_slots.sv ../../hdl/packet_engine/KL_pp_release_merge.sv ../../hdl/packet_engine/KL_pp_tx_arbiter.sv ../../hdl/packet_engine/KL_pp_scoreboard.sv ../../hdl/packet_engine/KL_pp_event_router.sv ../../hdl/packet_engine/KL_pp_originator.sv ../../hdl/packet_engine/KL_pp_trace_ring.sv ../../hdl/packet_engine/KL_pp_side_port.sv ../../hdl/packet_engine/KL_pp_nvm_port.sv ../../hdl/aecp/ucpu_pkg.sv ../../hdl/aecp/KL_aecp_ucpu.sv ../../hdl/aecp/KL_aecp_desc_store.sv ../../hdl/aecp/KL_aecp_dyn_state.sv ../../hdl/aecp/KL_aecp_engine.sv ../../hdl/aecp/KL_aecp_resp_buf.sv ../../hdl/aecp/KL_aecp_notify.sv ../../hdl/aecp/KL_aecp_ca_originator.sv ../../hdl/adp/KL_adp_engine.sv ../../hdl/acmp/KL_pp_acmp_listener.sv ../../hdl/acmp/KL_acmp_talker.sv ../../hdl/acmp/KL_acmp_nvm_shadow.sv ../../hdl/maap/KL_pp_maap.sv ../../hdl/srp/KL_srp_decoder.sv ../../hdl/srp/KL_srp_domain.sv ../../hdl/srp/KL_srp_vlan.sv ../../hdl/srp/KL_srp_admission.sv ../../hdl/srp/KL_srp_talker_fsm.sv ../../hdl/srp/KL_srp_listener_fsm.sv ../../hdl/srp/KL_srp_encoder.sv ../../hdl/srp/KL_srp_top.sv ../../hdl/top/KL_mrp_strip.sv ../../hdl/top/protocol_processor_top.sv pp_top_wrap.sv
python3 ../../hdl/acmp/rom/gen_ltn_rom.py -o ltn_rom.hex
python3 ../../hdl/aecp/ucode/gen_ucode.py -o ucode.hex
rm -f obj_dir/build_tally.txt
$WORKSPACE_HOME/milan-fpga-management/2026-09-22/donor97-author/bin/verilator --cc --exe --build -j 0 --top-module pp_top_wrap -Wall -Wno-fatal -Wno-DECLFILENAME -Wno-UNUSEDSIGNAL -Wno-WIDTHEXPAND -Wno-WIDTHTRUNC -Wno-UNUSEDPARAM -CFLAGS "-std=c++17 -O2 -I/tmp/a161-issue97-rwxncqry/05-refuse-1002/tb/pp_top -Wall -Wextra" ../../hdl/common/pp_pkg.sv ../../hdl/srp/srp_pkg.sv ../../hdl/acmp/pp_acmp_pkg.sv ../../hdl/adp/pp_adp_pkg.sv ../../hdl/common/KL_pp_prng.sv ../../hdl/common/KL_pp_timer_service.sv ../../hdl/packet_engine/KL_pp_rx_validator.sv ../../hdl/packet_engine/KL_pp_rx_slots.sv ../../hdl/packet_engine/KL_pp_normalizer.sv ../../hdl/packet_engine/KL_pp_dispatch.sv ../../hdl/packet_engine/KL_pp_tx_slots.sv ../../hdl/packet_engine/KL_pp_release_merge.sv ../../hdl/packet_engine/KL_pp_tx_arbiter.sv ../../hdl/packet_engine/KL_pp_scoreboard.sv ../../hdl/packet_engine/KL_pp_event_router.sv ../../hdl/packet_engine/KL_pp_originator.sv ../../hdl/packet_engine/KL_pp_trace_ring.sv ../../hdl/packet_engine/KL_pp_side_port.sv ../../hdl/packet_engine/KL_pp_nvm_port.sv ../../hdl/aecp/ucpu_pkg.sv ../../hdl/aecp/KL_aecp_ucpu.sv ../../hdl/aecp/KL_aecp_desc_store.sv ../../hdl/aecp/KL_aecp_dyn_state.sv ../../hdl/aecp/KL_aecp_engine.sv ../../hdl/aecp/KL_aecp_resp_buf.sv ../../hdl/aecp/KL_aecp_notify.sv ../../hdl/aecp/KL_aecp_ca_originator.sv ../../hdl/adp/KL_adp_engine.sv ../../hdl/acmp/KL_pp_acmp_listener.sv ../../hdl/acmp/KL_acmp_talker.sv ../../hdl/acmp/KL_acmp_nvm_shadow.sv ../../hdl/maap/KL_pp_maap.sv ../../hdl/srp/KL_srp_decoder.sv ../../hdl/srp/KL_srp_domain.sv ../../hdl/srp/KL_srp_vlan.sv ../../hdl/srp/KL_srp_admission.sv ../../hdl/srp/KL_srp_talker_fsm.sv ../../hdl/srp/KL_srp_listener_fsm.sv ../../hdl/srp/KL_srp_encoder.sv ../../hdl/srp/KL_srp_top.sv ../../hdl/top/KL_mrp_strip.sv ../../hdl/top/protocol_processor_top.sv pp_top_wrap.sv sim_main.cpp -o Vpp_top_sim
./obj_dir/Vpp_top_sim
$WORKSPACE_HOME/milan-fpga-management/2026-09-22/donor97-author/bin/verilator --cc --exe --build -j 0 --top-module pp_top_wrap -Wall -Wno-fatal -Wno-DECLFILENAME -Wno-UNUSEDSIGNAL -Wno-WIDTHEXPAND -Wno-WIDTHTRUNC -Wno-UNUSEDPARAM -CFLAGS "-std=c++17 -O2 -I/tmp/a161-issue97-rwxncqry/05-refuse-1002/tb/pp_top -Wall -Wextra" "+define+PP_TOP_SRP_DOM_DEF_VID=16'h1002" \
    -CFLAGS "-DPP_TOP_SRP_DOM_DEF_VID=0x1002" \
    --Mdir obj_vid ../../hdl/common/pp_pkg.sv ../../hdl/srp/srp_pkg.sv ../../hdl/acmp/pp_acmp_pkg.sv ../../hdl/adp/pp_adp_pkg.sv ../../hdl/common/KL_pp_prng.sv ../../hdl/common/KL_pp_timer_service.sv ../../hdl/packet_engine/KL_pp_rx_validator.sv ../../hdl/packet_engine/KL_pp_rx_slots.sv ../../hdl/packet_engine/KL_pp_normalizer.sv ../../hdl/packet_engine/KL_pp_dispatch.sv ../../hdl/packet_engine/KL_pp_tx_slots.sv ../../hdl/packet_engine/KL_pp_release_merge.sv ../../hdl/packet_engine/KL_pp_tx_arbiter.sv ../../hdl/packet_engine/KL_pp_scoreboard.sv ../../hdl/packet_engine/KL_pp_event_router.sv ../../hdl/packet_engine/KL_pp_originator.sv ../../hdl/packet_engine/KL_pp_trace_ring.sv ../../hdl/packet_engine/KL_pp_side_port.sv ../../hdl/packet_engine/KL_pp_nvm_port.sv ../../hdl/aecp/ucpu_pkg.sv ../../hdl/aecp/KL_aecp_ucpu.sv ../../hdl/aecp/KL_aecp_desc_store.sv ../../hdl/aecp/KL_aecp_dyn_state.sv ../../hdl/aecp/KL_aecp_engine.sv ../../hdl/aecp/KL_aecp_resp_buf.sv ../../hdl/aecp/KL_aecp_notify.sv ../../hdl/aecp/KL_aecp_ca_originator.sv ../../hdl/adp/KL_adp_engine.sv ../../hdl/acmp/KL_pp_acmp_listener.sv ../../hdl/acmp/KL_acmp_talker.sv ../../hdl/acmp/KL_acmp_nvm_shadow.sv ../../hdl/maap/KL_pp_maap.sv ../../hdl/srp/KL_srp_decoder.sv ../../hdl/srp/KL_srp_domain.sv ../../hdl/srp/KL_srp_vlan.sv ../../hdl/srp/KL_srp_admission.sv ../../hdl/srp/KL_srp_talker_fsm.sv ../../hdl/srp/KL_srp_listener_fsm.sv ../../hdl/srp/KL_srp_encoder.sv ../../hdl/srp/KL_srp_top.sv ../../hdl/top/KL_mrp_strip.sv ../../hdl/top/protocol_processor_top.sv pp_top_wrap.sv sim_main.cpp -o Vpp_top_vid
./obj_vid/Vpp_top_vid
awk '{c += $1; f += $2} END {if (NR != 2) {print "FAIL: " NR " build tallies, expected 2"; exit 1} printf "%d checks: %d PASS, %d FAIL\n", c, c - f, f}' \
    obj_dir/build_tally.txt
START 05-refuse-1002: cwd=/tmp/a161-issue97-rwxncqry/05-refuse-1002/tb/pp_top rtk proxy $WORKSPACE_HOME/milan-fpga-management/2026-09-22/donor97-author/bin/verilator --cc --exe --build -j 0 --top-module pp_top_wrap -Wall -Wno-fatal -Wno-DECLFILENAME -Wno-UNUSEDSIGNAL -Wno-WIDTHEXPAND -Wno-WIDTHTRUNC -Wno-UNUSEDPARAM -CFLAGS '-std=c++17 -O2 -I/tmp/a161-issue97-rwxncqry/05-refuse-1002/tb/pp_top -Wall -Wextra' '+define+PP_TOP_SRP_DOM_DEF_VID=16'"'"'h1002' -CFLAGS -DPP_TOP_SRP_DOM_DEF_VID=0x1002 --Mdir obj_vid ../../hdl/common/pp_pkg.sv ../../hdl/srp/srp_pkg.sv ../../hdl/acmp/pp_acmp_pkg.sv ../../hdl/adp/pp_adp_pkg.sv ../../hdl/common/KL_pp_prng.sv ../../hdl/common/KL_pp_timer_service.sv ../../hdl/packet_engine/KL_pp_rx_validator.sv ../../hdl/packet_engine/KL_pp_rx_slots.sv ../../hdl/packet_engine/KL_pp_normalizer.sv ../../hdl/packet_engine/KL_pp_dispatch.sv ../../hdl/packet_engine/KL_pp_tx_slots.sv ../../hdl/packet_engine/KL_pp_release_merge.sv ../../hdl/packet_engine/KL_pp_tx_arbiter.sv ../../hdl/packet_engine/KL_pp_scoreboard.sv ../../hdl/packet_engine/KL_pp_event_router.sv ../../hdl/packet_engine/KL_pp_originator.sv ../../hdl/packet_engine/KL_pp_trace_ring.sv ../../hdl/packet_engine/KL_pp_side_port.sv ../../hdl/packet_engine/KL_pp_nvm_port.sv ../../hdl/aecp/ucpu_pkg.sv ../../hdl/aecp/KL_aecp_ucpu.sv ../../hdl/aecp/KL_aecp_desc_store.sv ../../hdl/aecp/KL_aecp_dyn_state.sv ../../hdl/aecp/KL_aecp_engine.sv ../../hdl/aecp/KL_aecp_resp_buf.sv ../../hdl/aecp/KL_aecp_notify.sv ../../hdl/aecp/KL_aecp_ca_originator.sv ../../hdl/adp/KL_adp_engine.sv ../../hdl/acmp/KL_pp_acmp_listener.sv ../../hdl/acmp/KL_acmp_talker.sv ../../hdl/acmp/KL_acmp_nvm_shadow.sv ../../hdl/maap/KL_pp_maap.sv ../../hdl/srp/KL_srp_decoder.sv ../../hdl/srp/KL_srp_domain.sv ../../hdl/srp/KL_srp_vlan.sv ../../hdl/srp/KL_srp_admission.sv ../../hdl/srp/KL_srp_talker_fsm.sv ../../hdl/srp/KL_srp_listener_fsm.sv ../../hdl/srp/KL_srp_encoder.sv ../../hdl/srp/KL_srp_top.sv ../../hdl/top/KL_mrp_strip.sv ../../hdl/top/protocol_processor_top.sv pp_top_wrap.sv sim_main.cpp -o Vpp_top_vid
END 05-refuse-1002: rc=2, expected=2, seconds=6.899, log=$WORKSPACE_HOME/milan-fpga-management/2026-09-22/donor97-author/receipts/05-refuse-1002.log
g++   -I.  -MMD -I/usr/share/verilator/include -I/usr/share/verilator/include/vltstd -DVERILATOR=1 -DVM_COVERAGE=0 -DVM_SC=0 -DVM_TIMING=0 -DVM_TRACE=0 -DVM_TRACE_FST=0 -DVM_TRACE_VCD=0 -DVM_TRACE_SAIF=0 -DVM_VPI=0 -faligned-new -fcf-protection=none -Wno-bool-operation -Wno-int-in-bool-context -Wno-shadow -Wno-sign-compare -Wno-subobject-linkage -Wno-tautological-compare -Wno-uninitialized -Wno-unused-but-set-parameter -Wno-unused-but-set-variable -Wno-unused-parameter -Wno-unused-variable    -std=c++17 -O2 -I/tmp/a161-issue97-rwxncqry/05-refuse-1002/tb/pp_top -Wall -Wextra -DPP_TOP_SRP_DOM_DEF_VID=0x1002   -c -x c++-header Vpp_top_wrap__pch.h -o Vpp_top_wrap__pch.h.slow.gch
../sim_main.cpp:83:39: error: static assertion failed: SRP VID fixture must differ from product default 2 in the 12-bit class-D value
   83 | static_assert((SRP_DEF_VID & 0x0FFFu) != 2,
      |               ~~~~~~~~~~~~~~~~~~~~~~~~^~~~
  • the comparison reduces to ‘(2 != 2)’
make: *** [Vpp_top_wrap.mk:64: sim_main.o] Error 1
make: *** Waiting for unfinished jobs....
rm Vpp_top_wrap__ALL.verilator_deplist.tmp
make: Leaving directory '/tmp/a161-issue97-rwxncqry/05-refuse-1002/tb/pp_top/obj_vid'
%Error: 'make -C obj_vid -f Vpp_top_wrap.mk -j 8' exited with 2
        ... See the manual at https://verilator.org/verilator_doc.html?v=5.052 for more assistance.
%Error: Command Failed ulimit -s unlimited 2>/dev/null; exec /usr/bin/verilator_bin --cc --exe --build --top-module pp_top_wrap -Wall -Wno-fatal -Wno-DECLFILENAME -Wno-UNUSEDSIGNAL -Wno-WIDTHEXPAND -Wno-WIDTHTRUNC -Wno-UNUSEDPARAM -CFLAGS -std=c++17\ -O2\ -I/tmp/a161-issue97-rwxncqry/05-refuse-1002/tb/pp_top\ -Wall\ -Wextra +define+PP_TOP_SRP_DOM_DEF_VID=16\'h1002 -CFLAGS -DPP_TOP_SRP_DOM_DEF_VID=0x1002 --Mdir obj_vid ../../hdl/common/pp_pkg.sv ../../hdl/srp/srp_pkg.sv ../../hdl/acmp/pp_acmp_pkg.sv ../../hdl/adp/pp_adp_pkg.sv ../../hdl/common/KL_pp_prng.sv ../../hdl/common/KL_pp_timer_service.sv ../../hdl/packet_engine/KL_pp_rx_validator.sv ../../hdl/packet_engine/KL_pp_rx_slots.sv ../../hdl/packet_engine/KL_pp_normalizer.sv ../../hdl/packet_engine/KL_pp_dispatch.sv ../../hdl/packet_engine/KL_pp_tx_slots.sv ../../hdl/packet_engine/KL_pp_release_merge.sv ../../hdl/packet_engine/KL_pp_tx_arbiter.sv ../../hdl/packet_engine/KL_pp_scoreboard.sv ../../hdl/packet_engine/KL_pp_event_router.sv ../../hdl/packet_engine/KL_pp_originator.sv ../../hdl/packet_engine/KL_pp_trace_ring.sv ../../hdl/packet_engine/KL_pp_side_port.sv ../../hdl/packet_engine/KL_pp_nvm_port.sv ../../hdl/aecp/ucpu_pkg.sv ../../hdl/aecp/KL_aecp_ucpu.sv ../../hdl/aecp/KL_aecp_desc_store.sv ../../hdl/aecp/KL_aecp_dyn_state.sv ../../hdl/aecp/KL_aecp_engine.sv ../../hdl/aecp/KL_aecp_resp_buf.sv ../../hdl/aecp/KL_aecp_notify.sv ../../hdl/aecp/KL_aecp_ca_originator.sv ../../hdl/adp/KL_adp_engine.sv ../../hdl/acmp/KL_pp_acmp_listener.sv ../../hdl/acmp/KL_acmp_talker.sv ../../hdl/acmp/KL_acmp_nvm_shadow.sv ../../hdl/maap/KL_pp_maap.sv ../../hdl/srp/KL_srp_decoder.sv ../../hdl/srp/KL_srp_domain.sv ../../hdl/srp/KL_srp_vlan.sv ../../hdl/srp/KL_srp_admission.sv ../../hdl/srp/KL_srp_talker_fsm.sv ../../hdl/srp/KL_srp_listener_fsm.sv ../../hdl/srp/KL_srp_encoder.sv ../../hdl/srp/KL_srp_top.sv ../../hdl/top/KL_mrp_strip.sv ../../hdl/top/protocol_processor_top.sv pp_top_wrap.sv sim_main.cpp -o Vpp_top_vid -j 8 --build-jobs 8 --verilate-jobs 8
VERIFIED 05-refuse-1002: fixture compilation refused with expected diagnostics
START 06-missing-binding: cwd=/tmp/a161-issue97-rwxncqry/06-missing-binding/tb/pp_top rtk proxy make -j8
END 06-missing-binding: rc=2, expected=2, seconds=197.352, log=$WORKSPACE_HOME/milan-fpga-management/2026-09-22/donor97-author/receipts/06-missing-binding.log
  got (37 B): 01 80 c2 00 00 0e 0a 0b 0c 0d 0e 0f 22 ea 00 04 04 00 10 00 01 06 03 00 02 b4 00 01 06 03 00 05 00 00 00 00 00
  exp (37 B): 01 80 c2 00 00 0e 0a 0b 0c 0d 0e 0f 22 ea 00 04 04 00 10 00 01 06 03 5a 3c b4 00 01 06 03 00 05 00 00 00 00 00
FAIL: DV5: LINK_DOWN restores {3, 0xa3c, DEFAULTS}
  DV5: class-D {prio 3, vid 0x002, adopted 0}
FAIL: DV5: snapshot word 10 reverted, got 0x00030002
FAIL: DV5: the default holds while down
FAIL: DV6: LINK_UP re-declares Domain New {6, 3, 0x5a3c}
  got (30 B): 01 80 c2 00 00 0e 0a 0b 0c 0d 0e 0f 22 ea 00 04 04 00 09 00 01 06 03 00 02 00 00 00 00 00
  exp (30 B): 01 80 c2 00 00 0e 0a 0b 0c 0d 0e 0f 22 ea 00 04 04 00 09 00 01 06 03 5a 3c 00 00 00 00 00
FAIL: DV6: class-D is the default again
[build fixture, SRP_DOM_DEF_VID_P 0x5a3c] 20 checks, 13 failures
make: *** [Makefile:59: run] Error 1
VERIFIED missing binding: default 1391/0, fixture 20/13
START 07-child-default: cwd=/tmp/a161-issue97-rwxncqry/07-child-default/tb/pp_top rtk proxy make -j8
END 07-child-default: rc=0, expected=0, seconds=196.338, log=$WORKSPACE_HOME/milan-fpga-management/2026-09-22/donor97-author/receipts/07-child-default.log
g++   -I.  -MMD -I/usr/share/verilator/include -I/usr/share/verilator/include/vltstd -DVERILATOR=1 -DVM_COVERAGE=0 -DVM_SC=0 -DVM_TIMING=0 -DVM_TRACE=0 -DVM_TRACE_FST=0 -DVM_TRACE_VCD=0 -DVM_TRACE_SAIF=0 -DVM_VPI=0 -faligned-new -fcf-protection=none -Wno-bool-operation -Wno-int-in-bool-context -Wno-shadow -Wno-sign-compare -Wno-subobject-linkage -Wno-tautological-compare -Wno-uninitialized -Wno-unused-but-set-parameter -Wno-unused-but-set-variable -Wno-unused-parameter -Wno-unused-variable    -std=c++17 -O2 -I/tmp/a161-issue97-rwxncqry/07-child-default/tb/pp_top -Wall -Wextra -DPP_TOP_SRP_DOM_DEF_VID=0x5A3C   -include Vpp_top_wrap__pch.h.slow -c Vpp_top_wrap___024root__0__Slow.cpp
g++   -I.  -MMD -I/usr/share/verilator/include -I/usr/share/verilator/include/vltstd -DVERILATOR=1 -DVM_COVERAGE=0 -DVM_SC=0 -DVM_TIMING=0 -DVM_TRACE=0 -DVM_TRACE_FST=0 -DVM_TRACE_VCD=0 -DVM_TRACE_SAIF=0 -DVM_VPI=0 -faligned-new -fcf-protection=none -Wno-bool-operation -Wno-int-in-bool-context -Wno-shadow -Wno-sign-compare -Wno-subobject-linkage -Wno-tautological-compare -Wno-uninitialized -Wno-unused-but-set-parameter -Wno-unused-but-set-variable -Wno-unused-parameter -Wno-unused-variable    -std=c++17 -O2 -I/tmp/a161-issue97-rwxncqry/07-child-default/tb/pp_top -Wall -Wextra -DPP_TOP_SRP_DOM_DEF_VID=0x5A3C   -include Vpp_top_wrap__pch.h.slow -c Vpp_top_wrap___024root__1__Slow.cpp
g++   -I.  -MMD -I/usr/share/verilator/include -I/usr/share/verilator/include/vltstd -DVERILATOR=1 -DVM_COVERAGE=0 -DVM_SC=0 -DVM_TIMING=0 -DVM_TRACE=0 -DVM_TRACE_FST=0 -DVM_TRACE_VCD=0 -DVM_TRACE_SAIF=0 -DVM_VPI=0 -faligned-new -fcf-protection=none -Wno-bool-operation -Wno-int-in-bool-context -Wno-shadow -Wno-sign-compare -Wno-subobject-linkage -Wno-tautological-compare -Wno-uninitialized -Wno-unused-but-set-parameter -Wno-unused-but-set-variable -Wno-unused-parameter -Wno-unused-variable    -std=c++17 -O2 -I/tmp/a161-issue97-rwxncqry/07-child-default/tb/pp_top -Wall -Wextra -DPP_TOP_SRP_DOM_DEF_VID=0x5A3C   -include Vpp_top_wrap__pch.h.slow -c Vpp_top_wrap__Syms__Slow.cpp
g++    sim_main.o verilated.o verilated_dpi.o verilated_threads.o Vpp_top_wrap__ALL.a    -pthread -lpthread -latomic   -o Vpp_top_vid
rm Vpp_top_wrap__ALL.verilator_deplist.tmp
make[1]: Leaving directory '/tmp/a161-issue97-rwxncqry/07-child-default/tb/pp_top/obj_vid'
- V e r i l a t i o n   R e p o r t: Verilator 5.052 2026-09-05 rev v5.052
- Verilator: Built from 13.647 MB sources in 45 modules, into 5.318 MB in 12 C++ files needing 0.001 MB
- Verilator: Walltime 15.283 s (elab=0.172, cvt=1.076, bld=13.841); cpu 1.506 s on 8 threads; allocated 80.879 MB
./obj_vid/Vpp_top_vid
[build fixture, SRP_DOM_DEF_VID_P 0x5a3c] 20 checks, 0 failures
1411 checks: 1411 PASS, 0 FAIL
VERIFIED child default 7 with binding intact: both builds green
START 08-remove-wire-guard: cwd=/tmp/a161-issue97-rwxncqry/08-remove-wire-guard/tb/pp_top rtk proxy make -j8 fixture-guards
END 08-remove-wire-guard: rc=2, expected=2, seconds=5.118, log=$WORKSPACE_HOME/milan-fpga-management/2026-09-22/donor97-author/receipts/08-remove-wire-guard.log
/usr/share/verilator/include/verilated_types.h: In instantiation of ‘T_Value& VlQueue<T_Value, N_MaxSize>::atWrite(int32_t) [with T_Value = long unsigned int; long unsigned int N_MaxSize = 0; int32_t = int]’:
/usr/share/verilator/include/verilated_funcs.h:3108:48:   required from here
 3108 |     for (size_t i = 0; i < size; ++i) q.atWrite(size - 1 - i) = (from >> (i * lbits)) & mask;
      |                                       ~~~~~~~~~^~~~~~~~~~~~~~
/usr/share/verilator/include/verilated_types.h:720:44: warning: comparison of integer expressions of different signedness: ‘int32_t’ {aka ‘int’} and ‘std::deque<long unsigned int, std::allocator<long unsigned int> >::size_type’ {aka ‘long unsigned int’} [-Wsign-compare]
  720 |         if (VL_UNLIKELY(index < 0 || index >= m_deque.size())) {
      |                                      ~~~~~~^~~~~~~~~~~~~~~~~
/usr/share/verilator/include/verilatedos.h:67:45: note: in definition of macro ‘VL_UNLIKELY’
   67 | # define VL_UNLIKELY(x) __builtin_expect(!!(x), 0)  // Prefer over C++20 [[unlikely]]
      |                                             ^

make: *** [Makefile:68: fixture-guards] Error 1
VERIFIED 08-remove-wire-guard: focused coverage detects missing assertion
START 09-remove-class-d-guard: cwd=/tmp/a161-issue97-rwxncqry/09-remove-class-d-guard/tb/pp_top rtk proxy make -j8 fixture-guards
END 09-remove-class-d-guard: rc=2, expected=2, seconds=4.991, log=$WORKSPACE_HOME/milan-fpga-management/2026-09-22/donor97-author/receipts/09-remove-class-d-guard.log
/usr/share/verilator/include/verilated_types.h: In instantiation of ‘T_Value& VlQueue<T_Value, N_MaxSize>::atWrite(int32_t) [with T_Value = long unsigned int; long unsigned int N_MaxSize = 0; int32_t = int]’:
/usr/share/verilator/include/verilated_funcs.h:3108:48:   required from here
 3108 |     for (size_t i = 0; i < size; ++i) q.atWrite(size - 1 - i) = (from >> (i * lbits)) & mask;
      |                                       ~~~~~~~~~^~~~~~~~~~~~~~
/usr/share/verilator/include/verilated_types.h:720:44: warning: comparison of integer expressions of different signedness: ‘int32_t’ {aka ‘int’} and ‘std::deque<long unsigned int, std::allocator<long unsigned int> >::size_type’ {aka ‘long unsigned int’} [-Wsign-compare]
  720 |         if (VL_UNLIKELY(index < 0 || index >= m_deque.size())) {
      |                                      ~~~~~~^~~~~~~~~~~~~~~~~
/usr/share/verilator/include/verilatedos.h:67:45: note: in definition of macro ‘VL_UNLIKELY’
   67 | # define VL_UNLIKELY(x) __builtin_expect(!!(x), 0)  // Prefer over C++20 [[unlikely]]
      |                                             ^

make: *** [Makefile:68: fixture-guards] Error 1
VERIFIED 09-remove-class-d-guard: focused coverage detects missing assertion
All sequential controls verified
