2026-09-22T11:13:40.8229796Z Current runner version: '2.337.0'
2026-09-22T11:13:40.8255012Z ##[group]Runner Image Provisioner
2026-09-22T11:13:40.8256060Z Hosted Compute Agent
2026-09-22T11:13:40.8256625Z Version: 20260828.587
2026-09-22T11:13:40.8257266Z Commit: abac92662cab4cc7352de4f9f9d2e2419aad9c29
2026-09-22T11:13:40.8258033Z Build Date: 2026-08-28T16:44:25Z
2026-09-22T11:13:40.8258837Z Worker ID: {256ab70f-1e99-463c-9e17-3d1a12c1f594}
2026-09-22T11:13:40.8259685Z Azure Region: northcentralus
2026-09-22T11:13:40.8260260Z ##[endgroup]
2026-09-22T11:13:40.8261864Z ##[group]Operating System
2026-09-22T11:13:40.8262613Z Ubuntu
2026-09-22T11:13:40.8263392Z 24.04.5
2026-09-22T11:13:40.8264082Z LTS
2026-09-22T11:13:40.8264729Z ##[endgroup]
2026-09-22T11:13:40.8265516Z ##[group]Runner Image
2026-09-22T11:13:40.8266335Z Image: ubuntu-24.04
2026-09-22T11:13:40.8267266Z Version: 20260907.300.1
2026-09-22T11:13:40.8268992Z Included Software: https://github.com/actions/runner-images/blob/ubuntu24/20260907.300/images/ubuntu/Ubuntu2404-Readme.md
2026-09-22T11:13:40.8271298Z Image Release: https://github.com/actions/runner-images/releases/tag/ubuntu24%2F20260907.300
2026-09-22T11:13:40.8273297Z ##[endgroup]
2026-09-22T11:13:40.8274860Z ##[group]GITHUB_TOKEN Permissions
2026-09-22T11:13:40.8277937Z Contents: read
2026-09-22T11:13:40.8278756Z Metadata: read
2026-09-22T11:13:40.8279562Z Packages: read
2026-09-22T11:13:40.8280595Z ##[endgroup]
2026-09-22T11:13:40.8284397Z Secret source: Actions
2026-09-22T11:13:40.8285875Z Cache mode: write
2026-09-22T11:13:40.8287128Z Prepare workflow directory
2026-09-22T11:13:40.8748840Z Prepare all required actions
2026-09-22T11:13:40.8798418Z Getting action download info
2026-09-22T11:13:41.1527421Z Download action repository 'actions/checkout@v4' (SHA:11d5960a326750d5838078e36cf38b85af677262)
2026-09-22T11:13:41.3343165Z Complete job name: portability
2026-09-22T11:13:41.4029349Z Node 20 is being deprecated. This workflow is running with Node 24 by default. If you need to temporarily use Node 20, you can set the ACTIONS_ALLOW_USE_UNSECURE_NODE_VERSION=true environment variable. For more information see: https://github.blog/changelog/2025-09-19-deprecation-of-node-20-on-github-actions-runners/
2026-09-22T11:13:41.4039179Z ##[group]Run actions/checkout@v4
2026-09-22T11:13:41.4039939Z with:
2026-09-22T11:13:41.4041401Z   repository: Mister-M-alt/protocol-processor-control-plane-avb-milan
2026-09-22T11:13:41.4045864Z   token: ***
2026-09-22T11:13:41.4046462Z   ssh-strict: true
2026-09-22T11:13:41.4046996Z   ssh-user: git
2026-09-22T11:13:41.4047532Z   persist-credentials: true
2026-09-22T11:13:41.4048148Z   clean: true
2026-09-22T11:13:41.4048679Z   sparse-checkout-cone-mode: true
2026-09-22T11:13:41.4049392Z   fetch-depth: 1
2026-09-22T11:13:41.4050119Z   fetch-tags: false
2026-09-22T11:13:41.4050885Z   show-progress: true
2026-09-22T11:13:41.4051594Z   lfs: false
2026-09-22T11:13:41.4052094Z   submodules: false
2026-09-22T11:13:41.4052796Z   set-safe-directory: true
2026-09-22T11:13:41.4053395Z   allow-unsafe-pr-checkout: false
2026-09-22T11:13:41.4054196Z env:
2026-09-22T11:13:41.4054874Z   VERILATOR_VERSION: v5.050
2026-09-22T11:13:41.4055436Z ##[endgroup]
2026-09-22T11:13:41.5089515Z Syncing repository: Mister-M-alt/protocol-processor-control-plane-avb-milan
2026-09-22T11:13:41.5093748Z ##[group]Getting Git version info
2026-09-22T11:13:41.5095680Z Working directory is '/home/runner/work/protocol-processor-control-plane-avb-milan/protocol-processor-control-plane-avb-milan'
2026-09-22T11:13:41.5098063Z [command]/usr/bin/git version
2026-09-22T11:13:41.5111558Z git version 2.55.0
2026-09-22T11:13:41.5129929Z ##[endgroup]
2026-09-22T11:13:41.5143833Z Temporarily overriding HOME='/home/runner/work/_temp/e29bad68-0331-4a57-9bd0-46f15ad5f3ac' before making global git config changes
2026-09-22T11:13:41.5146003Z Adding repository directory to the temporary git global config as a safe directory
2026-09-22T11:13:41.5149298Z [command]/usr/bin/git config --global --add safe.directory /home/runner/work/protocol-processor-control-plane-avb-milan/protocol-processor-control-plane-avb-milan
2026-09-22T11:13:41.5199601Z Deleting the contents of '/home/runner/work/protocol-processor-control-plane-avb-milan/protocol-processor-control-plane-avb-milan'
2026-09-22T11:13:41.5206051Z ##[group]Initializing the repository
2026-09-22T11:13:41.5211125Z [command]/usr/bin/git init /home/runner/work/protocol-processor-control-plane-avb-milan/protocol-processor-control-plane-avb-milan
2026-09-22T11:13:41.5301451Z hint: Using 'master' as the name for the initial branch. This default branch name
2026-09-22T11:13:41.5302971Z hint: will change to "main" in Git 3.0. To configure the initial branch name
2026-09-22T11:13:41.5304435Z hint: to use in all of your new repositories, which will suppress this warning,
2026-09-22T11:13:41.5305528Z hint: call:
2026-09-22T11:13:41.5306213Z hint:
2026-09-22T11:13:41.5307046Z hint: 	git config --global init.defaultBranch <name>
2026-09-22T11:13:41.5308201Z hint:
2026-09-22T11:13:41.5309175Z hint: Names commonly chosen instead of 'master' are 'main', 'trunk' and
2026-09-22T11:13:41.5310701Z hint: 'development'. The just-created branch can be renamed via this command:
2026-09-22T11:13:41.5311951Z hint:
2026-09-22T11:13:41.5312733Z hint: 	git branch -m <name>
2026-09-22T11:13:41.5313515Z hint:
2026-09-22T11:13:41.5314661Z hint: Disable this message with "git config set advice.defaultBranchName false"
2026-09-22T11:13:41.5322760Z Initialized empty Git repository in /home/runner/work/protocol-processor-control-plane-avb-milan/protocol-processor-control-plane-avb-milan/.git/
2026-09-22T11:13:41.5329772Z [command]/usr/bin/git remote add origin https://github.com/Mister-M-alt/protocol-processor-control-plane-avb-milan
2026-09-22T11:13:41.5373346Z ##[endgroup]
2026-09-22T11:13:41.5374559Z ##[group]Disabling automatic garbage collection
2026-09-22T11:13:41.5383129Z [command]/usr/bin/git config --local gc.auto 0
2026-09-22T11:13:41.5409210Z ##[endgroup]
2026-09-22T11:13:41.5410723Z ##[group]Setting up auth
2026-09-22T11:13:41.5415503Z [command]/usr/bin/git config --local --name-only --get-regexp core\.sshCommand
2026-09-22T11:13:41.5446242Z [command]/usr/bin/git submodule foreach --recursive sh -c "git config --local --name-only --get-regexp 'core\.sshCommand' && git config --local --unset-all 'core.sshCommand' || :"
2026-09-22T11:13:41.6271504Z [command]/usr/bin/git config --local --name-only --get-regexp http\.https\:\/\/github\.com\/\.extraheader
2026-09-22T11:13:41.6302316Z [command]/usr/bin/git submodule foreach --recursive sh -c "git config --local --name-only --get-regexp 'http\.https\:\/\/github\.com\/\.extraheader' && git config --local --unset-all 'http.https://github.com/.extraheader' || :"
2026-09-22T11:13:41.6495363Z [command]/usr/bin/git config --local --name-only --get-regexp ^includeIf\.gitdir:
2026-09-22T11:13:41.6528416Z [command]/usr/bin/git submodule foreach --recursive git config --local --show-origin --name-only --get-regexp remote.origin.url
2026-09-22T11:13:41.6718578Z [command]/usr/bin/git config --local http.https://github.com/.extraheader AUTHORIZATION: basic ***
2026-09-22T11:13:41.6751474Z ##[endgroup]
2026-09-22T11:13:41.6752880Z ##[group]Fetching the repository
2026-09-22T11:13:41.6762801Z [command]/usr/bin/git -c protocol.version=2 fetch --no-tags --prune --no-recurse-submodules --depth=1 origin +c8214cfe827fb3fb50c9bfee415468a24b7c27b1:refs/remotes/origin/main
2026-09-22T11:13:42.4287077Z From https://github.com/Mister-M-alt/protocol-processor-control-plane-avb-milan
2026-09-22T11:13:42.4291322Z  * [new ref]         c8214cfe827fb3fb50c9bfee415468a24b7c27b1 -> origin/main
2026-09-22T11:13:42.4298692Z ##[endgroup]
2026-09-22T11:13:42.4302089Z ##[group]Determining the checkout info
2026-09-22T11:13:42.4305210Z ##[endgroup]
2026-09-22T11:13:42.4307162Z [command]/usr/bin/git sparse-checkout disable
2026-09-22T11:13:42.4345867Z [command]/usr/bin/git config --local --unset-all extensions.worktreeConfig
2026-09-22T11:13:42.4373373Z ##[group]Checking out the ref
2026-09-22T11:13:42.4376931Z [command]/usr/bin/git checkout --progress --force -B main refs/remotes/origin/main
2026-09-22T11:13:42.4908517Z Switched to a new branch 'main'
2026-09-22T11:13:42.4910970Z branch 'main' set up to track 'origin/main'.
2026-09-22T11:13:42.4923163Z ##[endgroup]
2026-09-22T11:13:42.4956214Z [command]/usr/bin/git log -1 --format=%H
2026-09-22T11:13:42.4977702Z c8214cfe827fb3fb50c9bfee415468a24b7c27b1
2026-09-22T11:13:42.5219413Z ##[group]Run sudo apt-get update && sudo apt-get install -y yosys
2026-09-22T11:13:42.5222237Z [36;1msudo apt-get update && sudo apt-get install -y yosys[0m
2026-09-22T11:13:42.5224802Z [36;1mcurl -sL https://github.com/zachjs/sv2v/releases/latest/download/sv2v-Linux.zip \[0m
2026-09-22T11:13:42.5227427Z [36;1m  -o /tmp/sv2v.zip && sudo apt-get install -y unzip[0m
2026-09-22T11:13:42.5229206Z [36;1munzip -o /tmp/sv2v.zip -d /tmp/sv2v[0m
2026-09-22T11:13:42.5231144Z [36;1msudo install /tmp/sv2v/*/sv2v /usr/local/bin/[0m
2026-09-22T11:13:42.5262711Z shell: /usr/bin/bash -e {0}
2026-09-22T11:13:42.5264148Z env:
2026-09-22T11:13:42.5265311Z   VERILATOR_VERSION: v5.050
2026-09-22T11:13:42.5266608Z ##[endgroup]
2026-09-22T11:13:42.6075073Z Get:1 file:/etc/apt/apt-mirrors.txt Mirrorlist [144 B]
2026-09-22T11:13:42.6700186Z Get:6 https://packages.microsoft.com/ubuntu/24.04/prod noble InRelease [3600 B]
2026-09-22T11:13:42.6856260Z Hit:2 http://azure.archive.ubuntu.com/ubuntu noble InRelease
2026-09-22T11:13:42.6862967Z Get:7 https://dl.google.com/linux/chrome-stable/deb stable InRelease [2548 B]
2026-09-22T11:13:42.6886151Z Get:3 http://azure.archive.ubuntu.com/ubuntu noble-updates InRelease [126 kB]
2026-09-22T11:13:42.6943468Z Get:4 http://azure.archive.ubuntu.com/ubuntu noble-backports InRelease [126 kB]
2026-09-22T11:13:42.6954864Z Get:5 http://azure.archive.ubuntu.com/ubuntu noble-security InRelease [126 kB]
2026-09-22T11:13:42.7346946Z Get:8 https://packages.microsoft.com/ubuntu/24.04/prod noble/main amd64 Packages [480 kB]
2026-09-22T11:13:42.7507428Z Get:9 https://packages.microsoft.com/ubuntu/24.04/prod noble/main arm64 Packages [430 kB]
2026-09-22T11:13:42.8369619Z Get:10 https://dl.google.com/linux/chrome-stable/deb stable/main amd64 Packages [1411 B]
2026-09-22T11:13:42.8557078Z Get:11 http://azure.archive.ubuntu.com/ubuntu noble-updates/main amd64 Packages [1284 kB]
2026-09-22T11:13:42.8633491Z Get:12 http://azure.archive.ubuntu.com/ubuntu noble-updates/main Translation-en [295 kB]
2026-09-22T11:13:42.8658118Z Get:13 http://azure.archive.ubuntu.com/ubuntu noble-updates/main amd64 Components [181 kB]
2026-09-22T11:13:42.8674906Z Get:14 http://azure.archive.ubuntu.com/ubuntu noble-updates/universe amd64 Packages [1697 kB]
2026-09-22T11:13:42.8755452Z Get:15 http://azure.archive.ubuntu.com/ubuntu noble-updates/universe Translation-en [340 kB]
2026-09-22T11:13:42.8778718Z Get:16 http://azure.archive.ubuntu.com/ubuntu noble-updates/universe amd64 Components [388 kB]
2026-09-22T11:13:42.8803421Z Get:17 http://azure.archive.ubuntu.com/ubuntu noble-updates/restricted amd64 Packages [1596 kB]
2026-09-22T11:13:42.8892597Z Get:18 http://azure.archive.ubuntu.com/ubuntu noble-updates/restricted Translation-en [362 kB]
2026-09-22T11:13:42.8909339Z Get:19 http://azure.archive.ubuntu.com/ubuntu noble-updates/multiverse amd64 Packages [45.7 kB]
2026-09-22T11:13:42.8918424Z Get:20 http://azure.archive.ubuntu.com/ubuntu noble-updates/multiverse Translation-en [13.1 kB]
2026-09-22T11:13:42.9345837Z Get:21 http://azure.archive.ubuntu.com/ubuntu noble-updates/multiverse amd64 Components [940 B]
2026-09-22T11:13:42.9363126Z Get:22 http://azure.archive.ubuntu.com/ubuntu noble-backports/main amd64 Packages [40.6 kB]
2026-09-22T11:13:42.9380361Z Get:23 http://azure.archive.ubuntu.com/ubuntu noble-backports/main amd64 Components [5748 B]
2026-09-22T11:13:42.9389253Z Get:24 http://azure.archive.ubuntu.com/ubuntu noble-backports/universe amd64 Packages [31.0 kB]
2026-09-22T11:13:42.9400835Z Get:25 http://azure.archive.ubuntu.com/ubuntu noble-backports/universe Translation-en [18.6 kB]
2026-09-22T11:13:42.9442493Z Get:26 http://azure.archive.ubuntu.com/ubuntu noble-backports/universe amd64 Components [12.6 kB]
2026-09-22T11:13:42.9453167Z Get:27 http://azure.archive.ubuntu.com/ubuntu noble-security/main amd64 Packages [1028 kB]
2026-09-22T11:13:42.9509150Z Get:28 http://azure.archive.ubuntu.com/ubuntu noble-security/main Translation-en [216 kB]
2026-09-22T11:13:42.9527483Z Get:29 http://azure.archive.ubuntu.com/ubuntu noble-security/main amd64 Components [46.3 kB]
2026-09-22T11:13:42.9538146Z Get:30 http://azure.archive.ubuntu.com/ubuntu noble-security/universe amd64 Packages [1217 kB]
2026-09-22T11:13:42.9600051Z Get:31 http://azure.archive.ubuntu.com/ubuntu noble-security/universe Translation-en [244 kB]
2026-09-22T11:13:42.9619047Z Get:32 http://azure.archive.ubuntu.com/ubuntu noble-security/universe amd64 Components [76.2 kB]
2026-09-22T11:13:42.9631175Z Get:33 http://azure.archive.ubuntu.com/ubuntu noble-security/restricted amd64 Packages [1496 kB]
2026-09-22T11:13:42.9704868Z Get:34 http://azure.archive.ubuntu.com/ubuntu noble-security/restricted Translation-en [343 kB]
2026-09-22T11:13:43.0143329Z Get:35 http://azure.archive.ubuntu.com/ubuntu noble-security/multiverse Translation-en [11.3 kB]
2026-09-22T11:13:47.4397057Z Fetched 12.3 MB in 1s (8191 kB/s)
2026-09-22T11:13:48.2567417Z Reading package lists...
2026-09-22T11:13:48.2905962Z Reading package lists...
2026-09-22T11:13:48.4493991Z Building dependency tree...
2026-09-22T11:13:48.4499335Z Reading state information...
2026-09-22T11:13:48.6103813Z The following additional packages will be installed:
2026-09-22T11:13:48.6104788Z   fonts-liberation2 gir1.2-atk-1.0 gir1.2-freedesktop gir1.2-gdkpixbuf-2.0
2026-09-22T11:13:48.6105945Z   gir1.2-gtk-3.0 gir1.2-harfbuzz-0.0 gir1.2-pango-1.0 graphviz libann0
2026-09-22T11:13:48.6106848Z   libblas3 libcdt5 libcgraph6 libgts-0.7-5t64 libgts-bin libgvc6 libgvpr2
2026-09-22T11:13:48.6110615Z   libharfbuzz-gobject0 liblab-gamut1 liblapack3 libpangoxft-1.0-0 libpathplan4
2026-09-22T11:13:48.6111836Z   python3-cairo python3-gi-cairo python3-numpy xdot yosys-abc
2026-09-22T11:13:48.6121001Z Suggested packages:
2026-09-22T11:13:48.6121737Z   gsfonts graphviz-doc python3-pytest
2026-09-22T11:13:48.6363450Z The following NEW packages will be installed:
2026-09-22T11:13:48.6364511Z   fonts-liberation2 gir1.2-atk-1.0 gir1.2-freedesktop gir1.2-gdkpixbuf-2.0
2026-09-22T11:13:48.6365660Z   gir1.2-gtk-3.0 gir1.2-harfbuzz-0.0 gir1.2-pango-1.0 graphviz libann0
2026-09-22T11:13:48.6366586Z   libblas3 libcdt5 libcgraph6 libgts-0.7-5t64 libgts-bin libgvc6 libgvpr2
2026-09-22T11:13:48.6372617Z   libharfbuzz-gobject0 liblab-gamut1 liblapack3 libpangoxft-1.0-0 libpathplan4
2026-09-22T11:13:48.6374354Z   python3-cairo python3-gi-cairo python3-numpy xdot yosys yosys-abc
2026-09-22T11:13:48.6541143Z 0 upgraded, 27 newly installed, 0 to remove and 87 not upgraded.
2026-09-22T11:13:48.6542034Z Need to get 20.7 MB of archives.
2026-09-22T11:13:48.6542646Z After this operation, 70.6 MB of additional disk space will be used.
2026-09-22T11:13:48.6543260Z Get:1 file:/etc/apt/apt-mirrors.txt Mirrorlist [144 B]
2026-09-22T11:13:48.7020078Z Get:2 http://azure.archive.ubuntu.com/ubuntu noble/universe amd64 fonts-liberation2 all 1:2.1.5-3 [3418 B]
2026-09-22T11:13:48.7239755Z Get:3 http://azure.archive.ubuntu.com/ubuntu noble/main amd64 gir1.2-atk-1.0 amd64 2.52.0-1build1 [23.1 kB]
2026-09-22T11:13:48.7460997Z Get:4 http://azure.archive.ubuntu.com/ubuntu noble/main amd64 gir1.2-freedesktop amd64 1.80.1-1 [49.7 kB]
2026-09-22T11:13:48.7684011Z Get:5 http://azure.archive.ubuntu.com/ubuntu noble-updates/main amd64 gir1.2-gdkpixbuf-2.0 amd64 2.42.10+dfsg-3ubuntu3.3 [9482 B]
2026-09-22T11:13:48.7897929Z Get:6 http://azure.archive.ubuntu.com/ubuntu noble/main amd64 libharfbuzz-gobject0 amd64 8.3.0-2build2 [34.3 kB]
2026-09-22T11:13:48.8117561Z Get:7 http://azure.archive.ubuntu.com/ubuntu noble/main amd64 gir1.2-harfbuzz-0.0 amd64 8.3.0-2build2 [44.5 kB]
2026-09-22T11:13:48.8335922Z Get:8 http://azure.archive.ubuntu.com/ubuntu noble/main amd64 libpangoxft-1.0-0 amd64 1.52.1+ds-1build1 [20.3 kB]
2026-09-22T11:13:48.8552671Z Get:9 http://azure.archive.ubuntu.com/ubuntu noble/main amd64 gir1.2-pango-1.0 amd64 1.52.1+ds-1build1 [34.8 kB]
2026-09-22T11:13:48.8773237Z Get:10 http://azure.archive.ubuntu.com/ubuntu noble-updates/main amd64 gir1.2-gtk-3.0 amd64 3.24.41-4ubuntu1.3 [245 kB]
2026-09-22T11:13:48.9018803Z Get:11 http://azure.archive.ubuntu.com/ubuntu noble/universe amd64 libann0 amd64 1.1.2+doc-9build1 [25.5 kB]
2026-09-22T11:13:48.9234663Z Get:12 http://azure.archive.ubuntu.com/ubuntu noble-updates/universe amd64 libcdt5 amd64 2.42.2-9ubuntu0.1 [21.6 kB]
2026-09-22T11:13:48.9453639Z Get:13 http://azure.archive.ubuntu.com/ubuntu noble-updates/universe amd64 libcgraph6 amd64 2.42.2-9ubuntu0.1 [44.6 kB]
2026-09-22T11:13:48.9669344Z Get:14 http://azure.archive.ubuntu.com/ubuntu noble/universe amd64 libgts-0.7-5t64 amd64 0.7.6+darcs121130-5.2build1 [161 kB]
2026-09-22T11:13:48.9903359Z Get:15 http://azure.archive.ubuntu.com/ubuntu noble-updates/universe amd64 libpathplan4 amd64 2.42.2-9ubuntu0.1 [24.0 kB]
2026-09-22T11:13:49.0129896Z Get:16 http://azure.archive.ubuntu.com/ubuntu noble-updates/universe amd64 libgvc6 amd64 2.42.2-9ubuntu0.1 [716 kB]
2026-09-22T11:13:49.0414370Z Get:17 http://azure.archive.ubuntu.com/ubuntu noble-updates/universe amd64 libgvpr2 amd64 2.42.2-9ubuntu0.1 [187 kB]
2026-09-22T11:13:49.0664006Z Get:18 http://azure.archive.ubuntu.com/ubuntu noble-updates/universe amd64 liblab-gamut1 amd64 2.42.2-9ubuntu0.1 [1886 kB]
2026-09-22T11:13:49.1052404Z Get:19 http://azure.archive.ubuntu.com/ubuntu noble-updates/universe amd64 graphviz amd64 2.42.2-9ubuntu0.1 [642 kB]
2026-09-22T11:13:49.1745557Z Get:20 http://azure.archive.ubuntu.com/ubuntu noble-updates/main amd64 libblas3 amd64 3.12.0-3build1.1 [238 kB]
2026-09-22T11:13:49.1986937Z Get:21 http://azure.archive.ubuntu.com/ubuntu noble/universe amd64 libgts-bin amd64 0.7.6+darcs121130-5.2build1 [44.0 kB]
2026-09-22T11:13:49.2198561Z Get:22 http://azure.archive.ubuntu.com/ubuntu noble-updates/main amd64 liblapack3 amd64 3.12.0-3build1.1 [2646 kB]
2026-09-22T11:13:49.2728393Z Get:23 http://azure.archive.ubuntu.com/ubuntu noble/main amd64 python3-cairo amd64 1.25.1-2build2 [119 kB]
2026-09-22T11:13:49.2961920Z Get:24 http://azure.archive.ubuntu.com/ubuntu noble/main amd64 python3-gi-cairo amd64 3.48.2-1 [8132 B]
2026-09-22T11:13:49.3183259Z Get:25 http://azure.archive.ubuntu.com/ubuntu noble/main amd64 python3-numpy amd64 1:1.26.4+ds-6ubuntu1 [4437 kB]
2026-09-22T11:13:49.4229563Z Get:26 http://azure.archive.ubuntu.com/ubuntu noble/universe amd64 xdot all 1.3-1 [30.3 kB]
2026-09-22T11:13:49.4448569Z Get:27 http://azure.archive.ubuntu.com/ubuntu noble/universe amd64 yosys-abc amd64 0.33-5build2 [5829 kB]
2026-09-22T11:13:49.5258756Z Get:28 http://azure.archive.ubuntu.com/ubuntu noble/universe amd64 yosys amd64 0.33-5build2 [3222 kB]
2026-09-22T11:13:49.8244412Z Fetched 20.7 MB in 1s (22.5 MB/s)
2026-09-22T11:13:49.9123975Z Selecting previously unselected package fonts-liberation2.
2026-09-22T11:13:49.9372453Z (Reading database ... 
2026-09-22T11:13:49.9373234Z (Reading database ... 5%
2026-09-22T11:13:49.9373737Z (Reading database ... 10%
2026-09-22T11:13:49.9375175Z (Reading database ... 15%
2026-09-22T11:13:49.9375976Z (Reading database ... 20%
2026-09-22T11:13:49.9376874Z (Reading database ... 25%
2026-09-22T11:13:49.9377633Z (Reading database ... 30%
2026-09-22T11:13:49.9378440Z (Reading database ... 35%
2026-09-22T11:13:49.9379246Z (Reading database ... 40%
2026-09-22T11:13:49.9379962Z (Reading database ... 45%
2026-09-22T11:13:49.9380622Z (Reading database ... 50%
2026-09-22T11:13:49.9428522Z (Reading database ... 55%
2026-09-22T11:13:50.0574700Z (Reading database ... 60%
2026-09-22T11:13:50.2564336Z (Reading database ... 65%
2026-09-22T11:13:50.4100258Z (Reading database ... 70%
2026-09-22T11:13:50.6028605Z (Reading database ... 75%
2026-09-22T11:13:50.7690944Z (Reading database ... 80%
2026-09-22T11:13:50.9475663Z (Reading database ... 85%
2026-09-22T11:13:51.1035391Z (Reading database ... 90%
2026-09-22T11:13:51.2686777Z (Reading database ... 95%
2026-09-22T11:13:51.2688102Z (Reading database ... 100%
2026-09-22T11:13:51.2688774Z (Reading database ... 201818 files and directories currently installed.)
2026-09-22T11:13:51.2733684Z Preparing to unpack .../00-fonts-liberation2_1%3a2.1.5-3_all.deb ...
2026-09-22T11:13:51.2854065Z Unpacking fonts-liberation2 (1:2.1.5-3) ...
2026-09-22T11:13:51.3066995Z Selecting previously unselected package gir1.2-atk-1.0:amd64.
2026-09-22T11:13:51.3185943Z Preparing to unpack .../01-gir1.2-atk-1.0_2.52.0-1build1_amd64.deb ...
2026-09-22T11:13:51.3203237Z Unpacking gir1.2-atk-1.0:amd64 (2.52.0-1build1) ...
2026-09-22T11:13:51.3445222Z Selecting previously unselected package gir1.2-freedesktop:amd64.
2026-09-22T11:13:51.3564006Z Preparing to unpack .../02-gir1.2-freedesktop_1.80.1-1_amd64.deb ...
2026-09-22T11:13:51.3581439Z Unpacking gir1.2-freedesktop:amd64 (1.80.1-1) ...
2026-09-22T11:13:51.3877619Z Selecting previously unselected package gir1.2-gdkpixbuf-2.0:amd64.
2026-09-22T11:13:51.3996950Z Preparing to unpack .../03-gir1.2-gdkpixbuf-2.0_2.42.10+dfsg-3ubuntu3.3_amd64.deb ...
2026-09-22T11:13:51.4013767Z Unpacking gir1.2-gdkpixbuf-2.0:amd64 (2.42.10+dfsg-3ubuntu3.3) ...
2026-09-22T11:13:51.4215142Z Selecting previously unselected package libharfbuzz-gobject0:amd64.
2026-09-22T11:13:51.4336080Z Preparing to unpack .../04-libharfbuzz-gobject0_8.3.0-2build2_amd64.deb ...
2026-09-22T11:13:51.4365404Z Unpacking libharfbuzz-gobject0:amd64 (8.3.0-2build2) ...
2026-09-22T11:13:51.4553494Z Selecting previously unselected package gir1.2-harfbuzz-0.0:amd64.
2026-09-22T11:13:51.4672406Z Preparing to unpack .../05-gir1.2-harfbuzz-0.0_8.3.0-2build2_amd64.deb ...
2026-09-22T11:13:51.4687642Z Unpacking gir1.2-harfbuzz-0.0:amd64 (8.3.0-2build2) ...
2026-09-22T11:13:51.4978896Z Selecting previously unselected package libpangoxft-1.0-0:amd64.
2026-09-22T11:13:51.5097955Z Preparing to unpack .../06-libpangoxft-1.0-0_1.52.1+ds-1build1_amd64.deb ...
2026-09-22T11:13:51.5116524Z Unpacking libpangoxft-1.0-0:amd64 (1.52.1+ds-1build1) ...
2026-09-22T11:13:51.5294483Z Selecting previously unselected package gir1.2-pango-1.0:amd64.
2026-09-22T11:13:51.5412457Z Preparing to unpack .../07-gir1.2-pango-1.0_1.52.1+ds-1build1_amd64.deb ...
2026-09-22T11:13:51.5563219Z Unpacking gir1.2-pango-1.0:amd64 (1.52.1+ds-1build1) ...
2026-09-22T11:13:51.5761511Z Selecting previously unselected package gir1.2-gtk-3.0:amd64.
2026-09-22T11:13:51.5883407Z Preparing to unpack .../08-gir1.2-gtk-3.0_3.24.41-4ubuntu1.3_amd64.deb ...
2026-09-22T11:13:51.5901940Z Unpacking gir1.2-gtk-3.0:amd64 (3.24.41-4ubuntu1.3) ...
2026-09-22T11:13:51.6194604Z Selecting previously unselected package libann0.
2026-09-22T11:13:51.6314582Z Preparing to unpack .../09-libann0_1.1.2+doc-9build1_amd64.deb ...
2026-09-22T11:13:51.6343518Z Unpacking libann0 (1.1.2+doc-9build1) ...
2026-09-22T11:13:51.6534174Z Selecting previously unselected package libcdt5:amd64.
2026-09-22T11:13:51.6654127Z Preparing to unpack .../10-libcdt5_2.42.2-9ubuntu0.1_amd64.deb ...
2026-09-22T11:13:51.6671068Z Unpacking libcdt5:amd64 (2.42.2-9ubuntu0.1) ...
2026-09-22T11:13:51.7055378Z Selecting previously unselected package libcgraph6:amd64.
2026-09-22T11:13:51.7173263Z Preparing to unpack .../11-libcgraph6_2.42.2-9ubuntu0.1_amd64.deb ...
2026-09-22T11:13:51.7212048Z Unpacking libcgraph6:amd64 (2.42.2-9ubuntu0.1) ...
2026-09-22T11:13:51.7451617Z Selecting previously unselected package libgts-0.7-5t64:amd64.
2026-09-22T11:13:51.7569805Z Preparing to unpack .../12-libgts-0.7-5t64_0.7.6+darcs121130-5.2build1_amd64.deb ...
2026-09-22T11:13:51.7587808Z Unpacking libgts-0.7-5t64:amd64 (0.7.6+darcs121130-5.2build1) ...
2026-09-22T11:13:51.7847838Z Selecting previously unselected package libpathplan4:amd64.
2026-09-22T11:13:51.7966821Z Preparing to unpack .../13-libpathplan4_2.42.2-9ubuntu0.1_amd64.deb ...
2026-09-22T11:13:51.7986335Z Unpacking libpathplan4:amd64 (2.42.2-9ubuntu0.1) ...
2026-09-22T11:13:51.8234875Z Selecting previously unselected package libgvc6.
2026-09-22T11:13:51.8352958Z Preparing to unpack .../14-libgvc6_2.42.2-9ubuntu0.1_amd64.deb ...
2026-09-22T11:13:51.8399032Z Unpacking libgvc6 (2.42.2-9ubuntu0.1) ...
2026-09-22T11:13:51.8735530Z Selecting previously unselected package libgvpr2:amd64.
2026-09-22T11:13:51.8853142Z Preparing to unpack .../15-libgvpr2_2.42.2-9ubuntu0.1_amd64.deb ...
2026-09-22T11:13:51.8867464Z Unpacking libgvpr2:amd64 (2.42.2-9ubuntu0.1) ...
2026-09-22T11:13:51.9102084Z Selecting previously unselected package liblab-gamut1:amd64.
2026-09-22T11:13:51.9218997Z Preparing to unpack .../16-liblab-gamut1_2.42.2-9ubuntu0.1_amd64.deb ...
2026-09-22T11:13:51.9231797Z Unpacking liblab-gamut1:amd64 (2.42.2-9ubuntu0.1) ...
2026-09-22T11:13:51.9621659Z Selecting previously unselected package graphviz.
2026-09-22T11:13:51.9743226Z Preparing to unpack .../17-graphviz_2.42.2-9ubuntu0.1_amd64.deb ...
2026-09-22T11:13:51.9761006Z Unpacking graphviz (2.42.2-9ubuntu0.1) ...
2026-09-22T11:13:52.0428360Z Selecting previously unselected package libblas3:amd64.
2026-09-22T11:13:52.0549781Z Preparing to unpack .../18-libblas3_3.12.0-3build1.1_amd64.deb ...
2026-09-22T11:13:52.0743477Z Unpacking libblas3:amd64 (3.12.0-3build1.1) ...
2026-09-22T11:13:52.0984273Z Selecting previously unselected package libgts-bin.
2026-09-22T11:13:52.1106855Z Preparing to unpack .../19-libgts-bin_0.7.6+darcs121130-5.2build1_amd64.deb ...
2026-09-22T11:13:52.1123734Z Unpacking libgts-bin (0.7.6+darcs121130-5.2build1) ...
2026-09-22T11:13:52.1375662Z Selecting previously unselected package liblapack3:amd64.
2026-09-22T11:13:52.1497619Z Preparing to unpack .../20-liblapack3_3.12.0-3build1.1_amd64.deb ...
2026-09-22T11:13:52.1533508Z Unpacking liblapack3:amd64 (3.12.0-3build1.1) ...
2026-09-22T11:13:52.2400549Z Selecting previously unselected package python3-cairo.
2026-09-22T11:13:52.2524693Z Preparing to unpack .../21-python3-cairo_1.25.1-2build2_amd64.deb ...
2026-09-22T11:13:52.2540209Z Unpacking python3-cairo (1.25.1-2build2) ...
2026-09-22T11:13:52.2748074Z Selecting previously unselected package python3-gi-cairo.
2026-09-22T11:13:52.2871858Z Preparing to unpack .../22-python3-gi-cairo_3.48.2-1_amd64.deb ...
2026-09-22T11:13:52.3572697Z Unpacking python3-gi-cairo (3.48.2-1) ...
2026-09-22T11:13:52.3858888Z Selecting previously unselected package python3-numpy.
2026-09-22T11:13:52.3983389Z Preparing to unpack .../23-python3-numpy_1%3a1.26.4+ds-6ubuntu1_amd64.deb ...
2026-09-22T11:13:52.3996457Z Unpacking python3-numpy (1:1.26.4+ds-6ubuntu1) ...
2026-09-22T11:13:52.7075832Z Selecting previously unselected package xdot.
2026-09-22T11:13:52.7205350Z Preparing to unpack .../24-xdot_1.3-1_all.deb ...
2026-09-22T11:13:52.7217052Z Unpacking xdot (1.3-1) ...
2026-09-22T11:13:52.7411039Z Selecting previously unselected package yosys-abc.
2026-09-22T11:13:52.7534667Z Preparing to unpack .../25-yosys-abc_0.33-5build2_amd64.deb ...
2026-09-22T11:13:52.7545476Z Unpacking yosys-abc (0.33-5build2) ...
2026-09-22T11:13:52.9123071Z Selecting previously unselected package yosys.
2026-09-22T11:13:52.9246820Z Preparing to unpack .../26-yosys_0.33-5build2_amd64.deb ...
2026-09-22T11:13:52.9259854Z Unpacking yosys (0.33-5build2) ...
2026-09-22T11:13:53.1158818Z Setting up gir1.2-freedesktop:amd64 (1.80.1-1) ...
2026-09-22T11:13:53.1194201Z Setting up python3-cairo (1.25.1-2build2) ...
2026-09-22T11:13:53.2243353Z Setting up libpangoxft-1.0-0:amd64 (1.52.1+ds-1build1) ...
2026-09-22T11:13:53.2301772Z Setting up gir1.2-gdkpixbuf-2.0:amd64 (2.42.10+dfsg-3ubuntu3.3) ...
2026-09-22T11:13:53.2346631Z Setting up gir1.2-atk-1.0:amd64 (2.52.0-1build1) ...
2026-09-22T11:13:53.2374064Z Setting up liblab-gamut1:amd64 (2.42.2-9ubuntu0.1) ...
2026-09-22T11:13:53.2412208Z Setting up yosys-abc (0.33-5build2) ...
2026-09-22T11:13:53.2440949Z Setting up libharfbuzz-gobject0:amd64 (8.3.0-2build2) ...
2026-09-22T11:13:53.2469115Z Setting up gir1.2-harfbuzz-0.0:amd64 (8.3.0-2build2) ...
2026-09-22T11:13:53.2498452Z Setting up gir1.2-pango-1.0:amd64 (1.52.1+ds-1build1) ...
2026-09-22T11:13:53.2526405Z Setting up libblas3:amd64 (3.12.0-3build1.1) ...
2026-09-22T11:13:53.2587127Z update-alternatives: using /usr/lib/x86_64-linux-gnu/blas/libblas.so.3 to provide /usr/lib/x86_64-linux-gnu/libblas.so.3 (libblas.so.3-x86_64-linux-gnu) in auto mode
2026-09-22T11:13:53.2606882Z Setting up fonts-liberation2 (1:2.1.5-3) ...
2026-09-22T11:13:53.2630748Z Setting up libpathplan4:amd64 (2.42.2-9ubuntu0.1) ...
2026-09-22T11:13:53.2652213Z Setting up libann0 (1.1.2+doc-9build1) ...
2026-09-22T11:13:53.2674844Z Setting up libgts-0.7-5t64:amd64 (0.7.6+darcs121130-5.2build1) ...
2026-09-22T11:13:53.2696579Z Setting up libcdt5:amd64 (2.42.2-9ubuntu0.1) ...
2026-09-22T11:13:53.2722788Z Setting up libcgraph6:amd64 (2.42.2-9ubuntu0.1) ...
2026-09-22T11:13:53.2754649Z Setting up python3-gi-cairo (3.48.2-1) ...
2026-09-22T11:13:53.2776446Z Setting up libgts-bin (0.7.6+darcs121130-5.2build1) ...
2026-09-22T11:13:53.2811774Z Setting up liblapack3:amd64 (3.12.0-3build1.1) ...
2026-09-22T11:13:53.2866996Z update-alternatives: using /usr/lib/x86_64-linux-gnu/lapack/liblapack.so.3 to provide /usr/lib/x86_64-linux-gnu/liblapack.so.3 (liblapack.so.3-x86_64-linux-gnu) in auto mode
2026-09-22T11:13:53.2884816Z Setting up yosys (0.33-5build2) ...
2026-09-22T11:13:53.3943218Z Setting up gir1.2-gtk-3.0:amd64 (3.24.41-4ubuntu1.3) ...
2026-09-22T11:13:53.3968653Z Setting up libgvc6 (2.42.2-9ubuntu0.1) ...
2026-09-22T11:13:53.5182174Z Setting up python3-numpy (1:1.26.4+ds-6ubuntu1) ...
2026-09-22T11:13:54.8611021Z Setting up libgvpr2:amd64 (2.42.2-9ubuntu0.1) ...
2026-09-22T11:13:54.8636857Z Setting up graphviz (2.42.2-9ubuntu0.1) ...
2026-09-22T11:13:54.8674795Z Setting up xdot (1.3-1) ...
2026-09-22T11:13:54.9935251Z Processing triggers for man-db (2.12.0-4build2) ...
2026-09-22T11:13:54.9958682Z Not building database; man-db/auto-update is not 'true'.
2026-09-22T11:13:54.9974629Z Processing triggers for libc-bin (2.39-0ubuntu8.8) ...
2026-09-22T11:13:55.9359276Z 
2026-09-22T11:13:55.9359940Z Running kernel seems to be up-to-date.
2026-09-22T11:13:55.9360484Z 
2026-09-22T11:13:55.9360678Z No services need to be restarted.
2026-09-22T11:13:55.9361128Z 
2026-09-22T11:13:55.9361418Z No containers need to be restarted.
2026-09-22T11:13:55.9361711Z 
2026-09-22T11:13:55.9361969Z No user sessions are running outdated binaries.
2026-09-22T11:13:55.9362301Z 
2026-09-22T11:13:55.9362672Z No VM guests are running outdated hypervisor (qemu) binaries on this host.
2026-09-22T11:13:57.2451172Z Reading package lists...
2026-09-22T11:13:57.4159428Z Building dependency tree...
2026-09-22T11:13:57.4168499Z Reading state information...
2026-09-22T11:13:57.5951119Z unzip is already the newest version (6.0-28ubuntu4.1).
2026-09-22T11:13:57.5951821Z 0 upgraded, 0 newly installed, 0 to remove and 87 not upgraded.
2026-09-22T11:13:57.5984254Z Archive:  /tmp/sv2v.zip
2026-09-22T11:13:57.5984817Z    creating: /tmp/sv2v/sv2v-Linux/
2026-09-22T11:13:57.5986204Z   inflating: /tmp/sv2v/sv2v-Linux/CHANGELOG.md  
2026-09-22T11:13:57.5986654Z   inflating: /tmp/sv2v/sv2v-Linux/LICENSE  
2026-09-22T11:13:57.6653702Z   inflating: /tmp/sv2v/sv2v-Linux/sv2v  
2026-09-22T11:13:57.6658764Z   inflating: /tmp/sv2v/sv2v-Linux/NOTICE  
2026-09-22T11:13:57.6659424Z   inflating: /tmp/sv2v/sv2v-Linux/README.md  
2026-09-22T11:13:57.6815560Z ##[group]Run ./syn/yosys/run.sh
2026-09-22T11:13:57.6816259Z [36;1m./syn/yosys/run.sh[0m
2026-09-22T11:13:57.6842678Z shell: /usr/bin/bash -e {0}
2026-09-22T11:13:57.6843100Z env:
2026-09-22T11:13:57.6843408Z   VERILATOR_VERSION: v5.050
2026-09-22T11:13:57.6843730Z ##[endgroup]
2026-09-22T11:14:01.0103399Z Warning: Replacing memory \tpend_deadline_r with list of registers. See all.v:3452
2026-09-22T11:14:01.0104088Z Warning: Replacing memory \adv_st_r with list of registers. See all.v:3450
2026-09-22T11:14:01.5318502Z Warning: Replacing memory \lost_cnt_r with list of registers. See all.v:11228
2026-09-22T11:14:01.5319511Z Warning: Replacing memory \payload_r with list of registers. See all.v:11227
2026-09-22T11:14:01.7570206Z Warning: Replacing memory \age_r with list of registers. See all.v:13768
2026-09-22T11:14:02.2013356Z Warning: Replacing memory \tf_cnt_r with list of registers. See all.v:17838
2026-09-22T11:14:02.2015164Z Warning: Replacing memory \tf_q_r with list of registers. See all.v:17776
2026-09-22T11:14:02.2016067Z Warning: Replacing memory \tf_wptr_r with list of registers. See all.v:17834, all.v:17771
2026-09-22T11:14:02.5927349Z YOSYS OK  KL_aecp_ucpu
2026-09-22T11:14:02.9803871Z Warning: Replacing memory \tpend_deadline_r with list of registers. See all.v:3452
2026-09-22T11:14:02.9804846Z Warning: Replacing memory \adv_st_r with list of registers. See all.v:3450
2026-09-22T11:14:03.5021434Z Warning: Replacing memory \lost_cnt_r with list of registers. See all.v:11228
2026-09-22T11:14:03.5022543Z Warning: Replacing memory \payload_r with list of registers. See all.v:11227
2026-09-22T11:14:03.7282668Z Warning: Replacing memory \age_r with list of registers. See all.v:13768
2026-09-22T11:14:04.1725298Z Warning: Replacing memory \tf_cnt_r with list of registers. See all.v:17838
2026-09-22T11:14:04.1726317Z Warning: Replacing memory \tf_q_r with list of registers. See all.v:17776
2026-09-22T11:14:04.1727137Z Warning: Replacing memory \tf_wptr_r with list of registers. See all.v:17834, all.v:17771
2026-09-22T11:14:04.6813994Z YOSYS OK  KL_aecp_desc_store
2026-09-22T11:14:05.0679720Z Warning: Replacing memory \tpend_deadline_r with list of registers. See all.v:3452
2026-09-22T11:14:05.0680915Z Warning: Replacing memory \adv_st_r with list of registers. See all.v:3450
2026-09-22T11:14:05.5907056Z Warning: Replacing memory \lost_cnt_r with list of registers. See all.v:11228
2026-09-22T11:14:05.5908034Z Warning: Replacing memory \payload_r with list of registers. See all.v:11227
2026-09-22T11:14:05.8163380Z Warning: Replacing memory \age_r with list of registers. See all.v:13768
2026-09-22T11:14:06.2601235Z Warning: Replacing memory \tf_cnt_r with list of registers. See all.v:17838
2026-09-22T11:14:06.2602225Z Warning: Replacing memory \tf_q_r with list of registers. See all.v:17776
2026-09-22T11:14:06.2603070Z Warning: Replacing memory \tf_wptr_r with list of registers. See all.v:17834, all.v:17771
2026-09-22T11:14:06.6785880Z YOSYS OK  KL_aecp_dyn_state
2026-09-22T11:14:07.0661038Z Warning: Replacing memory \tpend_deadline_r with list of registers. See all.v:3452
2026-09-22T11:14:07.0662007Z Warning: Replacing memory \adv_st_r with list of registers. See all.v:3450
2026-09-22T11:14:07.5911487Z Warning: Replacing memory \lost_cnt_r with list of registers. See all.v:11228
2026-09-22T11:14:07.5912413Z Warning: Replacing memory \payload_r with list of registers. See all.v:11227
2026-09-22T11:14:07.8213173Z Warning: Replacing memory \age_r with list of registers. See all.v:13768
2026-09-22T11:14:08.2654693Z Warning: Replacing memory \tf_cnt_r with list of registers. See all.v:17838
2026-09-22T11:14:08.2655616Z Warning: Replacing memory \tf_q_r with list of registers. See all.v:17776
2026-09-22T11:14:08.2656199Z Warning: Replacing memory \tf_wptr_r with list of registers. See all.v:17834, all.v:17771
2026-09-22T11:14:08.6228207Z YOSYS OK  KL_aecp_resp_buf
2026-09-22T11:14:09.0103693Z Warning: Replacing memory \tpend_deadline_r with list of registers. See all.v:3452
2026-09-22T11:14:09.0105113Z Warning: Replacing memory \adv_st_r with list of registers. See all.v:3450
2026-09-22T11:14:09.5282165Z Warning: Replacing memory \lost_cnt_r with list of registers. See all.v:11228
2026-09-22T11:14:09.5283220Z Warning: Replacing memory \payload_r with list of registers. See all.v:11227
2026-09-22T11:14:09.7575473Z Warning: Replacing memory \age_r with list of registers. See all.v:13768
2026-09-22T11:14:10.1967355Z Warning: Replacing memory \tf_cnt_r with list of registers. See all.v:17838
2026-09-22T11:14:10.1968961Z Warning: Replacing memory \tf_q_r with list of registers. See all.v:17776
2026-09-22T11:14:10.1970089Z Warning: Replacing memory \tf_wptr_r with list of registers. See all.v:17834, all.v:17771
2026-09-22T11:14:11.4076406Z YOSYS OK  KL_aecp_engine
2026-09-22T11:14:11.7932045Z Warning: Replacing memory \tpend_deadline_r with list of registers. See all.v:3452
2026-09-22T11:14:11.7933320Z Warning: Replacing memory \adv_st_r with list of registers. See all.v:3450
2026-09-22T11:14:12.3125309Z Warning: Replacing memory \lost_cnt_r with list of registers. See all.v:11228
2026-09-22T11:14:12.3126283Z Warning: Replacing memory \payload_r with list of registers. See all.v:11227
2026-09-22T11:14:12.5375187Z Warning: Replacing memory \age_r with list of registers. See all.v:13768
2026-09-22T11:14:12.9787963Z Warning: Replacing memory \tf_cnt_r with list of registers. See all.v:17838
2026-09-22T11:14:12.9789162Z Warning: Replacing memory \tf_q_r with list of registers. See all.v:17776
2026-09-22T11:14:12.9790045Z Warning: Replacing memory \tf_wptr_r with list of registers. See all.v:17834, all.v:17771
2026-09-22T11:14:14.3441479Z YOSYS OK  KL_aecp_notify
2026-09-22T11:14:14.7285522Z Warning: Replacing memory \tpend_deadline_r with list of registers. See all.v:3452
2026-09-22T11:14:14.7286669Z Warning: Replacing memory \adv_st_r with list of registers. See all.v:3450
2026-09-22T11:14:15.2475892Z Warning: Replacing memory \lost_cnt_r with list of registers. See all.v:11228
2026-09-22T11:14:15.2477184Z Warning: Replacing memory \payload_r with list of registers. See all.v:11227
2026-09-22T11:14:15.4732559Z Warning: Replacing memory \age_r with list of registers. See all.v:13768
2026-09-22T11:14:15.9134921Z Warning: Replacing memory \tf_cnt_r with list of registers. See all.v:17838
2026-09-22T11:14:15.9135534Z Warning: Replacing memory \tf_q_r with list of registers. See all.v:17776
2026-09-22T11:14:15.9136333Z Warning: Replacing memory \tf_wptr_r with list of registers. See all.v:17834, all.v:17771
2026-09-22T11:14:16.2496892Z YOSYS OK  KL_aecp_ca_originator
2026-09-22T11:14:16.6366100Z Warning: Replacing memory \tpend_deadline_r with list of registers. See all.v:3452
2026-09-22T11:14:16.6367255Z Warning: Replacing memory \adv_st_r with list of registers. See all.v:3450
2026-09-22T11:14:17.1558795Z Warning: Replacing memory \lost_cnt_r with list of registers. See all.v:11228
2026-09-22T11:14:17.1559755Z Warning: Replacing memory \payload_r with list of registers. See all.v:11227
2026-09-22T11:14:17.3803079Z Warning: Replacing memory \age_r with list of registers. See all.v:13768
2026-09-22T11:14:17.8270938Z Warning: Replacing memory \tf_cnt_r with list of registers. See all.v:17838
2026-09-22T11:14:17.8271943Z Warning: Replacing memory \tf_q_r with list of registers. See all.v:17776
2026-09-22T11:14:17.8273050Z Warning: Replacing memory \tf_wptr_r with list of registers. See all.v:17834, all.v:17771
2026-09-22T11:14:18.1663156Z YOSYS OK  KL_pp_timer_service
2026-09-22T11:14:18.5505267Z Warning: Replacing memory \tpend_deadline_r with list of registers. See all.v:3452
2026-09-22T11:14:18.5506241Z Warning: Replacing memory \adv_st_r with list of registers. See all.v:3450
2026-09-22T11:14:19.0695657Z Warning: Replacing memory \lost_cnt_r with list of registers. See all.v:11228
2026-09-22T11:14:19.0696813Z Warning: Replacing memory \payload_r with list of registers. See all.v:11227
2026-09-22T11:14:19.2936623Z Warning: Replacing memory \age_r with list of registers. See all.v:13768
2026-09-22T11:14:19.7344586Z Warning: Replacing memory \tf_cnt_r with list of registers. See all.v:17838
2026-09-22T11:14:19.7345655Z Warning: Replacing memory \tf_q_r with list of registers. See all.v:17776
2026-09-22T11:14:19.7346730Z Warning: Replacing memory \tf_wptr_r with list of registers. See all.v:17834, all.v:17771
2026-09-22T11:14:20.0680692Z YOSYS OK  KL_pp_prng
2026-09-22T11:14:20.4543869Z Warning: Replacing memory \tpend_deadline_r with list of registers. See all.v:3452
2026-09-22T11:14:20.4544830Z Warning: Replacing memory \adv_st_r with list of registers. See all.v:3450
2026-09-22T11:14:20.9719506Z Warning: Replacing memory \lost_cnt_r with list of registers. See all.v:11228
2026-09-22T11:14:21.1975471Z Warning: Replacing memory \payload_r with list of registers. See all.v:11227
2026-09-22T11:14:21.1976101Z Warning: Replacing memory \age_r with list of registers. See all.v:13768
2026-09-22T11:14:21.6373484Z Warning: Replacing memory \tf_cnt_r with list of registers. See all.v:17838
2026-09-22T11:14:21.6374969Z Warning: Replacing memory \tf_q_r with list of registers. See all.v:17776
2026-09-22T11:14:21.6375820Z Warning: Replacing memory \tf_wptr_r with list of registers. See all.v:17834, all.v:17771
2026-09-22T11:14:21.9670779Z YOSYS OK  KL_pp_rx_slots
2026-09-22T11:14:22.3526426Z Warning: Replacing memory \tpend_deadline_r with list of registers. See all.v:3452
2026-09-22T11:14:22.3527375Z Warning: Replacing memory \adv_st_r with list of registers. See all.v:3450
2026-09-22T11:14:22.8708161Z Warning: Replacing memory \lost_cnt_r with list of registers. See all.v:11228
2026-09-22T11:14:22.8709156Z Warning: Replacing memory \payload_r with list of registers. See all.v:11227
2026-09-22T11:14:23.0965577Z Warning: Replacing memory \age_r with list of registers. See all.v:13768
2026-09-22T11:14:23.5368330Z Warning: Replacing memory \tf_cnt_r with list of registers. See all.v:17838
2026-09-22T11:14:23.5369290Z Warning: Replacing memory \tf_q_r with list of registers. See all.v:17776
2026-09-22T11:14:23.5370252Z Warning: Replacing memory \tf_wptr_r with list of registers. See all.v:17834, all.v:17771
2026-09-22T11:14:23.8925264Z YOSYS OK  KL_pp_tx_slots
2026-09-22T11:14:24.2775051Z Warning: Replacing memory \tpend_deadline_r with list of registers. See all.v:3452
2026-09-22T11:14:24.2776030Z Warning: Replacing memory \adv_st_r with list of registers. See all.v:3450
2026-09-22T11:14:24.7962507Z Warning: Replacing memory \lost_cnt_r with list of registers. See all.v:11228
2026-09-22T11:14:24.7963532Z Warning: Replacing memory \payload_r with list of registers. See all.v:11227
2026-09-22T11:14:25.0219250Z Warning: Replacing memory \age_r with list of registers. See all.v:13768
2026-09-22T11:14:25.4631373Z Warning: Replacing memory \tf_cnt_r with list of registers. See all.v:17838
2026-09-22T11:14:25.4632091Z Warning: Replacing memory \tf_q_r with list of registers. See all.v:17776
2026-09-22T11:14:25.4632662Z Warning: Replacing memory \tf_wptr_r with list of registers. See all.v:17834, all.v:17771
2026-09-22T11:14:25.7816516Z YOSYS OK  KL_pp_release_merge
2026-09-22T11:14:26.1641816Z Warning: Replacing memory \tpend_deadline_r with list of registers. See all.v:3452
2026-09-22T11:14:26.1642794Z Warning: Replacing memory \adv_st_r with list of registers. See all.v:3450
2026-09-22T11:14:26.6837492Z Warning: Replacing memory \lost_cnt_r with list of registers. See all.v:11228
2026-09-22T11:14:26.6838466Z Warning: Replacing memory \payload_r with list of registers. See all.v:11227
2026-09-22T11:14:26.9093959Z Warning: Replacing memory \age_r with list of registers. See all.v:13768
2026-09-22T11:14:27.3515289Z Warning: Replacing memory \tf_cnt_r with list of registers. See all.v:17838
2026-09-22T11:14:27.3516454Z Warning: Replacing memory \tf_q_r with list of registers. See all.v:17776
2026-09-22T11:14:27.3517341Z Warning: Replacing memory \tf_wptr_r with list of registers. See all.v:17834, all.v:17771
2026-09-22T11:14:27.8848058Z YOSYS OK  KL_pp_rx_validator
2026-09-22T11:14:28.2692500Z Warning: Replacing memory \tpend_deadline_r with list of registers. See all.v:3452
2026-09-22T11:14:28.2693429Z Warning: Replacing memory \adv_st_r with list of registers. See all.v:3450
2026-09-22T11:14:28.7884560Z Warning: Replacing memory \lost_cnt_r with list of registers. See all.v:11228
2026-09-22T11:14:28.7885258Z Warning: Replacing memory \payload_r with list of registers. See all.v:11227
2026-09-22T11:14:29.0131894Z Warning: Replacing memory \age_r with list of registers. See all.v:13768
2026-09-22T11:14:29.4517717Z Warning: Replacing memory \tf_cnt_r with list of registers. See all.v:17838
2026-09-22T11:14:29.4518671Z Warning: Replacing memory \tf_q_r with list of registers. See all.v:17776
2026-09-22T11:14:29.4519566Z Warning: Replacing memory \tf_wptr_r with list of registers. See all.v:17834, all.v:17771
2026-09-22T11:14:29.9882554Z YOSYS OK  KL_pp_normalizer
2026-09-22T11:14:30.3708106Z Warning: Replacing memory \tpend_deadline_r with list of registers. See all.v:3452
2026-09-22T11:14:30.3709599Z Warning: Replacing memory \adv_st_r with list of registers. See all.v:3450
2026-09-22T11:14:30.8903335Z Warning: Replacing memory \lost_cnt_r with list of registers. See all.v:11228
2026-09-22T11:14:30.8904311Z Warning: Replacing memory \payload_r with list of registers. See all.v:11227
2026-09-22T11:14:31.1150954Z Warning: Replacing memory \age_r with list of registers. See all.v:13768
2026-09-22T11:14:31.5535713Z Warning: Replacing memory \tf_cnt_r with list of registers. See all.v:17838
2026-09-22T11:14:31.5536565Z Warning: Replacing memory \tf_q_r with list of registers. See all.v:17776
2026-09-22T11:14:31.5537166Z Warning: Replacing memory \tf_wptr_r with list of registers. See all.v:17834, all.v:17771
2026-09-22T11:14:31.9184604Z YOSYS OK  KL_pp_dispatch
2026-09-22T11:14:32.3012098Z Warning: Replacing memory \tpend_deadline_r with list of registers. See all.v:3452
2026-09-22T11:14:32.3013027Z Warning: Replacing memory \adv_st_r with list of registers. See all.v:3450
2026-09-22T11:14:32.8172443Z Warning: Replacing memory \lost_cnt_r with list of registers. See all.v:11228
2026-09-22T11:14:32.8173298Z Warning: Replacing memory \payload_r with list of registers. See all.v:11227
2026-09-22T11:14:33.0416315Z Warning: Replacing memory \age_r with list of registers. See all.v:13768
2026-09-22T11:14:33.4820111Z Warning: Replacing memory \tf_cnt_r with list of registers. See all.v:17838
2026-09-22T11:14:33.4821541Z Warning: Replacing memory \tf_q_r with list of registers. See all.v:17776
2026-09-22T11:14:33.4822374Z Warning: Replacing memory \tf_wptr_r with list of registers. See all.v:17834, all.v:17771
2026-09-22T11:14:33.8822519Z YOSYS OK  KL_pp_scoreboard
2026-09-22T11:14:34.2689045Z Warning: Replacing memory \tpend_deadline_r with list of registers. See all.v:3452
2026-09-22T11:14:34.2689951Z Warning: Replacing memory \adv_st_r with list of registers. See all.v:3450
2026-09-22T11:14:34.7874345Z Warning: Replacing memory \lost_cnt_r with list of registers. See all.v:11228
2026-09-22T11:14:34.7875313Z Warning: Replacing memory \payload_r with list of registers. See all.v:11227
2026-09-22T11:14:35.0106925Z Warning: Replacing memory \age_r with list of registers. See all.v:13768
2026-09-22T11:14:35.4500024Z Warning: Replacing memory \tf_cnt_r with list of registers. See all.v:17838
2026-09-22T11:14:35.4501393Z Warning: Replacing memory \tf_q_r with list of registers. See all.v:17776
2026-09-22T11:14:35.4502345Z Warning: Replacing memory \tf_wptr_r with list of registers. See all.v:17834, all.v:17771
2026-09-22T11:14:35.8113098Z YOSYS OK  KL_pp_event_router
2026-09-22T11:14:36.2000617Z Warning: Replacing memory \tpend_deadline_r with list of registers. See all.v:3452
2026-09-22T11:14:36.2001809Z Warning: Replacing memory \adv_st_r with list of registers. See all.v:3450
2026-09-22T11:14:36.7158726Z Warning: Replacing memory \lost_cnt_r with list of registers. See all.v:11228
2026-09-22T11:14:36.7159963Z Warning: Replacing memory \payload_r with list of registers. See all.v:11227
2026-09-22T11:14:36.9391315Z Warning: Replacing memory \age_r with list of registers. See all.v:13768
2026-09-22T11:14:37.3782787Z Warning: Replacing memory \tf_cnt_r with list of registers. See all.v:17838
2026-09-22T11:14:37.3783660Z Warning: Replacing memory \tf_q_r with list of registers. See all.v:17776
2026-09-22T11:14:37.3784264Z Warning: Replacing memory \tf_wptr_r with list of registers. See all.v:17834, all.v:17771
2026-09-22T11:14:38.0199951Z YOSYS OK  KL_pp_originator
2026-09-22T11:14:38.4045011Z Warning: Replacing memory \tpend_deadline_r with list of registers. See all.v:3452
2026-09-22T11:14:38.4046010Z Warning: Replacing memory \adv_st_r with list of registers. See all.v:3450
2026-09-22T11:14:38.9211849Z Warning: Replacing memory \lost_cnt_r with list of registers. See all.v:11228
2026-09-22T11:14:38.9212842Z Warning: Replacing memory \payload_r with list of registers. See all.v:11227
2026-09-22T11:14:39.1461648Z Warning: Replacing memory \age_r with list of registers. See all.v:13768
2026-09-22T11:14:39.5824910Z Warning: Replacing memory \tf_cnt_r with list of registers. See all.v:17838
2026-09-22T11:14:39.5826468Z Warning: Replacing memory \tf_q_r with list of registers. See all.v:17776
2026-09-22T11:14:39.5827529Z Warning: Replacing memory \tf_wptr_r with list of registers. See all.v:17834, all.v:17771
2026-09-22T11:14:39.9097872Z YOSYS OK  KL_pp_tx_arbiter
2026-09-22T11:14:40.2913208Z Warning: Replacing memory \tpend_deadline_r with list of registers. See all.v:3452
2026-09-22T11:14:40.2914058Z Warning: Replacing memory \adv_st_r with list of registers. See all.v:3450
2026-09-22T11:14:40.8067631Z Warning: Replacing memory \lost_cnt_r with list of registers. See all.v:11228
2026-09-22T11:14:40.8068467Z Warning: Replacing memory \payload_r with list of registers. See all.v:11227
2026-09-22T11:14:41.0302274Z Warning: Replacing memory \age_r with list of registers. See all.v:13768
2026-09-22T11:14:41.4703617Z Warning: Replacing memory \tf_cnt_r with list of registers. See all.v:17838
2026-09-22T11:14:41.4704731Z Warning: Replacing memory \tf_q_r with list of registers. See all.v:17776
2026-09-22T11:14:41.4705679Z Warning: Replacing memory \tf_wptr_r with list of registers. See all.v:17834, all.v:17771
2026-09-22T11:14:41.7917229Z YOSYS OK  KL_pp_trace_ring
2026-09-22T11:14:42.1776553Z Warning: Replacing memory \tpend_deadline_r with list of registers. See all.v:3452
2026-09-22T11:14:42.1777747Z Warning: Replacing memory \adv_st_r with list of registers. See all.v:3450
2026-09-22T11:14:42.7125247Z Warning: Replacing memory \lost_cnt_r with list of registers. See all.v:11228
2026-09-22T11:14:42.7126235Z Warning: Replacing memory \payload_r with list of registers. See all.v:11227
2026-09-22T11:14:42.9352178Z Warning: Replacing memory \age_r with list of registers. See all.v:13768
2026-09-22T11:14:43.3694989Z Warning: Replacing memory \tf_cnt_r with list of registers. See all.v:17838
2026-09-22T11:14:43.3695724Z Warning: Replacing memory \tf_q_r with list of registers. See all.v:17776
2026-09-22T11:14:43.6843541Z Warning: Replacing memory \tf_wptr_r with list of registers. See all.v:17834, all.v:17771
2026-09-22T11:14:43.6844470Z YOSYS OK  KL_pp_side_port
2026-09-22T11:14:44.0666981Z Warning: Replacing memory \tpend_deadline_r with list of registers. See all.v:3452
2026-09-22T11:14:44.0667903Z Warning: Replacing memory \adv_st_r with list of registers. See all.v:3450
2026-09-22T11:14:44.5807674Z Warning: Replacing memory \lost_cnt_r with list of registers. See all.v:11228
2026-09-22T11:14:44.8037031Z Warning: Replacing memory \payload_r with list of registers. See all.v:11227
2026-09-22T11:14:44.8037656Z Warning: Replacing memory \age_r with list of registers. See all.v:13768
2026-09-22T11:14:45.2422290Z Warning: Replacing memory \tf_cnt_r with list of registers. See all.v:17838
2026-09-22T11:14:45.2423222Z Warning: Replacing memory \tf_q_r with list of registers. See all.v:17776
2026-09-22T11:14:45.2424145Z Warning: Replacing memory \tf_wptr_r with list of registers. See all.v:17834, all.v:17771
2026-09-22T11:14:45.5731695Z YOSYS OK  KL_pp_nvm_port
2026-09-22T11:14:45.9559523Z Warning: Replacing memory \tpend_deadline_r with list of registers. See all.v:3452
2026-09-22T11:14:45.9560246Z Warning: Replacing memory \adv_st_r with list of registers. See all.v:3450
2026-09-22T11:14:46.4768467Z Warning: Replacing memory \lost_cnt_r with list of registers. See all.v:11228
2026-09-22T11:14:46.4769455Z Warning: Replacing memory \payload_r with list of registers. See all.v:11227
2026-09-22T11:14:46.7012189Z Warning: Replacing memory \age_r with list of registers. See all.v:13768
2026-09-22T11:14:47.1390750Z Warning: Replacing memory \tf_cnt_r with list of registers. See all.v:17838
2026-09-22T11:14:47.1391741Z Warning: Replacing memory \tf_q_r with list of registers. See all.v:17776
2026-09-22T11:14:47.1392499Z Warning: Replacing memory \tf_wptr_r with list of registers. See all.v:17834, all.v:17771
2026-09-22T11:14:49.0511029Z YOSYS OK  KL_adp_engine
2026-09-22T11:14:49.4349633Z Warning: Replacing memory \tpend_deadline_r with list of registers. See all.v:3452
2026-09-22T11:14:49.4351290Z Warning: Replacing memory \adv_st_r with list of registers. See all.v:3450
2026-09-22T11:14:49.9509391Z Warning: Replacing memory \lost_cnt_r with list of registers. See all.v:11228
2026-09-22T11:14:49.9510037Z Warning: Replacing memory \payload_r with list of registers. See all.v:11227
2026-09-22T11:14:50.1748642Z Warning: Replacing memory \age_r with list of registers. See all.v:13768
2026-09-22T11:14:50.6135656Z Warning: Replacing memory \tf_cnt_r with list of registers. See all.v:17838
2026-09-22T11:14:50.6136636Z Warning: Replacing memory \tf_q_r with list of registers. See all.v:17776
2026-09-22T11:14:50.6137572Z Warning: Replacing memory \tf_wptr_r with list of registers. See all.v:17834, all.v:17771
2026-09-22T11:14:51.7128100Z YOSYS OK  KL_pp_acmp_listener
2026-09-22T11:14:52.0986034Z Warning: Replacing memory \tpend_deadline_r with list of registers. See all.v:3452
2026-09-22T11:14:52.0987066Z Warning: Replacing memory \adv_st_r with list of registers. See all.v:3450
2026-09-22T11:14:52.6161043Z Warning: Replacing memory \lost_cnt_r with list of registers. See all.v:11228
2026-09-22T11:14:52.6162087Z Warning: Replacing memory \payload_r with list of registers. See all.v:11227
2026-09-22T11:14:52.8417122Z Warning: Replacing memory \age_r with list of registers. See all.v:13768
2026-09-22T11:14:53.2798562Z Warning: Replacing memory \tf_cnt_r with list of registers. See all.v:17838
2026-09-22T11:14:53.2799500Z Warning: Replacing memory \tf_q_r with list of registers. See all.v:17776
2026-09-22T11:14:53.2800829Z Warning: Replacing memory \tf_wptr_r with list of registers. See all.v:17834, all.v:17771
2026-09-22T11:14:54.0845290Z YOSYS OK  KL_acmp_talker
2026-09-22T11:14:54.4683623Z Warning: Replacing memory \tpend_deadline_r with list of registers. See all.v:3452
2026-09-22T11:14:54.4684781Z Warning: Replacing memory \adv_st_r with list of registers. See all.v:3450
2026-09-22T11:14:54.9834796Z Warning: Replacing memory \lost_cnt_r with list of registers. See all.v:11228
2026-09-22T11:14:54.9836643Z Warning: Replacing memory \payload_r with list of registers. See all.v:11227
2026-09-22T11:14:55.2072537Z Warning: Replacing memory \age_r with list of registers. See all.v:13768
2026-09-22T11:14:55.6505203Z Warning: Replacing memory \tf_cnt_r with list of registers. See all.v:17838
2026-09-22T11:14:55.6506136Z Warning: Replacing memory \tf_q_r with list of registers. See all.v:17776
2026-09-22T11:14:55.6507123Z Warning: Replacing memory \tf_wptr_r with list of registers. See all.v:17834, all.v:17771
2026-09-22T11:14:56.1605763Z YOSYS OK  KL_pp_maap
2026-09-22T11:14:56.5451229Z Warning: Replacing memory \tpend_deadline_r with list of registers. See all.v:3452
2026-09-22T11:14:56.5451894Z Warning: Replacing memory \adv_st_r with list of registers. See all.v:3450
2026-09-22T11:14:57.0613083Z Warning: Replacing memory \lost_cnt_r with list of registers. See all.v:11228
2026-09-22T11:14:57.0614239Z Warning: Replacing memory \payload_r with list of registers. See all.v:11227
2026-09-22T11:14:57.2884370Z Warning: Replacing memory \age_r with list of registers. See all.v:13768
2026-09-22T11:14:57.7254226Z Warning: Replacing memory \tf_cnt_r with list of registers. See all.v:17838
2026-09-22T11:14:57.7255142Z Warning: Replacing memory \tf_q_r with list of registers. See all.v:17776
2026-09-22T11:14:57.7256219Z Warning: Replacing memory \tf_wptr_r with list of registers. See all.v:17834, all.v:17771
2026-09-22T11:14:58.0918201Z YOSYS OK  KL_srp_decoder
2026-09-22T11:14:58.4758872Z Warning: Replacing memory \tpend_deadline_r with list of registers. See all.v:3452
2026-09-22T11:14:58.4759809Z Warning: Replacing memory \adv_st_r with list of registers. See all.v:3450
2026-09-22T11:14:58.9915906Z Warning: Replacing memory \lost_cnt_r with list of registers. See all.v:11228
2026-09-22T11:14:58.9916565Z Warning: Replacing memory \payload_r with list of registers. See all.v:11227
2026-09-22T11:14:59.2163974Z Warning: Replacing memory \age_r with list of registers. See all.v:13768
2026-09-22T11:14:59.6558602Z Warning: Replacing memory \tf_cnt_r with list of registers. See all.v:17838
2026-09-22T11:14:59.6559554Z Warning: Replacing memory \tf_q_r with list of registers. See all.v:17776
2026-09-22T11:14:59.6560673Z Warning: Replacing memory \tf_wptr_r with list of registers. See all.v:17834, all.v:17771
2026-09-22T11:15:00.2283628Z YOSYS OK  KL_srp_encoder
2026-09-22T11:15:00.6138420Z Warning: Replacing memory \tpend_deadline_r with list of registers. See all.v:3452
2026-09-22T11:15:00.6139296Z Warning: Replacing memory \adv_st_r with list of registers. See all.v:3450
2026-09-22T11:15:01.1325599Z Warning: Replacing memory \lost_cnt_r with list of registers. See all.v:11228
2026-09-22T11:15:01.1326474Z Warning: Replacing memory \payload_r with list of registers. See all.v:11227
2026-09-22T11:15:01.3582671Z Warning: Replacing memory \age_r with list of registers. See all.v:13768
2026-09-22T11:15:01.7977374Z Warning: Replacing memory \tf_cnt_r with list of registers. See all.v:17838
2026-09-22T11:15:01.7978001Z Warning: Replacing memory \tf_q_r with list of registers. See all.v:17776
2026-09-22T11:15:01.7978749Z Warning: Replacing memory \tf_wptr_r with list of registers. See all.v:17834, all.v:17771
2026-09-22T11:15:02.1183029Z YOSYS OK  KL_srp_domain
2026-09-22T11:15:02.5010684Z Warning: Replacing memory \tpend_deadline_r with list of registers. See all.v:3452
2026-09-22T11:15:02.5011642Z Warning: Replacing memory \adv_st_r with list of registers. See all.v:3450
2026-09-22T11:15:03.0269366Z Warning: Replacing memory \lost_cnt_r with list of registers. See all.v:11228
2026-09-22T11:15:03.0270074Z Warning: Replacing memory \payload_r with list of registers. See all.v:11227
2026-09-22T11:15:03.2530222Z Warning: Replacing memory \age_r with list of registers. See all.v:13768
2026-09-22T11:15:03.6912722Z Warning: Replacing memory \tf_cnt_r with list of registers. See all.v:17838
2026-09-22T11:15:03.6913658Z Warning: Replacing memory \tf_q_r with list of registers. See all.v:17776
2026-09-22T11:15:03.6914769Z Warning: Replacing memory \tf_wptr_r with list of registers. See all.v:17834, all.v:17771
2026-09-22T11:15:04.0243871Z YOSYS OK  KL_srp_vlan
2026-09-22T11:15:04.4099190Z Warning: Replacing memory \tpend_deadline_r with list of registers. See all.v:3452
2026-09-22T11:15:04.4100265Z Warning: Replacing memory \adv_st_r with list of registers. See all.v:3450
2026-09-22T11:15:04.9400038Z Warning: Replacing memory \lost_cnt_r with list of registers. See all.v:11228
2026-09-22T11:15:04.9401116Z Warning: Replacing memory \payload_r with list of registers. See all.v:11227
2026-09-22T11:15:05.1669340Z Warning: Replacing memory \age_r with list of registers. See all.v:13768
2026-09-22T11:15:05.6084185Z Warning: Replacing memory \tf_cnt_r with list of registers. See all.v:17838
2026-09-22T11:15:05.6085034Z Warning: Replacing memory \tf_q_r with list of registers. See all.v:17776
2026-09-22T11:15:05.6085601Z Warning: Replacing memory \tf_wptr_r with list of registers. See all.v:17834, all.v:17771
2026-09-22T11:15:06.9778448Z YOSYS OK  KL_srp_talker_fsm
2026-09-22T11:15:07.3642426Z Warning: Replacing memory \tpend_deadline_r with list of registers. See all.v:3452
2026-09-22T11:15:07.3643223Z Warning: Replacing memory \adv_st_r with list of registers. See all.v:3450
2026-09-22T11:15:07.8809560Z Warning: Replacing memory \lost_cnt_r with list of registers. See all.v:11228
2026-09-22T11:15:07.8810264Z Warning: Replacing memory \payload_r with list of registers. See all.v:11227
2026-09-22T11:15:08.1060353Z Warning: Replacing memory \age_r with list of registers. See all.v:13768
2026-09-22T11:15:08.5473066Z Warning: Replacing memory \tf_cnt_r with list of registers. See all.v:17838
2026-09-22T11:15:08.5474003Z Warning: Replacing memory \tf_q_r with list of registers. See all.v:17776
2026-09-22T11:15:08.5475046Z Warning: Replacing memory \tf_wptr_r with list of registers. See all.v:17834, all.v:17771
2026-09-22T11:15:09.6431019Z YOSYS OK  KL_srp_listener_fsm
2026-09-22T11:15:10.0329781Z Warning: Replacing memory \tpend_deadline_r with list of registers. See all.v:3452
2026-09-22T11:15:10.0331231Z Warning: Replacing memory \adv_st_r with list of registers. See all.v:3450
2026-09-22T11:15:10.5490866Z Warning: Replacing memory \lost_cnt_r with list of registers. See all.v:11228
2026-09-22T11:15:10.5491955Z Warning: Replacing memory \payload_r with list of registers. See all.v:11227
2026-09-22T11:15:10.7718256Z Warning: Replacing memory \age_r with list of registers. See all.v:13768
2026-09-22T11:15:11.2099271Z Warning: Replacing memory \tf_cnt_r with list of registers. See all.v:17838
2026-09-22T11:15:11.2100896Z Warning: Replacing memory \tf_q_r with list of registers. See all.v:17776
2026-09-22T11:15:11.2102177Z Warning: Replacing memory \tf_wptr_r with list of registers. See all.v:17834, all.v:17771
2026-09-22T11:15:51.9988689Z Warning: Resizing cell port KL_aecp_engine.amap_stage_r.0.0.ADDRARDADDR from 17 bits to 16 bits.
2026-09-22T11:15:51.9990031Z Warning: Resizing cell port KL_aecp_engine.amap_stage_r.0.0.ADDRBWRADDR from 17 bits to 16 bits.
2026-09-22T11:15:51.9991402Z Warning: Resizing cell port KL_aecp_engine.u_store.line_r.0.0.ADDRARDADDR from 17 bits to 16 bits.
2026-09-22T11:15:51.9992572Z Warning: Resizing cell port KL_aecp_engine.u_store.line_r.0.0.ADDRBWRADDR from 17 bits to 16 bits.
2026-09-22T11:15:51.9993456Z Warning: Resizing cell port KL_aecp_engine.u_store.name_r.0.0.ADDRARDADDR from 17 bits to 16 bits.
2026-09-22T11:15:51.9994371Z Warning: Resizing cell port KL_aecp_engine.u_store.name_r.0.0.ADDRBWRADDR from 17 bits to 16 bits.
2026-09-22T11:15:51.9995544Z Warning: Resizing cell port KL_aecp_engine.u_ucpu.rom_r.0.0.DOADO from 64 bits to 32 bits.
2026-09-22T11:15:51.9996580Z Warning: Resizing cell port KL_aecp_engine.u_ucpu.rom_r.0.0.DOBDO from 64 bits to 32 bits.
2026-09-22T11:15:51.9997418Z Warning: Resizing cell port KL_aecp_engine.u_ucpu.rom_r.0.0.DOPADOP from 8 bits to 4 bits.
2026-09-22T11:15:51.9998204Z Warning: Resizing cell port KL_aecp_engine.u_ucpu.rom_r.0.0.DOPBDOP from 8 bits to 4 bits.
2026-09-22T11:15:51.9998983Z Warning: Resizing cell port KL_aecp_engine.u_ucpu.rom_r.0.1.DOADO from 64 bits to 32 bits.
2026-09-22T11:15:51.9999719Z Warning: Resizing cell port KL_aecp_engine.u_ucpu.rom_r.0.1.DOBDO from 64 bits to 32 bits.
2026-09-22T11:15:52.0000709Z Warning: Resizing cell port KL_aecp_engine.u_ucpu.rom_r.0.1.DOPADOP from 8 bits to 4 bits.
2026-09-22T11:15:52.0001511Z Warning: Resizing cell port KL_aecp_engine.u_ucpu.rom_r.0.1.DOPBDOP from 8 bits to 4 bits.
2026-09-22T11:15:52.0002292Z Warning: Resizing cell port KL_aecp_engine.u_ucpu.rom_r.0.2.DOADO from 64 bits to 32 bits.
2026-09-22T11:15:52.0003033Z Warning: Resizing cell port KL_aecp_engine.u_ucpu.rom_r.0.2.DOBDO from 64 bits to 32 bits.
2026-09-22T11:15:52.0003796Z Warning: Resizing cell port KL_aecp_engine.u_ucpu.rom_r.0.2.DOPADOP from 8 bits to 4 bits.
2026-09-22T11:15:52.0004568Z Warning: Resizing cell port KL_aecp_engine.u_ucpu.rom_r.0.2.DOPBDOP from 8 bits to 4 bits.
2026-09-22T11:15:52.2709567Z YOSYS XILINX OK  KL_aecp_engine
2026-09-22T11:15:52.2851565Z Node 20 is being deprecated. This workflow is running with Node 24 by default. If you need to temporarily use Node 20, you can set the ACTIONS_ALLOW_USE_UNSECURE_NODE_VERSION=true environment variable. For more information see: https://github.blog/changelog/2025-09-19-deprecation-of-node-20-on-github-actions-runners/
2026-09-22T11:15:52.2853226Z Post job cleanup.
2026-09-22T11:15:52.3702615Z [command]/usr/bin/git version
2026-09-22T11:15:52.3741459Z git version 2.55.0
2026-09-22T11:15:52.3779122Z Temporarily overriding HOME='/home/runner/work/_temp/534207ae-d944-4d6a-998e-928ca4e509a6' before making global git config changes
2026-09-22T11:15:52.3781063Z Adding repository directory to the temporary git global config as a safe directory
2026-09-22T11:15:52.3783590Z [command]/usr/bin/git config --global --add safe.directory /home/runner/work/protocol-processor-control-plane-avb-milan/protocol-processor-control-plane-avb-milan
2026-09-22T11:15:52.3821984Z [command]/usr/bin/git config --local --name-only --get-regexp core\.sshCommand
2026-09-22T11:15:52.3855275Z [command]/usr/bin/git submodule foreach --recursive sh -c "git config --local --name-only --get-regexp 'core\.sshCommand' && git config --local --unset-all 'core.sshCommand' || :"
2026-09-22T11:15:52.4073047Z [command]/usr/bin/git config --local --name-only --get-regexp http\.https\:\/\/github\.com\/\.extraheader
2026-09-22T11:15:52.4097894Z http.https://github.com/.extraheader
2026-09-22T11:15:52.4109340Z [command]/usr/bin/git config --local --unset-all http.https://github.com/.extraheader
2026-09-22T11:15:52.4142568Z [command]/usr/bin/git submodule foreach --recursive sh -c "git config --local --name-only --get-regexp 'http\.https\:\/\/github\.com\/\.extraheader' && git config --local --unset-all 'http.https://github.com/.extraheader' || :"
2026-09-22T11:15:52.4382423Z [command]/usr/bin/git config --local --name-only --get-regexp ^includeIf\.gitdir:
2026-09-22T11:15:52.4413383Z [command]/usr/bin/git submodule foreach --recursive git config --local --show-origin --name-only --get-regexp remote.origin.url
2026-09-22T11:15:52.4794119Z Cleaning up orphan processes
2026-09-22T11:15:52.5094941Z ##[warning]Node.js 20 is deprecated. The following actions target Node.js 20 but are being forced to run on Node.js 24: actions/checkout@v4. For more information see: https://github.blog/changelog/2025-09-19-deprecation-of-node-20-on-github-actions-runners/
