2026-09-22T08:48:51.9545872Z Current runner version: '2.337.0'
2026-09-22T08:48:51.9571213Z ##[group]Runner Image Provisioner
2026-09-22T08:48:51.9572245Z Hosted Compute Agent
2026-09-22T08:48:51.9572855Z Version: 20260828.587
2026-09-22T08:48:51.9573608Z Commit: abac92662cab4cc7352de4f9f9d2e2419aad9c29
2026-09-22T08:48:51.9574363Z Build Date: 2026-08-28T16:44:25Z
2026-09-22T08:48:51.9575036Z Worker ID: {00f15a2e-1156-485d-859f-96db96b750e8}
2026-09-22T08:48:51.9575838Z Azure Region: westus2
2026-09-22T08:48:51.9576454Z ##[endgroup]
2026-09-22T08:48:51.9578001Z ##[group]Operating System
2026-09-22T08:48:51.9578689Z Ubuntu
2026-09-22T08:48:51.9579218Z 24.04.5
2026-09-22T08:48:51.9579829Z LTS
2026-09-22T08:48:51.9580568Z ##[endgroup]
2026-09-22T08:48:51.9581223Z ##[group]Runner Image
2026-09-22T08:48:51.9581885Z Image: ubuntu-24.04
2026-09-22T08:48:51.9582468Z Version: 20260907.300.1
2026-09-22T08:48:51.9583893Z Included Software: https://github.com/actions/runner-images/blob/ubuntu24/20260907.300/images/ubuntu/Ubuntu2404-Readme.md
2026-09-22T08:48:51.9585797Z Image Release: https://github.com/actions/runner-images/releases/tag/ubuntu24%2F20260907.300
2026-09-22T08:48:51.9586837Z ##[endgroup]
2026-09-22T08:48:51.9588161Z ##[group]GITHUB_TOKEN Permissions
2026-09-22T08:48:51.9590475Z Contents: read
2026-09-22T08:48:51.9591219Z Metadata: read
2026-09-22T08:48:51.9591905Z Packages: read
2026-09-22T08:48:51.9592484Z ##[endgroup]
2026-09-22T08:48:51.9594602Z Secret source: Actions
2026-09-22T08:48:51.9595697Z Cache mode: write
2026-09-22T08:48:51.9596418Z Prepare workflow directory
2026-09-22T08:48:52.0063958Z Prepare all required actions
2026-09-22T08:48:52.0125350Z Getting action download info
2026-09-22T08:48:52.3629352Z Download action repository 'actions/checkout@v4' (SHA:11d5960a326750d5838078e36cf38b85af677262)
2026-09-22T08:48:52.5766392Z Complete job name: portability
2026-09-22T08:48:52.6567206Z Node 20 is being deprecated. This workflow is running with Node 24 by default. If you need to temporarily use Node 20, you can set the ACTIONS_ALLOW_USE_UNSECURE_NODE_VERSION=true environment variable. For more information see: https://github.blog/changelog/2025-09-19-deprecation-of-node-20-on-github-actions-runners/
2026-09-22T08:48:52.6576272Z ##[group]Run actions/checkout@v4
2026-09-22T08:48:52.6577058Z with:
2026-09-22T08:48:52.6577720Z   repository: Mister-M-alt/protocol-processor-control-plane-avb-milan
2026-09-22T08:48:52.6582481Z   token: ***
2026-09-22T08:48:52.6582990Z   ssh-strict: true
2026-09-22T08:48:52.6583458Z   ssh-user: git
2026-09-22T08:48:52.6583935Z   persist-credentials: true
2026-09-22T08:48:52.6584458Z   clean: true
2026-09-22T08:48:52.6584931Z   sparse-checkout-cone-mode: true
2026-09-22T08:48:52.6585476Z   fetch-depth: 1
2026-09-22T08:48:52.6585936Z   fetch-tags: false
2026-09-22T08:48:52.6586408Z   show-progress: true
2026-09-22T08:48:52.6586934Z   lfs: false
2026-09-22T08:48:52.6587378Z   submodules: false
2026-09-22T08:48:52.6587846Z   set-safe-directory: true
2026-09-22T08:48:52.6588485Z   allow-unsafe-pr-checkout: false
2026-09-22T08:48:52.6589374Z env:
2026-09-22T08:48:52.6589827Z   VERILATOR_VERSION: v5.050
2026-09-22T08:48:52.6590520Z ##[endgroup]
2026-09-22T08:48:52.7655304Z Syncing repository: Mister-M-alt/protocol-processor-control-plane-avb-milan
2026-09-22T08:48:52.7658257Z ##[group]Getting Git version info
2026-09-22T08:48:52.7660588Z Working directory is '/home/runner/work/protocol-processor-control-plane-avb-milan/protocol-processor-control-plane-avb-milan'
2026-09-22T08:48:52.7663053Z [command]/usr/bin/git version
2026-09-22T08:48:52.7782918Z git version 2.55.0
2026-09-22T08:48:52.7794598Z ##[endgroup]
2026-09-22T08:48:52.7807645Z Temporarily overriding HOME='/home/runner/work/_temp/6602455d-b599-493e-9318-fb2ecc5c064f' before making global git config changes
2026-09-22T08:48:52.7810470Z Adding repository directory to the temporary git global config as a safe directory
2026-09-22T08:48:52.7814614Z [command]/usr/bin/git config --global --add safe.directory /home/runner/work/protocol-processor-control-plane-avb-milan/protocol-processor-control-plane-avb-milan
2026-09-22T08:48:52.7878017Z Deleting the contents of '/home/runner/work/protocol-processor-control-plane-avb-milan/protocol-processor-control-plane-avb-milan'
2026-09-22T08:48:52.7883149Z ##[group]Initializing the repository
2026-09-22T08:48:52.7885021Z [command]/usr/bin/git init /home/runner/work/protocol-processor-control-plane-avb-milan/protocol-processor-control-plane-avb-milan
2026-09-22T08:48:52.8014727Z hint: Using 'master' as the name for the initial branch. This default branch name
2026-09-22T08:48:52.8016383Z hint: will change to "main" in Git 3.0. To configure the initial branch name
2026-09-22T08:48:52.8017956Z hint: to use in all of your new repositories, which will suppress this warning,
2026-09-22T08:48:52.8019237Z hint: call:
2026-09-22T08:48:52.8019880Z hint:
2026-09-22T08:48:52.8021023Z hint: 	git config --global init.defaultBranch <name>
2026-09-22T08:48:52.8022048Z hint:
2026-09-22T08:48:52.8023040Z hint: Names commonly chosen instead of 'master' are 'main', 'trunk' and
2026-09-22T08:48:52.8024811Z hint: 'development'. The just-created branch can be renamed via this command:
2026-09-22T08:48:52.8026083Z hint:
2026-09-22T08:48:52.8026800Z hint: 	git branch -m <name>
2026-09-22T08:48:52.8027623Z hint:
2026-09-22T08:48:52.8028740Z hint: Disable this message with "git config set advice.defaultBranchName false"
2026-09-22T08:48:52.8031866Z Initialized empty Git repository in /home/runner/work/protocol-processor-control-plane-avb-milan/protocol-processor-control-plane-avb-milan/.git/
2026-09-22T08:48:52.8037295Z [command]/usr/bin/git remote add origin https://github.com/Mister-M-alt/protocol-processor-control-plane-avb-milan
2026-09-22T08:48:52.8090772Z ##[endgroup]
2026-09-22T08:48:52.8092317Z ##[group]Disabling automatic garbage collection
2026-09-22T08:48:52.8096262Z [command]/usr/bin/git config --local gc.auto 0
2026-09-22T08:48:52.8145184Z ##[endgroup]
2026-09-22T08:48:52.8146479Z ##[group]Setting up auth
2026-09-22T08:48:52.8147695Z [command]/usr/bin/git config --local --name-only --get-regexp core\.sshCommand
2026-09-22T08:48:52.8189235Z [command]/usr/bin/git submodule foreach --recursive sh -c "git config --local --name-only --get-regexp 'core\.sshCommand' && git config --local --unset-all 'core.sshCommand' || :"
2026-09-22T08:48:52.8604699Z [command]/usr/bin/git config --local --name-only --get-regexp http\.https\:\/\/github\.com\/\.extraheader
2026-09-22T08:48:52.8643490Z [command]/usr/bin/git submodule foreach --recursive sh -c "git config --local --name-only --get-regexp 'http\.https\:\/\/github\.com\/\.extraheader' && git config --local --unset-all 'http.https://github.com/.extraheader' || :"
2026-09-22T08:48:52.8876629Z [command]/usr/bin/git config --local --name-only --get-regexp ^includeIf\.gitdir:
2026-09-22T08:48:52.8918746Z [command]/usr/bin/git submodule foreach --recursive git config --local --show-origin --name-only --get-regexp remote.origin.url
2026-09-22T08:48:52.9162152Z [command]/usr/bin/git config --local http.https://github.com/.extraheader AUTHORIZATION: basic ***
2026-09-22T08:48:52.9208054Z ##[endgroup]
2026-09-22T08:48:52.9209838Z ##[group]Fetching the repository
2026-09-22T08:48:52.9222062Z [command]/usr/bin/git -c protocol.version=2 fetch --no-tags --prune --no-recurse-submodules --depth=1 origin +2eb195ddea9c140d2434ec4b695481515d294602:refs/remotes/pull/101/merge
2026-09-22T08:48:53.5552371Z From https://github.com/Mister-M-alt/protocol-processor-control-plane-avb-milan
2026-09-22T08:48:53.5554354Z  * [new ref]         2eb195ddea9c140d2434ec4b695481515d294602 -> pull/101/merge
2026-09-22T08:48:53.5557145Z ##[endgroup]
2026-09-22T08:48:53.5558333Z ##[group]Determining the checkout info
2026-09-22T08:48:53.5559623Z ##[endgroup]
2026-09-22T08:48:53.5562561Z [command]/usr/bin/git sparse-checkout disable
2026-09-22T08:48:53.5622899Z [command]/usr/bin/git config --local --unset-all extensions.worktreeConfig
2026-09-22T08:48:53.5692043Z ##[group]Checking out the ref
2026-09-22T08:48:53.5698186Z [command]/usr/bin/git checkout --progress --force refs/remotes/pull/101/merge
2026-09-22T08:48:53.6185583Z Note: switching to 'refs/remotes/pull/101/merge'.
2026-09-22T08:48:53.6186926Z 
2026-09-22T08:48:53.6187860Z You are in 'detached HEAD' state. You can look around, make experimental
2026-09-22T08:48:53.6190521Z changes and commit them, and you can discard any commits you make in this
2026-09-22T08:48:53.6193770Z state without impacting any branches by switching back to a branch.
2026-09-22T08:48:53.6195826Z 
2026-09-22T08:48:53.6197080Z If you want to create a new branch to retain commits you create, you may
2026-09-22T08:48:53.6200022Z do so (now or later) by using -c with the switch command. Example:
2026-09-22T08:48:53.6202490Z 
2026-09-22T08:48:53.6203435Z   git switch -c <new-branch-name>
2026-09-22T08:48:53.6204877Z 
2026-09-22T08:48:53.6205832Z Or undo this operation with:
2026-09-22T08:48:53.6207091Z 
2026-09-22T08:48:53.6207859Z   git switch -
2026-09-22T08:48:53.6208781Z 
2026-09-22T08:48:53.6210431Z Turn off this advice by setting config variable advice.detachedHead to false
2026-09-22T08:48:53.6212526Z 
2026-09-22T08:48:53.6214832Z HEAD is now at 2eb195d Merge bc997e7c00e50e3d59b97987950bfbf6cc442182 into 8452f564294300a82d56eed464276576f65f4d58
2026-09-22T08:48:53.6221270Z ##[endgroup]
2026-09-22T08:48:53.6255816Z [command]/usr/bin/git log -1 --format=%H
2026-09-22T08:48:53.6283246Z 2eb195ddea9c140d2434ec4b695481515d294602
2026-09-22T08:48:53.6550247Z ##[group]Run sudo apt-get update && sudo apt-get install -y yosys
2026-09-22T08:48:53.6552385Z [36;1msudo apt-get update && sudo apt-get install -y yosys[0m
2026-09-22T08:48:53.6554769Z [36;1mcurl -sL https://github.com/zachjs/sv2v/releases/latest/download/sv2v-Linux.zip \[0m
2026-09-22T08:48:53.6557081Z [36;1m  -o /tmp/sv2v.zip && sudo apt-get install -y unzip[0m
2026-09-22T08:48:53.6558733Z [36;1munzip -o /tmp/sv2v.zip -d /tmp/sv2v[0m
2026-09-22T08:48:53.6560447Z [36;1msudo install /tmp/sv2v/*/sv2v /usr/local/bin/[0m
2026-09-22T08:48:53.6603166Z shell: /usr/bin/bash -e {0}
2026-09-22T08:48:53.6604427Z env:
2026-09-22T08:48:53.6605393Z   VERILATOR_VERSION: v5.050
2026-09-22T08:48:53.6606553Z ##[endgroup]
2026-09-22T08:48:53.7559070Z Get:1 file:/etc/apt/apt-mirrors.txt Mirrorlist [144 B]
2026-09-22T08:48:53.7902470Z Hit:2 http://azure.archive.ubuntu.com/ubuntu noble InRelease
2026-09-22T08:48:53.7927806Z Get:6 https://packages.microsoft.com/ubuntu/24.04/prod noble InRelease [3600 B]
2026-09-22T08:48:53.7933111Z Get:3 http://azure.archive.ubuntu.com/ubuntu noble-updates InRelease [126 kB]
2026-09-22T08:48:53.8008670Z Get:4 http://azure.archive.ubuntu.com/ubuntu noble-backports InRelease [126 kB]
2026-09-22T08:48:53.8041734Z Get:5 http://azure.archive.ubuntu.com/ubuntu noble-security InRelease [126 kB]
2026-09-22T08:48:53.8193288Z Get:7 https://dl.google.com/linux/chrome-stable/deb stable InRelease [2548 B]
2026-09-22T08:48:53.9132596Z Get:8 https://packages.microsoft.com/ubuntu/24.04/prod noble/main amd64 Packages [480 kB]
2026-09-22T08:48:53.9362398Z Get:9 https://packages.microsoft.com/ubuntu/24.04/prod noble/main arm64 Packages [430 kB]
2026-09-22T08:48:53.9713299Z Get:10 http://azure.archive.ubuntu.com/ubuntu noble-updates/main amd64 Packages [1284 kB]
2026-09-22T08:48:53.9794907Z Get:11 http://azure.archive.ubuntu.com/ubuntu noble-updates/main Translation-en [295 kB]
2026-09-22T08:48:53.9806118Z Get:12 http://azure.archive.ubuntu.com/ubuntu noble-updates/main amd64 Components [181 kB]
2026-09-22T08:48:53.9842981Z Get:13 http://azure.archive.ubuntu.com/ubuntu noble-updates/universe amd64 Packages [1697 kB]
2026-09-22T08:48:54.0025615Z Get:14 http://azure.archive.ubuntu.com/ubuntu noble-updates/universe Translation-en [340 kB]
2026-09-22T08:48:54.0060608Z Get:15 http://azure.archive.ubuntu.com/ubuntu noble-updates/universe amd64 Components [387 kB]
2026-09-22T08:48:54.0122992Z Get:16 http://azure.archive.ubuntu.com/ubuntu noble-updates/restricted amd64 Packages [1596 kB]
2026-09-22T08:48:54.0253479Z Get:17 http://azure.archive.ubuntu.com/ubuntu noble-updates/restricted Translation-en [362 kB]
2026-09-22T08:48:54.0263240Z Get:18 http://azure.archive.ubuntu.com/ubuntu noble-updates/multiverse amd64 Packages [45.7 kB]
2026-09-22T08:48:54.0303287Z Get:19 http://azure.archive.ubuntu.com/ubuntu noble-updates/multiverse Translation-en [13.1 kB]
2026-09-22T08:48:54.0723495Z Get:20 http://azure.archive.ubuntu.com/ubuntu noble-updates/multiverse amd64 Components [940 B]
2026-09-22T08:48:54.0761649Z Get:21 http://azure.archive.ubuntu.com/ubuntu noble-backports/main amd64 Packages [40.6 kB]
2026-09-22T08:48:54.0773327Z Get:22 http://azure.archive.ubuntu.com/ubuntu noble-backports/main amd64 Components [5744 B]
2026-09-22T08:48:54.0774698Z Get:23 http://azure.archive.ubuntu.com/ubuntu noble-backports/universe amd64 Packages [31.0 kB]
2026-09-22T08:48:54.0787509Z Get:24 http://azure.archive.ubuntu.com/ubuntu noble-backports/universe Translation-en [18.6 kB]
2026-09-22T08:48:54.0801877Z Get:25 http://azure.archive.ubuntu.com/ubuntu noble-backports/universe amd64 Components [12.6 kB]
2026-09-22T08:48:54.1104919Z Get:26 http://azure.archive.ubuntu.com/ubuntu noble-security/main amd64 Packages [1028 kB]
2026-09-22T08:48:54.1186896Z Get:27 http://azure.archive.ubuntu.com/ubuntu noble-security/main Translation-en [216 kB]
2026-09-22T08:48:54.1213594Z Get:28 http://azure.archive.ubuntu.com/ubuntu noble-security/main amd64 Components [46.4 kB]
2026-09-22T08:48:54.1228460Z Get:29 http://azure.archive.ubuntu.com/ubuntu noble-security/universe amd64 Packages [1217 kB]
2026-09-22T08:48:54.1301589Z Get:30 http://azure.archive.ubuntu.com/ubuntu noble-security/universe Translation-en [244 kB]
2026-09-22T08:48:54.1325249Z Get:31 http://azure.archive.ubuntu.com/ubuntu noble-security/universe amd64 Components [76.3 kB]
2026-09-22T08:48:54.1346410Z Get:32 http://azure.archive.ubuntu.com/ubuntu noble-security/restricted amd64 Packages [1496 kB]
2026-09-22T08:48:54.1441477Z Get:33 http://azure.archive.ubuntu.com/ubuntu noble-security/restricted Translation-en [343 kB]
2026-09-22T08:48:54.1785313Z Get:35 https://dl.google.com/linux/chrome-stable/deb stable/main amd64 Packages [1411 B]
2026-09-22T08:48:54.1921425Z Get:34 http://azure.archive.ubuntu.com/ubuntu noble-security/multiverse Translation-en [11.3 kB]
2026-09-22T08:48:58.6109123Z Fetched 12.3 MB in 1s (8981 kB/s)
2026-09-22T08:48:59.4398564Z Reading package lists...
2026-09-22T08:48:59.4733060Z Reading package lists...
2026-09-22T08:48:59.6640835Z Building dependency tree...
2026-09-22T08:48:59.6647241Z Reading state information...
2026-09-22T08:48:59.8092000Z The following additional packages will be installed:
2026-09-22T08:48:59.8093335Z   fonts-liberation2 gir1.2-atk-1.0 gir1.2-freedesktop gir1.2-gdkpixbuf-2.0
2026-09-22T08:48:59.8094494Z   gir1.2-gtk-3.0 gir1.2-harfbuzz-0.0 gir1.2-pango-1.0 graphviz libann0
2026-09-22T08:48:59.8095593Z   libblas3 libcdt5 libcgraph6 libgts-0.7-5t64 libgts-bin libgvc6 libgvpr2
2026-09-22T08:48:59.8101752Z   libharfbuzz-gobject0 liblab-gamut1 liblapack3 libpangoxft-1.0-0 libpathplan4
2026-09-22T08:48:59.8104133Z   python3-cairo python3-gi-cairo python3-numpy xdot yosys-abc
2026-09-22T08:48:59.8114265Z Suggested packages:
2026-09-22T08:48:59.8114731Z   gsfonts graphviz-doc python3-pytest
2026-09-22T08:48:59.8390626Z The following NEW packages will be installed:
2026-09-22T08:48:59.8391836Z   fonts-liberation2 gir1.2-atk-1.0 gir1.2-freedesktop gir1.2-gdkpixbuf-2.0
2026-09-22T08:48:59.8393214Z   gir1.2-gtk-3.0 gir1.2-harfbuzz-0.0 gir1.2-pango-1.0 graphviz libann0
2026-09-22T08:48:59.8394368Z   libblas3 libcdt5 libcgraph6 libgts-0.7-5t64 libgts-bin libgvc6 libgvpr2
2026-09-22T08:48:59.8397482Z   libharfbuzz-gobject0 liblab-gamut1 liblapack3 libpangoxft-1.0-0 libpathplan4
2026-09-22T08:48:59.8398962Z   python3-cairo python3-gi-cairo python3-numpy xdot yosys yosys-abc
2026-09-22T08:48:59.8582855Z 0 upgraded, 27 newly installed, 0 to remove and 87 not upgraded.
2026-09-22T08:48:59.8583667Z Need to get 20.7 MB of archives.
2026-09-22T08:48:59.8584323Z After this operation, 70.6 MB of additional disk space will be used.
2026-09-22T08:48:59.8585721Z Get:1 file:/etc/apt/apt-mirrors.txt Mirrorlist [144 B]
2026-09-22T08:49:00.1468142Z Get:2 http://azure.archive.ubuntu.com/ubuntu noble/universe amd64 fonts-liberation2 all 1:2.1.5-3 [3418 B]
2026-09-22T08:49:00.2847898Z Get:3 http://azure.archive.ubuntu.com/ubuntu noble/main amd64 gir1.2-atk-1.0 amd64 2.52.0-1build1 [23.1 kB]
2026-09-22T08:49:00.5604399Z Get:4 http://azure.archive.ubuntu.com/ubuntu noble/main amd64 gir1.2-freedesktop amd64 1.80.1-1 [49.7 kB]
2026-09-22T08:49:00.8488722Z Get:5 http://azure.archive.ubuntu.com/ubuntu noble-updates/main amd64 gir1.2-gdkpixbuf-2.0 amd64 2.42.10+dfsg-3ubuntu3.3 [9482 B]
2026-09-22T08:49:00.9907156Z Get:6 http://azure.archive.ubuntu.com/ubuntu noble/main amd64 libharfbuzz-gobject0 amd64 8.3.0-2build2 [34.3 kB]
2026-09-22T08:49:01.1621013Z Get:7 http://azure.archive.ubuntu.com/ubuntu noble/main amd64 gir1.2-harfbuzz-0.0 amd64 8.3.0-2build2 [44.5 kB]
2026-09-22T08:49:01.3445092Z Get:8 http://azure.archive.ubuntu.com/ubuntu noble/main amd64 libpangoxft-1.0-0 amd64 1.52.1+ds-1build1 [20.3 kB]
2026-09-22T08:49:01.4990269Z Get:9 http://azure.archive.ubuntu.com/ubuntu noble/main amd64 gir1.2-pango-1.0 amd64 1.52.1+ds-1build1 [34.8 kB]
2026-09-22T08:49:01.6688642Z Get:10 http://azure.archive.ubuntu.com/ubuntu noble-updates/main amd64 gir1.2-gtk-3.0 amd64 3.24.41-4ubuntu1.3 [245 kB]
2026-09-22T08:49:02.0576038Z Get:11 http://azure.archive.ubuntu.com/ubuntu noble/universe amd64 libann0 amd64 1.1.2+doc-9build1 [25.5 kB]
2026-09-22T08:49:02.2016088Z Get:12 http://azure.archive.ubuntu.com/ubuntu noble-updates/universe amd64 libcdt5 amd64 2.42.2-9ubuntu0.1 [21.6 kB]
2026-09-22T08:49:02.3445460Z Get:13 http://azure.archive.ubuntu.com/ubuntu noble-updates/universe amd64 libcgraph6 amd64 2.42.2-9ubuntu0.1 [44.6 kB]
2026-09-22T08:49:02.5294132Z Get:14 http://azure.archive.ubuntu.com/ubuntu noble/universe amd64 libgts-0.7-5t64 amd64 0.7.6+darcs121130-5.2build1 [161 kB]
2026-09-22T08:49:02.6715686Z Get:15 http://azure.archive.ubuntu.com/ubuntu noble-updates/universe amd64 libpathplan4 amd64 2.42.2-9ubuntu0.1 [24.0 kB]
2026-09-22T08:49:02.8317129Z Get:16 http://azure.archive.ubuntu.com/ubuntu noble-updates/universe amd64 libgvc6 amd64 2.42.2-9ubuntu0.1 [716 kB]
2026-09-22T08:49:03.0676485Z Get:17 http://azure.archive.ubuntu.com/ubuntu noble-updates/universe amd64 libgvpr2 amd64 2.42.2-9ubuntu0.1 [187 kB]
2026-09-22T08:49:03.2261642Z Get:18 http://azure.archive.ubuntu.com/ubuntu noble-updates/universe amd64 liblab-gamut1 amd64 2.42.2-9ubuntu0.1 [1886 kB]
2026-09-22T08:49:03.4417595Z Get:19 http://azure.archive.ubuntu.com/ubuntu noble-updates/universe amd64 graphviz amd64 2.42.2-9ubuntu0.1 [642 kB]
2026-09-22T08:49:03.6050447Z Get:20 http://azure.archive.ubuntu.com/ubuntu noble-updates/main amd64 libblas3 amd64 3.12.0-3build1.1 [238 kB]
2026-09-22T08:49:03.7499804Z Get:21 http://azure.archive.ubuntu.com/ubuntu noble/universe amd64 libgts-bin amd64 0.7.6+darcs121130-5.2build1 [44.0 kB]
2026-09-22T08:49:03.8869741Z Get:22 http://azure.archive.ubuntu.com/ubuntu noble-updates/main amd64 liblapack3 amd64 3.12.0-3build1.1 [2646 kB]
2026-09-22T08:49:04.1347608Z Get:23 http://azure.archive.ubuntu.com/ubuntu noble/main amd64 python3-cairo amd64 1.25.1-2build2 [119 kB]
2026-09-22T08:49:04.2747842Z Get:24 http://azure.archive.ubuntu.com/ubuntu noble/main amd64 python3-gi-cairo amd64 3.48.2-1 [8132 B]
2026-09-22T08:49:04.4190936Z Get:25 http://azure.archive.ubuntu.com/ubuntu noble/main amd64 python3-numpy amd64 1:1.26.4+ds-6ubuntu1 [4437 kB]
2026-09-22T08:49:04.7381893Z Get:26 http://azure.archive.ubuntu.com/ubuntu noble/universe amd64 xdot all 1.3-1 [30.3 kB]
2026-09-22T08:49:04.8748413Z Get:27 http://azure.archive.ubuntu.com/ubuntu noble/universe amd64 yosys-abc amd64 0.33-5build2 [5829 kB]
2026-09-22T08:49:05.2625718Z Get:28 http://azure.archive.ubuntu.com/ubuntu noble/universe amd64 yosys amd64 0.33-5build2 [3222 kB]
2026-09-22T08:49:05.6532395Z Fetched 20.7 MB in 6s (3736 kB/s)
2026-09-22T08:49:05.6806006Z Selecting previously unselected package fonts-liberation2.
2026-09-22T08:49:05.7140636Z (Reading database ... 
2026-09-22T08:49:05.7141775Z (Reading database ... 5%
2026-09-22T08:49:05.7142248Z (Reading database ... 10%
2026-09-22T08:49:05.7142666Z (Reading database ... 15%
2026-09-22T08:49:05.7143061Z (Reading database ... 20%
2026-09-22T08:49:05.7143458Z (Reading database ... 25%
2026-09-22T08:49:05.7143853Z (Reading database ... 30%
2026-09-22T08:49:05.7144244Z (Reading database ... 35%
2026-09-22T08:49:05.7145429Z (Reading database ... 40%
2026-09-22T08:49:05.7146090Z (Reading database ... 45%
2026-09-22T08:49:05.7146737Z (Reading database ... 50%
2026-09-22T08:49:05.7200981Z (Reading database ... 55%
2026-09-22T08:49:05.8553697Z (Reading database ... 60%
2026-09-22T08:49:06.0301351Z (Reading database ... 65%
2026-09-22T08:49:06.2102322Z (Reading database ... 70%
2026-09-22T08:49:06.3399705Z (Reading database ... 75%
2026-09-22T08:49:06.5569004Z (Reading database ... 80%
2026-09-22T08:49:06.7412047Z (Reading database ... 85%
2026-09-22T08:49:06.9452930Z (Reading database ... 90%
2026-09-22T08:49:07.1167212Z (Reading database ... 95%
2026-09-22T08:49:07.1167829Z (Reading database ... 100%
2026-09-22T08:49:07.1168621Z (Reading database ... 201818 files and directories currently installed.)
2026-09-22T08:49:07.1211937Z Preparing to unpack .../00-fonts-liberation2_1%3a2.1.5-3_all.deb ...
2026-09-22T08:49:07.1241784Z Unpacking fonts-liberation2 (1:2.1.5-3) ...
2026-09-22T08:49:07.1479862Z Selecting previously unselected package gir1.2-atk-1.0:amd64.
2026-09-22T08:49:07.1609059Z Preparing to unpack .../01-gir1.2-atk-1.0_2.52.0-1build1_amd64.deb ...
2026-09-22T08:49:07.1620241Z Unpacking gir1.2-atk-1.0:amd64 (2.52.0-1build1) ...
2026-09-22T08:49:07.1838050Z Selecting previously unselected package gir1.2-freedesktop:amd64.
2026-09-22T08:49:07.1969203Z Preparing to unpack .../02-gir1.2-freedesktop_1.80.1-1_amd64.deb ...
2026-09-22T08:49:07.1979436Z Unpacking gir1.2-freedesktop:amd64 (1.80.1-1) ...
2026-09-22T08:49:07.2215662Z Selecting previously unselected package gir1.2-gdkpixbuf-2.0:amd64.
2026-09-22T08:49:07.2343994Z Preparing to unpack .../03-gir1.2-gdkpixbuf-2.0_2.42.10+dfsg-3ubuntu3.3_amd64.deb ...
2026-09-22T08:49:07.2352931Z Unpacking gir1.2-gdkpixbuf-2.0:amd64 (2.42.10+dfsg-3ubuntu3.3) ...
2026-09-22T08:49:07.2584914Z Selecting previously unselected package libharfbuzz-gobject0:amd64.
2026-09-22T08:49:07.2715095Z Preparing to unpack .../04-libharfbuzz-gobject0_8.3.0-2build2_amd64.deb ...
2026-09-22T08:49:07.2737669Z Unpacking libharfbuzz-gobject0:amd64 (8.3.0-2build2) ...
2026-09-22T08:49:07.3018335Z Selecting previously unselected package gir1.2-harfbuzz-0.0:amd64.
2026-09-22T08:49:07.3152325Z Preparing to unpack .../05-gir1.2-harfbuzz-0.0_8.3.0-2build2_amd64.deb ...
2026-09-22T08:49:07.3162383Z Unpacking gir1.2-harfbuzz-0.0:amd64 (8.3.0-2build2) ...
2026-09-22T08:49:07.3406568Z Selecting previously unselected package libpangoxft-1.0-0:amd64.
2026-09-22T08:49:07.3535723Z Preparing to unpack .../06-libpangoxft-1.0-0_1.52.1+ds-1build1_amd64.deb ...
2026-09-22T08:49:07.3545635Z Unpacking libpangoxft-1.0-0:amd64 (1.52.1+ds-1build1) ...
2026-09-22T08:49:07.3761896Z Selecting previously unselected package gir1.2-pango-1.0:amd64.
2026-09-22T08:49:07.3890419Z Preparing to unpack .../07-gir1.2-pango-1.0_1.52.1+ds-1build1_amd64.deb ...
2026-09-22T08:49:07.3899734Z Unpacking gir1.2-pango-1.0:amd64 (1.52.1+ds-1build1) ...
2026-09-22T08:49:07.4132963Z Selecting previously unselected package gir1.2-gtk-3.0:amd64.
2026-09-22T08:49:07.4260333Z Preparing to unpack .../08-gir1.2-gtk-3.0_3.24.41-4ubuntu1.3_amd64.deb ...
2026-09-22T08:49:07.4269974Z Unpacking gir1.2-gtk-3.0:amd64 (3.24.41-4ubuntu1.3) ...
2026-09-22T08:49:07.4591483Z Selecting previously unselected package libann0.
2026-09-22T08:49:07.4718268Z Preparing to unpack .../09-libann0_1.1.2+doc-9build1_amd64.deb ...
2026-09-22T08:49:07.4728271Z Unpacking libann0 (1.1.2+doc-9build1) ...
2026-09-22T08:49:07.4966871Z Selecting previously unselected package libcdt5:amd64.
2026-09-22T08:49:07.5093679Z Preparing to unpack .../10-libcdt5_2.42.2-9ubuntu0.1_amd64.deb ...
2026-09-22T08:49:07.5103060Z Unpacking libcdt5:amd64 (2.42.2-9ubuntu0.1) ...
2026-09-22T08:49:07.5390399Z Selecting previously unselected package libcgraph6:amd64.
2026-09-22T08:49:07.5518610Z Preparing to unpack .../11-libcgraph6_2.42.2-9ubuntu0.1_amd64.deb ...
2026-09-22T08:49:07.5528691Z Unpacking libcgraph6:amd64 (2.42.2-9ubuntu0.1) ...
2026-09-22T08:49:07.5778034Z Selecting previously unselected package libgts-0.7-5t64:amd64.
2026-09-22T08:49:07.5906647Z Preparing to unpack .../12-libgts-0.7-5t64_0.7.6+darcs121130-5.2build1_amd64.deb ...
2026-09-22T08:49:07.5919048Z Unpacking libgts-0.7-5t64:amd64 (0.7.6+darcs121130-5.2build1) ...
2026-09-22T08:49:07.6177429Z Selecting previously unselected package libpathplan4:amd64.
2026-09-22T08:49:07.6307133Z Preparing to unpack .../13-libpathplan4_2.42.2-9ubuntu0.1_amd64.deb ...
2026-09-22T08:49:07.6318965Z Unpacking libpathplan4:amd64 (2.42.2-9ubuntu0.1) ...
2026-09-22T08:49:07.6543676Z Selecting previously unselected package libgvc6.
2026-09-22T08:49:07.6671145Z Preparing to unpack .../14-libgvc6_2.42.2-9ubuntu0.1_amd64.deb ...
2026-09-22T08:49:07.6680622Z Unpacking libgvc6 (2.42.2-9ubuntu0.1) ...
2026-09-22T08:49:07.6998576Z Selecting previously unselected package libgvpr2:amd64.
2026-09-22T08:49:07.7124790Z Preparing to unpack .../15-libgvpr2_2.42.2-9ubuntu0.1_amd64.deb ...
2026-09-22T08:49:07.7135593Z Unpacking libgvpr2:amd64 (2.42.2-9ubuntu0.1) ...
2026-09-22T08:49:07.7415129Z Selecting previously unselected package liblab-gamut1:amd64.
2026-09-22T08:49:07.7544330Z Preparing to unpack .../16-liblab-gamut1_2.42.2-9ubuntu0.1_amd64.deb ...
2026-09-22T08:49:07.7553892Z Unpacking liblab-gamut1:amd64 (2.42.2-9ubuntu0.1) ...
2026-09-22T08:49:07.7873053Z Selecting previously unselected package graphviz.
2026-09-22T08:49:07.7999969Z Preparing to unpack .../17-graphviz_2.42.2-9ubuntu0.1_amd64.deb ...
2026-09-22T08:49:07.8010250Z Unpacking graphviz (2.42.2-9ubuntu0.1) ...
2026-09-22T08:49:07.8647728Z Selecting previously unselected package libblas3:amd64.
2026-09-22T08:49:07.8774931Z Preparing to unpack .../18-libblas3_3.12.0-3build1.1_amd64.deb ...
2026-09-22T08:49:07.8808236Z Unpacking libblas3:amd64 (3.12.0-3build1.1) ...
2026-09-22T08:49:07.9085252Z Selecting previously unselected package libgts-bin.
2026-09-22T08:49:07.9212239Z Preparing to unpack .../19-libgts-bin_0.7.6+darcs121130-5.2build1_amd64.deb ...
2026-09-22T08:49:07.9222193Z Unpacking libgts-bin (0.7.6+darcs121130-5.2build1) ...
2026-09-22T08:49:07.9494281Z Selecting previously unselected package liblapack3:amd64.
2026-09-22T08:49:07.9621692Z Preparing to unpack .../20-liblapack3_3.12.0-3build1.1_amd64.deb ...
2026-09-22T08:49:07.9655254Z Unpacking liblapack3:amd64 (3.12.0-3build1.1) ...
2026-09-22T08:49:08.0157749Z Selecting previously unselected package python3-cairo.
2026-09-22T08:49:08.0285531Z Preparing to unpack .../21-python3-cairo_1.25.1-2build2_amd64.deb ...
2026-09-22T08:49:08.0295708Z Unpacking python3-cairo (1.25.1-2build2) ...
2026-09-22T08:49:08.0539373Z Selecting previously unselected package python3-gi-cairo.
2026-09-22T08:49:08.0673338Z Preparing to unpack .../22-python3-gi-cairo_3.48.2-1_amd64.deb ...
2026-09-22T08:49:08.0686521Z Unpacking python3-gi-cairo (3.48.2-1) ...
2026-09-22T08:49:08.0909350Z Selecting previously unselected package python3-numpy.
2026-09-22T08:49:08.1037468Z Preparing to unpack .../23-python3-numpy_1%3a1.26.4+ds-6ubuntu1_amd64.deb ...
2026-09-22T08:49:08.1047918Z Unpacking python3-numpy (1:1.26.4+ds-6ubuntu1) ...
2026-09-22T08:49:08.3250563Z Selecting previously unselected package xdot.
2026-09-22T08:49:08.3384235Z Preparing to unpack .../24-xdot_1.3-1_all.deb ...
2026-09-22T08:49:08.3395249Z Unpacking xdot (1.3-1) ...
2026-09-22T08:49:08.3645901Z Selecting previously unselected package yosys-abc.
2026-09-22T08:49:08.3773527Z Preparing to unpack .../25-yosys-abc_0.33-5build2_amd64.deb ...
2026-09-22T08:49:08.3783651Z Unpacking yosys-abc (0.33-5build2) ...
2026-09-22T08:49:08.4601862Z Selecting previously unselected package yosys.
2026-09-22T08:49:08.4728543Z Preparing to unpack .../26-yosys_0.33-5build2_amd64.deb ...
2026-09-22T08:49:08.4741172Z Unpacking yosys (0.33-5build2) ...
2026-09-22T08:49:08.5902384Z Setting up gir1.2-freedesktop:amd64 (1.80.1-1) ...
2026-09-22T08:49:08.5926107Z Setting up python3-cairo (1.25.1-2build2) ...
2026-09-22T08:49:08.7002009Z Setting up libpangoxft-1.0-0:amd64 (1.52.1+ds-1build1) ...
2026-09-22T08:49:08.7024022Z Setting up gir1.2-gdkpixbuf-2.0:amd64 (2.42.10+dfsg-3ubuntu3.3) ...
2026-09-22T08:49:08.7044276Z Setting up gir1.2-atk-1.0:amd64 (2.52.0-1build1) ...
2026-09-22T08:49:08.7065409Z Setting up liblab-gamut1:amd64 (2.42.2-9ubuntu0.1) ...
2026-09-22T08:49:08.7085325Z Setting up yosys-abc (0.33-5build2) ...
2026-09-22T08:49:08.7108138Z Setting up libharfbuzz-gobject0:amd64 (8.3.0-2build2) ...
2026-09-22T08:49:08.7128885Z Setting up gir1.2-harfbuzz-0.0:amd64 (8.3.0-2build2) ...
2026-09-22T08:49:08.7148607Z Setting up gir1.2-pango-1.0:amd64 (1.52.1+ds-1build1) ...
2026-09-22T08:49:08.7169585Z Setting up libblas3:amd64 (3.12.0-3build1.1) ...
2026-09-22T08:49:08.7234332Z update-alternatives: using /usr/lib/x86_64-linux-gnu/blas/libblas.so.3 to provide /usr/lib/x86_64-linux-gnu/libblas.so.3 (libblas.so.3-x86_64-linux-gnu) in auto mode
2026-09-22T08:49:08.7270306Z Setting up fonts-liberation2 (1:2.1.5-3) ...
2026-09-22T08:49:08.7290979Z Setting up libpathplan4:amd64 (2.42.2-9ubuntu0.1) ...
2026-09-22T08:49:08.7312395Z Setting up libann0 (1.1.2+doc-9build1) ...
2026-09-22T08:49:08.7333681Z Setting up libgts-0.7-5t64:amd64 (0.7.6+darcs121130-5.2build1) ...
2026-09-22T08:49:08.7354981Z Setting up libcdt5:amd64 (2.42.2-9ubuntu0.1) ...
2026-09-22T08:49:08.7376404Z Setting up libcgraph6:amd64 (2.42.2-9ubuntu0.1) ...
2026-09-22T08:49:08.7397426Z Setting up python3-gi-cairo (3.48.2-1) ...
2026-09-22T08:49:08.7427724Z Setting up libgts-bin (0.7.6+darcs121130-5.2build1) ...
2026-09-22T08:49:08.7448495Z Setting up liblapack3:amd64 (3.12.0-3build1.1) ...
2026-09-22T08:49:08.7511992Z update-alternatives: using /usr/lib/x86_64-linux-gnu/lapack/liblapack.so.3 to provide /usr/lib/x86_64-linux-gnu/liblapack.so.3 (liblapack.so.3-x86_64-linux-gnu) in auto mode
2026-09-22T08:49:08.7528299Z Setting up yosys (0.33-5build2) ...
2026-09-22T08:49:08.8716800Z Setting up gir1.2-gtk-3.0:amd64 (3.24.41-4ubuntu1.3) ...
2026-09-22T08:49:08.8737219Z Setting up libgvc6 (2.42.2-9ubuntu0.1) ...
2026-09-22T08:49:08.8995141Z Setting up python3-numpy (1:1.26.4+ds-6ubuntu1) ...
2026-09-22T08:49:10.3657529Z Setting up libgvpr2:amd64 (2.42.2-9ubuntu0.1) ...
2026-09-22T08:49:10.3678500Z Setting up graphviz (2.42.2-9ubuntu0.1) ...
2026-09-22T08:49:10.3716315Z Setting up xdot (1.3-1) ...
2026-09-22T08:49:10.5051831Z Processing triggers for man-db (2.12.0-4build2) ...
2026-09-22T08:49:10.5076141Z Not building database; man-db/auto-update is not 'true'.
2026-09-22T08:49:10.5092085Z Processing triggers for libc-bin (2.39-0ubuntu8.8) ...
2026-09-22T08:49:11.2099258Z 
2026-09-22T08:49:11.2099857Z Running kernel seems to be up-to-date.
2026-09-22T08:49:11.2100648Z 
2026-09-22T08:49:11.2100858Z No services need to be restarted.
2026-09-22T08:49:11.2101204Z 
2026-09-22T08:49:11.2101384Z No containers need to be restarted.
2026-09-22T08:49:11.2101707Z 
2026-09-22T08:49:11.2101933Z No user sessions are running outdated binaries.
2026-09-22T08:49:11.2102318Z 
2026-09-22T08:49:11.2102671Z No VM guests are running outdated hypervisor (qemu) binaries on this host.
2026-09-22T08:49:12.5189603Z Reading package lists...
2026-09-22T08:49:12.7316363Z Building dependency tree...
2026-09-22T08:49:12.7325793Z Reading state information...
2026-09-22T08:49:12.9103084Z unzip is already the newest version (6.0-28ubuntu4.1).
2026-09-22T08:49:12.9103624Z 0 upgraded, 0 newly installed, 0 to remove and 87 not upgraded.
2026-09-22T08:49:12.9143575Z Archive:  /tmp/sv2v.zip
2026-09-22T08:49:12.9144410Z    creating: /tmp/sv2v/sv2v-Linux/
2026-09-22T08:49:12.9146752Z   inflating: /tmp/sv2v/sv2v-Linux/CHANGELOG.md  
2026-09-22T08:49:12.9147382Z   inflating: /tmp/sv2v/sv2v-Linux/LICENSE  
2026-09-22T08:49:12.9745883Z   inflating: /tmp/sv2v/sv2v-Linux/sv2v  
2026-09-22T08:49:12.9749319Z   inflating: /tmp/sv2v/sv2v-Linux/NOTICE  
2026-09-22T08:49:12.9750632Z   inflating: /tmp/sv2v/sv2v-Linux/README.md  
2026-09-22T08:49:13.0105186Z ##[group]Run ./syn/yosys/run.sh
2026-09-22T08:49:13.0105510Z [36;1m./syn/yosys/run.sh[0m
2026-09-22T08:49:13.0143975Z shell: /usr/bin/bash -e {0}
2026-09-22T08:49:13.0144225Z env:
2026-09-22T08:49:13.0144430Z   VERILATOR_VERSION: v5.050
2026-09-22T08:49:13.0144668Z ##[endgroup]
2026-09-22T08:49:16.7037212Z Warning: Replacing memory \tpend_deadline_r with list of registers. See all.v:3452
2026-09-22T08:49:16.7038214Z Warning: Replacing memory \adv_st_r with list of registers. See all.v:3450
2026-09-22T08:49:17.2505054Z Warning: Replacing memory \lost_cnt_r with list of registers. See all.v:11228
2026-09-22T08:49:17.2506059Z Warning: Replacing memory \payload_r with list of registers. See all.v:11227
2026-09-22T08:49:17.4892585Z Warning: Replacing memory \age_r with list of registers. See all.v:13768
2026-09-22T08:49:17.9563773Z Warning: Replacing memory \tf_cnt_r with list of registers. See all.v:17838
2026-09-22T08:49:17.9564893Z Warning: Replacing memory \tf_q_r with list of registers. See all.v:17776
2026-09-22T08:49:17.9565765Z Warning: Replacing memory \tf_wptr_r with list of registers. See all.v:17834, all.v:17771
2026-09-22T08:49:18.3568064Z YOSYS OK  KL_aecp_ucpu
2026-09-22T08:49:18.7716661Z Warning: Replacing memory \tpend_deadline_r with list of registers. See all.v:3452
2026-09-22T08:49:18.7717946Z Warning: Replacing memory \adv_st_r with list of registers. See all.v:3450
2026-09-22T08:49:19.3182044Z Warning: Replacing memory \lost_cnt_r with list of registers. See all.v:11228
2026-09-22T08:49:19.3183048Z Warning: Replacing memory \payload_r with list of registers. See all.v:11227
2026-09-22T08:49:19.5584574Z Warning: Replacing memory \age_r with list of registers. See all.v:13768
2026-09-22T08:49:20.0246777Z Warning: Replacing memory \tf_cnt_r with list of registers. See all.v:17838
2026-09-22T08:49:20.0247735Z Warning: Replacing memory \tf_q_r with list of registers. See all.v:17776
2026-09-22T08:49:20.0248727Z Warning: Replacing memory \tf_wptr_r with list of registers. See all.v:17834, all.v:17771
2026-09-22T08:49:20.5429396Z YOSYS OK  KL_aecp_desc_store
2026-09-22T08:49:20.9483962Z Warning: Replacing memory \tpend_deadline_r with list of registers. See all.v:3452
2026-09-22T08:49:20.9484850Z Warning: Replacing memory \adv_st_r with list of registers. See all.v:3450
2026-09-22T08:49:21.4918585Z Warning: Replacing memory \lost_cnt_r with list of registers. See all.v:11228
2026-09-22T08:49:21.4919202Z Warning: Replacing memory \payload_r with list of registers. See all.v:11227
2026-09-22T08:49:21.7307020Z Warning: Replacing memory \age_r with list of registers. See all.v:13768
2026-09-22T08:49:22.1943360Z Warning: Replacing memory \tf_cnt_r with list of registers. See all.v:17838
2026-09-22T08:49:22.1944262Z Warning: Replacing memory \tf_q_r with list of registers. See all.v:17776
2026-09-22T08:49:22.1945156Z Warning: Replacing memory \tf_wptr_r with list of registers. See all.v:17834, all.v:17771
2026-09-22T08:49:22.6221840Z YOSYS OK  KL_aecp_dyn_state
2026-09-22T08:49:23.0279947Z Warning: Replacing memory \tpend_deadline_r with list of registers. See all.v:3452
2026-09-22T08:49:23.0281194Z Warning: Replacing memory \adv_st_r with list of registers. See all.v:3450
2026-09-22T08:49:23.5703845Z Warning: Replacing memory \lost_cnt_r with list of registers. See all.v:11228
2026-09-22T08:49:23.5704842Z Warning: Replacing memory \payload_r with list of registers. See all.v:11227
2026-09-22T08:49:23.8294604Z Warning: Replacing memory \age_r with list of registers. See all.v:13768
2026-09-22T08:49:24.2953542Z Warning: Replacing memory \tf_cnt_r with list of registers. See all.v:17838
2026-09-22T08:49:24.2954476Z Warning: Replacing memory \tf_q_r with list of registers. See all.v:17776
2026-09-22T08:49:24.2955412Z Warning: Replacing memory \tf_wptr_r with list of registers. See all.v:17834, all.v:17771
2026-09-22T08:49:24.6456564Z YOSYS OK  KL_aecp_resp_buf
2026-09-22T08:49:25.0509207Z Warning: Replacing memory \tpend_deadline_r with list of registers. See all.v:3452
2026-09-22T08:49:25.0511040Z Warning: Replacing memory \adv_st_r with list of registers. See all.v:3450
2026-09-22T08:49:25.5983410Z Warning: Replacing memory \lost_cnt_r with list of registers. See all.v:11228
2026-09-22T08:49:25.5984319Z Warning: Replacing memory \payload_r with list of registers. See all.v:11227
2026-09-22T08:49:25.8372276Z Warning: Replacing memory \age_r with list of registers. See all.v:13768
2026-09-22T08:49:26.3003799Z Warning: Replacing memory \tf_cnt_r with list of registers. See all.v:17838
2026-09-22T08:49:26.3004815Z Warning: Replacing memory \tf_q_r with list of registers. See all.v:17776
2026-09-22T08:49:26.3005580Z Warning: Replacing memory \tf_wptr_r with list of registers. See all.v:17834, all.v:17771
2026-09-22T08:49:27.5306247Z YOSYS OK  KL_aecp_engine
2026-09-22T08:49:27.9383762Z Warning: Replacing memory \tpend_deadline_r with list of registers. See all.v:3452
2026-09-22T08:49:27.9384656Z Warning: Replacing memory \adv_st_r with list of registers. See all.v:3450
2026-09-22T08:49:28.4812109Z Warning: Replacing memory \lost_cnt_r with list of registers. See all.v:11228
2026-09-22T08:49:28.4813204Z Warning: Replacing memory \payload_r with list of registers. See all.v:11227
2026-09-22T08:49:28.7201876Z Warning: Replacing memory \age_r with list of registers. See all.v:13768
2026-09-22T08:49:29.1864601Z Warning: Replacing memory \tf_cnt_r with list of registers. See all.v:17838
2026-09-22T08:49:29.1865552Z Warning: Replacing memory \tf_q_r with list of registers. See all.v:17776
2026-09-22T08:49:29.1866526Z Warning: Replacing memory \tf_wptr_r with list of registers. See all.v:17834, all.v:17771
2026-09-22T08:49:30.6669012Z YOSYS OK  KL_aecp_notify
2026-09-22T08:49:31.0721784Z Warning: Replacing memory \tpend_deadline_r with list of registers. See all.v:3452
2026-09-22T08:49:31.0722798Z Warning: Replacing memory \adv_st_r with list of registers. See all.v:3450
2026-09-22T08:49:31.6180831Z Warning: Replacing memory \lost_cnt_r with list of registers. See all.v:11228
2026-09-22T08:49:31.6181856Z Warning: Replacing memory \payload_r with list of registers. See all.v:11227
2026-09-22T08:49:31.8569487Z Warning: Replacing memory \age_r with list of registers. See all.v:13768
2026-09-22T08:49:32.3236774Z Warning: Replacing memory \tf_cnt_r with list of registers. See all.v:17838
2026-09-22T08:49:32.3237757Z Warning: Replacing memory \tf_q_r with list of registers. See all.v:17776
2026-09-22T08:49:32.3238748Z Warning: Replacing memory \tf_wptr_r with list of registers. See all.v:17834, all.v:17771
2026-09-22T08:49:32.6616731Z YOSYS OK  KL_aecp_ca_originator
2026-09-22T08:49:33.0671620Z Warning: Replacing memory \tpend_deadline_r with list of registers. See all.v:3452
2026-09-22T08:49:33.0672894Z Warning: Replacing memory \adv_st_r with list of registers. See all.v:3450
2026-09-22T08:49:33.6098196Z Warning: Replacing memory \lost_cnt_r with list of registers. See all.v:11228
2026-09-22T08:49:33.6100026Z Warning: Replacing memory \payload_r with list of registers. See all.v:11227
2026-09-22T08:49:33.8491737Z Warning: Replacing memory \age_r with list of registers. See all.v:13768
2026-09-22T08:49:34.3136408Z Warning: Replacing memory \tf_cnt_r with list of registers. See all.v:17838
2026-09-22T08:49:34.3137700Z Warning: Replacing memory \tf_q_r with list of registers. See all.v:17776
2026-09-22T08:49:34.3138665Z Warning: Replacing memory \tf_wptr_r with list of registers. See all.v:17834, all.v:17771
2026-09-22T08:49:34.6527282Z YOSYS OK  KL_pp_timer_service
2026-09-22T08:49:35.0577907Z Warning: Replacing memory \tpend_deadline_r with list of registers. See all.v:3452
2026-09-22T08:49:35.0578922Z Warning: Replacing memory \adv_st_r with list of registers. See all.v:3450
2026-09-22T08:49:35.6000938Z Warning: Replacing memory \lost_cnt_r with list of registers. See all.v:11228
2026-09-22T08:49:35.6001925Z Warning: Replacing memory \payload_r with list of registers. See all.v:11227
2026-09-22T08:49:35.8386291Z Warning: Replacing memory \age_r with list of registers. See all.v:13768
2026-09-22T08:49:36.3043353Z Warning: Replacing memory \tf_cnt_r with list of registers. See all.v:17838
2026-09-22T08:49:36.3044289Z Warning: Replacing memory \tf_q_r with list of registers. See all.v:17776
2026-09-22T08:49:36.3045216Z Warning: Replacing memory \tf_wptr_r with list of registers. See all.v:17834, all.v:17771
2026-09-22T08:49:36.6459598Z YOSYS OK  KL_pp_prng
2026-09-22T08:49:37.0539400Z Warning: Replacing memory \tpend_deadline_r with list of registers. See all.v:3452
2026-09-22T08:49:37.0540905Z Warning: Replacing memory \adv_st_r with list of registers. See all.v:3450
2026-09-22T08:49:37.6004371Z Warning: Replacing memory \lost_cnt_r with list of registers. See all.v:11228
2026-09-22T08:49:37.6005513Z Warning: Replacing memory \payload_r with list of registers. See all.v:11227
2026-09-22T08:49:37.8398137Z Warning: Replacing memory \age_r with list of registers. See all.v:13768
2026-09-22T08:49:38.3063003Z Warning: Replacing memory \tf_cnt_r with list of registers. See all.v:17838
2026-09-22T08:49:38.3064374Z Warning: Replacing memory \tf_q_r with list of registers. See all.v:17776
2026-09-22T08:49:38.3065743Z Warning: Replacing memory \tf_wptr_r with list of registers. See all.v:17834, all.v:17771
2026-09-22T08:49:38.6429537Z YOSYS OK  KL_pp_rx_slots
2026-09-22T08:49:39.0493762Z Warning: Replacing memory \tpend_deadline_r with list of registers. See all.v:3452
2026-09-22T08:49:39.0494704Z Warning: Replacing memory \adv_st_r with list of registers. See all.v:3450
2026-09-22T08:49:39.5921532Z Warning: Replacing memory \lost_cnt_r with list of registers. See all.v:11228
2026-09-22T08:49:39.5922451Z Warning: Replacing memory \payload_r with list of registers. See all.v:11227
2026-09-22T08:49:39.8301225Z Warning: Replacing memory \age_r with list of registers. See all.v:13768
2026-09-22T08:49:40.2937570Z Warning: Replacing memory \tf_cnt_r with list of registers. See all.v:17838
2026-09-22T08:49:40.2938477Z Warning: Replacing memory \tf_q_r with list of registers. See all.v:17776
2026-09-22T08:49:40.2939362Z Warning: Replacing memory \tf_wptr_r with list of registers. See all.v:17834, all.v:17771
2026-09-22T08:49:40.6495424Z YOSYS OK  KL_pp_tx_slots
2026-09-22T08:49:41.0549038Z Warning: Replacing memory \tpend_deadline_r with list of registers. See all.v:3452
2026-09-22T08:49:41.0550274Z Warning: Replacing memory \adv_st_r with list of registers. See all.v:3450
2026-09-22T08:49:41.5983133Z Warning: Replacing memory \lost_cnt_r with list of registers. See all.v:11228
2026-09-22T08:49:41.5983892Z Warning: Replacing memory \payload_r with list of registers. See all.v:11227
2026-09-22T08:49:41.8366442Z Warning: Replacing memory \age_r with list of registers. See all.v:13768
2026-09-22T08:49:42.3037921Z Warning: Replacing memory \tf_cnt_r with list of registers. See all.v:17838
2026-09-22T08:49:42.3038968Z Warning: Replacing memory \tf_q_r with list of registers. See all.v:17776
2026-09-22T08:49:42.3040002Z Warning: Replacing memory \tf_wptr_r with list of registers. See all.v:17834, all.v:17771
2026-09-22T08:49:42.6261694Z YOSYS OK  KL_pp_release_merge
2026-09-22T08:49:43.0312218Z Warning: Replacing memory \tpend_deadline_r with list of registers. See all.v:3452
2026-09-22T08:49:43.0313195Z Warning: Replacing memory \adv_st_r with list of registers. See all.v:3450
2026-09-22T08:49:43.5741550Z Warning: Replacing memory \lost_cnt_r with list of registers. See all.v:11228
2026-09-22T08:49:43.5742570Z Warning: Replacing memory \payload_r with list of registers. See all.v:11227
2026-09-22T08:49:43.8122153Z Warning: Replacing memory \age_r with list of registers. See all.v:13768
2026-09-22T08:49:44.2766148Z Warning: Replacing memory \tf_cnt_r with list of registers. See all.v:17838
2026-09-22T08:49:44.2767052Z Warning: Replacing memory \tf_q_r with list of registers. See all.v:17776
2026-09-22T08:49:44.2767928Z Warning: Replacing memory \tf_wptr_r with list of registers. See all.v:17834, all.v:17771
2026-09-22T08:49:44.8423711Z YOSYS OK  KL_pp_rx_validator
2026-09-22T08:49:45.2702056Z Warning: Replacing memory \tpend_deadline_r with list of registers. See all.v:3452
2026-09-22T08:49:45.2703099Z Warning: Replacing memory \adv_st_r with list of registers. See all.v:3450
2026-09-22T08:49:45.8144263Z Warning: Replacing memory \lost_cnt_r with list of registers. See all.v:11228
2026-09-22T08:49:45.8145257Z Warning: Replacing memory \payload_r with list of registers. See all.v:11227
2026-09-22T08:49:46.0535567Z Warning: Replacing memory \age_r with list of registers. See all.v:13768
2026-09-22T08:49:46.5255592Z Warning: Replacing memory \tf_cnt_r with list of registers. See all.v:17838
2026-09-22T08:49:46.5256680Z Warning: Replacing memory \tf_q_r with list of registers. See all.v:17776
2026-09-22T08:49:46.5257437Z Warning: Replacing memory \tf_wptr_r with list of registers. See all.v:17834, all.v:17771
2026-09-22T08:49:47.1467873Z YOSYS OK  KL_pp_normalizer
2026-09-22T08:49:47.5560985Z Warning: Replacing memory \tpend_deadline_r with list of registers. See all.v:3452
2026-09-22T08:49:47.5562072Z Warning: Replacing memory \adv_st_r with list of registers. See all.v:3450
2026-09-22T08:49:48.1082354Z Warning: Replacing memory \lost_cnt_r with list of registers. See all.v:11228
2026-09-22T08:49:48.1083341Z Warning: Replacing memory \payload_r with list of registers. See all.v:11227
2026-09-22T08:49:48.3488766Z Warning: Replacing memory \age_r with list of registers. See all.v:13768
2026-09-22T08:49:48.8186947Z Warning: Replacing memory \tf_cnt_r with list of registers. See all.v:17838
2026-09-22T08:49:48.8187816Z Warning: Replacing memory \tf_q_r with list of registers. See all.v:17776
2026-09-22T08:49:48.8188663Z Warning: Replacing memory \tf_wptr_r with list of registers. See all.v:17834, all.v:17771
2026-09-22T08:49:49.1975567Z YOSYS OK  KL_pp_dispatch
2026-09-22T08:49:49.6026470Z Warning: Replacing memory \tpend_deadline_r with list of registers. See all.v:3452
2026-09-22T08:49:49.6027486Z Warning: Replacing memory \adv_st_r with list of registers. See all.v:3450
2026-09-22T08:49:50.1500328Z Warning: Replacing memory \lost_cnt_r with list of registers. See all.v:11228
2026-09-22T08:49:50.1501215Z Warning: Replacing memory \payload_r with list of registers. See all.v:11227
2026-09-22T08:49:50.3919968Z Warning: Replacing memory \age_r with list of registers. See all.v:13768
2026-09-22T08:49:50.8606467Z Warning: Replacing memory \tf_cnt_r with list of registers. See all.v:17838
2026-09-22T08:49:50.8607601Z Warning: Replacing memory \tf_q_r with list of registers. See all.v:17776
2026-09-22T08:49:50.8608454Z Warning: Replacing memory \tf_wptr_r with list of registers. See all.v:17834, all.v:17771
2026-09-22T08:49:51.2740477Z YOSYS OK  KL_pp_scoreboard
2026-09-22T08:49:51.6811158Z Warning: Replacing memory \tpend_deadline_r with list of registers. See all.v:3452
2026-09-22T08:49:51.6812176Z Warning: Replacing memory \adv_st_r with list of registers. See all.v:3450
2026-09-22T08:49:52.2268183Z Warning: Replacing memory \lost_cnt_r with list of registers. See all.v:11228
2026-09-22T08:49:52.2269112Z Warning: Replacing memory \payload_r with list of registers. See all.v:11227
2026-09-22T08:49:52.4659319Z Warning: Replacing memory \age_r with list of registers. See all.v:13768
2026-09-22T08:49:52.9308531Z Warning: Replacing memory \tf_cnt_r with list of registers. See all.v:17838
2026-09-22T08:49:52.9309491Z Warning: Replacing memory \tf_q_r with list of registers. See all.v:17776
2026-09-22T08:49:52.9310740Z Warning: Replacing memory \tf_wptr_r with list of registers. See all.v:17834, all.v:17771
2026-09-22T08:49:53.2998214Z YOSYS OK  KL_pp_event_router
2026-09-22T08:49:53.7059317Z Warning: Replacing memory \tpend_deadline_r with list of registers. See all.v:3452
2026-09-22T08:49:53.7060683Z Warning: Replacing memory \adv_st_r with list of registers. See all.v:3450
2026-09-22T08:49:54.2527664Z Warning: Replacing memory \lost_cnt_r with list of registers. See all.v:11228
2026-09-22T08:49:54.2528661Z Warning: Replacing memory \payload_r with list of registers. See all.v:11227
2026-09-22T08:49:54.4916370Z Warning: Replacing memory \age_r with list of registers. See all.v:13768
2026-09-22T08:49:54.9695735Z Warning: Replacing memory \tf_cnt_r with list of registers. See all.v:17838
2026-09-22T08:49:54.9696686Z Warning: Replacing memory \tf_q_r with list of registers. See all.v:17776
2026-09-22T08:49:54.9697630Z Warning: Replacing memory \tf_wptr_r with list of registers. See all.v:17834, all.v:17771
2026-09-22T08:49:55.6499451Z YOSYS OK  KL_pp_originator
2026-09-22T08:49:56.0546117Z Warning: Replacing memory \tpend_deadline_r with list of registers. See all.v:3452
2026-09-22T08:49:56.0547145Z Warning: Replacing memory \adv_st_r with list of registers. See all.v:3450
2026-09-22T08:49:56.5972326Z Warning: Replacing memory \lost_cnt_r with list of registers. See all.v:11228
2026-09-22T08:49:56.5973038Z Warning: Replacing memory \payload_r with list of registers. See all.v:11227
2026-09-22T08:49:56.8352607Z Warning: Replacing memory \age_r with list of registers. See all.v:13768
2026-09-22T08:49:57.2997152Z Warning: Replacing memory \tf_cnt_r with list of registers. See all.v:17838
2026-09-22T08:49:57.2998027Z Warning: Replacing memory \tf_q_r with list of registers. See all.v:17776
2026-09-22T08:49:57.2998890Z Warning: Replacing memory \tf_wptr_r with list of registers. See all.v:17834, all.v:17771
2026-09-22T08:49:57.6343743Z YOSYS OK  KL_pp_tx_arbiter
2026-09-22T08:49:58.0395238Z Warning: Replacing memory \tpend_deadline_r with list of registers. See all.v:3452
2026-09-22T08:49:58.0395995Z Warning: Replacing memory \adv_st_r with list of registers. See all.v:3450
2026-09-22T08:49:58.5839266Z Warning: Replacing memory \lost_cnt_r with list of registers. See all.v:11228
2026-09-22T08:49:58.5840636Z Warning: Replacing memory \payload_r with list of registers. See all.v:11227
2026-09-22T08:49:58.8233081Z Warning: Replacing memory \age_r with list of registers. See all.v:13768
2026-09-22T08:49:59.2884601Z Warning: Replacing memory \tf_cnt_r with list of registers. See all.v:17838
2026-09-22T08:49:59.2885496Z Warning: Replacing memory \tf_q_r with list of registers. See all.v:17776
2026-09-22T08:49:59.2886379Z Warning: Replacing memory \tf_wptr_r with list of registers. See all.v:17834, all.v:17771
2026-09-22T08:49:59.6113019Z YOSYS OK  KL_pp_trace_ring
2026-09-22T08:50:00.0187000Z Warning: Replacing memory \tpend_deadline_r with list of registers. See all.v:3452
2026-09-22T08:50:00.0187856Z Warning: Replacing memory \adv_st_r with list of registers. See all.v:3450
2026-09-22T08:50:00.5731591Z Warning: Replacing memory \lost_cnt_r with list of registers. See all.v:11228
2026-09-22T08:50:00.5732387Z Warning: Replacing memory \payload_r with list of registers. See all.v:11227
2026-09-22T08:50:00.8134570Z Warning: Replacing memory \age_r with list of registers. See all.v:13768
2026-09-22T08:50:01.2811571Z Warning: Replacing memory \tf_cnt_r with list of registers. See all.v:17838
2026-09-22T08:50:01.2812551Z Warning: Replacing memory \tf_q_r with list of registers. See all.v:17776
2026-09-22T08:50:01.2813582Z Warning: Replacing memory \tf_wptr_r with list of registers. See all.v:17834, all.v:17771
2026-09-22T08:50:01.6065916Z YOSYS OK  KL_pp_side_port
2026-09-22T08:50:02.0117193Z Warning: Replacing memory \tpend_deadline_r with list of registers. See all.v:3452
2026-09-22T08:50:02.0118167Z Warning: Replacing memory \adv_st_r with list of registers. See all.v:3450
2026-09-22T08:50:02.5540583Z Warning: Replacing memory \lost_cnt_r with list of registers. See all.v:11228
2026-09-22T08:50:02.5541591Z Warning: Replacing memory \payload_r with list of registers. See all.v:11227
2026-09-22T08:50:02.7963072Z Warning: Replacing memory \age_r with list of registers. See all.v:13768
2026-09-22T08:50:03.2612719Z Warning: Replacing memory \tf_cnt_r with list of registers. See all.v:17838
2026-09-22T08:50:03.2613646Z Warning: Replacing memory \tf_q_r with list of registers. See all.v:17776
2026-09-22T08:50:03.2614599Z Warning: Replacing memory \tf_wptr_r with list of registers. See all.v:17834, all.v:17771
2026-09-22T08:50:03.6050829Z YOSYS OK  KL_pp_nvm_port
2026-09-22T08:50:04.0144660Z Warning: Replacing memory \tpend_deadline_r with list of registers. See all.v:3452
2026-09-22T08:50:04.0145672Z Warning: Replacing memory \adv_st_r with list of registers. See all.v:3450
2026-09-22T08:50:04.5629261Z Warning: Replacing memory \lost_cnt_r with list of registers. See all.v:11228
2026-09-22T08:50:04.5630567Z Warning: Replacing memory \payload_r with list of registers. See all.v:11227
2026-09-22T08:50:04.8025641Z Warning: Replacing memory \age_r with list of registers. See all.v:13768
2026-09-22T08:50:05.2708876Z Warning: Replacing memory \tf_cnt_r with list of registers. See all.v:17838
2026-09-22T08:50:05.2709853Z Warning: Replacing memory \tf_q_r with list of registers. See all.v:17776
2026-09-22T08:50:05.2711070Z Warning: Replacing memory \tf_wptr_r with list of registers. See all.v:17834, all.v:17771
2026-09-22T08:50:07.4526356Z YOSYS OK  KL_adp_engine
2026-09-22T08:50:07.8558182Z Warning: Replacing memory \tpend_deadline_r with list of registers. See all.v:3452
2026-09-22T08:50:07.8559136Z Warning: Replacing memory \adv_st_r with list of registers. See all.v:3450
2026-09-22T08:50:08.3981784Z Warning: Replacing memory \lost_cnt_r with list of registers. See all.v:11228
2026-09-22T08:50:08.3982767Z Warning: Replacing memory \payload_r with list of registers. See all.v:11227
2026-09-22T08:50:08.6361702Z Warning: Replacing memory \age_r with list of registers. See all.v:13768
2026-09-22T08:50:09.1119044Z Warning: Replacing memory \tf_cnt_r with list of registers. See all.v:17838
2026-09-22T08:50:09.1119910Z Warning: Replacing memory \tf_q_r with list of registers. See all.v:17776
2026-09-22T08:50:09.1121155Z Warning: Replacing memory \tf_wptr_r with list of registers. See all.v:17834, all.v:17771
2026-09-22T08:50:10.3537314Z YOSYS OK  KL_pp_acmp_listener
2026-09-22T08:50:10.7596868Z Warning: Replacing memory \tpend_deadline_r with list of registers. See all.v:3452
2026-09-22T08:50:10.7597819Z Warning: Replacing memory \adv_st_r with list of registers. See all.v:3450
2026-09-22T08:50:11.3053054Z Warning: Replacing memory \lost_cnt_r with list of registers. See all.v:11228
2026-09-22T08:50:11.3054043Z Warning: Replacing memory \payload_r with list of registers. See all.v:11227
2026-09-22T08:50:11.5438887Z Warning: Replacing memory \age_r with list of registers. See all.v:13768
2026-09-22T08:50:12.0108943Z Warning: Replacing memory \tf_cnt_r with list of registers. See all.v:17838
2026-09-22T08:50:12.0109877Z Warning: Replacing memory \tf_q_r with list of registers. See all.v:17776
2026-09-22T08:50:12.8931790Z Warning: Replacing memory \tf_wptr_r with list of registers. See all.v:17834, all.v:17771
2026-09-22T08:50:12.8932651Z YOSYS OK  KL_acmp_talker
2026-09-22T08:50:13.3003058Z Warning: Replacing memory \tpend_deadline_r with list of registers. See all.v:3452
2026-09-22T08:50:13.3004489Z Warning: Replacing memory \adv_st_r with list of registers. See all.v:3450
2026-09-22T08:50:13.8452827Z Warning: Replacing memory \lost_cnt_r with list of registers. See all.v:11228
2026-09-22T08:50:13.8453794Z Warning: Replacing memory \payload_r with list of registers. See all.v:11227
2026-09-22T08:50:14.0853843Z Warning: Replacing memory \age_r with list of registers. See all.v:13768
2026-09-22T08:50:14.5529785Z Warning: Replacing memory \tf_cnt_r with list of registers. See all.v:17838
2026-09-22T08:50:14.5530972Z Warning: Replacing memory \tf_q_r with list of registers. See all.v:17776
2026-09-22T08:50:14.5531920Z Warning: Replacing memory \tf_wptr_r with list of registers. See all.v:17834, all.v:17771
2026-09-22T08:50:15.0897677Z YOSYS OK  KL_pp_maap
2026-09-22T08:50:15.4952242Z Warning: Replacing memory \tpend_deadline_r with list of registers. See all.v:3452
2026-09-22T08:50:15.4953175Z Warning: Replacing memory \adv_st_r with list of registers. See all.v:3450
2026-09-22T08:50:16.0376357Z Warning: Replacing memory \lost_cnt_r with list of registers. See all.v:11228
2026-09-22T08:50:16.0377338Z Warning: Replacing memory \payload_r with list of registers. See all.v:11227
2026-09-22T08:50:16.2781530Z Warning: Replacing memory \age_r with list of registers. See all.v:13768
2026-09-22T08:50:16.7436043Z Warning: Replacing memory \tf_cnt_r with list of registers. See all.v:17838
2026-09-22T08:50:16.7436995Z Warning: Replacing memory \tf_q_r with list of registers. See all.v:17776
2026-09-22T08:50:16.7437934Z Warning: Replacing memory \tf_wptr_r with list of registers. See all.v:17834, all.v:17771
2026-09-22T08:50:17.1247929Z YOSYS OK  KL_srp_decoder
2026-09-22T08:50:17.5304475Z Warning: Replacing memory \tpend_deadline_r with list of registers. See all.v:3452
2026-09-22T08:50:17.5305506Z Warning: Replacing memory \adv_st_r with list of registers. See all.v:3450
2026-09-22T08:50:18.0747367Z Warning: Replacing memory \lost_cnt_r with list of registers. See all.v:11228
2026-09-22T08:50:18.0748345Z Warning: Replacing memory \payload_r with list of registers. See all.v:11227
2026-09-22T08:50:18.3138678Z Warning: Replacing memory \age_r with list of registers. See all.v:13768
2026-09-22T08:50:18.7812292Z Warning: Replacing memory \tf_cnt_r with list of registers. See all.v:17838
2026-09-22T08:50:18.7813163Z Warning: Replacing memory \tf_q_r with list of registers. See all.v:17776
2026-09-22T08:50:18.7814045Z Warning: Replacing memory \tf_wptr_r with list of registers. See all.v:17834, all.v:17771
2026-09-22T08:50:19.3883275Z YOSYS OK  KL_srp_encoder
2026-09-22T08:50:19.7974123Z Warning: Replacing memory \tpend_deadline_r with list of registers. See all.v:3452
2026-09-22T08:50:19.7975137Z Warning: Replacing memory \adv_st_r with list of registers. See all.v:3450
2026-09-22T08:50:20.3411968Z Warning: Replacing memory \lost_cnt_r with list of registers. See all.v:11228
2026-09-22T08:50:20.3412951Z Warning: Replacing memory \payload_r with list of registers. See all.v:11227
2026-09-22T08:50:20.5791872Z Warning: Replacing memory \age_r with list of registers. See all.v:13768
2026-09-22T08:50:21.0445598Z Warning: Replacing memory \tf_cnt_r with list of registers. See all.v:17838
2026-09-22T08:50:21.0446559Z Warning: Replacing memory \tf_q_r with list of registers. See all.v:17776
2026-09-22T08:50:21.0447491Z Warning: Replacing memory \tf_wptr_r with list of registers. See all.v:17834, all.v:17771
2026-09-22T08:50:21.3706058Z YOSYS OK  KL_srp_domain
2026-09-22T08:50:21.7772397Z Warning: Replacing memory \tpend_deadline_r with list of registers. See all.v:3452
2026-09-22T08:50:21.7773365Z Warning: Replacing memory \adv_st_r with list of registers. See all.v:3450
2026-09-22T08:50:22.3211780Z Warning: Replacing memory \lost_cnt_r with list of registers. See all.v:11228
2026-09-22T08:50:22.3212694Z Warning: Replacing memory \payload_r with list of registers. See all.v:11227
2026-09-22T08:50:22.5638773Z Warning: Replacing memory \age_r with list of registers. See all.v:13768
2026-09-22T08:50:23.0301402Z Warning: Replacing memory \tf_cnt_r with list of registers. See all.v:17838
2026-09-22T08:50:23.0302367Z Warning: Replacing memory \tf_q_r with list of registers. See all.v:17776
2026-09-22T08:50:23.0303368Z Warning: Replacing memory \tf_wptr_r with list of registers. See all.v:17834, all.v:17771
2026-09-22T08:50:23.3668343Z YOSYS OK  KL_srp_vlan
2026-09-22T08:50:23.7720362Z Warning: Replacing memory \tpend_deadline_r with list of registers. See all.v:3452
2026-09-22T08:50:23.7721602Z Warning: Replacing memory \adv_st_r with list of registers. See all.v:3450
2026-09-22T08:50:24.3168199Z Warning: Replacing memory \lost_cnt_r with list of registers. See all.v:11228
2026-09-22T08:50:24.3169119Z Warning: Replacing memory \payload_r with list of registers. See all.v:11227
2026-09-22T08:50:24.5555806Z Warning: Replacing memory \age_r with list of registers. See all.v:13768
2026-09-22T08:50:25.0201457Z Warning: Replacing memory \tf_cnt_r with list of registers. See all.v:17838
2026-09-22T08:50:25.0203014Z Warning: Replacing memory \tf_q_r with list of registers. See all.v:17776
2026-09-22T08:50:25.0204350Z Warning: Replacing memory \tf_wptr_r with list of registers. See all.v:17834, all.v:17771
2026-09-22T08:50:26.6339548Z YOSYS OK  KL_srp_talker_fsm
2026-09-22T08:50:27.0396044Z Warning: Replacing memory \tpend_deadline_r with list of registers. See all.v:3452
2026-09-22T08:50:27.0397131Z Warning: Replacing memory \adv_st_r with list of registers. See all.v:3450
2026-09-22T08:50:27.5833257Z Warning: Replacing memory \lost_cnt_r with list of registers. See all.v:11228
2026-09-22T08:50:27.5834236Z Warning: Replacing memory \payload_r with list of registers. See all.v:11227
2026-09-22T08:50:27.8233862Z Warning: Replacing memory \age_r with list of registers. See all.v:13768
2026-09-22T08:50:28.2916114Z Warning: Replacing memory \tf_cnt_r with list of registers. See all.v:17838
2026-09-22T08:50:28.2917318Z Warning: Replacing memory \tf_q_r with list of registers. See all.v:17776
2026-09-22T08:50:28.2918182Z Warning: Replacing memory \tf_wptr_r with list of registers. See all.v:17834, all.v:17771
2026-09-22T08:50:29.5675434Z YOSYS OK  KL_srp_listener_fsm
2026-09-22T08:50:29.9779138Z Warning: Replacing memory \tpend_deadline_r with list of registers. See all.v:3452
2026-09-22T08:50:29.9780396Z Warning: Replacing memory \adv_st_r with list of registers. See all.v:3450
2026-09-22T08:50:30.5274301Z Warning: Replacing memory \lost_cnt_r with list of registers. See all.v:11228
2026-09-22T08:50:30.5275296Z Warning: Replacing memory \payload_r with list of registers. See all.v:11227
2026-09-22T08:50:30.7672224Z Warning: Replacing memory \age_r with list of registers. See all.v:13768
2026-09-22T08:50:31.2356410Z Warning: Replacing memory \tf_cnt_r with list of registers. See all.v:17838
2026-09-22T08:50:31.2357663Z Warning: Replacing memory \tf_q_r with list of registers. See all.v:17776
2026-09-22T08:50:31.2358527Z Warning: Replacing memory \tf_wptr_r with list of registers. See all.v:17834, all.v:17771
2026-09-22T08:51:14.1802906Z Warning: Resizing cell port KL_aecp_engine.amap_stage_r.0.0.ADDRARDADDR from 17 bits to 16 bits.
2026-09-22T08:51:14.1805270Z Warning: Resizing cell port KL_aecp_engine.amap_stage_r.0.0.ADDRBWRADDR from 17 bits to 16 bits.
2026-09-22T08:51:14.1806626Z Warning: Resizing cell port KL_aecp_engine.u_store.line_r.0.0.ADDRARDADDR from 17 bits to 16 bits.
2026-09-22T08:51:14.1807799Z Warning: Resizing cell port KL_aecp_engine.u_store.line_r.0.0.ADDRBWRADDR from 17 bits to 16 bits.
2026-09-22T08:51:14.1808926Z Warning: Resizing cell port KL_aecp_engine.u_store.name_r.0.0.ADDRARDADDR from 17 bits to 16 bits.
2026-09-22T08:51:14.1810359Z Warning: Resizing cell port KL_aecp_engine.u_store.name_r.0.0.ADDRBWRADDR from 17 bits to 16 bits.
2026-09-22T08:51:14.1811680Z Warning: Resizing cell port KL_aecp_engine.u_ucpu.rom_r.0.0.DOADO from 64 bits to 32 bits.
2026-09-22T08:51:14.1812556Z Warning: Resizing cell port KL_aecp_engine.u_ucpu.rom_r.0.0.DOBDO from 64 bits to 32 bits.
2026-09-22T08:51:14.1813511Z Warning: Resizing cell port KL_aecp_engine.u_ucpu.rom_r.0.0.DOPADOP from 8 bits to 4 bits.
2026-09-22T08:51:14.1814345Z Warning: Resizing cell port KL_aecp_engine.u_ucpu.rom_r.0.0.DOPBDOP from 8 bits to 4 bits.
2026-09-22T08:51:14.1815187Z Warning: Resizing cell port KL_aecp_engine.u_ucpu.rom_r.0.1.DOADO from 64 bits to 32 bits.
2026-09-22T08:51:14.1816020Z Warning: Resizing cell port KL_aecp_engine.u_ucpu.rom_r.0.1.DOBDO from 64 bits to 32 bits.
2026-09-22T08:51:14.1816852Z Warning: Resizing cell port KL_aecp_engine.u_ucpu.rom_r.0.1.DOPADOP from 8 bits to 4 bits.
2026-09-22T08:51:14.1817979Z Warning: Resizing cell port KL_aecp_engine.u_ucpu.rom_r.0.1.DOPBDOP from 8 bits to 4 bits.
2026-09-22T08:51:14.1819305Z Warning: Resizing cell port KL_aecp_engine.u_ucpu.rom_r.0.2.DOADO from 64 bits to 32 bits.
2026-09-22T08:51:14.1820260Z Warning: Resizing cell port KL_aecp_engine.u_ucpu.rom_r.0.2.DOBDO from 64 bits to 32 bits.
2026-09-22T08:51:14.1821089Z Warning: Resizing cell port KL_aecp_engine.u_ucpu.rom_r.0.2.DOPADOP from 8 bits to 4 bits.
2026-09-22T08:51:14.1821913Z Warning: Resizing cell port KL_aecp_engine.u_ucpu.rom_r.0.2.DOPBDOP from 8 bits to 4 bits.
2026-09-22T08:51:14.5178681Z YOSYS XILINX OK  KL_aecp_engine
2026-09-22T08:51:14.5314658Z Node 20 is being deprecated. This workflow is running with Node 24 by default. If you need to temporarily use Node 20, you can set the ACTIONS_ALLOW_USE_UNSECURE_NODE_VERSION=true environment variable. For more information see: https://github.blog/changelog/2025-09-19-deprecation-of-node-20-on-github-actions-runners/
2026-09-22T08:51:14.5316213Z Post job cleanup.
2026-09-22T08:51:14.6209735Z [command]/usr/bin/git version
2026-09-22T08:51:14.6255258Z git version 2.55.0
2026-09-22T08:51:14.6299853Z Temporarily overriding HOME='/home/runner/work/_temp/b9037890-705a-438d-aabf-bce7f008fa4c' before making global git config changes
2026-09-22T08:51:14.6301689Z Adding repository directory to the temporary git global config as a safe directory
2026-09-22T08:51:14.6306854Z [command]/usr/bin/git config --global --add safe.directory /home/runner/work/protocol-processor-control-plane-avb-milan/protocol-processor-control-plane-avb-milan
2026-09-22T08:51:14.6346801Z [command]/usr/bin/git config --local --name-only --get-regexp core\.sshCommand
2026-09-22T08:51:14.6382328Z [command]/usr/bin/git submodule foreach --recursive sh -c "git config --local --name-only --get-regexp 'core\.sshCommand' && git config --local --unset-all 'core.sshCommand' || :"
2026-09-22T08:51:14.6631698Z [command]/usr/bin/git config --local --name-only --get-regexp http\.https\:\/\/github\.com\/\.extraheader
2026-09-22T08:51:14.6661171Z http.https://github.com/.extraheader
2026-09-22T08:51:14.6673968Z [command]/usr/bin/git config --local --unset-all http.https://github.com/.extraheader
2026-09-22T08:51:14.6707390Z [command]/usr/bin/git submodule foreach --recursive sh -c "git config --local --name-only --get-regexp 'http\.https\:\/\/github\.com\/\.extraheader' && git config --local --unset-all 'http.https://github.com/.extraheader' || :"
2026-09-22T08:51:14.6986070Z [command]/usr/bin/git config --local --name-only --get-regexp ^includeIf\.gitdir:
2026-09-22T08:51:14.7023761Z [command]/usr/bin/git submodule foreach --recursive git config --local --show-origin --name-only --get-regexp remote.origin.url
2026-09-22T08:51:14.7423291Z Cleaning up orphan processes
2026-09-22T08:51:14.7742683Z ##[warning]Node.js 20 is deprecated. The following actions target Node.js 20 but are being forced to run on Node.js 24: actions/checkout@v4. For more information see: https://github.blog/changelog/2025-09-19-deprecation-of-node-20-on-github-actions-runners/
