2026-09-22T08:48:45.5897523Z Current runner version: '2.337.0'
2026-09-22T08:48:45.5912613Z ##[group]Runner Image Provisioner
2026-09-22T08:48:45.5913203Z Hosted Compute Agent
2026-09-22T08:48:45.5913540Z Version: 20260828.587
2026-09-22T08:48:45.5913937Z Commit: abac92662cab4cc7352de4f9f9d2e2419aad9c29
2026-09-22T08:48:45.5914360Z Build Date: 2026-08-28T16:44:25Z
2026-09-22T08:48:45.5914778Z Worker ID: {7d6c4e55-6f90-4f81-b70b-48acc4f84485}
2026-09-22T08:48:45.5915218Z Azure Region: westus3
2026-09-22T08:48:45.5915548Z ##[endgroup]
2026-09-22T08:48:45.5916298Z ##[group]Operating System
2026-09-22T08:48:45.5916819Z Ubuntu
2026-09-22T08:48:45.5917153Z 24.04.5
2026-09-22T08:48:45.5917519Z LTS
2026-09-22T08:48:45.5917815Z ##[endgroup]
2026-09-22T08:48:45.5918110Z ##[group]Runner Image
2026-09-22T08:48:45.5918862Z Image: ubuntu-24.04
2026-09-22T08:48:45.5919192Z Version: 20260907.300.1
2026-09-22T08:48:45.5919930Z Included Software: https://github.com/actions/runner-images/blob/ubuntu24/20260907.300/images/ubuntu/Ubuntu2404-Readme.md
2026-09-22T08:48:45.5920750Z Image Release: https://github.com/actions/runner-images/releases/tag/ubuntu24%2F20260907.300
2026-09-22T08:48:45.5921350Z ##[endgroup]
2026-09-22T08:48:45.5922027Z ##[group]GITHUB_TOKEN Permissions
2026-09-22T08:48:45.5923173Z Contents: read
2026-09-22T08:48:45.5923498Z Metadata: read
2026-09-22T08:48:45.5923857Z Packages: read
2026-09-22T08:48:45.5924221Z ##[endgroup]
2026-09-22T08:48:45.5925409Z Secret source: Actions
2026-09-22T08:48:45.5925987Z Cache mode: write
2026-09-22T08:48:45.5926377Z Prepare workflow directory
2026-09-22T08:48:45.6148895Z Prepare all required actions
2026-09-22T08:48:45.6177949Z Getting action download info
2026-09-22T08:48:45.9116548Z Download action repository 'actions/checkout@v4' (SHA:11d5960a326750d5838078e36cf38b85af677262)
2026-09-22T08:48:46.0174572Z Download action repository 'actions/cache@v4' (SHA:0057852bfaa89a56745cba8c7296529d2fc39830)
2026-09-22T08:48:46.3298522Z Complete job name: suites
2026-09-22T08:48:46.3705181Z Node 20 is being deprecated. This workflow is running with Node 24 by default. If you need to temporarily use Node 20, you can set the ACTIONS_ALLOW_USE_UNSECURE_NODE_VERSION=true environment variable. For more information see: https://github.blog/changelog/2025-09-19-deprecation-of-node-20-on-github-actions-runners/
2026-09-22T08:48:46.3710059Z ##[group]Run actions/checkout@v4
2026-09-22T08:48:46.3710388Z with:
2026-09-22T08:48:46.3710602Z   fetch-depth: 0
2026-09-22T08:48:46.3710929Z   repository: Mister-M-alt/protocol-processor-control-plane-avb-milan
2026-09-22T08:48:46.3712850Z   token: ***
2026-09-22T08:48:46.3713067Z   ssh-strict: true
2026-09-22T08:48:46.3713286Z   ssh-user: git
2026-09-22T08:48:46.3713514Z   persist-credentials: true
2026-09-22T08:48:46.3713766Z   clean: true
2026-09-22T08:48:46.3713996Z   sparse-checkout-cone-mode: true
2026-09-22T08:48:46.3714264Z   fetch-tags: false
2026-09-22T08:48:46.3714498Z   show-progress: true
2026-09-22T08:48:46.3714751Z   lfs: false
2026-09-22T08:48:46.3714963Z   submodules: false
2026-09-22T08:48:46.3715197Z   set-safe-directory: true
2026-09-22T08:48:46.3715456Z   allow-unsafe-pr-checkout: false
2026-09-22T08:48:46.3715812Z env:
2026-09-22T08:48:46.3716026Z   VERILATOR_VERSION: v5.050
2026-09-22T08:48:46.3716270Z ##[endgroup]
2026-09-22T08:48:46.4337087Z Syncing repository: Mister-M-alt/protocol-processor-control-plane-avb-milan
2026-09-22T08:48:46.4338299Z ##[group]Getting Git version info
2026-09-22T08:48:46.4338891Z Working directory is '/home/runner/work/protocol-processor-control-plane-avb-milan/protocol-processor-control-plane-avb-milan'
2026-09-22T08:48:46.4339654Z [command]/usr/bin/git version
2026-09-22T08:48:46.4847926Z git version 2.55.0
2026-09-22T08:48:46.4860733Z ##[endgroup]
2026-09-22T08:48:46.4876480Z Temporarily overriding HOME='/home/runner/work/_temp/560a45ee-73a0-4223-9902-7c9b396bb485' before making global git config changes
2026-09-22T08:48:46.4877444Z Adding repository directory to the temporary git global config as a safe directory
2026-09-22T08:48:46.4880815Z [command]/usr/bin/git config --global --add safe.directory /home/runner/work/protocol-processor-control-plane-avb-milan/protocol-processor-control-plane-avb-milan
2026-09-22T08:48:46.4927987Z Deleting the contents of '/home/runner/work/protocol-processor-control-plane-avb-milan/protocol-processor-control-plane-avb-milan'
2026-09-22T08:48:46.4931331Z ##[group]Initializing the repository
2026-09-22T08:48:46.4934352Z [command]/usr/bin/git init /home/runner/work/protocol-processor-control-plane-avb-milan/protocol-processor-control-plane-avb-milan
2026-09-22T08:48:46.5005815Z hint: Using 'master' as the name for the initial branch. This default branch name
2026-09-22T08:48:46.5006776Z hint: will change to "main" in Git 3.0. To configure the initial branch name
2026-09-22T08:48:46.5007622Z hint: to use in all of your new repositories, which will suppress this warning,
2026-09-22T08:48:46.5008220Z hint: call:
2026-09-22T08:48:46.5008536Z hint:
2026-09-22T08:48:46.5008967Z hint: 	git config --global init.defaultBranch <name>
2026-09-22T08:48:46.5009469Z hint:
2026-09-22T08:48:46.5009865Z hint: Names commonly chosen instead of 'master' are 'main', 'trunk' and
2026-09-22T08:48:46.5010350Z hint: 'development'. The just-created branch can be renamed via this command:
2026-09-22T08:48:46.5010721Z hint:
2026-09-22T08:48:46.5010966Z hint: 	git branch -m <name>
2026-09-22T08:48:46.5011356Z hint:
2026-09-22T08:48:46.5011875Z hint: Disable this message with "git config set advice.defaultBranchName false"
2026-09-22T08:48:46.5012646Z Initialized empty Git repository in /home/runner/work/protocol-processor-control-plane-avb-milan/protocol-processor-control-plane-avb-milan/.git/
2026-09-22T08:48:46.5015237Z [command]/usr/bin/git remote add origin https://github.com/Mister-M-alt/protocol-processor-control-plane-avb-milan
2026-09-22T08:48:46.5051674Z ##[endgroup]
2026-09-22T08:48:46.5052082Z ##[group]Disabling automatic garbage collection
2026-09-22T08:48:46.5053882Z [command]/usr/bin/git config --local gc.auto 0
2026-09-22T08:48:46.5077477Z ##[endgroup]
2026-09-22T08:48:46.5077852Z ##[group]Setting up auth
2026-09-22T08:48:46.5081590Z [command]/usr/bin/git config --local --name-only --get-regexp core\.sshCommand
2026-09-22T08:48:46.5106715Z [command]/usr/bin/git submodule foreach --recursive sh -c "git config --local --name-only --get-regexp 'core\.sshCommand' && git config --local --unset-all 'core.sshCommand' || :"
2026-09-22T08:48:46.5353562Z [command]/usr/bin/git config --local --name-only --get-regexp http\.https\:\/\/github\.com\/\.extraheader
2026-09-22T08:48:46.5379028Z [command]/usr/bin/git submodule foreach --recursive sh -c "git config --local --name-only --get-regexp 'http\.https\:\/\/github\.com\/\.extraheader' && git config --local --unset-all 'http.https://github.com/.extraheader' || :"
2026-09-22T08:48:46.5542668Z [command]/usr/bin/git config --local --name-only --get-regexp ^includeIf\.gitdir:
2026-09-22T08:48:46.5570430Z [command]/usr/bin/git submodule foreach --recursive git config --local --show-origin --name-only --get-regexp remote.origin.url
2026-09-22T08:48:46.5740785Z [command]/usr/bin/git config --local http.https://github.com/.extraheader AUTHORIZATION: basic ***
2026-09-22T08:48:46.5769110Z ##[endgroup]
2026-09-22T08:48:46.5769627Z ##[group]Fetching the repository
2026-09-22T08:48:46.5775397Z [command]/usr/bin/git -c protocol.version=2 fetch --prune --no-recurse-submodules origin +refs/heads/*:refs/remotes/origin/* +refs/tags/*:refs/tags/*
2026-09-22T08:48:48.1201861Z From https://github.com/Mister-M-alt/protocol-processor-control-plane-avb-milan
2026-09-22T08:48:48.1202734Z  * [new branch]        121-notification-review-fixes -> origin/121-notification-review-fixes
2026-09-22T08:48:48.1203338Z  * [new branch]        14-asp-gm-identity      -> origin/14-asp-gm-identity
2026-09-22T08:48:48.1204242Z  * [new branch]        14-done_seen_r-latches-dev_done_i-in-states-with-no-outstanding-command -> origin/14-done_seen_r-latches-dev_done_i-in-states-with-no-outstanding-command
2026-09-22T08:48:48.1205236Z  * [new branch]        25-cover-every-module-and-stop-reparsing -> origin/25-cover-every-module-and-stop-reparsing
2026-09-22T08:48:48.1206056Z  * [new branch]        389-refusal-arms        -> origin/389-refusal-arms
2026-09-22T08:48:48.1206799Z  * [new branch]        389-set-clock-source-range-check -> origin/389-set-clock-source-range-check
2026-09-22T08:48:48.1209195Z  * [new branch]        46-lstn-reg-state-encoding -> origin/46-lstn-reg-state-encoding
2026-09-22T08:48:48.1210093Z  * [new branch]        51-sampling-rate-list-check -> origin/51-sampling-rate-list-check
2026-09-22T08:48:48.1212158Z  * [new branch]        66-aecp-get-set-name    -> origin/66-aecp-get-set-name
2026-09-22T08:48:48.1214143Z  * [new branch]        67-aecp-streaming-state-commands -> origin/67-aecp-streaming-state-commands
2026-09-22T08:48:48.1214936Z  * [new branch]        67-stream-format-and-info-setters -> origin/67-stream-format-and-info-setters
2026-09-22T08:48:48.1215590Z  * [new branch]        68-aecp-audio-mappings  -> origin/68-aecp-audio-mappings
2026-09-22T08:48:48.1216313Z  * [new branch]        69-aecp-unsolicited-notification-triggers -> origin/69-aecp-unsolicited-notification-triggers
2026-09-22T08:48:48.1217285Z  * [new branch]        71-get-dynamic-info     -> origin/71-get-dynamic-info
2026-09-22T08:48:48.1217882Z  * [new branch]        72-dyn-state-ab-getters -> origin/72-dyn-state-ab-getters
2026-09-22T08:48:48.1218382Z  * [new branch]        75-leaveall-cadence     -> origin/75-leaveall-cadence
2026-09-22T08:48:48.1218875Z  * [new branch]        78-start-stop-streaming -> origin/78-start-stop-streaming
2026-09-22T08:48:48.1219444Z  * [new branch]        78-started-state-in-acmp-record -> origin/78-started-state-in-acmp-record
2026-09-22T08:48:48.1220070Z  * [new branch]        78-started-state-single-source -> origin/78-started-state-single-source
2026-09-22T08:48:48.1220839Z  * [new branch]        83-vendor-unique-opcode-collision -> origin/83-vendor-unique-opcode-collision
2026-09-22T08:48:48.1223237Z  * [new branch]        90-nvm-exports          -> origin/90-nvm-exports
2026-09-22T08:48:48.1224101Z  * [new branch]        95-expose-default-sr-vid -> origin/95-expose-default-sr-vid
2026-09-22T08:48:48.1224840Z  * [new branch]        96-review-evidence      -> origin/96-review-evidence
2026-09-22T08:48:48.1225655Z  * [new branch]        97-assert-distinct-sr-vid-fixture -> origin/97-assert-distinct-sr-vid-fixture
2026-09-22T08:48:48.1226477Z  * [new branch]        97-review-evidence      -> origin/97-review-evidence
2026-09-22T08:48:48.1227395Z  * [new branch]        97-start-stop-commit-handshake -> origin/97-start-stop-commit-handshake
2026-09-22T08:48:48.1228275Z  * [new branch]        98-clarify-srp-domain-events -> origin/98-clarify-srp-domain-events
2026-09-22T08:48:48.1229065Z  * [new branch]        98-review-evidence      -> origin/98-review-evidence
2026-09-22T08:48:48.1229848Z  * [new branch]        aecp-dyn-state-store    -> origin/aecp-dyn-state-store
2026-09-22T08:48:48.1230752Z  * [new branch]        aecp-identify-control   -> origin/aecp-identify-control
2026-09-22T08:48:48.1231605Z  * [new branch]        aecp-set-rate-and-clock-source -> origin/aecp-set-rate-and-clock-source
2026-09-22T08:48:48.1232618Z  * [new branch]        chore/cpp-core-guidelines-idiom -> origin/chore/cpp-core-guidelines-idiom
2026-09-22T08:48:48.1233524Z  * [new branch]        clksrc-store-tb-tap     -> origin/clksrc-store-tb-tap
2026-09-22T08:48:48.1234321Z  * [new branch]        issue-73-aecp-doc-authority -> origin/issue-73-aecp-doc-authority
2026-09-22T08:48:48.1235232Z  * [new branch]        issue-73-stream-output-counters -> origin/issue-73-stream-output-counters
2026-09-22T08:48:48.1235998Z  * [new branch]        main                    -> origin/main
2026-09-22T08:48:48.1236541Z  * [new tag]           v2.0                    -> v2.0
2026-09-22T08:48:48.1238476Z [command]/usr/bin/git branch --list --remote origin/98-clarify-srp-domain-events
2026-09-22T08:48:48.1245642Z   origin/98-clarify-srp-domain-events
2026-09-22T08:48:48.1255801Z [command]/usr/bin/git rev-parse refs/remotes/origin/98-clarify-srp-domain-events
2026-09-22T08:48:48.1274759Z bc997e7c00e50e3d59b97987950bfbf6cc442182
2026-09-22T08:48:48.1278214Z ##[endgroup]
2026-09-22T08:48:48.1278903Z ##[group]Determining the checkout info
2026-09-22T08:48:48.1279690Z ##[endgroup]
2026-09-22T08:48:48.1291703Z [command]/usr/bin/git sparse-checkout disable
2026-09-22T08:48:48.2155978Z [command]/usr/bin/git config --local --unset-all extensions.worktreeConfig
2026-09-22T08:48:48.2179964Z ##[group]Checking out the ref
2026-09-22T08:48:48.2181861Z [command]/usr/bin/git checkout --progress --force -B 98-clarify-srp-domain-events refs/remotes/origin/98-clarify-srp-domain-events
2026-09-22T08:48:48.2535800Z Switched to a new branch '98-clarify-srp-domain-events'
2026-09-22T08:48:48.2540190Z branch '98-clarify-srp-domain-events' set up to track 'origin/98-clarify-srp-domain-events'.
2026-09-22T08:48:48.2548065Z ##[endgroup]
2026-09-22T08:48:48.2581126Z [command]/usr/bin/git log -1 --format=%H
2026-09-22T08:48:48.2601989Z bc997e7c00e50e3d59b97987950bfbf6cc442182
2026-09-22T08:48:48.2828648Z Node 20 is being deprecated. This workflow is running with Node 24 by default. If you need to temporarily use Node 20, you can set the ACTIONS_ALLOW_USE_UNSECURE_NODE_VERSION=true environment variable. For more information see: https://github.blog/changelog/2025-09-19-deprecation-of-node-20-on-github-actions-runners/
2026-09-22T08:48:48.2832273Z ##[group]Run actions/cache@v4
2026-09-22T08:48:48.2832940Z with:
2026-09-22T08:48:48.2833486Z   path: ~/verilator
2026-09-22T08:48:48.2834092Z   key: verilator-v5.050-Linux
2026-09-22T08:48:48.2834800Z   enableCrossOsArchive: false
2026-09-22T08:48:48.2835502Z   fail-on-cache-miss: false
2026-09-22T08:48:48.2836176Z   lookup-only: false
2026-09-22T08:48:48.2836945Z   save-always: false
2026-09-22T08:48:48.2837526Z env:
2026-09-22T08:48:48.2838042Z   VERILATOR_VERSION: v5.050
2026-09-22T08:48:48.2838661Z ##[endgroup]
2026-09-22T08:48:48.3454840Z (node:2034) [DEP0040] DeprecationWarning: The `punycode` module is deprecated. Please use a userland alternative instead.
2026-09-22T08:48:48.3457534Z (Use `node --trace-deprecation ...` to show where the warning was created)
2026-09-22T08:48:48.5531900Z Cache hit for: verilator-v5.050-Linux
2026-09-22T08:48:48.5592377Z (node:2034) [DEP0169] DeprecationWarning: `url.parse()` behavior is not standardized and prone to errors that have security implications. Use the WHATWG URL API instead. CVEs are not issued for `url.parse()` vulnerabilities.
2026-09-22T08:48:49.7958221Z Received 46137344 of 92171511 (50.1%), 44.0 MBs/sec
2026-09-22T08:48:50.0474908Z Received 92171511 of 92171511 (100.0%), 70.2 MBs/sec
2026-09-22T08:48:50.0476106Z Cache Size: ~88 MB (92171511 B)
2026-09-22T08:48:50.0547593Z [command]/usr/bin/tar -xf /home/runner/work/_temp/69dedb03-a2f8-4cb8-b29f-c3a979dd0d34/cache.tzst -P -C /home/runner/work/protocol-processor-control-plane-avb-milan/protocol-processor-control-plane-avb-milan --use-compress-program unzstd
2026-09-22T08:48:50.1684116Z Cache restored successfully
2026-09-22T08:48:50.1769650Z Cache restored from key: verilator-v5.050-Linux
2026-09-22T08:48:50.1901692Z ##[group]Run export PATH="$HOME/verilator/bin:$PATH"
2026-09-22T08:48:50.1901971Z [36;1mexport PATH="$HOME/verilator/bin:$PATH"[0m
2026-09-22T08:48:50.1902175Z [36;1mverilator --version[0m
2026-09-22T08:48:50.1902323Z [36;1m./scripts/lint_hdl.sh[0m
2026-09-22T08:48:50.1902465Z [36;1m./scripts/run_suites.sh[0m
2026-09-22T08:48:50.1934403Z shell: /usr/bin/bash -e {0}
2026-09-22T08:48:50.1934549Z env:
2026-09-22T08:48:50.1934665Z   VERILATOR_VERSION: v5.050
2026-09-22T08:48:50.1934801Z ##[endgroup]
2026-09-22T08:48:50.3148260Z Verilator 5.050 2026-07-01 rev v5.050
2026-09-22T08:48:50.4695539Z LINT OK  KL_acmp_nvm_shadow
2026-09-22T08:48:50.6352799Z LINT OK  KL_acmp_talker
2026-09-22T08:48:50.7933294Z LINT OK  KL_pp_acmp_listener
2026-09-22T08:48:50.9470981Z LINT OK  KL_adp_engine
2026-09-22T08:48:51.0903969Z LINT OK  KL_aecp_ca_originator
2026-09-22T08:48:51.2401894Z LINT OK  KL_aecp_desc_store
2026-09-22T08:48:51.3844826Z LINT OK  KL_aecp_dyn_state
2026-09-22T08:48:51.5945118Z LINT OK  KL_aecp_engine
2026-09-22T08:48:51.7561044Z LINT OK  KL_aecp_notify
2026-09-22T08:48:51.8994546Z LINT OK  KL_aecp_resp_buf
2026-09-22T08:48:52.0492222Z LINT OK  KL_aecp_ucpu
2026-09-22T08:48:52.1894519Z LINT OK  KL_pp_prng
2026-09-22T08:48:52.3275375Z LINT OK  KL_pp_timer_service
2026-09-22T08:48:52.4755419Z LINT OK  KL_pp_maap
2026-09-22T08:48:52.6198219Z LINT OK  KL_pp_dispatch
2026-09-22T08:48:52.7639236Z LINT OK  KL_pp_event_router
2026-09-22T08:48:52.9045878Z LINT OK  KL_pp_normalizer
2026-09-22T08:48:53.0445774Z LINT OK  KL_pp_nvm_port
2026-09-22T08:48:53.1919235Z LINT OK  KL_pp_originator
2026-09-22T08:48:53.3274358Z LINT OK  KL_pp_release_merge
2026-09-22T08:48:53.4671470Z LINT OK  KL_pp_rx_slots
2026-09-22T08:48:53.6151900Z LINT OK  KL_pp_rx_validator
2026-09-22T08:48:53.7578073Z LINT OK  KL_pp_scoreboard
2026-09-22T08:48:53.8967097Z LINT OK  KL_pp_side_port
2026-09-22T08:48:54.0322941Z LINT OK  KL_pp_trace_ring
2026-09-22T08:48:54.1728992Z LINT OK  KL_pp_tx_arbiter
2026-09-22T08:48:54.3135600Z LINT OK  KL_pp_tx_slots
2026-09-22T08:48:54.4524420Z LINT OK  KL_srp_admission
2026-09-22T08:48:54.5959419Z LINT OK  KL_srp_decoder
2026-09-22T08:48:54.7356970Z LINT OK  KL_srp_domain
2026-09-22T08:48:54.8850625Z LINT OK  KL_srp_encoder
2026-09-22T08:48:55.0581455Z LINT OK  KL_srp_listener_fsm
2026-09-22T08:48:55.2332846Z LINT OK  KL_srp_talker_fsm
2026-09-22T08:48:55.4803917Z LINT OK  KL_srp_top
2026-09-22T08:48:55.6220172Z LINT OK  KL_srp_vlan
2026-09-22T08:48:55.7598172Z LINT OK  KL_mrp_strip
2026-09-22T08:48:56.4671781Z LINT OK  protocol_processor_top
2026-09-22T08:48:56.4851441Z UPC MAP GATE: PASS (56 engine constants, 80 entry points, all agree)
2026-09-22T08:49:07.7372741Z PASS acmp_listener (2540 checks: 2540 PASS, 0 FAIL)
2026-09-22T08:49:11.0756182Z PASS acmp_nvm (86 checks: 86 PASS, 0 FAIL)
2026-09-22T08:49:14.4400802Z PASS acmp_talker (839 checks: 839 PASS, 0 FAIL)
2026-09-22T08:49:17.7005693Z PASS adp_engine (533 checks: 533 PASS, 0 FAIL)
2026-09-22T08:49:20.8782282Z PASS aecp_notify (10 checks: 10 PASS, 0 FAIL)
2026-09-22T08:49:23.9610034Z PASS ca_originator (16 checks: 16 PASS, 0 FAIL)
2026-09-22T08:49:27.2814735Z PASS desc_store (584 checks: 584 PASS, 0 FAIL)
2026-09-22T08:49:30.5059382Z PASS dispatch (211 checks: 211 PASS, 0 FAIL)
2026-09-22T08:49:37.2330893Z PASS dyn_state (89 checks: 89 PASS, 0 FAIL)
2026-09-22T08:49:40.4126809Z PASS event_router (81 checks: 81 PASS, 0 FAIL)
2026-09-22T08:49:43.7372127Z PASS maap (75 checks: 75 PASS, 0 FAIL)
2026-09-22T08:49:46.9721303Z PASS nvm_port (122 checks: 122 PASS, 0 FAIL)
2026-09-22T08:49:50.2695482Z PASS originator (104 checks: 104 PASS, 0 FAIL)
2026-09-22T08:52:35.1003347Z PASS pp_top (1411 checks: 1411 PASS, 0 FAIL)
2026-09-22T08:52:38.2514685Z PASS prng (76 checks: 76 PASS, 0 FAIL)
2026-09-22T08:52:41.4913797Z PASS release_merge (18 checks: 18 PASS, 0 FAIL)
2026-09-22T08:52:44.6883518Z PASS resp_buf (64 checks: 64 PASS, 0 FAIL)
2026-09-22T08:52:47.7914151Z PASS rx_slots (130 checks: 130 PASS, 0 FAIL)
2026-09-22T08:52:50.9992031Z PASS rx_validator (393 checks: 393 PASS, 0 FAIL)
2026-09-22T08:52:54.1742256Z PASS scoreboard (3705 checks: 3705 PASS, 0 FAIL)
2026-09-22T08:52:57.3121184Z PASS side_port (368 checks: 368 PASS, 0 FAIL)
2026-09-22T08:53:00.6373089Z PASS srp_decoder (113 checks: 113 PASS, 0 FAIL)
2026-09-22T08:53:04.0355287Z PASS srp_encoder (180 checks: 180 PASS, 0 FAIL)
2026-09-22T08:53:08.3202545Z PASS srp_stream_fsms (1005 checks: 1005 PASS, 0 FAIL)
2026-09-22T08:53:13.7608348Z PASS srp_top (235 checks: 235 PASS, 0 FAIL)
2026-09-22T08:53:26.7101074Z PASS timer_map (1360 checks: 1360 PASS, 0 FAIL)
2026-09-22T08:53:29.7832984Z PASS timer_service (48 checks: 48 PASS, 0 FAIL)
2026-09-22T08:53:33.0060418Z PASS tx_arbiter (66 checks: 66 PASS, 0 FAIL)
2026-09-22T08:53:36.1666157Z PASS tx_slots (95 checks: 95 PASS, 0 FAIL)
2026-09-22T08:53:39.5447035Z PASS ucpu (386 checks: 386 PASS, 0 FAIL)
2026-09-22T08:53:39.5454474Z suites: 14943 checks total, 0 failing
2026-09-22T08:53:39.5483595Z ##[group]Run python3 scripts/gen_matrix.py --check
2026-09-22T08:53:39.5483813Z [36;1mpython3 scripts/gen_matrix.py --check[0m
2026-09-22T08:53:39.5513546Z shell: /usr/bin/bash -e {0}
2026-09-22T08:53:39.5513677Z env:
2026-09-22T08:53:39.5513795Z   VERILATOR_VERSION: v5.050
2026-09-22T08:53:39.5513926Z ##[endgroup]
2026-09-22T08:53:39.5815547Z matrix: OK (86 rows, 0 untested)
2026-09-22T08:53:39.5859679Z ##[group]Run export PATH="$HOME/verilator/bin:$PATH"
2026-09-22T08:53:39.5859884Z [36;1mexport PATH="$HOME/verilator/bin:$PATH"[0m
2026-09-22T08:53:39.5860117Z [36;1m# PR #13 was squash-merged. Its review lineage is therefore absent[0m
2026-09-22T08:53:39.5860374Z [36;1m# from main, but remains available through GitHub's durable pull ref.[0m
2026-09-22T08:53:39.5860599Z [36;1mgit fetch --no-tags origin refs/pull/13/head[0m
2026-09-22T08:53:39.5860768Z [36;1mmake -C tb/nvm_port figures[0m
2026-09-22T08:53:39.5886410Z shell: /usr/bin/bash -e {0}
2026-09-22T08:53:39.5886549Z env:
2026-09-22T08:53:39.5886804Z   VERILATOR_VERSION: v5.050
2026-09-22T08:53:39.5886930Z ##[endgroup]
2026-09-22T08:53:40.3720189Z From https://github.com/Mister-M-alt/protocol-processor-control-plane-avb-milan
2026-09-22T08:53:40.3720676Z  * branch            refs/pull/13/head -> FETCH_HEAD
2026-09-22T08:53:40.3734600Z make: Entering directory '/home/runner/work/protocol-processor-control-plane-avb-milan/protocol-processor-control-plane-avb-milan/tb/nvm_port'
2026-09-22T08:55:56.9995188Z 42 Verilator builds: 1 baseline + 12 arms + 18 mutations + 6 models + 5 matrix
2026-09-22T08:55:56.9995608Z baseline: 122 checks, 122 PASS, 0 FAIL
2026-09-22T08:55:56.9996073Z 
2026-09-22T08:55:56.9996164Z arm coverage (measured vs README):
2026-09-22T08:55:56.9996414Z   [ok ]  211 S_WEREQ    measured=0    readme=0
2026-09-22T08:55:56.9996808Z   [ok ]  220 S_WEWAIT   measured=69   readme=69
2026-09-22T08:55:56.9997066Z   [ok ]  230 S_WWREQ    measured=0    readme=0
2026-09-22T08:55:56.9997366Z   [ok ]  240 S_WHPUMP   measured=64   readme=64
2026-09-22T08:55:56.9997623Z   [ok ]  253 S_WDPUMP   measured=52   readme=52
2026-09-22T08:55:56.9997877Z   [ok ]  263 S_WWAIT    measured=39   readme=39
2026-09-22T08:55:56.9998127Z   [ok ]  274 S_RHREQ    measured=0    readme=0
2026-09-22T08:55:56.9998375Z   [ok ]  284 S_RHCOLL   measured=32   readme=32
2026-09-22T08:55:56.9998624Z   [ok ]  302 S_RHWAIT   measured=29   readme=29
2026-09-22T08:55:56.9998890Z   [ok ]  329 S_RPREQ    measured=0    readme=0
2026-09-22T08:55:56.9999138Z   [ok ]  339 S_RPPUMP   measured=63   readme=63
2026-09-22T08:55:56.9999386Z   [ok ]  349 S_RPWAIT   measured=26   readme=26
2026-09-22T08:55:56.9999550Z 
2026-09-22T08:55:56.9999647Z mutations and probes (measured vs README):
2026-09-22T08:55:56.9999907Z   [ok ] M1               measured=24   readme=24
2026-09-22T08:55:57.0000166Z   [ok ] M1-sibling       measured=5    readme=5
2026-09-22T08:55:57.0000437Z   [ok ] M2               measured=5    readme=5
2026-09-22T08:55:57.0000690Z   [ok ] M3               measured=91   readme=91
2026-09-22T08:55:57.0000943Z   [ok ] M4               measured=52   readme=52
2026-09-22T08:55:57.0001189Z   [ok ] M5               measured=39   readme=39
2026-09-22T08:55:57.0001437Z   [ok ] M6               measured=6    readme=6
2026-09-22T08:55:57.0001691Z   [ok ] M6-sibling       measured=5    readme=5
2026-09-22T08:55:57.0001953Z   [ok ] probe-armearly   measured=1    readme=1
2026-09-22T08:55:57.0002211Z   [ok ] probe-nodevice   measured=3    readme=3
2026-09-22T08:55:57.0002456Z   [ok ] probe-t18        measured=3    readme=3
2026-09-22T08:55:57.0002724Z   [ok ] done_seen_r/coincident measured=91   readme=91
2026-09-22T08:55:57.0003004Z   [ok ] done_seen_r/pristine measured=9    readme=9
2026-09-22T08:55:57.0003284Z   [ok ] own-states-dropped measured=6    readme=6
2026-09-22T08:55:57.0003558Z   [ok ] own-minus-rhcoll measured=3    readme=3
2026-09-22T08:55:57.0003818Z   [ok ] own-minus-wwait  measured=0    readme=0
2026-09-22T08:55:57.0004066Z   [ok ] own-plus-rhreq   measured=1    readme=1
2026-09-22T08:55:57.0004537Z   [ok ] retraction       measured=2    readme=2
2026-09-22T08:55:57.0004706Z 
2026-09-22T08:55:57.0004793Z device models (measured vs README):
2026-09-22T08:55:57.0005090Z   [ok ] pristine                   measured=122 PASS, 0 FAIL  readme=(122, 0)
2026-09-22T08:55:57.0005461Z   [ok ] half-page                  measured=122 PASS, 0 FAIL  readme=(122, 0)
2026-09-22T08:55:57.0005997Z   [ok ] half-page                  measured=122 PASS, 0 FAIL  readme=(122, 0)
2026-09-22T08:55:57.0006370Z   [ok ] page-buffered NOR          measured=122 PASS, 0 FAIL  readme=(122, 0)
2026-09-22T08:55:57.0006842Z   [ok ] lazy erase                 measured=121 PASS, 1 FAIL  readme=(121, 1)
2026-09-22T08:55:57.0007217Z   [ok ] lazy erase + page-buffered measured=121 PASS, 1 FAIL  readme=(121, 1)
2026-09-22T08:55:57.0007615Z   [ok ] coincident completion      measured=122 PASS, 0 FAIL  readme=(122, 0)
2026-09-22T08:55:57.0007862Z 
2026-09-22T08:55:57.0007968Z pre-fix matrix (measured vs README), 5 builds:
2026-09-22T08:55:57.0008299Z   [ok ] T16 byte comparison                measured=pass FAIL FAIL FAIL FAIL
2026-09-22T08:55:57.0008680Z   [ok ] T17 restore vs the record          measured=pass FAIL FAIL pass FAIL
2026-09-22T08:55:57.0009062Z   [ok ] T17 restore vs the array           measured=pass pass FAIL pass pass
2026-09-22T08:55:57.0009435Z   [ok ] T15 branch pin                     measured=pass pass FAIL pass FAIL
2026-09-22T08:55:57.0009801Z   [ok ] T15 cut was real                   measured=pass pass pass pass FAIL
2026-09-22T08:55:57.0010198Z   [ok ] T15 #70 property, unconditioned    measured=pass pass pass pass FAIL
2026-09-22T08:55:57.0010442Z 
2026-09-22T08:55:57.0010528Z all measured figures agree with the tree
2026-09-22T08:55:57.0010692Z 
2026-09-22T08:55:57.0010835Z NOT measured (waived, with the reason, so the exclusion set is
2026-09-22T08:55:57.0011182Z derived from the file rather than asserted in a comment):
2026-09-22T08:55:57.0011927Z   - /`fails 22 of the 122 checks` and `fails\s+22 out of 122`/ absorbs 2 (cap 4): two illustrative phrasings quoted inside the paragraph explaining what the inverted default does not close; not claims about this suite
2026-09-22T08:55:57.0012940Z   - /\b122/122\b/ absorbs 2 (cap 4): suite tally shorthand; both halves are the suite size, which the size check already pins against the measured total
2026-09-22T08:55:57.0054936Z make: Leaving directory '/home/runner/work/protocol-processor-control-plane-avb-milan/protocol-processor-control-plane-avb-milan/tb/nvm_port'
2026-09-22T08:55:57.0134477Z Node 20 is being deprecated. This workflow is running with Node 24 by default. If you need to temporarily use Node 20, you can set the ACTIONS_ALLOW_USE_UNSECURE_NODE_VERSION=true environment variable. For more information see: https://github.blog/changelog/2025-09-19-deprecation-of-node-20-on-github-actions-runners/
2026-09-22T08:55:57.0135135Z Post job cleanup.
2026-09-22T08:55:57.0854239Z Cache hit occurred on the primary key verilator-v5.050-Linux, not saving cache.
2026-09-22T08:55:57.0855476Z (node:6250) [DEP0040] DeprecationWarning: The `punycode` module is deprecated. Please use a userland alternative instead.
2026-09-22T08:55:57.0855871Z (Use `node --trace-deprecation ...` to show where the warning was created)
2026-09-22T08:55:57.0961247Z Node 20 is being deprecated. This workflow is running with Node 24 by default. If you need to temporarily use Node 20, you can set the ACTIONS_ALLOW_USE_UNSECURE_NODE_VERSION=true environment variable. For more information see: https://github.blog/changelog/2025-09-19-deprecation-of-node-20-on-github-actions-runners/
2026-09-22T08:55:57.0961884Z Post job cleanup.
2026-09-22T08:55:57.1691529Z [command]/usr/bin/git version
2026-09-22T08:55:57.1760639Z git version 2.55.0
2026-09-22T08:55:57.1804732Z Temporarily overriding HOME='/home/runner/work/_temp/8cec3eaf-c504-40ff-95ce-02dac422de7f' before making global git config changes
2026-09-22T08:55:57.1805548Z Adding repository directory to the temporary git global config as a safe directory
2026-09-22T08:55:57.1811653Z [command]/usr/bin/git config --global --add safe.directory /home/runner/work/protocol-processor-control-plane-avb-milan/protocol-processor-control-plane-avb-milan
2026-09-22T08:55:57.1867228Z [command]/usr/bin/git config --local --name-only --get-regexp core\.sshCommand
2026-09-22T08:55:57.1908507Z [command]/usr/bin/git submodule foreach --recursive sh -c "git config --local --name-only --get-regexp 'core\.sshCommand' && git config --local --unset-all 'core.sshCommand' || :"
2026-09-22T08:55:57.2262456Z [command]/usr/bin/git config --local --name-only --get-regexp http\.https\:\/\/github\.com\/\.extraheader
2026-09-22T08:55:57.2292213Z http.https://github.com/.extraheader
2026-09-22T08:55:57.2304935Z [command]/usr/bin/git config --local --unset-all http.https://github.com/.extraheader
2026-09-22T08:55:57.2340339Z [command]/usr/bin/git submodule foreach --recursive sh -c "git config --local --name-only --get-regexp 'http\.https\:\/\/github\.com\/\.extraheader' && git config --local --unset-all 'http.https://github.com/.extraheader' || :"
2026-09-22T08:55:57.2573733Z [command]/usr/bin/git config --local --name-only --get-regexp ^includeIf\.gitdir:
2026-09-22T08:55:57.2605096Z [command]/usr/bin/git submodule foreach --recursive git config --local --show-origin --name-only --get-regexp remote.origin.url
2026-09-22T08:55:57.2902939Z Cleaning up orphan processes
2026-09-22T08:55:57.3095144Z ##[warning]Node.js 20 is deprecated. The following actions target Node.js 20 but are being forced to run on Node.js 24: actions/cache@v4, actions/checkout@v4. For more information see: https://github.blog/changelog/2025-09-19-deprecation-of-node-20-on-github-actions-runners/
