2026-09-22T08:48:51.4023382Z Current runner version: '2.337.0'
2026-09-22T08:48:51.4060964Z ##[group]Runner Image Provisioner
2026-09-22T08:48:51.4062502Z Hosted Compute Agent
2026-09-22T08:48:51.4063631Z Version: 20260828.587
2026-09-22T08:48:51.4064824Z Commit: abac92662cab4cc7352de4f9f9d2e2419aad9c29
2026-09-22T08:48:51.4066033Z Build Date: 2026-08-28T16:44:25Z
2026-09-22T08:48:51.4067279Z Worker ID: {9612ef85-1dc2-4fb8-adf0-66bec0d99319}
2026-09-22T08:48:51.4068590Z Azure Region: eastus
2026-09-22T08:48:51.4069563Z ##[endgroup]
2026-09-22T08:48:51.4072478Z ##[group]Operating System
2026-09-22T08:48:51.4073474Z Ubuntu
2026-09-22T08:48:51.4074516Z 24.04.5
2026-09-22T08:48:51.4075408Z LTS
2026-09-22T08:48:51.4076410Z ##[endgroup]
2026-09-22T08:48:51.4077385Z ##[group]Runner Image
2026-09-22T08:48:51.4078389Z Image: ubuntu-24.04
2026-09-22T08:48:51.4079549Z Version: 20260907.300.1
2026-09-22T08:48:51.4081925Z Included Software: https://github.com/actions/runner-images/blob/ubuntu24/20260907.300/images/ubuntu/Ubuntu2404-Readme.md
2026-09-22T08:48:51.4084837Z Image Release: https://github.com/actions/runner-images/releases/tag/ubuntu24%2F20260907.300
2026-09-22T08:48:51.4086455Z ##[endgroup]
2026-09-22T08:48:51.4088698Z ##[group]GITHUB_TOKEN Permissions
2026-09-22T08:48:51.4092085Z Contents: read
2026-09-22T08:48:51.4093092Z Metadata: read
2026-09-22T08:48:51.4094001Z Packages: read
2026-09-22T08:48:51.4095071Z ##[endgroup]
2026-09-22T08:48:51.4098310Z Secret source: Actions
2026-09-22T08:48:51.4099935Z Cache mode: write
2026-09-22T08:48:51.4101134Z Prepare workflow directory
2026-09-22T08:48:51.4692247Z Prepare all required actions
2026-09-22T08:48:51.4768907Z Getting action download info
2026-09-22T08:48:51.6869034Z Download action repository 'actions/checkout@v4' (SHA:11d5960a326750d5838078e36cf38b85af677262)
2026-09-22T08:48:51.7944122Z Download action repository 'actions/cache@v4' (SHA:0057852bfaa89a56745cba8c7296529d2fc39830)
2026-09-22T08:48:51.9992391Z Complete job name: suites
2026-09-22T08:48:52.0833549Z Node 20 is being deprecated. This workflow is running with Node 24 by default. If you need to temporarily use Node 20, you can set the ACTIONS_ALLOW_USE_UNSECURE_NODE_VERSION=true environment variable. For more information see: https://github.blog/changelog/2025-09-19-deprecation-of-node-20-on-github-actions-runners/
2026-09-22T08:48:52.0843047Z ##[group]Run actions/checkout@v4
2026-09-22T08:48:52.0843826Z with:
2026-09-22T08:48:52.0844279Z   fetch-depth: 0
2026-09-22T08:48:52.0844941Z   repository: Mister-M-alt/protocol-processor-control-plane-avb-milan
2026-09-22T08:48:52.0848965Z   token: ***
2026-09-22T08:48:52.0849418Z   ssh-strict: true
2026-09-22T08:48:52.0849873Z   ssh-user: git
2026-09-22T08:48:52.0850370Z   persist-credentials: true
2026-09-22T08:48:52.0850871Z   clean: true
2026-09-22T08:48:52.0851336Z   sparse-checkout-cone-mode: true
2026-09-22T08:48:52.0852349Z   fetch-tags: false
2026-09-22T08:48:52.0852822Z   show-progress: true
2026-09-22T08:48:52.0853332Z   lfs: false
2026-09-22T08:48:52.0853756Z   submodules: false
2026-09-22T08:48:52.0854238Z   set-safe-directory: true
2026-09-22T08:48:52.0854761Z   allow-unsafe-pr-checkout: false
2026-09-22T08:48:52.0855609Z env:
2026-09-22T08:48:52.0856043Z   VERILATOR_VERSION: v5.050
2026-09-22T08:48:52.0856541Z ##[endgroup]
2026-09-22T08:48:52.2003170Z Syncing repository: Mister-M-alt/protocol-processor-control-plane-avb-milan
2026-09-22T08:48:52.2005333Z ##[group]Getting Git version info
2026-09-22T08:48:52.2006489Z Working directory is '/home/runner/work/protocol-processor-control-plane-avb-milan/protocol-processor-control-plane-avb-milan'
2026-09-22T08:48:52.2007923Z [command]/usr/bin/git version
2026-09-22T08:48:52.2773299Z git version 2.55.0
2026-09-22T08:48:52.2800454Z ##[endgroup]
2026-09-22T08:48:52.2816552Z Temporarily overriding HOME='/home/runner/work/_temp/80adb640-63ed-44d1-b26b-c8f7671c028e' before making global git config changes
2026-09-22T08:48:52.2819001Z Adding repository directory to the temporary git global config as a safe directory
2026-09-22T08:48:52.2824661Z [command]/usr/bin/git config --global --add safe.directory /home/runner/work/protocol-processor-control-plane-avb-milan/protocol-processor-control-plane-avb-milan
2026-09-22T08:48:52.2887024Z Deleting the contents of '/home/runner/work/protocol-processor-control-plane-avb-milan/protocol-processor-control-plane-avb-milan'
2026-09-22T08:48:52.2890403Z ##[group]Initializing the repository
2026-09-22T08:48:52.2895683Z [command]/usr/bin/git init /home/runner/work/protocol-processor-control-plane-avb-milan/protocol-processor-control-plane-avb-milan
2026-09-22T08:48:52.3123703Z hint: Using 'master' as the name for the initial branch. This default branch name
2026-09-22T08:48:52.3125431Z hint: will change to "main" in Git 3.0. To configure the initial branch name
2026-09-22T08:48:52.3126745Z hint: to use in all of your new repositories, which will suppress this warning,
2026-09-22T08:48:52.3127519Z hint: call:
2026-09-22T08:48:52.3127938Z hint:
2026-09-22T08:48:52.3128526Z hint: 	git config --global init.defaultBranch <name>
2026-09-22T08:48:52.3129166Z hint:
2026-09-22T08:48:52.3129769Z hint: Names commonly chosen instead of 'master' are 'main', 'trunk' and
2026-09-22T08:48:52.3130715Z hint: 'development'. The just-created branch can be renamed via this command:
2026-09-22T08:48:52.3131780Z hint:
2026-09-22T08:48:52.3132507Z hint: 	git branch -m <name>
2026-09-22T08:48:52.3133253Z hint:
2026-09-22T08:48:52.3133897Z hint: Disable this message with "git config set advice.defaultBranchName false"
2026-09-22T08:48:52.3135384Z Initialized empty Git repository in /home/runner/work/protocol-processor-control-plane-avb-milan/protocol-processor-control-plane-avb-milan/.git/
2026-09-22T08:48:52.3138731Z [command]/usr/bin/git remote add origin https://github.com/Mister-M-alt/protocol-processor-control-plane-avb-milan
2026-09-22T08:48:52.3192361Z ##[endgroup]
2026-09-22T08:48:52.3193181Z ##[group]Disabling automatic garbage collection
2026-09-22T08:48:52.3197248Z [command]/usr/bin/git config --local gc.auto 0
2026-09-22T08:48:52.3232607Z ##[endgroup]
2026-09-22T08:48:52.3233391Z ##[group]Setting up auth
2026-09-22T08:48:52.3240212Z [command]/usr/bin/git config --local --name-only --get-regexp core\.sshCommand
2026-09-22T08:48:52.3280292Z [command]/usr/bin/git submodule foreach --recursive sh -c "git config --local --name-only --get-regexp 'core\.sshCommand' && git config --local --unset-all 'core.sshCommand' || :"
2026-09-22T08:48:52.3656788Z [command]/usr/bin/git config --local --name-only --get-regexp http\.https\:\/\/github\.com\/\.extraheader
2026-09-22T08:48:52.3696905Z [command]/usr/bin/git submodule foreach --recursive sh -c "git config --local --name-only --get-regexp 'http\.https\:\/\/github\.com\/\.extraheader' && git config --local --unset-all 'http.https://github.com/.extraheader' || :"
2026-09-22T08:48:52.3963621Z [command]/usr/bin/git config --local --name-only --get-regexp ^includeIf\.gitdir:
2026-09-22T08:48:52.4008146Z [command]/usr/bin/git submodule foreach --recursive git config --local --show-origin --name-only --get-regexp remote.origin.url
2026-09-22T08:48:52.4284168Z [command]/usr/bin/git config --local http.https://github.com/.extraheader AUTHORIZATION: basic ***
2026-09-22T08:48:52.4353025Z ##[endgroup]
2026-09-22T08:48:52.4354981Z ##[group]Fetching the repository
2026-09-22T08:48:52.4357873Z [command]/usr/bin/git -c protocol.version=2 fetch --prune --no-recurse-submodules origin +refs/heads/*:refs/remotes/origin/* +refs/tags/*:refs/tags/* +2eb195ddea9c140d2434ec4b695481515d294602:refs/remotes/pull/101/merge
2026-09-22T08:48:53.1927413Z From https://github.com/Mister-M-alt/protocol-processor-control-plane-avb-milan
2026-09-22T08:48:53.1930400Z  * [new branch]        121-notification-review-fixes            -> origin/121-notification-review-fixes
2026-09-22T08:48:53.1933204Z  * [new branch]        14-asp-gm-identity                       -> origin/14-asp-gm-identity
2026-09-22T08:48:53.1936730Z  * [new branch]        14-done_seen_r-latches-dev_done_i-in-states-with-no-outstanding-command -> origin/14-done_seen_r-latches-dev_done_i-in-states-with-no-outstanding-command
2026-09-22T08:48:53.1941019Z  * [new branch]        25-cover-every-module-and-stop-reparsing -> origin/25-cover-every-module-and-stop-reparsing
2026-09-22T08:48:53.1943811Z  * [new branch]        389-refusal-arms                         -> origin/389-refusal-arms
2026-09-22T08:48:53.1946193Z  * [new branch]        389-set-clock-source-range-check         -> origin/389-set-clock-source-range-check
2026-09-22T08:48:53.1948301Z  * [new branch]        46-lstn-reg-state-encoding               -> origin/46-lstn-reg-state-encoding
2026-09-22T08:48:53.1950225Z  * [new branch]        51-sampling-rate-list-check              -> origin/51-sampling-rate-list-check
2026-09-22T08:48:53.1954255Z  * [new branch]        66-aecp-get-set-name                     -> origin/66-aecp-get-set-name
2026-09-22T08:48:53.1956421Z  * [new branch]        67-aecp-streaming-state-commands         -> origin/67-aecp-streaming-state-commands
2026-09-22T08:48:53.1958706Z  * [new branch]        67-stream-format-and-info-setters        -> origin/67-stream-format-and-info-setters
2026-09-22T08:48:53.1960877Z  * [new branch]        68-aecp-audio-mappings                   -> origin/68-aecp-audio-mappings
2026-09-22T08:48:53.1963748Z  * [new branch]        69-aecp-unsolicited-notification-triggers -> origin/69-aecp-unsolicited-notification-triggers
2026-09-22T08:48:53.1966222Z  * [new branch]        71-get-dynamic-info                      -> origin/71-get-dynamic-info
2026-09-22T08:48:53.1968255Z  * [new branch]        72-dyn-state-ab-getters                  -> origin/72-dyn-state-ab-getters
2026-09-22T08:48:53.1970377Z  * [new branch]        75-leaveall-cadence                      -> origin/75-leaveall-cadence
2026-09-22T08:48:53.1976939Z  * [new branch]        78-start-stop-streaming                  -> origin/78-start-stop-streaming
2026-09-22T08:48:53.1979807Z  * [new branch]        78-started-state-in-acmp-record          -> origin/78-started-state-in-acmp-record
2026-09-22T08:48:53.1982473Z  * [new branch]        78-started-state-single-source           -> origin/78-started-state-single-source
2026-09-22T08:48:53.1984986Z  * [new branch]        83-vendor-unique-opcode-collision        -> origin/83-vendor-unique-opcode-collision
2026-09-22T08:48:53.1987487Z  * [new branch]        90-nvm-exports                           -> origin/90-nvm-exports
2026-09-22T08:48:53.1989754Z  * [new branch]        95-expose-default-sr-vid                 -> origin/95-expose-default-sr-vid
2026-09-22T08:48:53.1992430Z  * [new branch]        96-review-evidence                       -> origin/96-review-evidence
2026-09-22T08:48:53.1995180Z  * [new branch]        97-assert-distinct-sr-vid-fixture        -> origin/97-assert-distinct-sr-vid-fixture
2026-09-22T08:48:53.1997903Z  * [new branch]        97-review-evidence                       -> origin/97-review-evidence
2026-09-22T08:48:53.2000813Z  * [new branch]        97-start-stop-commit-handshake           -> origin/97-start-stop-commit-handshake
2026-09-22T08:48:53.2003954Z  * [new branch]        98-clarify-srp-domain-events             -> origin/98-clarify-srp-domain-events
2026-09-22T08:48:53.2006552Z  * [new branch]        98-review-evidence                       -> origin/98-review-evidence
2026-09-22T08:48:53.2008907Z  * [new branch]        aecp-dyn-state-store                     -> origin/aecp-dyn-state-store
2026-09-22T08:48:53.2011442Z  * [new branch]        aecp-identify-control                    -> origin/aecp-identify-control
2026-09-22T08:48:53.2014350Z  * [new branch]        aecp-set-rate-and-clock-source           -> origin/aecp-set-rate-and-clock-source
2026-09-22T08:48:53.2017243Z  * [new branch]        chore/cpp-core-guidelines-idiom          -> origin/chore/cpp-core-guidelines-idiom
2026-09-22T08:48:53.2020436Z  * [new branch]        clksrc-store-tb-tap                      -> origin/clksrc-store-tb-tap
2026-09-22T08:48:53.2023483Z  * [new branch]        issue-73-aecp-doc-authority              -> origin/issue-73-aecp-doc-authority
2026-09-22T08:48:53.2026474Z  * [new branch]        issue-73-stream-output-counters          -> origin/issue-73-stream-output-counters
2026-09-22T08:48:53.2028668Z  * [new branch]        main                                     -> origin/main
2026-09-22T08:48:53.2030574Z  * [new tag]           v2.0                                     -> v2.0
2026-09-22T08:48:53.2032680Z  * [new ref]           2eb195ddea9c140d2434ec4b695481515d294602 -> pull/101/merge
2026-09-22T08:48:53.2036233Z ##[endgroup]
2026-09-22T08:48:53.2037666Z ##[group]Determining the checkout info
2026-09-22T08:48:53.2039342Z ##[endgroup]
2026-09-22T08:48:53.2040317Z [command]/usr/bin/git sparse-checkout disable
2026-09-22T08:48:53.2043391Z [command]/usr/bin/git config --local --unset-all extensions.worktreeConfig
2026-09-22T08:48:53.2060576Z ##[group]Checking out the ref
2026-09-22T08:48:53.2065745Z [command]/usr/bin/git checkout --progress --force refs/remotes/pull/101/merge
2026-09-22T08:48:53.2588432Z Note: switching to 'refs/remotes/pull/101/merge'.
2026-09-22T08:48:53.2589457Z 
2026-09-22T08:48:53.2590113Z You are in 'detached HEAD' state. You can look around, make experimental
2026-09-22T08:48:53.2591780Z changes and commit them, and you can discard any commits you make in this
2026-09-22T08:48:53.2593267Z state without impacting any branches by switching back to a branch.
2026-09-22T08:48:53.2594068Z 
2026-09-22T08:48:53.2594637Z If you want to create a new branch to retain commits you create, you may
2026-09-22T08:48:53.2595950Z do so (now or later) by using -c with the switch command. Example:
2026-09-22T08:48:53.2596755Z 
2026-09-22T08:48:53.2597114Z   git switch -c <new-branch-name>
2026-09-22T08:48:53.2597704Z 
2026-09-22T08:48:53.2598077Z Or undo this operation with:
2026-09-22T08:48:53.2598619Z 
2026-09-22T08:48:53.2598979Z   git switch -
2026-09-22T08:48:53.2599437Z 
2026-09-22T08:48:53.2600189Z Turn off this advice by setting config variable advice.detachedHead to false
2026-09-22T08:48:53.2602041Z 
2026-09-22T08:48:53.2603968Z HEAD is now at 2eb195d Merge bc997e7c00e50e3d59b97987950bfbf6cc442182 into 8452f564294300a82d56eed464276576f65f4d58
2026-09-22T08:48:53.2609377Z ##[endgroup]
2026-09-22T08:48:53.2657967Z [command]/usr/bin/git log -1 --format=%H
2026-09-22T08:48:53.2687239Z 2eb195ddea9c140d2434ec4b695481515d294602
2026-09-22T08:48:53.3152304Z Node 20 is being deprecated. This workflow is running with Node 24 by default. If you need to temporarily use Node 20, you can set the ACTIONS_ALLOW_USE_UNSECURE_NODE_VERSION=true environment variable. For more information see: https://github.blog/changelog/2025-09-19-deprecation-of-node-20-on-github-actions-runners/
2026-09-22T08:48:53.3158529Z ##[group]Run actions/cache@v4
2026-09-22T08:48:53.3159720Z with:
2026-09-22T08:48:53.3160674Z   path: ~/verilator
2026-09-22T08:48:53.3162041Z   key: verilator-v5.050-Linux
2026-09-22T08:48:53.3163345Z   enableCrossOsArchive: false
2026-09-22T08:48:53.3164604Z   fail-on-cache-miss: false
2026-09-22T08:48:53.3165751Z   lookup-only: false
2026-09-22T08:48:53.3166783Z   save-always: false
2026-09-22T08:48:53.3167803Z env:
2026-09-22T08:48:53.3168711Z   VERILATOR_VERSION: v5.050
2026-09-22T08:48:53.3169818Z ##[endgroup]
2026-09-22T08:48:53.4312114Z (node:2263) [DEP0040] DeprecationWarning: The `punycode` module is deprecated. Please use a userland alternative instead.
2026-09-22T08:48:53.4315655Z (Use `node --trace-deprecation ...` to show where the warning was created)
2026-09-22T08:48:53.5175250Z Cache hit for: verilator-v5.050-Linux
2026-09-22T08:48:53.5289911Z (node:2263) [DEP0169] DeprecationWarning: `url.parse()` behavior is not standardized and prone to errors that have security implications. Use the WHATWG URL API instead. CVEs are not issued for `url.parse()` vulnerabilities.
2026-09-22T08:48:54.0295670Z Received 92171511 of 92171511 (100.0%), 183.1 MBs/sec
2026-09-22T08:48:54.0296482Z Cache Size: ~88 MB (92171511 B)
2026-09-22T08:48:54.0327275Z [command]/usr/bin/tar -xf /home/runner/work/_temp/0f20b841-9374-41e0-85ae-a2f71d600f40/cache.tzst -P -C /home/runner/work/protocol-processor-control-plane-avb-milan/protocol-processor-control-plane-avb-milan --use-compress-program unzstd
2026-09-22T08:48:54.2143224Z Cache restored successfully
2026-09-22T08:48:54.2264764Z Cache restored from key: verilator-v5.050-Linux
2026-09-22T08:48:54.2496504Z ##[group]Run export PATH="$HOME/verilator/bin:$PATH"
2026-09-22T08:48:54.2497014Z [36;1mexport PATH="$HOME/verilator/bin:$PATH"[0m
2026-09-22T08:48:54.2497376Z [36;1mverilator --version[0m
2026-09-22T08:48:54.2497652Z [36;1m./scripts/lint_hdl.sh[0m
2026-09-22T08:48:54.2497917Z [36;1m./scripts/run_suites.sh[0m
2026-09-22T08:48:54.2539196Z shell: /usr/bin/bash -e {0}
2026-09-22T08:48:54.2539504Z env:
2026-09-22T08:48:54.2539735Z   VERILATOR_VERSION: v5.050
2026-09-22T08:48:54.2539981Z ##[endgroup]
2026-09-22T08:48:54.4092853Z Verilator 5.050 2026-07-01 rev v5.050
2026-09-22T08:48:54.7066221Z LINT OK  KL_acmp_nvm_shadow
2026-09-22T08:48:55.0310539Z LINT OK  KL_acmp_talker
2026-09-22T08:48:55.3364820Z LINT OK  KL_pp_acmp_listener
2026-09-22T08:48:55.6337225Z LINT OK  KL_adp_engine
2026-09-22T08:48:55.9074795Z LINT OK  KL_aecp_ca_originator
2026-09-22T08:48:56.2037690Z LINT OK  KL_aecp_desc_store
2026-09-22T08:48:56.4810450Z LINT OK  KL_aecp_dyn_state
2026-09-22T08:48:56.9196791Z LINT OK  KL_aecp_engine
2026-09-22T08:48:57.2351114Z LINT OK  KL_aecp_notify
2026-09-22T08:48:57.5157271Z LINT OK  KL_aecp_resp_buf
2026-09-22T08:48:57.8421184Z LINT OK  KL_aecp_ucpu
2026-09-22T08:48:58.1279615Z LINT OK  KL_pp_prng
2026-09-22T08:48:58.4039026Z LINT OK  KL_pp_timer_service
2026-09-22T08:48:58.6881280Z LINT OK  KL_pp_maap
2026-09-22T08:48:58.9642722Z LINT OK  KL_pp_dispatch
2026-09-22T08:48:59.2427678Z LINT OK  KL_pp_event_router
2026-09-22T08:48:59.5183749Z LINT OK  KL_pp_normalizer
2026-09-22T08:48:59.7895236Z LINT OK  KL_pp_nvm_port
2026-09-22T08:49:00.0876108Z LINT OK  KL_pp_originator
2026-09-22T08:49:00.3617071Z LINT OK  KL_pp_release_merge
2026-09-22T08:49:00.6442744Z LINT OK  KL_pp_rx_slots
2026-09-22T08:49:00.9386082Z LINT OK  KL_pp_rx_validator
2026-09-22T08:49:01.2154602Z LINT OK  KL_pp_scoreboard
2026-09-22T08:49:01.4872912Z LINT OK  KL_pp_side_port
2026-09-22T08:49:01.7835207Z LINT OK  KL_pp_trace_ring
2026-09-22T08:49:02.0778526Z LINT OK  KL_pp_tx_arbiter
2026-09-22T08:49:02.3552507Z LINT OK  KL_pp_tx_slots
2026-09-22T08:49:02.6321078Z LINT OK  KL_srp_admission
2026-09-22T08:49:02.9259608Z LINT OK  KL_srp_decoder
2026-09-22T08:49:03.1923881Z LINT OK  KL_srp_domain
2026-09-22T08:49:03.4826522Z LINT OK  KL_srp_encoder
2026-09-22T08:49:03.8422015Z LINT OK  KL_srp_listener_fsm
2026-09-22T08:49:04.2058145Z LINT OK  KL_srp_talker_fsm
2026-09-22T08:49:04.7460590Z LINT OK  KL_srp_top
2026-09-22T08:49:05.0175314Z LINT OK  KL_srp_vlan
2026-09-22T08:49:05.2976998Z LINT OK  KL_mrp_strip
2026-09-22T08:49:06.8918263Z LINT OK  protocol_processor_top
2026-09-22T08:49:06.9203028Z UPC MAP GATE: PASS (56 engine constants, 80 entry points, all agree)
2026-09-22T08:49:13.0070787Z PASS acmp_listener (2540 checks: 2540 PASS, 0 FAIL)
2026-09-22T08:49:18.9837271Z PASS acmp_nvm (86 checks: 86 PASS, 0 FAIL)
2026-09-22T08:49:24.9135255Z PASS acmp_talker (839 checks: 839 PASS, 0 FAIL)
2026-09-22T08:49:30.7013473Z PASS adp_engine (533 checks: 533 PASS, 0 FAIL)
2026-09-22T08:49:36.3977260Z PASS aecp_notify (10 checks: 10 PASS, 0 FAIL)
2026-09-22T08:49:41.9944335Z PASS ca_originator (16 checks: 16 PASS, 0 FAIL)
2026-09-22T08:49:47.7826006Z PASS desc_store (584 checks: 584 PASS, 0 FAIL)
2026-09-22T08:49:53.4605158Z PASS dispatch (211 checks: 211 PASS, 0 FAIL)
2026-09-22T08:50:05.2484415Z PASS dyn_state (89 checks: 89 PASS, 0 FAIL)
2026-09-22T08:50:10.8766846Z PASS event_router (81 checks: 81 PASS, 0 FAIL)
2026-09-22T08:50:16.7775071Z PASS maap (75 checks: 75 PASS, 0 FAIL)
2026-09-22T08:50:22.5359844Z PASS nvm_port (122 checks: 122 PASS, 0 FAIL)
2026-09-22T08:50:28.4961117Z PASS originator (104 checks: 104 PASS, 0 FAIL)
2026-09-22T08:55:18.1808290Z PASS pp_top (1411 checks: 1411 PASS, 0 FAIL)
2026-09-22T08:55:23.4871989Z PASS prng (76 checks: 76 PASS, 0 FAIL)
2026-09-22T08:55:28.7782175Z PASS release_merge (18 checks: 18 PASS, 0 FAIL)
2026-09-22T08:55:34.2163949Z PASS resp_buf (64 checks: 64 PASS, 0 FAIL)
2026-09-22T08:55:39.5741784Z PASS rx_slots (130 checks: 130 PASS, 0 FAIL)
2026-09-22T08:55:45.2343160Z PASS rx_validator (393 checks: 393 PASS, 0 FAIL)
2026-09-22T08:55:50.7028337Z PASS scoreboard (3705 checks: 3705 PASS, 0 FAIL)
2026-09-22T08:55:56.1159548Z PASS side_port (368 checks: 368 PASS, 0 FAIL)
2026-09-22T08:56:01.5302993Z PASS srp_decoder (113 checks: 113 PASS, 0 FAIL)
2026-09-22T08:56:07.2519306Z PASS srp_encoder (180 checks: 180 PASS, 0 FAIL)
2026-09-22T08:56:14.6425104Z PASS srp_stream_fsms (1005 checks: 1005 PASS, 0 FAIL)
2026-09-22T08:56:23.9695136Z PASS srp_top (235 checks: 235 PASS, 0 FAIL)
2026-09-22T08:56:47.1830220Z PASS timer_map (1360 checks: 1360 PASS, 0 FAIL)
2026-09-22T08:56:52.5190507Z PASS timer_service (48 checks: 48 PASS, 0 FAIL)
2026-09-22T08:56:57.9960815Z PASS tx_arbiter (66 checks: 66 PASS, 0 FAIL)
2026-09-22T08:57:03.3532932Z PASS tx_slots (95 checks: 95 PASS, 0 FAIL)
2026-09-22T08:57:09.1029495Z PASS ucpu (386 checks: 386 PASS, 0 FAIL)
2026-09-22T08:57:09.1040813Z suites: 14943 checks total, 0 failing
2026-09-22T08:57:09.1085257Z ##[group]Run python3 scripts/gen_matrix.py --check
2026-09-22T08:57:09.1085782Z [36;1mpython3 scripts/gen_matrix.py --check[0m
2026-09-22T08:57:09.1124508Z shell: /usr/bin/bash -e {0}
2026-09-22T08:57:09.1124772Z env:
2026-09-22T08:57:09.1125011Z   VERILATOR_VERSION: v5.050
2026-09-22T08:57:09.1125264Z ##[endgroup]
2026-09-22T08:57:09.1639690Z matrix: OK (86 rows, 0 untested)
2026-09-22T08:57:09.1722997Z ##[group]Run export PATH="$HOME/verilator/bin:$PATH"
2026-09-22T08:57:09.1723447Z [36;1mexport PATH="$HOME/verilator/bin:$PATH"[0m
2026-09-22T08:57:09.1723886Z [36;1m# PR #13 was squash-merged. Its review lineage is therefore absent[0m
2026-09-22T08:57:09.1724383Z [36;1m# from main, but remains available through GitHub's durable pull ref.[0m
2026-09-22T08:57:09.1724820Z [36;1mgit fetch --no-tags origin refs/pull/13/head[0m
2026-09-22T08:57:09.1725170Z [36;1mmake -C tb/nvm_port figures[0m
2026-09-22T08:57:09.1763174Z shell: /usr/bin/bash -e {0}
2026-09-22T08:57:09.1763428Z env:
2026-09-22T08:57:09.1763628Z   VERILATOR_VERSION: v5.050
2026-09-22T08:57:09.1763873Z ##[endgroup]
2026-09-22T08:57:09.6119251Z From https://github.com/Mister-M-alt/protocol-processor-control-plane-avb-milan
2026-09-22T08:57:09.6119946Z  * branch            refs/pull/13/head -> FETCH_HEAD
2026-09-22T08:57:09.6138108Z make: Entering directory '/home/runner/work/protocol-processor-control-plane-avb-milan/protocol-processor-control-plane-avb-milan/tb/nvm_port'
2026-09-22T09:01:03.0049275Z 42 Verilator builds: 1 baseline + 12 arms + 18 mutations + 6 models + 5 matrix
2026-09-22T09:01:03.0050075Z baseline: 122 checks, 122 PASS, 0 FAIL
2026-09-22T09:01:03.0050418Z 
2026-09-22T09:01:03.0050598Z arm coverage (measured vs README):
2026-09-22T09:01:03.0051087Z   [ok ]  211 S_WEREQ    measured=0    readme=0
2026-09-22T09:01:03.0051869Z   [ok ]  220 S_WEWAIT   measured=69   readme=69
2026-09-22T09:01:03.0052450Z   [ok ]  230 S_WWREQ    measured=0    readme=0
2026-09-22T09:01:03.0052983Z   [ok ]  240 S_WHPUMP   measured=64   readme=64
2026-09-22T09:01:03.0053503Z   [ok ]  253 S_WDPUMP   measured=52   readme=52
2026-09-22T09:01:03.0054013Z   [ok ]  263 S_WWAIT    measured=39   readme=39
2026-09-22T09:01:03.0054500Z   [ok ]  274 S_RHREQ    measured=0    readme=0
2026-09-22T09:01:03.0054990Z   [ok ]  284 S_RHCOLL   measured=32   readme=32
2026-09-22T09:01:03.0055478Z   [ok ]  302 S_RHWAIT   measured=29   readme=29
2026-09-22T09:01:03.0055969Z   [ok ]  329 S_RPREQ    measured=0    readme=0
2026-09-22T09:01:03.0056465Z   [ok ]  339 S_RPPUMP   measured=63   readme=63
2026-09-22T09:01:03.0056979Z   [ok ]  349 S_RPWAIT   measured=26   readme=26
2026-09-22T09:01:03.0057308Z 
2026-09-22T09:01:03.0057507Z mutations and probes (measured vs README):
2026-09-22T09:01:03.0058033Z   [ok ] M1               measured=24   readme=24
2026-09-22T09:01:03.0058552Z   [ok ] M1-sibling       measured=5    readme=5
2026-09-22T09:01:03.0059424Z   [ok ] M2               measured=5    readme=5
2026-09-22T09:01:03.0059935Z   [ok ] M3               measured=91   readme=91
2026-09-22T09:01:03.0060406Z   [ok ] M4               measured=52   readme=52
2026-09-22T09:01:03.0060872Z   [ok ] M5               measured=39   readme=39
2026-09-22T09:01:03.0061382Z   [ok ] M6               measured=6    readme=6
2026-09-22T09:01:03.0062146Z   [ok ] M6-sibling       measured=5    readme=5
2026-09-22T09:01:03.0062650Z   [ok ] probe-armearly   measured=1    readme=1
2026-09-22T09:01:03.0063177Z   [ok ] probe-nodevice   measured=3    readme=3
2026-09-22T09:01:03.0063739Z   [ok ] probe-t18        measured=3    readme=3
2026-09-22T09:01:03.0064332Z   [ok ] done_seen_r/coincident measured=91   readme=91
2026-09-22T09:01:03.0064930Z   [ok ] done_seen_r/pristine measured=9    readme=9
2026-09-22T09:01:03.0065520Z   [ok ] own-states-dropped measured=6    readme=6
2026-09-22T09:01:03.0066093Z   [ok ] own-minus-rhcoll measured=3    readme=3
2026-09-22T09:01:03.0066647Z   [ok ] own-minus-wwait  measured=0    readme=0
2026-09-22T09:01:03.0067486Z   [ok ] own-plus-rhreq   measured=1    readme=1
2026-09-22T09:01:03.0068026Z   [ok ] retraction       measured=2    readme=2
2026-09-22T09:01:03.0068377Z 
2026-09-22T09:01:03.0068556Z device models (measured vs README):
2026-09-22T09:01:03.0069154Z   [ok ] pristine                   measured=122 PASS, 0 FAIL  readme=(122, 0)
2026-09-22T09:01:03.0069924Z   [ok ] half-page                  measured=122 PASS, 0 FAIL  readme=(122, 0)
2026-09-22T09:01:03.0070956Z   [ok ] half-page                  measured=122 PASS, 0 FAIL  readme=(122, 0)
2026-09-22T09:01:03.0071929Z   [ok ] page-buffered NOR          measured=122 PASS, 0 FAIL  readme=(122, 0)
2026-09-22T09:01:03.0072611Z   [ok ] lazy erase                 measured=121 PASS, 1 FAIL  readme=(121, 1)
2026-09-22T09:01:03.0073280Z   [ok ] lazy erase + page-buffered measured=121 PASS, 1 FAIL  readme=(121, 1)
2026-09-22T09:01:03.0074022Z   [ok ] coincident completion      measured=122 PASS, 0 FAIL  readme=(122, 0)
2026-09-22T09:01:03.0074485Z 
2026-09-22T09:01:03.0074677Z pre-fix matrix (measured vs README), 5 builds:
2026-09-22T09:01:03.0075260Z   [ok ] T16 byte comparison                measured=pass FAIL FAIL FAIL FAIL
2026-09-22T09:01:03.0075954Z   [ok ] T17 restore vs the record          measured=pass FAIL FAIL pass FAIL
2026-09-22T09:01:03.0076649Z   [ok ] T17 restore vs the array           measured=pass pass FAIL pass pass
2026-09-22T09:01:03.0077310Z   [ok ] T15 branch pin                     measured=pass pass FAIL pass FAIL
2026-09-22T09:01:03.0077971Z   [ok ] T15 cut was real                   measured=pass pass pass pass FAIL
2026-09-22T09:01:03.0078671Z   [ok ] T15 #70 property, unconditioned    measured=pass pass pass pass FAIL
2026-09-22T09:01:03.0079104Z 
2026-09-22T09:01:03.0079272Z all measured figures agree with the tree
2026-09-22T09:01:03.0079551Z 
2026-09-22T09:01:03.0079800Z NOT measured (waived, with the reason, so the exclusion set is
2026-09-22T09:01:03.0080407Z derived from the file rather than asserted in a comment):
2026-09-22T09:01:03.0081982Z   - /`fails 22 of the 122 checks` and `fails\s+22 out of 122`/ absorbs 2 (cap 4): two illustrative phrasings quoted inside the paragraph explaining what the inverted default does not close; not claims about this suite
2026-09-22T09:01:03.0083833Z   - /\b122/122\b/ absorbs 2 (cap 4): suite tally shorthand; both halves are the suite size, which the size check already pins against the measured total
2026-09-22T09:01:03.0136971Z make: Leaving directory '/home/runner/work/protocol-processor-control-plane-avb-milan/protocol-processor-control-plane-avb-milan/tb/nvm_port'
2026-09-22T09:01:03.0233894Z Node 20 is being deprecated. This workflow is running with Node 24 by default. If you need to temporarily use Node 20, you can set the ACTIONS_ALLOW_USE_UNSECURE_NODE_VERSION=true environment variable. For more information see: https://github.blog/changelog/2025-09-19-deprecation-of-node-20-on-github-actions-runners/
2026-09-22T09:01:03.0235350Z Post job cleanup.
2026-09-22T09:01:03.1372785Z Cache hit occurred on the primary key verilator-v5.050-Linux, not saving cache.
2026-09-22T09:01:03.1374997Z (node:6525) [DEP0040] DeprecationWarning: The `punycode` module is deprecated. Please use a userland alternative instead.
2026-09-22T09:01:03.1375945Z (Use `node --trace-deprecation ...` to show where the warning was created)
2026-09-22T09:01:03.1537971Z Node 20 is being deprecated. This workflow is running with Node 24 by default. If you need to temporarily use Node 20, you can set the ACTIONS_ALLOW_USE_UNSECURE_NODE_VERSION=true environment variable. For more information see: https://github.blog/changelog/2025-09-19-deprecation-of-node-20-on-github-actions-runners/
2026-09-22T09:01:03.1539243Z Post job cleanup.
2026-09-22T09:01:03.2473254Z [command]/usr/bin/git version
2026-09-22T09:01:03.2520103Z git version 2.55.0
2026-09-22T09:01:03.2568578Z Temporarily overriding HOME='/home/runner/work/_temp/80e59f5c-babb-40fb-a3a8-19717819a943' before making global git config changes
2026-09-22T09:01:03.2570572Z Adding repository directory to the temporary git global config as a safe directory
2026-09-22T09:01:03.2575740Z [command]/usr/bin/git config --global --add safe.directory /home/runner/work/protocol-processor-control-plane-avb-milan/protocol-processor-control-plane-avb-milan
2026-09-22T09:01:03.2618713Z [command]/usr/bin/git config --local --name-only --get-regexp core\.sshCommand
2026-09-22T09:01:03.2657144Z [command]/usr/bin/git submodule foreach --recursive sh -c "git config --local --name-only --get-regexp 'core\.sshCommand' && git config --local --unset-all 'core.sshCommand' || :"
2026-09-22T09:01:03.2921775Z [command]/usr/bin/git config --local --name-only --get-regexp http\.https\:\/\/github\.com\/\.extraheader
2026-09-22T09:01:03.2955505Z http.https://github.com/.extraheader
2026-09-22T09:01:03.2968662Z [command]/usr/bin/git config --local --unset-all http.https://github.com/.extraheader
2026-09-22T09:01:03.3007233Z [command]/usr/bin/git submodule foreach --recursive sh -c "git config --local --name-only --get-regexp 'http\.https\:\/\/github\.com\/\.extraheader' && git config --local --unset-all 'http.https://github.com/.extraheader' || :"
2026-09-22T09:01:03.3280024Z [command]/usr/bin/git config --local --name-only --get-regexp ^includeIf\.gitdir:
2026-09-22T09:01:03.3327964Z [command]/usr/bin/git submodule foreach --recursive git config --local --show-origin --name-only --get-regexp remote.origin.url
2026-09-22T09:01:03.3758129Z Cleaning up orphan processes
2026-09-22T09:01:03.4131307Z ##[warning]Node.js 20 is deprecated. The following actions target Node.js 20 but are being forced to run on Node.js 24: actions/cache@v4, actions/checkout@v4. For more information see: https://github.blog/changelog/2025-09-19-deprecation-of-node-20-on-github-actions-runners/
