2026-09-22T08:48:44.9922570Z Current runner version: '2.337.0'
2026-09-22T08:48:44.9942841Z ##[group]Runner Image Provisioner
2026-09-22T08:48:44.9943637Z Hosted Compute Agent
2026-09-22T08:48:44.9944195Z Version: 20260828.587
2026-09-22T08:48:44.9944772Z Commit: abac92662cab4cc7352de4f9f9d2e2419aad9c29
2026-09-22T08:48:44.9945409Z Build Date: 2026-08-28T16:44:25Z
2026-09-22T08:48:44.9946013Z Worker ID: {3d159e6f-ad79-4374-90e7-6caac74f148f}
2026-09-22T08:48:44.9946615Z Azure Region: centralus
2026-09-22T08:48:44.9947102Z ##[endgroup]
2026-09-22T08:48:44.9948748Z ##[group]Operating System
2026-09-22T08:48:44.9949283Z Ubuntu
2026-09-22T08:48:44.9949742Z 24.04.5
2026-09-22T08:48:44.9950175Z LTS
2026-09-22T08:48:44.9950595Z ##[endgroup]
2026-09-22T08:48:44.9951109Z ##[group]Runner Image
2026-09-22T08:48:44.9951637Z Image: ubuntu-24.04
2026-09-22T08:48:44.9952122Z Version: 20260907.300.1
2026-09-22T08:48:44.9953170Z Included Software: https://github.com/actions/runner-images/blob/ubuntu24/20260907.300/images/ubuntu/Ubuntu2404-Readme.md
2026-09-22T08:48:44.9954470Z Image Release: https://github.com/actions/runner-images/releases/tag/ubuntu24%2F20260907.300
2026-09-22T08:48:44.9955255Z ##[endgroup]
2026-09-22T08:48:44.9956236Z ##[group]GITHUB_TOKEN Permissions
2026-09-22T08:48:44.9958519Z Contents: read
2026-09-22T08:48:44.9959585Z Metadata: read
2026-09-22T08:48:44.9960075Z Packages: read
2026-09-22T08:48:44.9960532Z ##[endgroup]
2026-09-22T08:48:44.9962490Z Secret source: Actions
2026-09-22T08:48:44.9963279Z Cache mode: write
2026-09-22T08:48:44.9963913Z Prepare workflow directory
2026-09-22T08:48:45.0420814Z Prepare all required actions
2026-09-22T08:48:45.0464547Z Getting action download info
2026-09-22T08:48:45.3042429Z Download action repository 'actions/checkout@v4' (SHA:11d5960a326750d5838078e36cf38b85af677262)
2026-09-22T08:48:45.8562339Z Complete job name: portability
2026-09-22T08:48:45.9180999Z Node 20 is being deprecated. This workflow is running with Node 24 by default. If you need to temporarily use Node 20, you can set the ACTIONS_ALLOW_USE_UNSECURE_NODE_VERSION=true environment variable. For more information see: https://github.blog/changelog/2025-09-19-deprecation-of-node-20-on-github-actions-runners/
2026-09-22T08:48:45.9189431Z ##[group]Run actions/checkout@v4
2026-09-22T08:48:45.9190307Z with:
2026-09-22T08:48:45.9191110Z   repository: Mister-M-alt/protocol-processor-control-plane-avb-milan
2026-09-22T08:48:45.9195256Z   token: ***
2026-09-22T08:48:45.9195786Z   ssh-strict: true
2026-09-22T08:48:45.9196313Z   ssh-user: git
2026-09-22T08:48:45.9196922Z   persist-credentials: true
2026-09-22T08:48:45.9197541Z   clean: true
2026-09-22T08:48:45.9198317Z   sparse-checkout-cone-mode: true
2026-09-22T08:48:45.9198953Z   fetch-depth: 1
2026-09-22T08:48:45.9199469Z   fetch-tags: false
2026-09-22T08:48:45.9200047Z   show-progress: true
2026-09-22T08:48:45.9200746Z   lfs: false
2026-09-22T08:48:45.9201308Z   submodules: false
2026-09-22T08:48:45.9201859Z   set-safe-directory: true
2026-09-22T08:48:45.9202471Z   allow-unsafe-pr-checkout: false
2026-09-22T08:48:45.9203285Z env:
2026-09-22T08:48:45.9203808Z   VERILATOR_VERSION: v5.050
2026-09-22T08:48:45.9204423Z ##[endgroup]
2026-09-22T08:48:46.0144865Z Syncing repository: Mister-M-alt/protocol-processor-control-plane-avb-milan
2026-09-22T08:48:46.0147942Z ##[group]Getting Git version info
2026-09-22T08:48:46.0150133Z Working directory is '/home/runner/work/protocol-processor-control-plane-avb-milan/protocol-processor-control-plane-avb-milan'
2026-09-22T08:48:46.0153283Z [command]/usr/bin/git version
2026-09-22T08:48:46.0243643Z git version 2.55.0
2026-09-22T08:48:46.0263222Z ##[endgroup]
2026-09-22T08:48:46.0276191Z Temporarily overriding HOME='/home/runner/work/_temp/e01ca5fe-ea83-43ea-b955-201ac732d693' before making global git config changes
2026-09-22T08:48:46.0279087Z Adding repository directory to the temporary git global config as a safe directory
2026-09-22T08:48:46.0283658Z [command]/usr/bin/git config --global --add safe.directory /home/runner/work/protocol-processor-control-plane-avb-milan/protocol-processor-control-plane-avb-milan
2026-09-22T08:48:46.0414120Z Deleting the contents of '/home/runner/work/protocol-processor-control-plane-avb-milan/protocol-processor-control-plane-avb-milan'
2026-09-22T08:48:46.0421647Z ##[group]Initializing the repository
2026-09-22T08:48:46.0426827Z [command]/usr/bin/git init /home/runner/work/protocol-processor-control-plane-avb-milan/protocol-processor-control-plane-avb-milan
2026-09-22T08:48:46.1379375Z hint: Using 'master' as the name for the initial branch. This default branch name
2026-09-22T08:48:46.1380988Z hint: will change to "main" in Git 3.0. To configure the initial branch name
2026-09-22T08:48:46.1382319Z hint: to use in all of your new repositories, which will suppress this warning,
2026-09-22T08:48:46.1383127Z hint: call:
2026-09-22T08:48:46.1383678Z hint:
2026-09-22T08:48:46.1384785Z hint: 	git config --global init.defaultBranch <name>
2026-09-22T08:48:46.1385749Z hint:
2026-09-22T08:48:46.1386700Z hint: Names commonly chosen instead of 'master' are 'main', 'trunk' and
2026-09-22T08:48:46.1388000Z hint: 'development'. The just-created branch can be renamed via this command:
2026-09-22T08:48:46.1388823Z hint:
2026-09-22T08:48:46.1389433Z hint: 	git branch -m <name>
2026-09-22T08:48:46.1389970Z hint:
2026-09-22T08:48:46.1390800Z hint: Disable this message with "git config set advice.defaultBranchName false"
2026-09-22T08:48:46.1392723Z Initialized empty Git repository in /home/runner/work/protocol-processor-control-plane-avb-milan/protocol-processor-control-plane-avb-milan/.git/
2026-09-22T08:48:46.1395893Z [command]/usr/bin/git remote add origin https://github.com/Mister-M-alt/protocol-processor-control-plane-avb-milan
2026-09-22T08:48:46.1479517Z ##[endgroup]
2026-09-22T08:48:46.1480657Z ##[group]Disabling automatic garbage collection
2026-09-22T08:48:46.1485530Z [command]/usr/bin/git config --local gc.auto 0
2026-09-22T08:48:46.1980734Z ##[endgroup]
2026-09-22T08:48:46.1981984Z ##[group]Setting up auth
2026-09-22T08:48:46.1986605Z [command]/usr/bin/git config --local --name-only --get-regexp core\.sshCommand
2026-09-22T08:48:46.2013334Z [command]/usr/bin/git submodule foreach --recursive sh -c "git config --local --name-only --get-regexp 'core\.sshCommand' && git config --local --unset-all 'core.sshCommand' || :"
2026-09-22T08:48:46.2281740Z [command]/usr/bin/git config --local --name-only --get-regexp http\.https\:\/\/github\.com\/\.extraheader
2026-09-22T08:48:46.2309928Z [command]/usr/bin/git submodule foreach --recursive sh -c "git config --local --name-only --get-regexp 'http\.https\:\/\/github\.com\/\.extraheader' && git config --local --unset-all 'http.https://github.com/.extraheader' || :"
2026-09-22T08:48:46.2476547Z [command]/usr/bin/git config --local --name-only --get-regexp ^includeIf\.gitdir:
2026-09-22T08:48:46.2502005Z [command]/usr/bin/git submodule foreach --recursive git config --local --show-origin --name-only --get-regexp remote.origin.url
2026-09-22T08:48:46.2663471Z [command]/usr/bin/git config --local http.https://github.com/.extraheader AUTHORIZATION: basic ***
2026-09-22T08:48:46.4569427Z ##[endgroup]
2026-09-22T08:48:46.4572852Z ##[group]Fetching the repository
2026-09-22T08:48:46.4582257Z [command]/usr/bin/git -c protocol.version=2 fetch --no-tags --prune --no-recurse-submodules --depth=1 origin +bc997e7c00e50e3d59b97987950bfbf6cc442182:refs/remotes/origin/98-clarify-srp-domain-events
2026-09-22T08:48:47.4263517Z From https://github.com/Mister-M-alt/protocol-processor-control-plane-avb-milan
2026-09-22T08:48:47.4265293Z  * [new ref]         bc997e7c00e50e3d59b97987950bfbf6cc442182 -> origin/98-clarify-srp-domain-events
2026-09-22T08:48:47.4267592Z ##[endgroup]
2026-09-22T08:48:47.4274968Z ##[group]Determining the checkout info
2026-09-22T08:48:47.4275912Z ##[endgroup]
2026-09-22T08:48:47.4276477Z [command]/usr/bin/git sparse-checkout disable
2026-09-22T08:48:47.4317282Z [command]/usr/bin/git config --local --unset-all extensions.worktreeConfig
2026-09-22T08:48:47.4340394Z ##[group]Checking out the ref
2026-09-22T08:48:47.4345065Z [command]/usr/bin/git checkout --progress --force -B 98-clarify-srp-domain-events refs/remotes/origin/98-clarify-srp-domain-events
2026-09-22T08:48:47.4804344Z Switched to a new branch '98-clarify-srp-domain-events'
2026-09-22T08:48:47.4807153Z branch '98-clarify-srp-domain-events' set up to track 'origin/98-clarify-srp-domain-events'.
2026-09-22T08:48:47.4812061Z ##[endgroup]
2026-09-22T08:48:47.4843323Z [command]/usr/bin/git log -1 --format=%H
2026-09-22T08:48:47.4861991Z bc997e7c00e50e3d59b97987950bfbf6cc442182
2026-09-22T08:48:47.5037036Z ##[group]Run sudo apt-get update && sudo apt-get install -y yosys
2026-09-22T08:48:47.5038022Z [36;1msudo apt-get update && sudo apt-get install -y yosys[0m
2026-09-22T08:48:47.5038658Z [36;1mcurl -sL https://github.com/zachjs/sv2v/releases/latest/download/sv2v-Linux.zip \[0m
2026-09-22T08:48:47.5039264Z [36;1m  -o /tmp/sv2v.zip && sudo apt-get install -y unzip[0m
2026-09-22T08:48:47.5039693Z [36;1munzip -o /tmp/sv2v.zip -d /tmp/sv2v[0m
2026-09-22T08:48:47.5040155Z [36;1msudo install /tmp/sv2v/*/sv2v /usr/local/bin/[0m
2026-09-22T08:48:47.5068618Z shell: /usr/bin/bash -e {0}
2026-09-22T08:48:47.5069007Z env:
2026-09-22T08:48:47.5069326Z   VERILATOR_VERSION: v5.050
2026-09-22T08:48:47.5069696Z ##[endgroup]
2026-09-22T08:48:47.5796842Z Get:1 file:/etc/apt/apt-mirrors.txt Mirrorlist [144 B]
2026-09-22T08:48:47.6149950Z Hit:2 http://azure.archive.ubuntu.com/ubuntu noble InRelease
2026-09-22T08:48:47.6169288Z Get:3 http://azure.archive.ubuntu.com/ubuntu noble-updates InRelease [126 kB]
2026-09-22T08:48:47.6205591Z Get:4 http://azure.archive.ubuntu.com/ubuntu noble-backports InRelease [126 kB]
2026-09-22T08:48:47.6220476Z Get:6 https://packages.microsoft.com/ubuntu/24.04/prod noble InRelease [3600 B]
2026-09-22T08:48:47.6222106Z Get:5 http://azure.archive.ubuntu.com/ubuntu noble-security InRelease [126 kB]
2026-09-22T08:48:47.7209008Z Get:7 http://azure.archive.ubuntu.com/ubuntu noble-updates/main amd64 Packages [1284 kB]
2026-09-22T08:48:47.7331803Z Get:8 http://azure.archive.ubuntu.com/ubuntu noble-updates/main Translation-en [295 kB]
2026-09-22T08:48:47.7339634Z Get:9 http://azure.archive.ubuntu.com/ubuntu noble-updates/main amd64 Components [181 kB]
2026-09-22T08:48:47.7353357Z Get:10 http://azure.archive.ubuntu.com/ubuntu noble-updates/universe amd64 Packages [1697 kB]
2026-09-22T08:48:47.7438536Z Get:11 http://azure.archive.ubuntu.com/ubuntu noble-updates/universe Translation-en [340 kB]
2026-09-22T08:48:47.7466832Z Get:12 http://azure.archive.ubuntu.com/ubuntu noble-updates/universe amd64 Components [387 kB]
2026-09-22T08:48:47.7481373Z Get:13 http://azure.archive.ubuntu.com/ubuntu noble-updates/restricted amd64 Packages [1596 kB]
2026-09-22T08:48:47.7541676Z Get:18 https://dl.google.com/linux/chrome-stable/deb stable InRelease [2548 B]
2026-09-22T08:48:47.7556544Z Get:14 http://azure.archive.ubuntu.com/ubuntu noble-updates/restricted Translation-en [362 kB]
2026-09-22T08:48:47.7574331Z Get:19 https://packages.microsoft.com/ubuntu/24.04/prod noble/main amd64 Packages [480 kB]
2026-09-22T08:48:47.7599370Z Get:15 http://azure.archive.ubuntu.com/ubuntu noble-updates/multiverse amd64 Packages [45.7 kB]
2026-09-22T08:48:47.7600405Z Get:16 http://azure.archive.ubuntu.com/ubuntu noble-updates/multiverse Translation-en [13.1 kB]
2026-09-22T08:48:47.7656146Z Get:20 https://packages.microsoft.com/ubuntu/24.04/prod noble/main arm64 Packages [430 kB]
2026-09-22T08:48:47.8021173Z Get:17 http://azure.archive.ubuntu.com/ubuntu noble-updates/multiverse amd64 Components [940 B]
2026-09-22T08:48:47.8026668Z Get:21 http://azure.archive.ubuntu.com/ubuntu noble-backports/main amd64 Packages [40.6 kB]
2026-09-22T08:48:47.8035001Z Get:22 http://azure.archive.ubuntu.com/ubuntu noble-backports/main amd64 Components [5744 B]
2026-09-22T08:48:47.8048283Z Get:23 http://azure.archive.ubuntu.com/ubuntu noble-backports/universe amd64 Packages [31.0 kB]
2026-09-22T08:48:47.8049656Z Get:24 http://azure.archive.ubuntu.com/ubuntu noble-backports/universe Translation-en [18.6 kB]
2026-09-22T08:48:47.8056468Z Get:25 http://azure.archive.ubuntu.com/ubuntu noble-backports/universe amd64 Components [12.6 kB]
2026-09-22T08:48:47.8319415Z Get:26 http://azure.archive.ubuntu.com/ubuntu noble-security/main amd64 Packages [1028 kB]
2026-09-22T08:48:47.8358839Z Get:27 http://azure.archive.ubuntu.com/ubuntu noble-security/main Translation-en [216 kB]
2026-09-22T08:48:47.8372395Z Get:28 http://azure.archive.ubuntu.com/ubuntu noble-security/main amd64 Components [46.4 kB]
2026-09-22T08:48:47.8409045Z Get:29 http://azure.archive.ubuntu.com/ubuntu noble-security/universe amd64 Packages [1217 kB]
2026-09-22T08:48:47.8442851Z Get:30 http://azure.archive.ubuntu.com/ubuntu noble-security/universe Translation-en [244 kB]
2026-09-22T08:48:47.8458754Z Get:31 http://azure.archive.ubuntu.com/ubuntu noble-security/universe amd64 Components [76.3 kB]
2026-09-22T08:48:47.8469038Z Get:32 http://azure.archive.ubuntu.com/ubuntu noble-security/restricted amd64 Packages [1496 kB]
2026-09-22T08:48:47.8534282Z Get:33 http://azure.archive.ubuntu.com/ubuntu noble-security/restricted Translation-en [343 kB]
2026-09-22T08:48:47.8980208Z Get:34 http://azure.archive.ubuntu.com/ubuntu noble-security/multiverse Translation-en [11.3 kB]
2026-09-22T08:48:47.9054293Z Get:35 https://dl.google.com/linux/chrome-stable/deb stable/main amd64 Packages [1411 B]
2026-09-22T08:48:52.4363718Z Fetched 12.3 MB in 1s (9752 kB/s)
2026-09-22T08:48:53.1678651Z Reading package lists...
2026-09-22T08:48:53.1983204Z Reading package lists...
2026-09-22T08:48:53.3396184Z Building dependency tree...
2026-09-22T08:48:53.3401937Z Reading state information...
2026-09-22T08:48:53.4835339Z The following additional packages will be installed:
2026-09-22T08:48:53.4836562Z   fonts-liberation2 gir1.2-atk-1.0 gir1.2-freedesktop gir1.2-gdkpixbuf-2.0
2026-09-22T08:48:53.4837431Z   gir1.2-gtk-3.0 gir1.2-harfbuzz-0.0 gir1.2-pango-1.0 graphviz libann0
2026-09-22T08:48:53.4838376Z   libblas3 libcdt5 libcgraph6 libgts-0.7-5t64 libgts-bin libgvc6 libgvpr2
2026-09-22T08:48:53.4843971Z   libharfbuzz-gobject0 liblab-gamut1 liblapack3 libpangoxft-1.0-0 libpathplan4
2026-09-22T08:48:53.4845544Z   python3-cairo python3-gi-cairo python3-numpy xdot yosys-abc
2026-09-22T08:48:53.4851549Z Suggested packages:
2026-09-22T08:48:53.4852021Z   gsfonts graphviz-doc python3-pytest
2026-09-22T08:48:53.5037152Z The following NEW packages will be installed:
2026-09-22T08:48:53.5038017Z   fonts-liberation2 gir1.2-atk-1.0 gir1.2-freedesktop gir1.2-gdkpixbuf-2.0
2026-09-22T08:48:53.5038773Z   gir1.2-gtk-3.0 gir1.2-harfbuzz-0.0 gir1.2-pango-1.0 graphviz libann0
2026-09-22T08:48:53.5039605Z   libblas3 libcdt5 libcgraph6 libgts-0.7-5t64 libgts-bin libgvc6 libgvpr2
2026-09-22T08:48:53.5043659Z   libharfbuzz-gobject0 liblab-gamut1 liblapack3 libpangoxft-1.0-0 libpathplan4
2026-09-22T08:48:53.5045050Z   python3-cairo python3-gi-cairo python3-numpy xdot yosys yosys-abc
2026-09-22T08:48:53.5194306Z 0 upgraded, 27 newly installed, 0 to remove and 87 not upgraded.
2026-09-22T08:48:53.5194760Z Need to get 20.7 MB of archives.
2026-09-22T08:48:53.5195397Z After this operation, 70.6 MB of additional disk space will be used.
2026-09-22T08:48:53.5196011Z Get:1 file:/etc/apt/apt-mirrors.txt Mirrorlist [144 B]
2026-09-22T08:48:53.6010655Z Get:2 http://azure.archive.ubuntu.com/ubuntu noble/universe amd64 fonts-liberation2 all 1:2.1.5-3 [3418 B]
2026-09-22T08:48:53.6361885Z Get:3 http://azure.archive.ubuntu.com/ubuntu noble/main amd64 gir1.2-atk-1.0 amd64 2.52.0-1build1 [23.1 kB]
2026-09-22T08:48:53.6715000Z Get:4 http://azure.archive.ubuntu.com/ubuntu noble/main amd64 gir1.2-freedesktop amd64 1.80.1-1 [49.7 kB]
2026-09-22T08:48:53.7076715Z Get:5 http://azure.archive.ubuntu.com/ubuntu noble-updates/main amd64 gir1.2-gdkpixbuf-2.0 amd64 2.42.10+dfsg-3ubuntu3.3 [9482 B]
2026-09-22T08:48:53.7425801Z Get:6 http://azure.archive.ubuntu.com/ubuntu noble/main amd64 libharfbuzz-gobject0 amd64 8.3.0-2build2 [34.3 kB]
2026-09-22T08:48:53.7771718Z Get:7 http://azure.archive.ubuntu.com/ubuntu noble/main amd64 gir1.2-harfbuzz-0.0 amd64 8.3.0-2build2 [44.5 kB]
2026-09-22T08:48:53.8120307Z Get:8 http://azure.archive.ubuntu.com/ubuntu noble/main amd64 libpangoxft-1.0-0 amd64 1.52.1+ds-1build1 [20.3 kB]
2026-09-22T08:48:53.8469099Z Get:9 http://azure.archive.ubuntu.com/ubuntu noble/main amd64 gir1.2-pango-1.0 amd64 1.52.1+ds-1build1 [34.8 kB]
2026-09-22T08:48:53.8819254Z Get:10 http://azure.archive.ubuntu.com/ubuntu noble-updates/main amd64 gir1.2-gtk-3.0 amd64 3.24.41-4ubuntu1.3 [245 kB]
2026-09-22T08:48:53.9178349Z Get:11 http://azure.archive.ubuntu.com/ubuntu noble/universe amd64 libann0 amd64 1.1.2+doc-9build1 [25.5 kB]
2026-09-22T08:48:53.9528842Z Get:12 http://azure.archive.ubuntu.com/ubuntu noble-updates/universe amd64 libcdt5 amd64 2.42.2-9ubuntu0.1 [21.6 kB]
2026-09-22T08:48:53.9874050Z Get:13 http://azure.archive.ubuntu.com/ubuntu noble-updates/universe amd64 libcgraph6 amd64 2.42.2-9ubuntu0.1 [44.6 kB]
2026-09-22T08:48:54.0225294Z Get:14 http://azure.archive.ubuntu.com/ubuntu noble/universe amd64 libgts-0.7-5t64 amd64 0.7.6+darcs121130-5.2build1 [161 kB]
2026-09-22T08:48:54.0581269Z Get:15 http://azure.archive.ubuntu.com/ubuntu noble-updates/universe amd64 libpathplan4 amd64 2.42.2-9ubuntu0.1 [24.0 kB]
2026-09-22T08:48:54.0931844Z Get:16 http://azure.archive.ubuntu.com/ubuntu noble-updates/universe amd64 libgvc6 amd64 2.42.2-9ubuntu0.1 [716 kB]
2026-09-22T08:48:54.1321949Z Get:17 http://azure.archive.ubuntu.com/ubuntu noble-updates/universe amd64 libgvpr2 amd64 2.42.2-9ubuntu0.1 [187 kB]
2026-09-22T08:48:54.1680556Z Get:18 http://azure.archive.ubuntu.com/ubuntu noble-updates/universe amd64 liblab-gamut1 amd64 2.42.2-9ubuntu0.1 [1886 kB]
2026-09-22T08:48:54.2133645Z Get:19 http://azure.archive.ubuntu.com/ubuntu noble-updates/universe amd64 graphviz amd64 2.42.2-9ubuntu0.1 [642 kB]
2026-09-22T08:48:54.2905514Z Get:20 http://azure.archive.ubuntu.com/ubuntu noble-updates/main amd64 libblas3 amd64 3.12.0-3build1.1 [238 kB]
2026-09-22T08:48:54.3199485Z Get:21 http://azure.archive.ubuntu.com/ubuntu noble/universe amd64 libgts-bin amd64 0.7.6+darcs121130-5.2build1 [44.0 kB]
2026-09-22T08:48:54.3616018Z Get:22 http://azure.archive.ubuntu.com/ubuntu noble-updates/main amd64 liblapack3 amd64 3.12.0-3build1.1 [2646 kB]
2026-09-22T08:48:54.4443390Z Get:23 http://azure.archive.ubuntu.com/ubuntu noble/main amd64 python3-cairo amd64 1.25.1-2build2 [119 kB]
2026-09-22T08:48:54.4726818Z Get:24 http://azure.archive.ubuntu.com/ubuntu noble/main amd64 python3-gi-cairo amd64 3.48.2-1 [8132 B]
2026-09-22T08:48:54.5000475Z Get:25 http://azure.archive.ubuntu.com/ubuntu noble/main amd64 python3-numpy amd64 1:1.26.4+ds-6ubuntu1 [4437 kB]
2026-09-22T08:48:54.5645220Z Get:26 http://azure.archive.ubuntu.com/ubuntu noble/universe amd64 xdot all 1.3-1 [30.3 kB]
2026-09-22T08:48:54.5925050Z Get:27 http://azure.archive.ubuntu.com/ubuntu noble/universe amd64 yosys-abc amd64 0.33-5build2 [5829 kB]
2026-09-22T08:48:54.6770594Z Get:28 http://azure.archive.ubuntu.com/ubuntu noble/universe amd64 yosys amd64 0.33-5build2 [3222 kB]
2026-09-22T08:48:54.9352358Z Fetched 20.7 MB in 1s (17.4 MB/s)
2026-09-22T08:48:54.9647208Z Selecting previously unselected package fonts-liberation2.
2026-09-22T08:48:54.9843014Z (Reading database ... 
2026-09-22T08:48:54.9843832Z (Reading database ... 5%
2026-09-22T08:48:54.9844598Z (Reading database ... 10%
2026-09-22T08:48:54.9845585Z (Reading database ... 15%
2026-09-22T08:48:54.9846494Z (Reading database ... 20%
2026-09-22T08:48:54.9847397Z (Reading database ... 25%
2026-09-22T08:48:54.9848512Z (Reading database ... 30%
2026-09-22T08:48:54.9849371Z (Reading database ... 35%
2026-09-22T08:48:54.9850318Z (Reading database ... 40%
2026-09-22T08:48:54.9851142Z (Reading database ... 45%
2026-09-22T08:48:54.9851934Z (Reading database ... 50%
2026-09-22T08:48:54.9894655Z (Reading database ... 55%
2026-09-22T08:48:55.1100213Z (Reading database ... 60%
2026-09-22T08:48:55.3082647Z (Reading database ... 65%
2026-09-22T08:48:55.4607576Z (Reading database ... 70%
2026-09-22T08:48:55.6553135Z (Reading database ... 75%
2026-09-22T08:48:55.8739090Z (Reading database ... 80%
2026-09-22T08:48:56.0476925Z (Reading database ... 85%
2026-09-22T08:48:56.2547250Z (Reading database ... 90%
2026-09-22T08:48:56.4695571Z (Reading database ... 95%
2026-09-22T08:48:56.4696024Z (Reading database ... 100%
2026-09-22T08:48:56.4696764Z (Reading database ... 201818 files and directories currently installed.)
2026-09-22T08:48:56.4737268Z Preparing to unpack .../00-fonts-liberation2_1%3a2.1.5-3_all.deb ...
2026-09-22T08:48:56.4857415Z Unpacking fonts-liberation2 (1:2.1.5-3) ...
2026-09-22T08:48:56.5165004Z Selecting previously unselected package gir1.2-atk-1.0:amd64.
2026-09-22T08:48:56.5281614Z Preparing to unpack .../01-gir1.2-atk-1.0_2.52.0-1build1_amd64.deb ...
2026-09-22T08:48:56.5297251Z Unpacking gir1.2-atk-1.0:amd64 (2.52.0-1build1) ...
2026-09-22T08:48:56.5469609Z Selecting previously unselected package gir1.2-freedesktop:amd64.
2026-09-22T08:48:56.5575124Z Preparing to unpack .../02-gir1.2-freedesktop_1.80.1-1_amd64.deb ...
2026-09-22T08:48:56.5592165Z Unpacking gir1.2-freedesktop:amd64 (1.80.1-1) ...
2026-09-22T08:48:56.5867132Z Selecting previously unselected package gir1.2-gdkpixbuf-2.0:amd64.
2026-09-22T08:48:56.5973502Z Preparing to unpack .../03-gir1.2-gdkpixbuf-2.0_2.42.10+dfsg-3ubuntu3.3_amd64.deb ...
2026-09-22T08:48:56.5989621Z Unpacking gir1.2-gdkpixbuf-2.0:amd64 (2.42.10+dfsg-3ubuntu3.3) ...
2026-09-22T08:48:56.6181953Z Selecting previously unselected package libharfbuzz-gobject0:amd64.
2026-09-22T08:48:56.6282880Z Preparing to unpack .../04-libharfbuzz-gobject0_8.3.0-2build2_amd64.deb ...
2026-09-22T08:48:56.6312303Z Unpacking libharfbuzz-gobject0:amd64 (8.3.0-2build2) ...
2026-09-22T08:48:56.6657222Z Selecting previously unselected package gir1.2-harfbuzz-0.0:amd64.
2026-09-22T08:48:56.6762352Z Preparing to unpack .../05-gir1.2-harfbuzz-0.0_8.3.0-2build2_amd64.deb ...
2026-09-22T08:48:56.6776845Z Unpacking gir1.2-harfbuzz-0.0:amd64 (8.3.0-2build2) ...
2026-09-22T08:48:56.6970608Z Selecting previously unselected package libpangoxft-1.0-0:amd64.
2026-09-22T08:48:56.7077414Z Preparing to unpack .../06-libpangoxft-1.0-0_1.52.1+ds-1build1_amd64.deb ...
2026-09-22T08:48:56.7094273Z Unpacking libpangoxft-1.0-0:amd64 (1.52.1+ds-1build1) ...
2026-09-22T08:48:56.7355800Z Selecting previously unselected package gir1.2-pango-1.0:amd64.
2026-09-22T08:48:56.7463681Z Preparing to unpack .../07-gir1.2-pango-1.0_1.52.1+ds-1build1_amd64.deb ...
2026-09-22T08:48:56.7479602Z Unpacking gir1.2-pango-1.0:amd64 (1.52.1+ds-1build1) ...
2026-09-22T08:48:56.7664177Z Selecting previously unselected package gir1.2-gtk-3.0:amd64.
2026-09-22T08:48:56.7772268Z Preparing to unpack .../08-gir1.2-gtk-3.0_3.24.41-4ubuntu1.3_amd64.deb ...
2026-09-22T08:48:56.7789598Z Unpacking gir1.2-gtk-3.0:amd64 (3.24.41-4ubuntu1.3) ...
2026-09-22T08:48:56.8175350Z Selecting previously unselected package libann0.
2026-09-22T08:48:56.8280697Z Preparing to unpack .../09-libann0_1.1.2+doc-9build1_amd64.deb ...
2026-09-22T08:48:56.8295715Z Unpacking libann0 (1.1.2+doc-9build1) ...
2026-09-22T08:48:56.8483430Z Selecting previously unselected package libcdt5:amd64.
2026-09-22T08:48:56.8583285Z Preparing to unpack .../10-libcdt5_2.42.2-9ubuntu0.1_amd64.deb ...
2026-09-22T08:48:56.8610720Z Unpacking libcdt5:amd64 (2.42.2-9ubuntu0.1) ...
2026-09-22T08:48:56.8878697Z Selecting previously unselected package libcgraph6:amd64.
2026-09-22T08:48:56.8979982Z Preparing to unpack .../11-libcgraph6_2.42.2-9ubuntu0.1_amd64.deb ...
2026-09-22T08:48:56.8995934Z Unpacking libcgraph6:amd64 (2.42.2-9ubuntu0.1) ...
2026-09-22T08:48:56.9186347Z Selecting previously unselected package libgts-0.7-5t64:amd64.
2026-09-22T08:48:56.9288092Z Preparing to unpack .../12-libgts-0.7-5t64_0.7.6+darcs121130-5.2build1_amd64.deb ...
2026-09-22T08:48:56.9304452Z Unpacking libgts-0.7-5t64:amd64 (0.7.6+darcs121130-5.2build1) ...
2026-09-22T08:48:56.9577182Z Selecting previously unselected package libpathplan4:amd64.
2026-09-22T08:48:56.9682375Z Preparing to unpack .../13-libpathplan4_2.42.2-9ubuntu0.1_amd64.deb ...
2026-09-22T08:48:56.9697957Z Unpacking libpathplan4:amd64 (2.42.2-9ubuntu0.1) ...
2026-09-22T08:48:56.9897270Z Selecting previously unselected package libgvc6.
2026-09-22T08:48:56.9997516Z Preparing to unpack .../14-libgvc6_2.42.2-9ubuntu0.1_amd64.deb ...
2026-09-22T08:48:57.0013276Z Unpacking libgvc6 (2.42.2-9ubuntu0.1) ...
2026-09-22T08:48:57.0498182Z Selecting previously unselected package libgvpr2:amd64.
2026-09-22T08:48:57.0598489Z Preparing to unpack .../15-libgvpr2_2.42.2-9ubuntu0.1_amd64.deb ...
2026-09-22T08:48:57.0638846Z Unpacking libgvpr2:amd64 (2.42.2-9ubuntu0.1) ...
2026-09-22T08:48:57.0839983Z Selecting previously unselected package liblab-gamut1:amd64.
2026-09-22T08:48:57.0938592Z Preparing to unpack .../16-liblab-gamut1_2.42.2-9ubuntu0.1_amd64.deb ...
2026-09-22T08:48:57.1052325Z Unpacking liblab-gamut1:amd64 (2.42.2-9ubuntu0.1) ...
2026-09-22T08:48:57.1404000Z Selecting previously unselected package graphviz.
2026-09-22T08:48:57.1511533Z Preparing to unpack .../17-graphviz_2.42.2-9ubuntu0.1_amd64.deb ...
2026-09-22T08:48:57.1526277Z Unpacking graphviz (2.42.2-9ubuntu0.1) ...
2026-09-22T08:48:57.2914888Z Selecting previously unselected package libblas3:amd64.
2026-09-22T08:48:57.3025416Z Preparing to unpack .../18-libblas3_3.12.0-3build1.1_amd64.deb ...
2026-09-22T08:48:57.3057023Z Unpacking libblas3:amd64 (3.12.0-3build1.1) ...
2026-09-22T08:48:57.3370959Z Selecting previously unselected package libgts-bin.
2026-09-22T08:48:57.3482920Z Preparing to unpack .../19-libgts-bin_0.7.6+darcs121130-5.2build1_amd64.deb ...
2026-09-22T08:48:57.3497764Z Unpacking libgts-bin (0.7.6+darcs121130-5.2build1) ...
2026-09-22T08:48:57.3741337Z Selecting previously unselected package liblapack3:amd64.
2026-09-22T08:48:57.3850382Z Preparing to unpack .../20-liblapack3_3.12.0-3build1.1_amd64.deb ...
2026-09-22T08:48:57.3883237Z Unpacking liblapack3:amd64 (3.12.0-3build1.1) ...
2026-09-22T08:48:57.5349359Z Selecting previously unselected package python3-cairo.
2026-09-22T08:48:57.5459962Z Preparing to unpack .../21-python3-cairo_1.25.1-2build2_amd64.deb ...
2026-09-22T08:48:57.5474977Z Unpacking python3-cairo (1.25.1-2build2) ...
2026-09-22T08:48:57.5672132Z Selecting previously unselected package python3-gi-cairo.
2026-09-22T08:48:57.5788106Z Preparing to unpack .../22-python3-gi-cairo_3.48.2-1_amd64.deb ...
2026-09-22T08:48:57.5950739Z Unpacking python3-gi-cairo (3.48.2-1) ...
2026-09-22T08:48:57.6133482Z Selecting previously unselected package python3-numpy.
2026-09-22T08:48:57.6244545Z Preparing to unpack .../23-python3-numpy_1%3a1.26.4+ds-6ubuntu1_amd64.deb ...
2026-09-22T08:48:57.6259195Z Unpacking python3-numpy (1:1.26.4+ds-6ubuntu1) ...
2026-09-22T08:48:58.0213402Z Selecting previously unselected package xdot.
2026-09-22T08:48:58.0329918Z Preparing to unpack .../24-xdot_1.3-1_all.deb ...
2026-09-22T08:48:58.0348157Z Unpacking xdot (1.3-1) ...
2026-09-22T08:48:58.0546523Z Selecting previously unselected package yosys-abc.
2026-09-22T08:48:58.0656628Z Preparing to unpack .../25-yosys-abc_0.33-5build2_amd64.deb ...
2026-09-22T08:48:58.0755440Z Unpacking yosys-abc (0.33-5build2) ...
2026-09-22T08:48:58.2325673Z Selecting previously unselected package yosys.
2026-09-22T08:48:58.2439348Z Preparing to unpack .../26-yosys_0.33-5build2_amd64.deb ...
2026-09-22T08:48:58.2556688Z Unpacking yosys (0.33-5build2) ...
2026-09-22T08:48:58.4534435Z Setting up gir1.2-freedesktop:amd64 (1.80.1-1) ...
2026-09-22T08:48:58.4573711Z Setting up python3-cairo (1.25.1-2build2) ...
2026-09-22T08:48:58.5621174Z Setting up libpangoxft-1.0-0:amd64 (1.52.1+ds-1build1) ...
2026-09-22T08:48:58.5659689Z Setting up gir1.2-gdkpixbuf-2.0:amd64 (2.42.10+dfsg-3ubuntu3.3) ...
2026-09-22T08:48:58.5852470Z Setting up gir1.2-atk-1.0:amd64 (2.52.0-1build1) ...
2026-09-22T08:48:58.5887170Z Setting up liblab-gamut1:amd64 (2.42.2-9ubuntu0.1) ...
2026-09-22T08:48:58.5922309Z Setting up yosys-abc (0.33-5build2) ...
2026-09-22T08:48:58.5957506Z Setting up libharfbuzz-gobject0:amd64 (8.3.0-2build2) ...
2026-09-22T08:48:58.5988078Z Setting up gir1.2-harfbuzz-0.0:amd64 (8.3.0-2build2) ...
2026-09-22T08:48:58.6015356Z Setting up gir1.2-pango-1.0:amd64 (1.52.1+ds-1build1) ...
2026-09-22T08:48:58.6042685Z Setting up libblas3:amd64 (3.12.0-3build1.1) ...
2026-09-22T08:48:58.6095750Z update-alternatives: using /usr/lib/x86_64-linux-gnu/blas/libblas.so.3 to provide /usr/lib/x86_64-linux-gnu/libblas.so.3 (libblas.so.3-x86_64-linux-gnu) in auto mode
2026-09-22T08:48:58.6114653Z Setting up fonts-liberation2 (1:2.1.5-3) ...
2026-09-22T08:48:58.6141230Z Setting up libpathplan4:amd64 (2.42.2-9ubuntu0.1) ...
2026-09-22T08:48:58.6169353Z Setting up libann0 (1.1.2+doc-9build1) ...
2026-09-22T08:48:58.6196575Z Setting up libgts-0.7-5t64:amd64 (0.7.6+darcs121130-5.2build1) ...
2026-09-22T08:48:58.6224092Z Setting up libcdt5:amd64 (2.42.2-9ubuntu0.1) ...
2026-09-22T08:48:58.6253811Z Setting up libcgraph6:amd64 (2.42.2-9ubuntu0.1) ...
2026-09-22T08:48:58.6283241Z Setting up python3-gi-cairo (3.48.2-1) ...
2026-09-22T08:48:58.6310546Z Setting up libgts-bin (0.7.6+darcs121130-5.2build1) ...
2026-09-22T08:48:58.6338064Z Setting up liblapack3:amd64 (3.12.0-3build1.1) ...
2026-09-22T08:48:58.6392808Z update-alternatives: using /usr/lib/x86_64-linux-gnu/lapack/liblapack.so.3 to provide /usr/lib/x86_64-linux-gnu/liblapack.so.3 (liblapack.so.3-x86_64-linux-gnu) in auto mode
2026-09-22T08:48:58.6521133Z Setting up yosys (0.33-5build2) ...
2026-09-22T08:48:58.7480988Z Setting up gir1.2-gtk-3.0:amd64 (3.24.41-4ubuntu1.3) ...
2026-09-22T08:48:58.7507316Z Setting up libgvc6 (2.42.2-9ubuntu0.1) ...
2026-09-22T08:48:58.8725681Z Setting up python3-numpy (1:1.26.4+ds-6ubuntu1) ...
2026-09-22T08:49:00.0556041Z Setting up libgvpr2:amd64 (2.42.2-9ubuntu0.1) ...
2026-09-22T08:49:00.0584045Z Setting up graphviz (2.42.2-9ubuntu0.1) ...
2026-09-22T08:49:00.0755951Z Setting up xdot (1.3-1) ...
2026-09-22T08:49:00.1955390Z Processing triggers for man-db (2.12.0-4build2) ...
2026-09-22T08:49:00.1980602Z Not building database; man-db/auto-update is not 'true'.
2026-09-22T08:49:00.1996219Z Processing triggers for libc-bin (2.39-0ubuntu8.8) ...
2026-09-22T08:49:01.1575469Z 
2026-09-22T08:49:01.1576367Z Running kernel seems to be up-to-date.
2026-09-22T08:49:01.1576832Z 
2026-09-22T08:49:01.1576959Z No services need to be restarted.
2026-09-22T08:49:01.1577161Z 
2026-09-22T08:49:01.1577496Z No containers need to be restarted.
2026-09-22T08:49:01.1577790Z 
2026-09-22T08:49:01.1577971Z No user sessions are running outdated binaries.
2026-09-22T08:49:01.1578209Z 
2026-09-22T08:49:01.1578433Z No VM guests are running outdated hypervisor (qemu) binaries on this host.
2026-09-22T08:49:02.3934067Z Reading package lists...
2026-09-22T08:49:02.5509702Z Building dependency tree...
2026-09-22T08:49:02.5514849Z Reading state information...
2026-09-22T08:49:02.7189696Z unzip is already the newest version (6.0-28ubuntu4.1).
2026-09-22T08:49:02.7190243Z 0 upgraded, 0 newly installed, 0 to remove and 87 not upgraded.
2026-09-22T08:49:02.7340657Z Archive:  /tmp/sv2v.zip
2026-09-22T08:49:02.7341258Z    creating: /tmp/sv2v/sv2v-Linux/
2026-09-22T08:49:02.7342182Z   inflating: /tmp/sv2v/sv2v-Linux/CHANGELOG.md  
2026-09-22T08:49:02.7342839Z   inflating: /tmp/sv2v/sv2v-Linux/LICENSE  
2026-09-22T08:49:02.7959972Z   inflating: /tmp/sv2v/sv2v-Linux/sv2v  
2026-09-22T08:49:02.7962719Z   inflating: /tmp/sv2v/sv2v-Linux/NOTICE  
2026-09-22T08:49:02.7964218Z   inflating: /tmp/sv2v/sv2v-Linux/README.md  
2026-09-22T08:49:02.8237330Z ##[group]Run ./syn/yosys/run.sh
2026-09-22T08:49:02.8237843Z [36;1m./syn/yosys/run.sh[0m
2026-09-22T08:49:02.8259416Z shell: /usr/bin/bash -e {0}
2026-09-22T08:49:02.8259769Z env:
2026-09-22T08:49:02.8260124Z   VERILATOR_VERSION: v5.050
2026-09-22T08:49:02.8260408Z ##[endgroup]
2026-09-22T08:49:05.9331866Z Warning: Replacing memory \tpend_deadline_r with list of registers. See all.v:3452
2026-09-22T08:49:05.9332698Z Warning: Replacing memory \adv_st_r with list of registers. See all.v:3450
2026-09-22T08:49:06.3879828Z Warning: Replacing memory \lost_cnt_r with list of registers. See all.v:11228
2026-09-22T08:49:06.3880545Z Warning: Replacing memory \payload_r with list of registers. See all.v:11227
2026-09-22T08:49:06.5868193Z Warning: Replacing memory \age_r with list of registers. See all.v:13768
2026-09-22T08:49:06.9724513Z Warning: Replacing memory \tf_cnt_r with list of registers. See all.v:17838
2026-09-22T08:49:06.9725599Z Warning: Replacing memory \tf_q_r with list of registers. See all.v:17776
2026-09-22T08:49:06.9726396Z Warning: Replacing memory \tf_wptr_r with list of registers. See all.v:17834, all.v:17771
2026-09-22T08:49:07.3189529Z YOSYS OK  KL_aecp_ucpu
2026-09-22T08:49:07.6634298Z Warning: Replacing memory \tpend_deadline_r with list of registers. See all.v:3452
2026-09-22T08:49:07.6634922Z Warning: Replacing memory \adv_st_r with list of registers. See all.v:3450
2026-09-22T08:49:08.1294448Z Warning: Replacing memory \lost_cnt_r with list of registers. See all.v:11228
2026-09-22T08:49:08.1295263Z Warning: Replacing memory \payload_r with list of registers. See all.v:11227
2026-09-22T08:49:08.3272098Z Warning: Replacing memory \age_r with list of registers. See all.v:13768
2026-09-22T08:49:08.7196906Z Warning: Replacing memory \tf_cnt_r with list of registers. See all.v:17838
2026-09-22T08:49:08.7197981Z Warning: Replacing memory \tf_q_r with list of registers. See all.v:17776
2026-09-22T08:49:08.7198993Z Warning: Replacing memory \tf_wptr_r with list of registers. See all.v:17834, all.v:17771
2026-09-22T08:49:09.1677957Z YOSYS OK  KL_aecp_desc_store
2026-09-22T08:49:09.5058322Z Warning: Replacing memory \tpend_deadline_r with list of registers. See all.v:3452
2026-09-22T08:49:09.5059280Z Warning: Replacing memory \adv_st_r with list of registers. See all.v:3450
2026-09-22T08:49:09.9620416Z Warning: Replacing memory \lost_cnt_r with list of registers. See all.v:11228
2026-09-22T08:49:09.9621458Z Warning: Replacing memory \payload_r with list of registers. See all.v:11227
2026-09-22T08:49:10.1585447Z Warning: Replacing memory \age_r with list of registers. See all.v:13768
2026-09-22T08:49:10.5439390Z Warning: Replacing memory \tf_cnt_r with list of registers. See all.v:17838
2026-09-22T08:49:10.5440080Z Warning: Replacing memory \tf_q_r with list of registers. See all.v:17776
2026-09-22T08:49:10.5440791Z Warning: Replacing memory \tf_wptr_r with list of registers. See all.v:17834, all.v:17771
2026-09-22T08:49:10.9139695Z YOSYS OK  KL_aecp_dyn_state
2026-09-22T08:49:11.2526445Z Warning: Replacing memory \tpend_deadline_r with list of registers. See all.v:3452
2026-09-22T08:49:11.2527537Z Warning: Replacing memory \adv_st_r with list of registers. See all.v:3450
2026-09-22T08:49:11.7080490Z Warning: Replacing memory \lost_cnt_r with list of registers. See all.v:11228
2026-09-22T08:49:11.7081426Z Warning: Replacing memory \payload_r with list of registers. See all.v:11227
2026-09-22T08:49:11.9044410Z Warning: Replacing memory \age_r with list of registers. See all.v:13768
2026-09-22T08:49:12.2885953Z Warning: Replacing memory \tf_cnt_r with list of registers. See all.v:17838
2026-09-22T08:49:12.2886948Z Warning: Replacing memory \tf_q_r with list of registers. See all.v:17776
2026-09-22T08:49:12.2888227Z Warning: Replacing memory \tf_wptr_r with list of registers. See all.v:17834, all.v:17771
2026-09-22T08:49:12.6082573Z YOSYS OK  KL_aecp_resp_buf
2026-09-22T08:49:12.9460366Z Warning: Replacing memory \tpend_deadline_r with list of registers. See all.v:3452
2026-09-22T08:49:12.9461442Z Warning: Replacing memory \adv_st_r with list of registers. See all.v:3450
2026-09-22T08:49:13.3967100Z Warning: Replacing memory \lost_cnt_r with list of registers. See all.v:11228
2026-09-22T08:49:13.3969265Z Warning: Replacing memory \payload_r with list of registers. See all.v:11227
2026-09-22T08:49:13.5936794Z Warning: Replacing memory \age_r with list of registers. See all.v:13768
2026-09-22T08:49:13.9777913Z Warning: Replacing memory \tf_cnt_r with list of registers. See all.v:17838
2026-09-22T08:49:13.9778757Z Warning: Replacing memory \tf_q_r with list of registers. See all.v:17776
2026-09-22T08:49:13.9779680Z Warning: Replacing memory \tf_wptr_r with list of registers. See all.v:17834, all.v:17771
2026-09-22T08:49:15.0507413Z YOSYS OK  KL_aecp_engine
2026-09-22T08:49:15.3881206Z Warning: Replacing memory \tpend_deadline_r with list of registers. See all.v:3452
2026-09-22T08:49:15.3882548Z Warning: Replacing memory \adv_st_r with list of registers. See all.v:3450
2026-09-22T08:49:15.8423072Z Warning: Replacing memory \lost_cnt_r with list of registers. See all.v:11228
2026-09-22T08:49:15.8424075Z Warning: Replacing memory \payload_r with list of registers. See all.v:11227
2026-09-22T08:49:16.0379403Z Warning: Replacing memory \age_r with list of registers. See all.v:13768
2026-09-22T08:49:16.4232407Z Warning: Replacing memory \tf_cnt_r with list of registers. See all.v:17838
2026-09-22T08:49:16.4233246Z Warning: Replacing memory \tf_q_r with list of registers. See all.v:17776
2026-09-22T08:49:16.4234223Z Warning: Replacing memory \tf_wptr_r with list of registers. See all.v:17834, all.v:17771
2026-09-22T08:49:17.6350061Z YOSYS OK  KL_aecp_notify
2026-09-22T08:49:17.9703696Z Warning: Replacing memory \tpend_deadline_r with list of registers. See all.v:3452
2026-09-22T08:49:17.9704343Z Warning: Replacing memory \adv_st_r with list of registers. See all.v:3450
2026-09-22T08:49:18.4239994Z Warning: Replacing memory \lost_cnt_r with list of registers. See all.v:11228
2026-09-22T08:49:18.4240823Z Warning: Replacing memory \payload_r with list of registers. See all.v:11227
2026-09-22T08:49:18.6204288Z Warning: Replacing memory \age_r with list of registers. See all.v:13768
2026-09-22T08:49:19.0092584Z Warning: Replacing memory \tf_cnt_r with list of registers. See all.v:17838
2026-09-22T08:49:19.0093607Z Warning: Replacing memory \tf_q_r with list of registers. See all.v:17776
2026-09-22T08:49:19.0094832Z Warning: Replacing memory \tf_wptr_r with list of registers. See all.v:17834, all.v:17771
2026-09-22T08:49:19.3110878Z YOSYS OK  KL_aecp_ca_originator
2026-09-22T08:49:19.6475141Z Warning: Replacing memory \tpend_deadline_r with list of registers. See all.v:3452
2026-09-22T08:49:19.6475964Z Warning: Replacing memory \adv_st_r with list of registers. See all.v:3450
2026-09-22T08:49:20.1183095Z Warning: Replacing memory \lost_cnt_r with list of registers. See all.v:11228
2026-09-22T08:49:20.1183706Z Warning: Replacing memory \payload_r with list of registers. See all.v:11227
2026-09-22T08:49:20.3129851Z Warning: Replacing memory \age_r with list of registers. See all.v:13768
2026-09-22T08:49:20.6946130Z Warning: Replacing memory \tf_cnt_r with list of registers. See all.v:17838
2026-09-22T08:49:20.6946930Z Warning: Replacing memory \tf_q_r with list of registers. See all.v:17776
2026-09-22T08:49:20.6948072Z Warning: Replacing memory \tf_wptr_r with list of registers. See all.v:17834, all.v:17771
2026-09-22T08:49:20.9916980Z YOSYS OK  KL_pp_timer_service
2026-09-22T08:49:21.3261176Z Warning: Replacing memory \tpend_deadline_r with list of registers. See all.v:3452
2026-09-22T08:49:21.7745005Z Warning: Replacing memory \adv_st_r with list of registers. See all.v:3450
2026-09-22T08:49:21.7745691Z Warning: Replacing memory \lost_cnt_r with list of registers. See all.v:11228
2026-09-22T08:49:21.7746516Z Warning: Replacing memory \payload_r with list of registers. See all.v:11227
2026-09-22T08:49:21.9681154Z Warning: Replacing memory \age_r with list of registers. See all.v:13768
2026-09-22T08:49:22.3606382Z Warning: Replacing memory \tf_cnt_r with list of registers. See all.v:17838
2026-09-22T08:49:22.3609849Z Warning: Replacing memory \tf_q_r with list of registers. See all.v:17776
2026-09-22T08:49:22.3611106Z Warning: Replacing memory \tf_wptr_r with list of registers. See all.v:17834, all.v:17771
2026-09-22T08:49:22.6639967Z YOSYS OK  KL_pp_prng
2026-09-22T08:49:23.0010639Z Warning: Replacing memory \tpend_deadline_r with list of registers. See all.v:3452
2026-09-22T08:49:23.0011954Z Warning: Replacing memory \adv_st_r with list of registers. See all.v:3450
2026-09-22T08:49:23.4547185Z Warning: Replacing memory \lost_cnt_r with list of registers. See all.v:11228
2026-09-22T08:49:23.4548088Z Warning: Replacing memory \payload_r with list of registers. See all.v:11227
2026-09-22T08:49:23.6515271Z Warning: Replacing memory \age_r with list of registers. See all.v:13768
2026-09-22T08:49:24.0359662Z Warning: Replacing memory \tf_cnt_r with list of registers. See all.v:17838
2026-09-22T08:49:24.0360521Z Warning: Replacing memory \tf_q_r with list of registers. See all.v:17776
2026-09-22T08:49:24.0361415Z Warning: Replacing memory \tf_wptr_r with list of registers. See all.v:17834, all.v:17771
2026-09-22T08:49:24.3291166Z YOSYS OK  KL_pp_rx_slots
2026-09-22T08:49:24.6653288Z Warning: Replacing memory \tpend_deadline_r with list of registers. See all.v:3452
2026-09-22T08:49:24.6654074Z Warning: Replacing memory \adv_st_r with list of registers. See all.v:3450
2026-09-22T08:49:25.1169265Z Warning: Replacing memory \lost_cnt_r with list of registers. See all.v:11228
2026-09-22T08:49:25.1170535Z Warning: Replacing memory \payload_r with list of registers. See all.v:11227
2026-09-22T08:49:25.3138608Z Warning: Replacing memory \age_r with list of registers. See all.v:13768
2026-09-22T08:49:25.6969242Z Warning: Replacing memory \tf_cnt_r with list of registers. See all.v:17838
2026-09-22T08:49:25.6970343Z Warning: Replacing memory \tf_q_r with list of registers. See all.v:17776
2026-09-22T08:49:25.6971203Z Warning: Replacing memory \tf_wptr_r with list of registers. See all.v:17834, all.v:17771
2026-09-22T08:49:26.0123573Z YOSYS OK  KL_pp_tx_slots
2026-09-22T08:49:26.3464769Z Warning: Replacing memory \tpend_deadline_r with list of registers. See all.v:3452
2026-09-22T08:49:26.3465821Z Warning: Replacing memory \adv_st_r with list of registers. See all.v:3450
2026-09-22T08:49:26.7967446Z Warning: Replacing memory \lost_cnt_r with list of registers. See all.v:11228
2026-09-22T08:49:26.7968667Z Warning: Replacing memory \payload_r with list of registers. See all.v:11227
2026-09-22T08:49:26.9924685Z Warning: Replacing memory \age_r with list of registers. See all.v:13768
2026-09-22T08:49:27.3786626Z Warning: Replacing memory \tf_cnt_r with list of registers. See all.v:17838
2026-09-22T08:49:27.3787249Z Warning: Replacing memory \tf_q_r with list of registers. See all.v:17776
2026-09-22T08:49:27.3788913Z Warning: Replacing memory \tf_wptr_r with list of registers. See all.v:17834, all.v:17771
2026-09-22T08:49:27.6653048Z YOSYS OK  KL_pp_release_merge
2026-09-22T08:49:27.9987450Z Warning: Replacing memory \tpend_deadline_r with list of registers. See all.v:3452
2026-09-22T08:49:27.9988497Z Warning: Replacing memory \adv_st_r with list of registers. See all.v:3450
2026-09-22T08:49:28.4490191Z Warning: Replacing memory \lost_cnt_r with list of registers. See all.v:11228
2026-09-22T08:49:28.4490983Z Warning: Replacing memory \payload_r with list of registers. See all.v:11227
2026-09-22T08:49:28.6447165Z Warning: Replacing memory \age_r with list of registers. See all.v:13768
2026-09-22T08:49:29.0260448Z Warning: Replacing memory \tf_cnt_r with list of registers. See all.v:17838
2026-09-22T08:49:29.0261393Z Warning: Replacing memory \tf_q_r with list of registers. See all.v:17776
2026-09-22T08:49:29.0262255Z Warning: Replacing memory \tf_wptr_r with list of registers. See all.v:17834, all.v:17771
2026-09-22T08:49:29.4980035Z YOSYS OK  KL_pp_rx_validator
2026-09-22T08:49:29.8296516Z Warning: Replacing memory \tpend_deadline_r with list of registers. See all.v:3452
2026-09-22T08:49:29.8297407Z Warning: Replacing memory \adv_st_r with list of registers. See all.v:3450
2026-09-22T08:49:30.2780125Z Warning: Replacing memory \lost_cnt_r with list of registers. See all.v:11228
2026-09-22T08:49:30.2780985Z Warning: Replacing memory \payload_r with list of registers. See all.v:11227
2026-09-22T08:49:30.4736742Z Warning: Replacing memory \age_r with list of registers. See all.v:13768
2026-09-22T08:49:30.8523638Z Warning: Replacing memory \tf_cnt_r with list of registers. See all.v:17838
2026-09-22T08:49:30.8524522Z Warning: Replacing memory \tf_q_r with list of registers. See all.v:17776
2026-09-22T08:49:30.8525245Z Warning: Replacing memory \tf_wptr_r with list of registers. See all.v:17834, all.v:17771
2026-09-22T08:49:31.3255908Z YOSYS OK  KL_pp_normalizer
2026-09-22T08:49:31.6590290Z Warning: Replacing memory \tpend_deadline_r with list of registers. See all.v:3452
2026-09-22T08:49:31.6590907Z Warning: Replacing memory \adv_st_r with list of registers. See all.v:3450
2026-09-22T08:49:32.1080258Z Warning: Replacing memory \lost_cnt_r with list of registers. See all.v:11228
2026-09-22T08:49:32.1080867Z Warning: Replacing memory \payload_r with list of registers. See all.v:11227
2026-09-22T08:49:32.3044073Z Warning: Replacing memory \age_r with list of registers. See all.v:13768
2026-09-22T08:49:32.6911680Z Warning: Replacing memory \tf_cnt_r with list of registers. See all.v:17838
2026-09-22T08:49:32.6912516Z Warning: Replacing memory \tf_q_r with list of registers. See all.v:17776
2026-09-22T08:49:32.6913286Z Warning: Replacing memory \tf_wptr_r with list of registers. See all.v:17834, all.v:17771
2026-09-22T08:49:33.0220266Z YOSYS OK  KL_pp_dispatch
2026-09-22T08:49:33.3591838Z Warning: Replacing memory \tpend_deadline_r with list of registers. See all.v:3452
2026-09-22T08:49:33.3592941Z Warning: Replacing memory \adv_st_r with list of registers. See all.v:3450
2026-09-22T08:49:33.8152428Z Warning: Replacing memory \lost_cnt_r with list of registers. See all.v:11228
2026-09-22T08:49:33.8153279Z Warning: Replacing memory \payload_r with list of registers. See all.v:11227
2026-09-22T08:49:34.0121747Z Warning: Replacing memory \age_r with list of registers. See all.v:13768
2026-09-22T08:49:34.3973083Z Warning: Replacing memory \tf_cnt_r with list of registers. See all.v:17838
2026-09-22T08:49:34.3973814Z Warning: Replacing memory \tf_q_r with list of registers. See all.v:17776
2026-09-22T08:49:34.3974325Z Warning: Replacing memory \tf_wptr_r with list of registers. See all.v:17834, all.v:17771
2026-09-22T08:49:34.7595463Z YOSYS OK  KL_pp_scoreboard
2026-09-22T08:49:35.0943351Z Warning: Replacing memory \tpend_deadline_r with list of registers. See all.v:3452
2026-09-22T08:49:35.0944562Z Warning: Replacing memory \adv_st_r with list of registers. See all.v:3450
2026-09-22T08:49:35.5435864Z Warning: Replacing memory \lost_cnt_r with list of registers. See all.v:11228
2026-09-22T08:49:35.5436478Z Warning: Replacing memory \payload_r with list of registers. See all.v:11227
2026-09-22T08:49:35.7376602Z Warning: Replacing memory \age_r with list of registers. See all.v:13768
2026-09-22T08:49:36.1205718Z Warning: Replacing memory \tf_cnt_r with list of registers. See all.v:17838
2026-09-22T08:49:36.1206544Z Warning: Replacing memory \tf_q_r with list of registers. See all.v:17776
2026-09-22T08:49:36.1207559Z Warning: Replacing memory \tf_wptr_r with list of registers. See all.v:17834, all.v:17771
2026-09-22T08:49:36.4425564Z YOSYS OK  KL_pp_event_router
2026-09-22T08:49:36.7766218Z Warning: Replacing memory \tpend_deadline_r with list of registers. See all.v:3452
2026-09-22T08:49:36.7767007Z Warning: Replacing memory \adv_st_r with list of registers. See all.v:3450
2026-09-22T08:49:37.2244336Z Warning: Replacing memory \lost_cnt_r with list of registers. See all.v:11228
2026-09-22T08:49:37.2245188Z Warning: Replacing memory \payload_r with list of registers. See all.v:11227
2026-09-22T08:49:37.4196680Z Warning: Replacing memory \age_r with list of registers. See all.v:13768
2026-09-22T08:49:37.8067372Z Warning: Replacing memory \tf_cnt_r with list of registers. See all.v:17838
2026-09-22T08:49:37.8068687Z Warning: Replacing memory \tf_q_r with list of registers. See all.v:17776
2026-09-22T08:49:37.8069551Z Warning: Replacing memory \tf_wptr_r with list of registers. See all.v:17834, all.v:17771
2026-09-22T08:49:38.3717121Z YOSYS OK  KL_pp_originator
2026-09-22T08:49:38.7089130Z Warning: Replacing memory \tpend_deadline_r with list of registers. See all.v:3452
2026-09-22T08:49:38.7090199Z Warning: Replacing memory \adv_st_r with list of registers. See all.v:3450
2026-09-22T08:49:39.1595675Z Warning: Replacing memory \lost_cnt_r with list of registers. See all.v:11228
2026-09-22T08:49:39.1596470Z Warning: Replacing memory \payload_r with list of registers. See all.v:11227
2026-09-22T08:49:39.3541292Z Warning: Replacing memory \age_r with list of registers. See all.v:13768
2026-09-22T08:49:39.7355529Z Warning: Replacing memory \tf_cnt_r with list of registers. See all.v:17838
2026-09-22T08:49:39.7356183Z Warning: Replacing memory \tf_q_r with list of registers. See all.v:17776
2026-09-22T08:49:39.7356953Z Warning: Replacing memory \tf_wptr_r with list of registers. See all.v:17834, all.v:17771
2026-09-22T08:49:40.0290697Z YOSYS OK  KL_pp_tx_arbiter
2026-09-22T08:49:40.3609958Z Warning: Replacing memory \tpend_deadline_r with list of registers. See all.v:3452
2026-09-22T08:49:40.3611039Z Warning: Replacing memory \adv_st_r with list of registers. See all.v:3450
2026-09-22T08:49:40.8070929Z Warning: Replacing memory \lost_cnt_r with list of registers. See all.v:11228
2026-09-22T08:49:40.8071955Z Warning: Replacing memory \payload_r with list of registers. See all.v:11227
2026-09-22T08:49:41.0022337Z Warning: Replacing memory \age_r with list of registers. See all.v:13768
2026-09-22T08:49:41.3828550Z Warning: Replacing memory \tf_cnt_r with list of registers. See all.v:17838
2026-09-22T08:49:41.3829088Z Warning: Replacing memory \tf_q_r with list of registers. See all.v:17776
2026-09-22T08:49:41.3829808Z Warning: Replacing memory \tf_wptr_r with list of registers. See all.v:17834, all.v:17771
2026-09-22T08:49:41.6688496Z YOSYS OK  KL_pp_trace_ring
2026-09-22T08:49:42.0012428Z Warning: Replacing memory \tpend_deadline_r with list of registers. See all.v:3452
2026-09-22T08:49:42.0013460Z Warning: Replacing memory \adv_st_r with list of registers. See all.v:3450
2026-09-22T08:49:42.4468540Z Warning: Replacing memory \lost_cnt_r with list of registers. See all.v:11228
2026-09-22T08:49:42.4469617Z Warning: Replacing memory \payload_r with list of registers. See all.v:11227
2026-09-22T08:49:42.6416141Z Warning: Replacing memory \age_r with list of registers. See all.v:13768
2026-09-22T08:49:43.0221849Z Warning: Replacing memory \tf_cnt_r with list of registers. See all.v:17838
2026-09-22T08:49:43.0222834Z Warning: Replacing memory \tf_q_r with list of registers. See all.v:17776
2026-09-22T08:49:43.0223848Z Warning: Replacing memory \tf_wptr_r with list of registers. See all.v:17834, all.v:17771
2026-09-22T08:49:43.3052901Z YOSYS OK  KL_pp_side_port
2026-09-22T08:49:43.6365865Z Warning: Replacing memory \tpend_deadline_r with list of registers. See all.v:3452
2026-09-22T08:49:43.6367105Z Warning: Replacing memory \adv_st_r with list of registers. See all.v:3450
2026-09-22T08:49:44.0847235Z Warning: Replacing memory \lost_cnt_r with list of registers. See all.v:11228
2026-09-22T08:49:44.0848229Z Warning: Replacing memory \payload_r with list of registers. See all.v:11227
2026-09-22T08:49:44.2772791Z Warning: Replacing memory \age_r with list of registers. See all.v:13768
2026-09-22T08:49:44.6581019Z Warning: Replacing memory \tf_cnt_r with list of registers. See all.v:17838
2026-09-22T08:49:44.6581848Z Warning: Replacing memory \tf_q_r with list of registers. See all.v:17776
2026-09-22T08:49:44.6582873Z Warning: Replacing memory \tf_wptr_r with list of registers. See all.v:17834, all.v:17771
2026-09-22T08:49:44.9558286Z YOSYS OK  KL_pp_nvm_port
2026-09-22T08:49:45.2890024Z Warning: Replacing memory \tpend_deadline_r with list of registers. See all.v:3452
2026-09-22T08:49:45.2891065Z Warning: Replacing memory \adv_st_r with list of registers. See all.v:3450
2026-09-22T08:49:45.7392053Z Warning: Replacing memory \lost_cnt_r with list of registers. See all.v:11228
2026-09-22T08:49:45.7393190Z Warning: Replacing memory \payload_r with list of registers. See all.v:11227
2026-09-22T08:49:45.9334494Z Warning: Replacing memory \age_r with list of registers. See all.v:13768
2026-09-22T08:49:46.3133093Z Warning: Replacing memory \tf_cnt_r with list of registers. See all.v:17838
2026-09-22T08:49:46.3133676Z Warning: Replacing memory \tf_q_r with list of registers. See all.v:17776
2026-09-22T08:49:46.3134216Z Warning: Replacing memory \tf_wptr_r with list of registers. See all.v:17834, all.v:17771
2026-09-22T08:49:47.9723597Z YOSYS OK  KL_adp_engine
2026-09-22T08:49:48.3060194Z Warning: Replacing memory \tpend_deadline_r with list of registers. See all.v:3452
2026-09-22T08:49:48.3061115Z Warning: Replacing memory \adv_st_r with list of registers. See all.v:3450
2026-09-22T08:49:48.7518005Z Warning: Replacing memory \lost_cnt_r with list of registers. See all.v:11228
2026-09-22T08:49:48.7518865Z Warning: Replacing memory \payload_r with list of registers. See all.v:11227
2026-09-22T08:49:48.9450016Z Warning: Replacing memory \age_r with list of registers. See all.v:13768
2026-09-22T08:49:49.3229918Z Warning: Replacing memory \tf_cnt_r with list of registers. See all.v:17838
2026-09-22T08:49:49.3231037Z Warning: Replacing memory \tf_q_r with list of registers. See all.v:17776
2026-09-22T08:49:49.3231890Z Warning: Replacing memory \tf_wptr_r with list of registers. See all.v:17834, all.v:17771
2026-09-22T08:49:50.2799230Z YOSYS OK  KL_pp_acmp_listener
2026-09-22T08:49:50.6130286Z Warning: Replacing memory \tpend_deadline_r with list of registers. See all.v:3452
2026-09-22T08:49:50.6131121Z Warning: Replacing memory \adv_st_r with list of registers. See all.v:3450
2026-09-22T08:49:51.0593997Z Warning: Replacing memory \lost_cnt_r with list of registers. See all.v:11228
2026-09-22T08:49:51.0595172Z Warning: Replacing memory \payload_r with list of registers. See all.v:11227
2026-09-22T08:49:51.2525387Z Warning: Replacing memory \age_r with list of registers. See all.v:13768
2026-09-22T08:49:51.6330415Z Warning: Replacing memory \tf_cnt_r with list of registers. See all.v:17838
2026-09-22T08:49:51.6331107Z Warning: Replacing memory \tf_q_r with list of registers. See all.v:17776
2026-09-22T08:49:51.6332118Z Warning: Replacing memory \tf_wptr_r with list of registers. See all.v:17834, all.v:17771
2026-09-22T08:49:52.3465717Z YOSYS OK  KL_acmp_talker
2026-09-22T08:49:52.6791534Z Warning: Replacing memory \tpend_deadline_r with list of registers. See all.v:3452
2026-09-22T08:49:52.6792565Z Warning: Replacing memory \adv_st_r with list of registers. See all.v:3450
2026-09-22T08:49:53.1240092Z Warning: Replacing memory \lost_cnt_r with list of registers. See all.v:11228
2026-09-22T08:49:53.1241296Z Warning: Replacing memory \payload_r with list of registers. See all.v:11227
2026-09-22T08:49:53.3163471Z Warning: Replacing memory \age_r with list of registers. See all.v:13768
2026-09-22T08:49:53.6941173Z Warning: Replacing memory \tf_cnt_r with list of registers. See all.v:17838
2026-09-22T08:49:53.6942074Z Warning: Replacing memory \tf_q_r with list of registers. See all.v:17776
2026-09-22T08:49:53.6943633Z Warning: Replacing memory \tf_wptr_r with list of registers. See all.v:17834, all.v:17771
2026-09-22T08:49:54.1379937Z YOSYS OK  KL_pp_maap
2026-09-22T08:49:54.4663912Z Warning: Replacing memory \tpend_deadline_r with list of registers. See all.v:3452
2026-09-22T08:49:54.4664614Z Warning: Replacing memory \adv_st_r with list of registers. See all.v:3450
2026-09-22T08:49:54.9079528Z Warning: Replacing memory \lost_cnt_r with list of registers. See all.v:11228
2026-09-22T08:49:54.9080217Z Warning: Replacing memory \payload_r with list of registers. See all.v:11227
2026-09-22T08:49:55.1035990Z Warning: Replacing memory \age_r with list of registers. See all.v:13768
2026-09-22T08:49:55.4833225Z Warning: Replacing memory \tf_cnt_r with list of registers. See all.v:17838
2026-09-22T08:49:55.4834077Z Warning: Replacing memory \tf_q_r with list of registers. See all.v:17776
2026-09-22T08:49:55.4834651Z Warning: Replacing memory \tf_wptr_r with list of registers. See all.v:17834, all.v:17771
2026-09-22T08:49:55.8120090Z YOSYS OK  KL_srp_decoder
2026-09-22T08:49:56.1531934Z Warning: Replacing memory \tpend_deadline_r with list of registers. See all.v:3452
2026-09-22T08:49:56.1533038Z Warning: Replacing memory \adv_st_r with list of registers. See all.v:3450
2026-09-22T08:49:56.6188726Z Warning: Replacing memory \lost_cnt_r with list of registers. See all.v:11228
2026-09-22T08:49:56.6189880Z Warning: Replacing memory \payload_r with list of registers. See all.v:11227
2026-09-22T08:49:56.8103113Z Warning: Replacing memory \age_r with list of registers. See all.v:13768
2026-09-22T08:49:57.1872247Z Warning: Replacing memory \tf_cnt_r with list of registers. See all.v:17838
2026-09-22T08:49:57.1873174Z Warning: Replacing memory \tf_q_r with list of registers. See all.v:17776
2026-09-22T08:49:57.1874206Z Warning: Replacing memory \tf_wptr_r with list of registers. See all.v:17834, all.v:17771
2026-09-22T08:49:57.6781861Z YOSYS OK  KL_srp_encoder
2026-09-22T08:49:58.0055379Z Warning: Replacing memory \tpend_deadline_r with list of registers. See all.v:3452
2026-09-22T08:49:58.0056083Z Warning: Replacing memory \adv_st_r with list of registers. See all.v:3450
2026-09-22T08:49:58.4467149Z Warning: Replacing memory \lost_cnt_r with list of registers. See all.v:11228
2026-09-22T08:49:58.4467990Z Warning: Replacing memory \payload_r with list of registers. See all.v:11227
2026-09-22T08:49:58.6374595Z Warning: Replacing memory \age_r with list of registers. See all.v:13768
2026-09-22T08:49:59.0213693Z Warning: Replacing memory \tf_cnt_r with list of registers. See all.v:17838
2026-09-22T08:49:59.0214815Z Warning: Replacing memory \tf_q_r with list of registers. See all.v:17776
2026-09-22T08:49:59.0215701Z Warning: Replacing memory \tf_wptr_r with list of registers. See all.v:17834, all.v:17771
2026-09-22T08:49:59.3093169Z YOSYS OK  KL_srp_domain
2026-09-22T08:49:59.6500535Z Warning: Replacing memory \tpend_deadline_r with list of registers. See all.v:3452
2026-09-22T08:49:59.6501263Z Warning: Replacing memory \adv_st_r with list of registers. See all.v:3450
2026-09-22T08:50:00.0942549Z Warning: Replacing memory \lost_cnt_r with list of registers. See all.v:11228
2026-09-22T08:50:00.0943128Z Warning: Replacing memory \payload_r with list of registers. See all.v:11227
2026-09-22T08:50:00.2870721Z Warning: Replacing memory \age_r with list of registers. See all.v:13768
2026-09-22T08:50:00.6691753Z Warning: Replacing memory \tf_cnt_r with list of registers. See all.v:17838
2026-09-22T08:50:00.6692640Z Warning: Replacing memory \tf_q_r with list of registers. See all.v:17776
2026-09-22T08:50:00.6693169Z Warning: Replacing memory \tf_wptr_r with list of registers. See all.v:17834, all.v:17771
2026-09-22T08:50:00.9659922Z YOSYS OK  KL_srp_vlan
2026-09-22T08:50:01.2977459Z Warning: Replacing memory \tpend_deadline_r with list of registers. See all.v:3452
2026-09-22T08:50:01.2978341Z Warning: Replacing memory \adv_st_r with list of registers. See all.v:3450
2026-09-22T08:50:01.7425384Z Warning: Replacing memory \lost_cnt_r with list of registers. See all.v:11228
2026-09-22T08:50:01.7426122Z Warning: Replacing memory \payload_r with list of registers. See all.v:11227
2026-09-22T08:50:01.9363660Z Warning: Replacing memory \age_r with list of registers. See all.v:13768
2026-09-22T08:50:02.3195727Z Warning: Replacing memory \tf_cnt_r with list of registers. See all.v:17838
2026-09-22T08:50:02.3196562Z Warning: Replacing memory \tf_q_r with list of registers. See all.v:17776
2026-09-22T08:50:02.3197358Z Warning: Replacing memory \tf_wptr_r with list of registers. See all.v:17834, all.v:17771
2026-09-22T08:50:03.5076043Z YOSYS OK  KL_srp_talker_fsm
2026-09-22T08:50:03.8422477Z Warning: Replacing memory \tpend_deadline_r with list of registers. See all.v:3452
2026-09-22T08:50:03.8423338Z Warning: Replacing memory \adv_st_r with list of registers. See all.v:3450
2026-09-22T08:50:04.2953510Z Warning: Replacing memory \lost_cnt_r with list of registers. See all.v:11228
2026-09-22T08:50:04.2954410Z Warning: Replacing memory \payload_r with list of registers. See all.v:11227
2026-09-22T08:50:04.4905012Z Warning: Replacing memory \age_r with list of registers. See all.v:13768
2026-09-22T08:50:04.8713356Z Warning: Replacing memory \tf_cnt_r with list of registers. See all.v:17838
2026-09-22T08:50:04.8714112Z Warning: Replacing memory \tf_q_r with list of registers. See all.v:17776
2026-09-22T08:50:04.8714649Z Warning: Replacing memory \tf_wptr_r with list of registers. See all.v:17834, all.v:17771
2026-09-22T08:50:05.8105578Z YOSYS OK  KL_srp_listener_fsm
2026-09-22T08:50:06.1404813Z Warning: Replacing memory \tpend_deadline_r with list of registers. See all.v:3452
2026-09-22T08:50:06.1406100Z Warning: Replacing memory \adv_st_r with list of registers. See all.v:3450
2026-09-22T08:50:06.5884404Z Warning: Replacing memory \lost_cnt_r with list of registers. See all.v:11228
2026-09-22T08:50:06.5885680Z Warning: Replacing memory \payload_r with list of registers. See all.v:11227
2026-09-22T08:50:06.7816858Z Warning: Replacing memory \age_r with list of registers. See all.v:13768
2026-09-22T08:50:07.1615444Z Warning: Replacing memory \tf_cnt_r with list of registers. See all.v:17838
2026-09-22T08:50:07.1616282Z Warning: Replacing memory \tf_q_r with list of registers. See all.v:17776
2026-09-22T08:50:07.1617218Z Warning: Replacing memory \tf_wptr_r with list of registers. See all.v:17834, all.v:17771
2026-09-22T08:50:41.2158779Z Warning: Resizing cell port KL_aecp_engine.amap_stage_r.0.0.ADDRARDADDR from 17 bits to 16 bits.
2026-09-22T08:50:41.2162322Z Warning: Resizing cell port KL_aecp_engine.amap_stage_r.0.0.ADDRBWRADDR from 17 bits to 16 bits.
2026-09-22T08:50:41.2163368Z Warning: Resizing cell port KL_aecp_engine.u_store.line_r.0.0.ADDRARDADDR from 17 bits to 16 bits.
2026-09-22T08:50:41.2164188Z Warning: Resizing cell port KL_aecp_engine.u_store.line_r.0.0.ADDRBWRADDR from 17 bits to 16 bits.
2026-09-22T08:50:41.2164943Z Warning: Resizing cell port KL_aecp_engine.u_store.name_r.0.0.ADDRARDADDR from 17 bits to 16 bits.
2026-09-22T08:50:41.2165673Z Warning: Resizing cell port KL_aecp_engine.u_store.name_r.0.0.ADDRBWRADDR from 17 bits to 16 bits.
2026-09-22T08:50:41.2166396Z Warning: Resizing cell port KL_aecp_engine.u_ucpu.rom_r.0.0.DOADO from 64 bits to 32 bits.
2026-09-22T08:50:41.2167176Z Warning: Resizing cell port KL_aecp_engine.u_ucpu.rom_r.0.0.DOBDO from 64 bits to 32 bits.
2026-09-22T08:50:41.2168092Z Warning: Resizing cell port KL_aecp_engine.u_ucpu.rom_r.0.0.DOPADOP from 8 bits to 4 bits.
2026-09-22T08:50:41.2168869Z Warning: Resizing cell port KL_aecp_engine.u_ucpu.rom_r.0.0.DOPBDOP from 8 bits to 4 bits.
2026-09-22T08:50:41.2170097Z Warning: Resizing cell port KL_aecp_engine.u_ucpu.rom_r.0.1.DOADO from 64 bits to 32 bits.
2026-09-22T08:50:41.2171246Z Warning: Resizing cell port KL_aecp_engine.u_ucpu.rom_r.0.1.DOBDO from 64 bits to 32 bits.
2026-09-22T08:50:41.2172478Z Warning: Resizing cell port KL_aecp_engine.u_ucpu.rom_r.0.1.DOPADOP from 8 bits to 4 bits.
2026-09-22T08:50:41.2173313Z Warning: Resizing cell port KL_aecp_engine.u_ucpu.rom_r.0.1.DOPBDOP from 8 bits to 4 bits.
2026-09-22T08:50:41.2174110Z Warning: Resizing cell port KL_aecp_engine.u_ucpu.rom_r.0.2.DOADO from 64 bits to 32 bits.
2026-09-22T08:50:41.2174930Z Warning: Resizing cell port KL_aecp_engine.u_ucpu.rom_r.0.2.DOBDO from 64 bits to 32 bits.
2026-09-22T08:50:41.2175695Z Warning: Resizing cell port KL_aecp_engine.u_ucpu.rom_r.0.2.DOPADOP from 8 bits to 4 bits.
2026-09-22T08:50:41.2176521Z Warning: Resizing cell port KL_aecp_engine.u_ucpu.rom_r.0.2.DOPBDOP from 8 bits to 4 bits.
2026-09-22T08:50:41.4255598Z YOSYS XILINX OK  KL_aecp_engine
2026-09-22T08:50:41.4373226Z Node 20 is being deprecated. This workflow is running with Node 24 by default. If you need to temporarily use Node 20, you can set the ACTIONS_ALLOW_USE_UNSECURE_NODE_VERSION=true environment variable. For more information see: https://github.blog/changelog/2025-09-19-deprecation-of-node-20-on-github-actions-runners/
2026-09-22T08:50:41.4374776Z Post job cleanup.
2026-09-22T08:50:41.5096793Z [command]/usr/bin/git version
2026-09-22T08:50:41.5129296Z git version 2.55.0
2026-09-22T08:50:41.5156762Z Temporarily overriding HOME='/home/runner/work/_temp/2c007751-3171-4946-b015-e76799abdd74' before making global git config changes
2026-09-22T08:50:41.5158049Z Adding repository directory to the temporary git global config as a safe directory
2026-09-22T08:50:41.5161642Z [command]/usr/bin/git config --global --add safe.directory /home/runner/work/protocol-processor-control-plane-avb-milan/protocol-processor-control-plane-avb-milan
2026-09-22T08:50:41.5194226Z [command]/usr/bin/git config --local --name-only --get-regexp core\.sshCommand
2026-09-22T08:50:41.5222020Z [command]/usr/bin/git submodule foreach --recursive sh -c "git config --local --name-only --get-regexp 'core\.sshCommand' && git config --local --unset-all 'core.sshCommand' || :"
2026-09-22T08:50:41.5400429Z [command]/usr/bin/git config --local --name-only --get-regexp http\.https\:\/\/github\.com\/\.extraheader
2026-09-22T08:50:41.5418928Z http.https://github.com/.extraheader
2026-09-22T08:50:41.5427597Z [command]/usr/bin/git config --local --unset-all http.https://github.com/.extraheader
2026-09-22T08:50:41.5452451Z [command]/usr/bin/git submodule foreach --recursive sh -c "git config --local --name-only --get-regexp 'http\.https\:\/\/github\.com\/\.extraheader' && git config --local --unset-all 'http.https://github.com/.extraheader' || :"
2026-09-22T08:50:41.5647595Z [command]/usr/bin/git config --local --name-only --get-regexp ^includeIf\.gitdir:
2026-09-22T08:50:41.5674111Z [command]/usr/bin/git submodule foreach --recursive git config --local --show-origin --name-only --get-regexp remote.origin.url
2026-09-22T08:50:41.6000434Z Cleaning up orphan processes
2026-09-22T08:50:41.6211800Z ##[warning]Node.js 20 is deprecated. The following actions target Node.js 20 but are being forced to run on Node.js 24: actions/checkout@v4. For more information see: https://github.blog/changelog/2025-09-19-deprecation-of-node-20-on-github-actions-runners/
