%Warning-PINCONNECTEMPTY: pp_top_wrap.sv:392:8: Instance pin connected by name with empty reference: 'aecp_cur_config_o'
  392 |       .aecp_cur_config_o     (),
      |        ^~~~~~~~~~~~~~~~~
                          ... For warning description see https://verilator.org/warn/PINCONNECTEMPTY?v=5.052
                          ... Use "/* verilator lint_off PINCONNECTEMPTY */" and lint_on around source to disable this message.
%Warning-PINCONNECTEMPTY: pp_top_wrap.sv:393:8: Instance pin connected by name with empty reference: 'aecp_identify_o'
  393 |       .aecp_identify_o       (),
      |        ^~~~~~~~~~~~~~~
%Warning-PINCONNECTEMPTY: pp_top_wrap.sv:394:8: Instance pin connected by name with empty reference: 'aecp_clk_src_index_o'
  394 |       .aecp_clk_src_index_o  (),
      |        ^~~~~~~~~~~~~~~~~~~~
%Warning-PINCONNECTEMPTY: pp_top_wrap.sv:402:8: Instance pin connected by name with empty reference: 'aecp_dyn_dirty_o'
  402 |       .aecp_dyn_dirty_o      (),
      |        ^~~~~~~~~~~~~~~~
%Warning-PINMISSING: pp_top_wrap.sv:346:5: Instance has missing pin: 'srp_tk_decl_state_o'
  346 |   ) u_dut (
      |     ^~~~~
                     ../../hdl/top/protocol_processor_top.sv:496:42: ... Location of port declaration
  496 |     output logic [N_STREAM_OUT_P*2-1:0]  srp_tk_decl_state_o,      
      |                                          ^~~~~~~~~~~~~~~~~~~
                     ... For warning description see https://verilator.org/warn/PINMISSING?v=5.052
                     ... Use "/* verilator lint_off PINMISSING */" and lint_on around source to disable this message.
%Warning-PINMISSING: pp_top_wrap.sv:346:5: Instance has missing pin: 'srp_lstn_reg_state_o'
  346 |   ) u_dut (
      |     ^~~~~
                     ../../hdl/top/protocol_processor_top.sv:497:42: ... Location of port declaration
  497 |     output logic [N_STREAM_OUT_P*2-1:0]  srp_lstn_reg_state_o,     
      |                                          ^~~~~~~~~~~~~~~~~~~~
%Warning-PINMISSING: pp_top_wrap.sv:346:5: Instance has missing pin: 'srp_active_o'
  346 |   ) u_dut (
      |     ^~~~~
                     ../../hdl/top/protocol_processor_top.sv:501:42: ... Location of port declaration
  501 |     output logic [N_STREAM_OUT_P-1:0]    srp_active_o,
      |                                          ^~~~~~~~~~~~
%Warning-PINMISSING: pp_top_wrap.sv:346:5: Instance has missing pin: 'srp_sr_admitted_o'
  346 |   ) u_dut (
      |     ^~~~~
                     ../../hdl/top/protocol_processor_top.sv:506:42: ... Location of port declaration
  506 |     output logic [N_STREAM_OUT_P-1:0]    srp_sr_admitted_o,
      |                                          ^~~~~~~~~~~~~~~~~
%Warning-PINMISSING: pp_top_wrap.sv:346:5: Instance has missing pin: 'srp_granted_slope_bps_o'
  346 |   ) u_dut (
      |     ^~~~~
                     ../../hdl/top/protocol_processor_top.sv:507:42: ... Location of port declaration
  507 |     output logic [N_STREAM_OUT_P*32-1:0] srp_granted_slope_bps_o,  
      |                                          ^~~~~~~~~~~~~~~~~~~~~~~
%Warning-PINMISSING: pp_top_wrap.sv:346:5: Instance has missing pin: 'srp_src_fail_code_o'
  346 |   ) u_dut (
      |     ^~~~~
                     ../../hdl/top/protocol_processor_top.sv:508:42: ... Location of port declaration
  508 |     output logic [N_STREAM_OUT_P*8-1:0]  srp_src_fail_code_o,      
      |                                          ^~~~~~~~~~~~~~~~~~~
%Warning-PINMISSING: pp_top_wrap.sv:346:5: Instance has missing pin: 'srp_src_fail_bridge_o'
  346 |   ) u_dut (
      |     ^~~~~
                     ../../hdl/top/protocol_processor_top.sv:509:42: ... Location of port declaration
  509 |     output logic [N_STREAM_OUT_P*64-1:0] srp_src_fail_bridge_o,    
      |                                          ^~~~~~~~~~~~~~~~~~~~~
%Warning-PINMISSING: pp_top_wrap.sv:346:5: Instance has missing pin: 'srp_sum_slope_bps_o'
  346 |   ) u_dut (
      |     ^~~~~
                     ../../hdl/top/protocol_processor_top.sv:510:42: ... Location of port declaration
  510 |     output logic [31:0]                  srp_sum_slope_bps_o,      
      |                                          ^~~~~~~~~~~~~~~~~~~
%Warning-PINMISSING: pp_top_wrap.sv:346:5: Instance has missing pin: 'srp_over_limit_o'
  346 |   ) u_dut (
      |     ^~~~~
                     ../../hdl/top/protocol_processor_top.sv:511:42: ... Location of port declaration
  511 |     output logic                         srp_over_limit_o,         
      |                                          ^~~~~~~~~~~~~~~~
%Warning-PINMISSING: pp_top_wrap.sv:346:5: Instance has missing pin: 'srp_tk_reg_state_o'
  346 |   ) u_dut (
      |     ^~~~~
                     ../../hdl/top/protocol_processor_top.sv:512:42: ... Location of port declaration
  512 |     output logic [N_STREAM_IN_P*2-1:0]   srp_tk_reg_state_o,       
      |                                          ^~~~~~~~~~~~~~~~~~
%Warning-PINMISSING: pp_top_wrap.sv:346:5: Instance has missing pin: 'srp_lstn_decl_state_o'
  346 |   ) u_dut (
      |     ^~~~~
                     ../../hdl/top/protocol_processor_top.sv:513:42: ... Location of port declaration
  513 |     output logic [N_STREAM_IN_P*2-1:0]   srp_lstn_decl_state_o,    
      |                                          ^~~~~~~~~~~~~~~~~~~~~
%Warning-PINMISSING: pp_top_wrap.sv:346:5: Instance has missing pin: 'srp_acc_latency_o'
  346 |   ) u_dut (
      |     ^~~~~
                     ../../hdl/top/protocol_processor_top.sv:514:42: ... Location of port declaration
  514 |     output logic [N_STREAM_IN_P*32-1:0]  srp_acc_latency_o,        
      |                                          ^~~~~~~~~~~~~~~~~
%Warning-PINMISSING: pp_top_wrap.sv:346:5: Instance has missing pin: 'srp_snk_fail_code_o'
  346 |   ) u_dut (
      |     ^~~~~
                     ../../hdl/top/protocol_processor_top.sv:515:42: ... Location of port declaration
  515 |     output logic [N_STREAM_IN_P*8-1:0]   srp_snk_fail_code_o,      
      |                                          ^~~~~~~~~~~~~~~~~~~
%Warning-PINMISSING: pp_top_wrap.sv:346:5: Instance has missing pin: 'acmp_bound_o'
  346 |   ) u_dut (
      |     ^~~~~
                     ../../hdl/top/protocol_processor_top.sv:527:42: ... Location of port declaration
  527 |     output logic [N_STREAM_IN_P-1:0]     acmp_bound_o,
      |                                          ^~~~~~~~~~~~
%Warning-PINMISSING: pp_top_wrap.sv:346:5: Instance has missing pin: 'acmp_bound_eid_o'
  346 |   ) u_dut (
      |     ^~~~~
                     ../../hdl/top/protocol_processor_top.sv:528:42: ... Location of port declaration
  528 |     output logic [N_STREAM_IN_P*64-1:0]  acmp_bound_eid_o,         
      |                                          ^~~~~~~~~~~~~~~~
%Warning-PINMISSING: pp_top_wrap.sv:346:5: Instance has missing pin: 'acmp_bound_sid_o'
  346 |   ) u_dut (
      |     ^~~~~
                     ../../hdl/top/protocol_processor_top.sv:534:42: ... Location of port declaration
  534 |     output logic [N_STREAM_IN_P*64-1:0]  acmp_bound_sid_o,         
      |                                          ^~~~~~~~~~~~~~~~
%Warning-PINMISSING: pp_top_wrap.sv:346:5: Instance has missing pin: 'acmp_bound_dmac_o'
  346 |   ) u_dut (
      |     ^~~~~
                     ../../hdl/top/protocol_processor_top.sv:535:42: ... Location of port declaration
  535 |     output logic [N_STREAM_IN_P*48-1:0]  acmp_bound_dmac_o,        
      |                                          ^~~~~~~~~~~~~~~~~
%Warning-PINMISSING: pp_top_wrap.sv:346:5: Instance has missing pin: 'acmp_bound_vlan_o'
  346 |   ) u_dut (
      |     ^~~~~
                     ../../hdl/top/protocol_processor_top.sv:536:42: ... Location of port declaration
  536 |     output logic [N_STREAM_IN_P*12-1:0]  acmp_bound_vlan_o,        
      |                                          ^~~~~~~~~~~~~~~~~
%Warning-PINMISSING: pp_top_wrap.sv:346:5: Instance has missing pin: 'adp_next_avail_index_o'
  346 |   ) u_dut (
      |     ^~~~~
                     ../../hdl/top/protocol_processor_top.sv:544:42: ... Location of port declaration
  544 |     output logic [31:0]                  adp_next_avail_index_o,   
      |                                          ^~~~~~~~~~~~~~~~~~~~~~
make: Entering directory '/tmp/r223-96-r1/mut/R29_top_default_3/tb/pp_top/obj_vid'
g++  -I.  -MMD -I/usr/share/verilator/include -I/usr/share/verilator/include/vltstd -DVERILATOR=1 -DVM_COVERAGE=0 -DVM_SC=0 -DVM_TIMING=0 -DVM_TRACE=0 -DVM_TRACE_FST=0 -DVM_TRACE_VCD=0 -DVM_TRACE_SAIF=0 -DVM_VPI=0 -faligned-new -fcf-protection=none -Wno-bool-operation -Wno-int-in-bool-context -Wno-shadow -Wno-sign-compare -Wno-subobject-linkage -Wno-tautological-compare -Wno-uninitialized -Wno-unused-but-set-parameter -Wno-unused-but-set-variable -Wno-unused-parameter -Wno-unused-variable    -std=c++17 -O2 -I/tmp/r223-96-r1/mut/R29_top_default_3/tb/pp_top -Wall -Wextra -DPP_TOP_SRP_DOM_DEF_VID=0x5A3C   -Os  -c -o sim_main.o ../sim_main.cpp
g++ -Os  -I.  -MMD -I/usr/share/verilator/include -I/usr/share/verilator/include/vltstd -DVERILATOR=1 -DVM_COVERAGE=0 -DVM_SC=0 -DVM_TIMING=0 -DVM_TRACE=0 -DVM_TRACE_FST=0 -DVM_TRACE_VCD=0 -DVM_TRACE_SAIF=0 -DVM_VPI=0 -faligned-new -fcf-protection=none -Wno-bool-operation -Wno-int-in-bool-context -Wno-shadow -Wno-sign-compare -Wno-subobject-linkage -Wno-tautological-compare -Wno-uninitialized -Wno-unused-but-set-parameter -Wno-unused-but-set-variable -Wno-unused-parameter -Wno-unused-variable    -std=c++17 -O2 -I/tmp/r223-96-r1/mut/R29_top_default_3/tb/pp_top -Wall -Wextra -DPP_TOP_SRP_DOM_DEF_VID=0x5A3C   -c -o verilated.o /usr/share/verilator/include/verilated.cpp
g++ -Os  -I.  -MMD -I/usr/share/verilator/include -I/usr/share/verilator/include/vltstd -DVERILATOR=1 -DVM_COVERAGE=0 -DVM_SC=0 -DVM_TIMING=0 -DVM_TRACE=0 -DVM_TRACE_FST=0 -DVM_TRACE_VCD=0 -DVM_TRACE_SAIF=0 -DVM_VPI=0 -faligned-new -fcf-protection=none -Wno-bool-operation -Wno-int-in-bool-context -Wno-shadow -Wno-sign-compare -Wno-subobject-linkage -Wno-tautological-compare -Wno-uninitialized -Wno-unused-but-set-parameter -Wno-unused-but-set-variable -Wno-unused-parameter -Wno-unused-variable    -std=c++17 -O2 -I/tmp/r223-96-r1/mut/R29_top_default_3/tb/pp_top -Wall -Wextra -DPP_TOP_SRP_DOM_DEF_VID=0x5A3C   -c -o verilated_dpi.o /usr/share/verilator/include/verilated_dpi.cpp
g++ -Os  -I.  -MMD -I/usr/share/verilator/include -I/usr/share/verilator/include/vltstd -DVERILATOR=1 -DVM_COVERAGE=0 -DVM_SC=0 -DVM_TIMING=0 -DVM_TRACE=0 -DVM_TRACE_FST=0 -DVM_TRACE_VCD=0 -DVM_TRACE_SAIF=0 -DVM_VPI=0 -faligned-new -fcf-protection=none -Wno-bool-operation -Wno-int-in-bool-context -Wno-shadow -Wno-sign-compare -Wno-subobject-linkage -Wno-tautological-compare -Wno-uninitialized -Wno-unused-but-set-parameter -Wno-unused-but-set-variable -Wno-unused-parameter -Wno-unused-variable    -std=c++17 -O2 -I/tmp/r223-96-r1/mut/R29_top_default_3/tb/pp_top -Wall -Wextra -DPP_TOP_SRP_DOM_DEF_VID=0x5A3C   -c -o verilated_threads.o /usr/share/verilator/include/verilated_threads.cpp
g++ -Os  -I.  -MMD -I/usr/share/verilator/include -I/usr/share/verilator/include/vltstd -DVERILATOR=1 -DVM_COVERAGE=0 -DVM_SC=0 -DVM_TIMING=0 -DVM_TRACE=0 -DVM_TRACE_FST=0 -DVM_TRACE_VCD=0 -DVM_TRACE_SAIF=0 -DVM_VPI=0 -faligned-new -fcf-protection=none -Wno-bool-operation -Wno-int-in-bool-context -Wno-shadow -Wno-sign-compare -Wno-subobject-linkage -Wno-tautological-compare -Wno-uninitialized -Wno-unused-but-set-parameter -Wno-unused-but-set-variable -Wno-unused-parameter -Wno-unused-variable    -std=c++17 -O2 -I/tmp/r223-96-r1/mut/R29_top_default_3/tb/pp_top -Wall -Wextra -DPP_TOP_SRP_DOM_DEF_VID=0x5A3C   -c -x c++-header Vpp_top_wrap__pch.h -o Vpp_top_wrap__pch.h.fast.gch
g++   -I.  -MMD -I/usr/share/verilator/include -I/usr/share/verilator/include/vltstd -DVERILATOR=1 -DVM_COVERAGE=0 -DVM_SC=0 -DVM_TIMING=0 -DVM_TRACE=0 -DVM_TRACE_FST=0 -DVM_TRACE_VCD=0 -DVM_TRACE_SAIF=0 -DVM_VPI=0 -faligned-new -fcf-protection=none -Wno-bool-operation -Wno-int-in-bool-context -Wno-shadow -Wno-sign-compare -Wno-subobject-linkage -Wno-tautological-compare -Wno-uninitialized -Wno-unused-but-set-parameter -Wno-unused-but-set-variable -Wno-unused-parameter -Wno-unused-variable    -std=c++17 -O2 -I/tmp/r223-96-r1/mut/R29_top_default_3/tb/pp_top -Wall -Wextra -DPP_TOP_SRP_DOM_DEF_VID=0x5A3C   -c -x c++-header Vpp_top_wrap__pch.h -o Vpp_top_wrap__pch.h.slow.gch
g++   -I.  -MMD -I/usr/share/verilator/include -I/usr/share/verilator/include/vltstd -DVERILATOR=1 -DVM_COVERAGE=0 -DVM_SC=0 -DVM_TIMING=0 -DVM_TRACE=0 -DVM_TRACE_FST=0 -DVM_TRACE_VCD=0 -DVM_TRACE_SAIF=0 -DVM_VPI=0 -faligned-new -fcf-protection=none -Wno-bool-operation -Wno-int-in-bool-context -Wno-shadow -Wno-sign-compare -Wno-subobject-linkage -Wno-tautological-compare -Wno-uninitialized -Wno-unused-but-set-parameter -Wno-unused-but-set-variable -Wno-unused-parameter -Wno-unused-variable    -std=c++17 -O2 -I/tmp/r223-96-r1/mut/R29_top_default_3/tb/pp_top -Wall -Wextra -DPP_TOP_SRP_DOM_DEF_VID=0x5A3C   -include Vpp_top_wrap__pch.h.slow -c Vpp_top_wrap__ConstPool__0__Slow.cpp
g++   -I.  -MMD -I/usr/share/verilator/include -I/usr/share/verilator/include/vltstd -DVERILATOR=1 -DVM_COVERAGE=0 -DVM_SC=0 -DVM_TIMING=0 -DVM_TRACE=0 -DVM_TRACE_FST=0 -DVM_TRACE_VCD=0 -DVM_TRACE_SAIF=0 -DVM_VPI=0 -faligned-new -fcf-protection=none -Wno-bool-operation -Wno-int-in-bool-context -Wno-shadow -Wno-sign-compare -Wno-subobject-linkage -Wno-tautological-compare -Wno-uninitialized -Wno-unused-but-set-parameter -Wno-unused-but-set-variable -Wno-unused-parameter -Wno-unused-variable    -std=c++17 -O2 -I/tmp/r223-96-r1/mut/R29_top_default_3/tb/pp_top -Wall -Wextra -DPP_TOP_SRP_DOM_DEF_VID=0x5A3C   -include Vpp_top_wrap__pch.h.slow -c Vpp_top_wrap___024root__Slow.cpp
g++   -I.  -MMD -I/usr/share/verilator/include -I/usr/share/verilator/include/vltstd -DVERILATOR=1 -DVM_COVERAGE=0 -DVM_SC=0 -DVM_TIMING=0 -DVM_TRACE=0 -DVM_TRACE_FST=0 -DVM_TRACE_VCD=0 -DVM_TRACE_SAIF=0 -DVM_VPI=0 -faligned-new -fcf-protection=none -Wno-bool-operation -Wno-int-in-bool-context -Wno-shadow -Wno-sign-compare -Wno-subobject-linkage -Wno-tautological-compare -Wno-uninitialized -Wno-unused-but-set-parameter -Wno-unused-but-set-variable -Wno-unused-parameter -Wno-unused-variable    -std=c++17 -O2 -I/tmp/r223-96-r1/mut/R29_top_default_3/tb/pp_top -Wall -Wextra -DPP_TOP_SRP_DOM_DEF_VID=0x5A3C   -include Vpp_top_wrap__pch.h.slow -c Vpp_top_wrap___024root__0__Slow.cpp
g++   -I.  -MMD -I/usr/share/verilator/include -I/usr/share/verilator/include/vltstd -DVERILATOR=1 -DVM_COVERAGE=0 -DVM_SC=0 -DVM_TIMING=0 -DVM_TRACE=0 -DVM_TRACE_FST=0 -DVM_TRACE_VCD=0 -DVM_TRACE_SAIF=0 -DVM_VPI=0 -faligned-new -fcf-protection=none -Wno-bool-operation -Wno-int-in-bool-context -Wno-shadow -Wno-sign-compare -Wno-subobject-linkage -Wno-tautological-compare -Wno-uninitialized -Wno-unused-but-set-parameter -Wno-unused-but-set-variable -Wno-unused-parameter -Wno-unused-variable    -std=c++17 -O2 -I/tmp/r223-96-r1/mut/R29_top_default_3/tb/pp_top -Wall -Wextra -DPP_TOP_SRP_DOM_DEF_VID=0x5A3C   -include Vpp_top_wrap__pch.h.slow -c Vpp_top_wrap___024root__1__Slow.cpp
g++   -I.  -MMD -I/usr/share/verilator/include -I/usr/share/verilator/include/vltstd -DVERILATOR=1 -DVM_COVERAGE=0 -DVM_SC=0 -DVM_TIMING=0 -DVM_TRACE=0 -DVM_TRACE_FST=0 -DVM_TRACE_VCD=0 -DVM_TRACE_SAIF=0 -DVM_VPI=0 -faligned-new -fcf-protection=none -Wno-bool-operation -Wno-int-in-bool-context -Wno-shadow -Wno-sign-compare -Wno-subobject-linkage -Wno-tautological-compare -Wno-uninitialized -Wno-unused-but-set-parameter -Wno-unused-but-set-variable -Wno-unused-parameter -Wno-unused-variable    -std=c++17 -O2 -I/tmp/r223-96-r1/mut/R29_top_default_3/tb/pp_top -Wall -Wextra -DPP_TOP_SRP_DOM_DEF_VID=0x5A3C   -include Vpp_top_wrap__pch.h.slow -c Vpp_top_wrap__Syms__Slow.cpp
g++ -Os  -I.  -MMD -I/usr/share/verilator/include -I/usr/share/verilator/include/vltstd -DVERILATOR=1 -DVM_COVERAGE=0 -DVM_SC=0 -DVM_TIMING=0 -DVM_TRACE=0 -DVM_TRACE_FST=0 -DVM_TRACE_VCD=0 -DVM_TRACE_SAIF=0 -DVM_VPI=0 -faligned-new -fcf-protection=none -Wno-bool-operation -Wno-int-in-bool-context -Wno-shadow -Wno-sign-compare -Wno-subobject-linkage -Wno-tautological-compare -Wno-uninitialized -Wno-unused-but-set-parameter -Wno-unused-but-set-variable -Wno-unused-parameter -Wno-unused-variable    -std=c++17 -O2 -I/tmp/r223-96-r1/mut/R29_top_default_3/tb/pp_top -Wall -Wextra -DPP_TOP_SRP_DOM_DEF_VID=0x5A3C   -include Vpp_top_wrap__pch.h.fast -c Vpp_top_wrap.cpp
g++ -Os  -I.  -MMD -I/usr/share/verilator/include -I/usr/share/verilator/include/vltstd -DVERILATOR=1 -DVM_COVERAGE=0 -DVM_SC=0 -DVM_TIMING=0 -DVM_TRACE=0 -DVM_TRACE_FST=0 -DVM_TRACE_VCD=0 -DVM_TRACE_SAIF=0 -DVM_VPI=0 -faligned-new -fcf-protection=none -Wno-bool-operation -Wno-int-in-bool-context -Wno-shadow -Wno-sign-compare -Wno-subobject-linkage -Wno-tautological-compare -Wno-uninitialized -Wno-unused-but-set-parameter -Wno-unused-but-set-variable -Wno-unused-parameter -Wno-unused-variable    -std=c++17 -O2 -I/tmp/r223-96-r1/mut/R29_top_default_3/tb/pp_top -Wall -Wextra -DPP_TOP_SRP_DOM_DEF_VID=0x5A3C   -include Vpp_top_wrap__pch.h.fast -c Vpp_top_wrap___024root__0.cpp
g++ -Os  -I.  -MMD -I/usr/share/verilator/include -I/usr/share/verilator/include/vltstd -DVERILATOR=1 -DVM_COVERAGE=0 -DVM_SC=0 -DVM_TIMING=0 -DVM_TRACE=0 -DVM_TRACE_FST=0 -DVM_TRACE_VCD=0 -DVM_TRACE_SAIF=0 -DVM_VPI=0 -faligned-new -fcf-protection=none -Wno-bool-operation -Wno-int-in-bool-context -Wno-shadow -Wno-sign-compare -Wno-subobject-linkage -Wno-tautological-compare -Wno-uninitialized -Wno-unused-but-set-parameter -Wno-unused-but-set-variable -Wno-unused-parameter -Wno-unused-variable    -std=c++17 -O2 -I/tmp/r223-96-r1/mut/R29_top_default_3/tb/pp_top -Wall -Wextra -DPP_TOP_SRP_DOM_DEF_VID=0x5A3C   -include Vpp_top_wrap__pch.h.fast -c Vpp_top_wrap___024root__1.cpp
g++ -Os  -I.  -MMD -I/usr/share/verilator/include -I/usr/share/verilator/include/vltstd -DVERILATOR=1 -DVM_COVERAGE=0 -DVM_SC=0 -DVM_TIMING=0 -DVM_TRACE=0 -DVM_TRACE_FST=0 -DVM_TRACE_VCD=0 -DVM_TRACE_SAIF=0 -DVM_VPI=0 -faligned-new -fcf-protection=none -Wno-bool-operation -Wno-int-in-bool-context -Wno-shadow -Wno-sign-compare -Wno-subobject-linkage -Wno-tautological-compare -Wno-uninitialized -Wno-unused-but-set-parameter -Wno-unused-but-set-variable -Wno-unused-parameter -Wno-unused-variable    -std=c++17 -O2 -I/tmp/r223-96-r1/mut/R29_top_default_3/tb/pp_top -Wall -Wextra -DPP_TOP_SRP_DOM_DEF_VID=0x5A3C   -include Vpp_top_wrap__pch.h.fast -c Vpp_top_wrap___024root__2.cpp
g++ -Os  -I.  -MMD -I/usr/share/verilator/include -I/usr/share/verilator/include/vltstd -DVERILATOR=1 -DVM_COVERAGE=0 -DVM_SC=0 -DVM_TIMING=0 -DVM_TRACE=0 -DVM_TRACE_FST=0 -DVM_TRACE_VCD=0 -DVM_TRACE_SAIF=0 -DVM_VPI=0 -faligned-new -fcf-protection=none -Wno-bool-operation -Wno-int-in-bool-context -Wno-shadow -Wno-sign-compare -Wno-subobject-linkage -Wno-tautological-compare -Wno-uninitialized -Wno-unused-but-set-parameter -Wno-unused-but-set-variable -Wno-unused-parameter -Wno-unused-variable    -std=c++17 -O2 -I/tmp/r223-96-r1/mut/R29_top_default_3/tb/pp_top -Wall -Wextra -DPP_TOP_SRP_DOM_DEF_VID=0x5A3C   -include Vpp_top_wrap__pch.h.fast -c Vpp_top_wrap___024root__3.cpp
g++ -Os  -I.  -MMD -I/usr/share/verilator/include -I/usr/share/verilator/include/vltstd -DVERILATOR=1 -DVM_COVERAGE=0 -DVM_SC=0 -DVM_TIMING=0 -DVM_TRACE=0 -DVM_TRACE_FST=0 -DVM_TRACE_VCD=0 -DVM_TRACE_SAIF=0 -DVM_VPI=0 -faligned-new -fcf-protection=none -Wno-bool-operation -Wno-int-in-bool-context -Wno-shadow -Wno-sign-compare -Wno-subobject-linkage -Wno-tautological-compare -Wno-uninitialized -Wno-unused-but-set-parameter -Wno-unused-but-set-variable -Wno-unused-parameter -Wno-unused-variable    -std=c++17 -O2 -I/tmp/r223-96-r1/mut/R29_top_default_3/tb/pp_top -Wall -Wextra -DPP_TOP_SRP_DOM_DEF_VID=0x5A3C   -include Vpp_top_wrap__pch.h.fast -c Vpp_top_wrap___024root__4.cpp
g++ -Os  -I.  -MMD -I/usr/share/verilator/include -I/usr/share/verilator/include/vltstd -DVERILATOR=1 -DVM_COVERAGE=0 -DVM_SC=0 -DVM_TIMING=0 -DVM_TRACE=0 -DVM_TRACE_FST=0 -DVM_TRACE_VCD=0 -DVM_TRACE_SAIF=0 -DVM_VPI=0 -faligned-new -fcf-protection=none -Wno-bool-operation -Wno-int-in-bool-context -Wno-shadow -Wno-sign-compare -Wno-subobject-linkage -Wno-tautological-compare -Wno-uninitialized -Wno-unused-but-set-parameter -Wno-unused-but-set-variable -Wno-unused-parameter -Wno-unused-variable    -std=c++17 -O2 -I/tmp/r223-96-r1/mut/R29_top_default_3/tb/pp_top -Wall -Wextra -DPP_TOP_SRP_DOM_DEF_VID=0x5A3C   -include Vpp_top_wrap__pch.h.fast -c Vpp_top_wrap__Dpi.cpp
g++    sim_main.o verilated.o verilated_dpi.o verilated_threads.o Vpp_top_wrap__ALL.a    -pthread -lpthread -latomic   -o Vpp_top_vid
rm Vpp_top_wrap__ALL.verilator_deplist.tmp
make: Leaving directory '/tmp/r223-96-r1/mut/R29_top_default_3/tb/pp_top/obj_vid'
- V e r i l a t i o n   R e p o r t: Verilator 5.052 2026-09-05 rev v5.052
- Verilator: Built from 13.647 MB sources in 45 modules, into 5.318 MB in 12 C++ files needing 0.001 MB
- Verilator: Walltime 15.414 s (elab=0.154, cvt=0.962, bld=14.106); cpu 1.370 s on 8 threads; allocated 81.242 MB
