FAIL: S1: Domain New {6,3,2} byte-exact
  got (30 B): 01 80 c2 00 00 0e 0a 0b 0c 0d 0e 0f 22 ea 00 04 04 00 09 00 01 06 02 00 02 00 00 00 00 00
  exp (30 B): 01 80 c2 00 00 0e 0a 0b 0c 0d 0e 0f 22 ea 00 04 04 00 09 00 01 06 03 00 02 00 00 00 00 00
FAIL: S1: class-D domain defaults via snapshot, got 0x00020002
FAIL: S2: Talker Advertise New byte-exact
  got (51 B): 01 80 c2 00 00 0e 0a 0b 0c 0d 0e 0f 22 ea 00 01 19 00 1e 00 01 0a 0b 0c 0d 0e 0f 00 01 91 e0 f0 0a 0b 01 00 02 01 00 00 01 50 00 01 86 a0 00 00 00 00 00
  exp (51 B): 01 80 c2 00 00 0e 0a 0b 0c 0d 0e 0f 22 ea 00 01 19 00 1e 00 01 0a 0b 0c 0d 0e 0f 00 01 91 e0 f0 0a 0b 01 00 02 01 00 00 01 70 00 01 86 a0 00 00 00 00 00
FAIL: S7: src 1 Talker Advertise New byte-exact
  got (51 B): 01 80 c2 00 00 0e 0a 0b 0c 0d 0e 0f 22 ea 00 01 19 00 1e 00 01 0a 0b 0c 0d 0e 0f 00 02 91 e0 f0 0a 0b 11 00 02 00 64 00 01 50 00 01 86 a0 00 00 00 00 00
  exp (51 B): 01 80 c2 00 00 0e 0a 0b 0c 0d 0e 0f 22 ea 00 01 19 00 1e 00 01 0a 0b 0c 0d 0e 0f 00 02 91 e0 f0 0a 0b 11 00 02 00 64 00 01 70 00 01 86 a0 00 00 00 00 00
FAIL: S8: Domain Lv+New re-declaration byte-exact
  got (37 B): 01 80 c2 00 00 0e 0a 0b 0c 0d 0e 0f 22 ea 00 04 04 00 10 00 01 06 02 00 02 b4 00 01 06 03 00 05 00 00 00 00 00
  exp (37 B): 01 80 c2 00 00 0e 0a 0b 0c 0d 0e 0f 22 ea 00 04 04 00 10 00 01 06 03 00 02 b4 00 01 06 03 00 05 00 00 00 00 00
  [B4] command byte 0 -> response byte 0: 2364 clocks (0.024 % of the 10,000,000-clock AECP budget)
  [B4b] at 143 clocks (~1424 ns) per access: 7524 clocks for a 316-byte payload over 40 lane writes (0.075 % of budget)
FAIL: DV1: class-D Domain out of reset is {3, 0x002, DEFAULTS}
  DV1: class-D {prio 2, vid 0x002, adopted 0}
FAIL: DV1: snapshot word 10 carries the default, got 0x00020002
FAIL: DV1: GET_DOMAIN answers the default, got 0x00020002
FAIL: DV2: Domain New {6, 3, 0x0002} byte-exact
  got (30 B): 01 80 c2 00 00 0e 0a 0b 0c 0d 0e 0f 22 ea 00 04 04 00 09 00 01 06 02 00 02 00 00 00 00 00
  exp (30 B): 01 80 c2 00 00 0e 0a 0b 0c 0d 0e 0f 22 ea 00 04 04 00 09 00 01 06 03 00 02 00 00 00 00 00
FAIL: DV2: class-D still the default
FAIL: DV4: Lv {6, 3, 0x0002} + New {6, 3, 5} byte-exact
  got (37 B): 01 80 c2 00 00 0e 0a 0b 0c 0d 0e 0f 22 ea 00 04 04 00 10 00 01 06 02 00 02 b4 00 01 06 03 00 05 00 00 00 00 00
  exp (37 B): 01 80 c2 00 00 0e 0a 0b 0c 0d 0e 0f 22 ea 00 04 04 00 10 00 01 06 03 00 02 b4 00 01 06 03 00 05 00 00 00 00 00
FAIL: DV5: LINK_DOWN restores {3, 0x002, DEFAULTS}
  DV5: class-D {prio 2, vid 0x002, adopted 0}
FAIL: DV5: snapshot word 10 reverted, got 0x00020002
FAIL: DV5: the default holds while down
FAIL: DV6: LINK_UP re-declares Domain New {6, 3, 0x0002}
  got (30 B): 01 80 c2 00 00 0e 0a 0b 0c 0d 0e 0f 22 ea 00 04 04 00 09 00 01 06 02 00 02 00 00 00 00 00
  exp (30 B): 01 80 c2 00 00 0e 0a 0b 0c 0d 0e 0f 22 ea 00 04 04 00 09 00 01 06 03 00 02 00 00 00 00 00
FAIL: DV6: class-D is the default again
[build default, SRP_DOM_DEF_VID_P 0x0002] 1391 checks, 16 failures
